==== Hourly SFT monitor started 2026-02-17 12:07:41 ====
log_glob=/home/sun0115/nanochat-learn/notes/sft_d18_clean200k_lora_prod_*_s1024.log interval=3600s
[2026-02-17 12:07:41]
status: no matching SFT log yet

==== Hourly SFT monitor started 2026-02-17 12:09:50 ====
log_glob=/home/sun0115/nanochat-learn/notes/sft_d18_clean200k_lora_prod_*_s1024.log interval=3600s
[2026-02-17 12:09:50]
status: running
log:    /home/sun0115/nanochat-learn/notes/sft_d18_clean200k_lora_prod_2026-02-17_1209_s1024.log
step:   not yet
val:    not yet
best:   not yet
warn:   none
gpu:    4 %, 985 MiB, 12282 MiB

[2026-02-17 13:13:34]
status: not running
log:    /home/sun0115/nanochat-learn/notes/sft_d18_clean200k_lora_prod_2026-02-17_1209_s1024.log
step:   not yet
val:    Step 01000 | Validation bpb: 0.6423
best:   Rotated old best checkpoint: step 000750
warn:   none
gpu:    39 %, 5333 MiB, 12282 MiB

[2026-02-17 14:17:14]
status: not running
log:    /home/sun0115/nanochat-learn/notes/sft_d18_clean200k_lora_prod_2026-02-17_1209_s1024.log
step:   not yet
val:    Step 01000 | Validation bpb: 0.6423
best:   Rotated old best checkpoint: step 000750
warn:   none
gpu:    37 %, 9663 MiB, 12282 MiB

[2026-02-17 15:21:11]
status: not running
log:    /home/sun0115/nanochat-learn/notes/sft_d18_clean200k_lora_prod_2026-02-17_1209_s1024.log
step:   not yet
val:    Step 01000 | Validation bpb: 0.6423
best:   Rotated old best checkpoint: step 000750
warn:   none
gpu:    44 %, 8187 MiB, 12282 MiB

[2026-02-17 16:25:12]
status: not running
log:    /home/sun0115/nanochat-learn/notes/sft_d18_clean200k_lora_prod_2026-02-17_1209_s1024.log
step:   not yet
val:    Step 01000 | Validation bpb: 0.6423
best:   Rotated old best checkpoint: step 000750
warn:   none
gpu:    40 %, 9663 MiB, 12282 MiB

[2026-02-17 17:29:28]
status: not running
log:    /home/sun0115/nanochat-learn/notes/sft_d18_clean200k_lora_prod_2026-02-17_1209_s1024.log
step:   not yet
val:    Step 01000 | Validation bpb: 0.6423
best:   Rotated old best checkpoint: step 000750
warn:   none
gpu:    52 %, 10431 MiB, 12282 MiB

[2026-02-17 18:34:05]
status: not running
log:    /home/sun0115/nanochat-learn/notes/sft_d18_clean200k_lora_prod_2026-02-17_1209_s1024.log
step:   not yet
val:    Step 01000 | Validation bpb: 0.6423
best:   Rotated old best checkpoint: step 000750
warn:   none
gpu:    38 %, 5314 MiB, 12282 MiB

[2026-02-17 19:38:50]
status: not running
log:    /home/sun0115/nanochat-learn/notes/sft_d18_clean200k_lora_prod_2026-02-17_1209_s1024.log
step:   not yet
val:    Step 01000 | Validation bpb: 0.6423
best:   Rotated old best checkpoint: step 000750
warn:   none
gpu:    48 %, 9642 MiB, 12282 MiB

[2026-02-17 20:43:33]
status: not running
log:    /home/sun0115/nanochat-learn/notes/sft_d18_clean200k_lora_prod_2026-02-17_1209_s1024.log
step:   not yet
val:    Step 01000 | Validation bpb: 0.6423
best:   Rotated old best checkpoint: step 000750
warn:   none
gpu:    49 %, 10410 MiB, 12282 MiB

[2026-02-17 21:48:45]
status: not running
log:    /home/sun0115/nanochat-learn/notes/sft_d18_clean200k_lora_prod_2026-02-17_1209_s1024.log
step:   not yet
val:    Step 01000 | Validation bpb: 0.6423
best:   Rotated old best checkpoint: step 000750
warn:   none
gpu:    0 %, 51 MiB, 12282 MiB

[2026-02-17 22:53:27]
status: not running
log:    /home/sun0115/nanochat-learn/notes/sft_d18_clean200k_lora_prod_2026-02-17_1209_s1024.log
step:   not yet
val:    Step 01000 | Validation bpb: 0.6423
best:   Rotated old best checkpoint: step 000750
warn:   none
gpu:    0 %, 51 MiB, 12282 MiB

[2026-02-17 23:57:38]
status: not running
log:    /home/sun0115/nanochat-learn/notes/sft_d18_clean200k_lora_prod_2026-02-17_1209_s1024.log
step:   not yet
val:    Step 01000 | Validation bpb: 0.6423
best:   Rotated old best checkpoint: step 000750
warn:   none
gpu:    0 %, 51 MiB, 12282 MiB

[2026-02-18 01:01:44]
status: not running
log:    /home/sun0115/nanochat-learn/notes/sft_d18_clean200k_lora_prod_2026-02-17_1209_s1024.log
step:   not yet
val:    Step 01000 | Validation bpb: 0.6423
best:   Rotated old best checkpoint: step 000750
warn:   none
gpu:    0 %, 51 MiB, 12282 MiB

[2026-02-18 02:06:45]
status: not running
log:    /home/sun0115/nanochat-learn/notes/sft_d18_clean200k_lora_prod_2026-02-17_1209_s1024.log
step:   not yet
val:    Step 01000 | Validation bpb: 0.6423
best:   Rotated old best checkpoint: step 000750
warn:   none
gpu:    0 %, 51 MiB, 12282 MiB

[2026-02-18 03:11:13]
status: not running
log:    /home/sun0115/nanochat-learn/notes/sft_d18_clean200k_lora_prod_2026-02-17_1209_s1024.log
step:   not yet
val:    Step 01000 | Validation bpb: 0.6423
best:   Rotated old best checkpoint: step 000750
warn:   none
gpu:    0 %, 51 MiB, 12282 MiB

[2026-02-18 04:15:49]
status: not running
log:    /home/sun0115/nanochat-learn/notes/sft_d18_clean200k_lora_prod_2026-02-17_1209_s1024.log
step:   not yet
val:    Step 01000 | Validation bpb: 0.6423
best:   Rotated old best checkpoint: step 000750
warn:   none
gpu:    0 %, 51 MiB, 12282 MiB

[2026-02-18 05:20:34]
status: not running
log:    /home/sun0115/nanochat-learn/notes/sft_d18_clean200k_lora_prod_2026-02-17_1209_s1024.log
step:   not yet
val:    Step 01000 | Validation bpb: 0.6423
best:   Rotated old best checkpoint: step 000750
warn:   none
gpu:    0 %, 51 MiB, 12282 MiB

[2026-02-18 06:25:29]
status: not running
log:    /home/sun0115/nanochat-learn/notes/sft_d18_clean200k_lora_prod_2026-02-17_1209_s1024.log
step:   not yet
val:    Step 01000 | Validation bpb: 0.6423
best:   Rotated old best checkpoint: step 000750
warn:   none
gpu:    0 %, 51 MiB, 12282 MiB

[2026-02-18 07:30:44]
status: not running
log:    /home/sun0115/nanochat-learn/notes/sft_d18_clean200k_lora_prod_2026-02-17_1209_s1024.log
step:   not yet
val:    Step 01000 | Validation bpb: 0.6423
best:   Rotated old best checkpoint: step 000750
warn:   none
gpu:    0 %, 51 MiB, 12282 MiB

[2026-02-18 08:34:21]
status: not running
log:    /home/sun0115/nanochat-learn/notes/sft_d18_clean200k_lora_prod_2026-02-17_1209_s1024.log
step:   not yet
val:    Step 01000 | Validation bpb: 0.6423
best:   Rotated old best checkpoint: step 000750
warn:   none
gpu:    0 %, 51 MiB, 12282 MiB

[2026-02-18 09:34:25]
status: not running
log:    /home/sun0115/nanochat-learn/notes/sft_d18_clean200k_lora_prod_2026-02-17_1209_s1024.log
step:   not yet
val:    Step 01000 | Validation bpb: 0.6423
best:   Rotated old best checkpoint: step 000750
warn:   none
gpu:    0 %, 51 MiB, 12282 MiB

[2026-02-18 10:34:25]
status: not running
log:    /home/sun0115/nanochat-learn/notes/sft_d18_clean200k_lora_prod_2026-02-17_1209_s1024.log
step:   not yet
val:    Step 01000 | Validation bpb: 0.6423
best:   Rotated old best checkpoint: step 000750
warn:   none
gpu:    0 %, 51 MiB, 12282 MiB

[2026-02-18 11:34:26]
status: not running
log:    /home/sun0115/nanochat-learn/notes/sft_d18_clean200k_lora_prod_2026-02-17_1209_s1024.log
step:   not yet
val:    Step 01000 | Validation bpb: 0.6423
best:   Rotated old best checkpoint: step 000750
warn:   none
gpu:    0 %, 51 MiB, 12282 MiB

[2026-02-18 12:34:26]
status: not running
log:    /home/sun0115/nanochat-learn/notes/sft_d18_clean200k_lora_prod_2026-02-17_1209_s1024.log
step:   not yet
val:    Step 01000 | Validation bpb: 0.6423
best:   Rotated old best checkpoint: step 000750
warn:   none
gpu:    0 %, 51 MiB, 12282 MiB

[2026-02-18 13:34:26]
status: not running
log:    /home/sun0115/nanochat-learn/notes/sft_d18_clean200k_lora_prod_2026-02-17_1209_s1024.log
step:   not yet
val:    Step 01000 | Validation bpb: 0.6423
best:   Rotated old best checkpoint: step 000750
warn:   none
gpu:    0 %, 51 MiB, 12282 MiB

[2026-02-18 14:34:26]
status: not running
log:    /home/sun0115/nanochat-learn/notes/sft_d18_clean200k_lora_prod_2026-02-17_1209_s1024.log
step:   not yet
val:    Step 01000 | Validation bpb: 0.6423
best:   Rotated old best checkpoint: step 000750
warn:   none
gpu:    35 %, 11382 MiB, 12282 MiB

[2026-02-18 15:34:27]
status: not running
log:    /home/sun0115/nanochat-learn/notes/sft_d18_clean200k_lora_prod_2026-02-17_1209_s1024.log
step:   not yet
val:    Step 01000 | Validation bpb: 0.6423
best:   Rotated old best checkpoint: step 000750
warn:   none
gpu:    98 %, 11986 MiB, 12282 MiB

[2026-02-18 16:34:57]
status: not running
log:    /home/sun0115/nanochat-learn/notes/sft_d18_clean200k_lora_prod_2026-02-17_1209_s1024.log
step:   not yet
val:    Step 01000 | Validation bpb: 0.6423
best:   Rotated old best checkpoint: step 000750
warn:   none
gpu:    93 %, 11963 MiB, 12282 MiB

[2026-02-18 17:35:56]
status: not running
log:    /home/sun0115/nanochat-learn/notes/sft_d18_clean200k_lora_prod_2026-02-17_1209_s1024.log
step:   not yet
val:    Step 01000 | Validation bpb: 0.6423
best:   Rotated old best checkpoint: step 000750
warn:   none
gpu:    98 %, 11985 MiB, 12282 MiB

[2026-02-18 18:37:14]
status: not running
log:    /home/sun0115/nanochat-learn/notes/sft_d18_clean200k_lora_prod_2026-02-17_1209_s1024.log
step:   not yet
val:    Step 01000 | Validation bpb: 0.6423
best:   Rotated old best checkpoint: step 000750
warn:   none
gpu:    94 %, 11983 MiB, 12282 MiB

[2026-02-18 19:38:44]
status: not running
log:    /home/sun0115/nanochat-learn/notes/sft_d18_clean200k_lora_prod_2026-02-17_1209_s1024.log
step:   not yet
val:    Step 01000 | Validation bpb: 0.6423
best:   Rotated old best checkpoint: step 000750
warn:   none
gpu:    98 %, 11985 MiB, 12282 MiB

[2026-02-18 20:40:04]
status: not running
log:    /home/sun0115/nanochat-learn/notes/sft_d18_clean200k_lora_prod_2026-02-17_1209_s1024.log
step:   not yet
val:    Step 01000 | Validation bpb: 0.6423
best:   Rotated old best checkpoint: step 000750
warn:   none
gpu:    93 %, 11973 MiB, 12282 MiB

[2026-02-18 21:41:48]
status: not running
log:    /home/sun0115/nanochat-learn/notes/sft_d18_clean200k_lora_prod_2026-02-17_1209_s1024.log
step:   not yet
val:    Step 01000 | Validation bpb: 0.6423
best:   Rotated old best checkpoint: step 000750
warn:   none
gpu:    100 %, 11379 MiB, 12282 MiB

[2026-02-18 22:43:46]
status: not running
log:    /home/sun0115/nanochat-learn/notes/sft_d18_clean200k_lora_prod_2026-02-17_1209_s1024.log
step:   not yet
val:    Step 01000 | Validation bpb: 0.6423
best:   Rotated old best checkpoint: step 000750
warn:   none
gpu:    100 %, 11379 MiB, 12282 MiB

[2026-02-18 23:45:54]
status: not running
log:    /home/sun0115/nanochat-learn/notes/sft_d18_clean200k_lora_prod_2026-02-17_1209_s1024.log
step:   not yet
val:    Step 01000 | Validation bpb: 0.6423
best:   Rotated old best checkpoint: step 000750
warn:   none
gpu:    97 %, 11379 MiB, 12282 MiB

[2026-02-19 00:48:11]
status: not running
log:    /home/sun0115/nanochat-learn/notes/sft_d18_clean200k_lora_prod_2026-02-17_1209_s1024.log
step:   not yet
val:    Step 01000 | Validation bpb: 0.6423
best:   Rotated old best checkpoint: step 000750
warn:   none
gpu:    100 %, 11379 MiB, 12282 MiB

[2026-02-19 01:50:31]
status: not running
log:    /home/sun0115/nanochat-learn/notes/sft_d18_clean200k_lora_prod_2026-02-17_1209_s1024.log
step:   not yet
val:    Step 01000 | Validation bpb: 0.6423
best:   Rotated old best checkpoint: step 000750
warn:   none
gpu:    51 %, 8129 MiB, 12282 MiB

[2026-02-19 02:53:03]
status: not running
log:    /home/sun0115/nanochat-learn/notes/sft_d18_clean200k_lora_prod_2026-02-17_1209_s1024.log
step:   not yet
val:    Step 01000 | Validation bpb: 0.6423
best:   Rotated old best checkpoint: step 000750
warn:   none
gpu:    28 %, 5275 MiB, 12282 MiB

[2026-02-19 03:55:21]
status: not running
log:    /home/sun0115/nanochat-learn/notes/sft_d18_clean200k_lora_prod_2026-02-17_1209_s1024.log
step:   not yet
val:    Step 01000 | Validation bpb: 0.6423
best:   Rotated old best checkpoint: step 000750
warn:   none
gpu:    49 %, 9605 MiB, 12282 MiB

[2026-02-19 04:58:07]
status: not running
log:    /home/sun0115/nanochat-learn/notes/sft_d18_clean200k_lora_prod_2026-02-17_1209_s1024.log
step:   not yet
val:    Step 01000 | Validation bpb: 0.6423
best:   Rotated old best checkpoint: step 000750
warn:   none
gpu:    42 %, 10373 MiB, 12282 MiB

[2026-02-19 06:01:10]
status: not running
log:    /home/sun0115/nanochat-learn/notes/sft_d18_clean200k_lora_prod_2026-02-17_1209_s1024.log
step:   not yet
val:    Step 01000 | Validation bpb: 0.6423
best:   Rotated old best checkpoint: step 000750
warn:   none
gpu:    52 %, 10373 MiB, 12282 MiB

[2026-02-19 07:04:16]
status: not running
log:    /home/sun0115/nanochat-learn/notes/sft_d18_clean200k_lora_prod_2026-02-17_1209_s1024.log
step:   not yet
val:    Step 01000 | Validation bpb: 0.6423
best:   Rotated old best checkpoint: step 000750
warn:   none
gpu:    0 %, 12 MiB, 12282 MiB

[2026-02-19 08:07:17]
status: not running
log:    /home/sun0115/nanochat-learn/notes/sft_d18_clean200k_lora_prod_2026-02-17_1209_s1024.log
step:   not yet
val:    Step 01000 | Validation bpb: 0.6423
best:   Rotated old best checkpoint: step 000750
warn:   none
gpu:    0 %, 12 MiB, 12282 MiB

[2026-02-19 09:10:28]
status: not running
log:    /home/sun0115/nanochat-learn/notes/sft_d18_clean200k_lora_prod_2026-02-17_1209_s1024.log
step:   not yet
val:    Step 01000 | Validation bpb: 0.6423
best:   Rotated old best checkpoint: step 000750
warn:   none
gpu:    0 %, 12 MiB, 12282 MiB

[2026-02-19 10:13:56]
status: not running
log:    /home/sun0115/nanochat-learn/notes/sft_d18_clean200k_lora_prod_2026-02-17_1209_s1024.log
step:   not yet
val:    Step 01000 | Validation bpb: 0.6423
best:   Rotated old best checkpoint: step 000750
warn:   none
gpu:    0 %, 12 MiB, 12282 MiB

[2026-02-19 11:17:02]
status: not running
log:    /home/sun0115/nanochat-learn/notes/sft_d18_clean200k_lora_prod_2026-02-17_1209_s1024.log
step:   not yet
val:    Step 01000 | Validation bpb: 0.6423
best:   Rotated old best checkpoint: step 000750
warn:   none
gpu:    0 %, 12 MiB, 12282 MiB

[2026-02-19 12:20:45]
status: not running
log:    /home/sun0115/nanochat-learn/notes/sft_d18_clean200k_lora_prod_2026-02-17_1209_s1024.log
step:   not yet
val:    Step 01000 | Validation bpb: 0.6423
best:   Rotated old best checkpoint: step 000750
warn:   none
gpu:    0 %, 12 MiB, 12282 MiB

[2026-02-19 13:24:00]
status: not running
log:    /home/sun0115/nanochat-learn/notes/sft_d18_clean200k_lora_prod_2026-02-17_1209_s1024.log
step:   not yet
val:    Step 01000 | Validation bpb: 0.6423
best:   Rotated old best checkpoint: step 000750
warn:   none
gpu:    0 %, 12 MiB, 12282 MiB

[2026-02-19 14:28:06]
status: not running
log:    /home/sun0115/nanochat-learn/notes/sft_d18_clean200k_lora_prod_2026-02-17_1209_s1024.log
step:   not yet
val:    Step 01000 | Validation bpb: 0.6423
best:   Rotated old best checkpoint: step 000750
warn:   none
gpu:    0 %, 12 MiB, 12282 MiB

[2026-02-19 15:32:01]
status: not running
log:    /home/sun0115/nanochat-learn/notes/sft_d18_clean200k_lora_prod_2026-02-17_1209_s1024.log
step:   not yet
val:    Step 01000 | Validation bpb: 0.6423
best:   Rotated old best checkpoint: step 000750
warn:   none
gpu:    0 %, 51 MiB, 12282 MiB

[2026-02-19 16:36:13]
status: not running
log:    /home/sun0115/nanochat-learn/notes/sft_d18_clean200k_lora_prod_2026-02-17_1209_s1024.log
step:   not yet
val:    Step 01000 | Validation bpb: 0.6423
best:   Rotated old best checkpoint: step 000750
warn:   none
gpu:    0 %, 51 MiB, 12282 MiB

[2026-02-19 17:40:29]
status: not running
log:    /home/sun0115/nanochat-learn/notes/sft_d18_clean200k_lora_prod_2026-02-17_1209_s1024.log
step:   not yet
val:    Step 01000 | Validation bpb: 0.6423
best:   Rotated old best checkpoint: step 000750
warn:   none
gpu:    0 %, 51 MiB, 12282 MiB

[2026-02-19 18:45:13]
status: not running
log:    /home/sun0115/nanochat-learn/notes/sft_d18_clean200k_lora_prod_2026-02-17_1209_s1024.log
step:   not yet
val:    not yet
best:   not yet
warn:   none
gpu:    0 %, 51 MiB, 12282 MiB

[2026-02-19 19:50:03]
status: not running
log:    /home/sun0115/nanochat-learn/notes/sft_d18_clean200k_lora_prod_2026-02-17_1209_s1024.log
step:   not yet
val:    not yet
best:   not yet
warn:   none
gpu:    0 %, 5939 MiB, 12282 MiB

[2026-02-19 20:54:36]
status: not running
log:    /home/sun0115/nanochat-learn/notes/sft_d18_clean200k_lora_prod_2026-02-17_1209_s1024.log
step:   not yet
val:    not yet
best:   not yet
warn:   none
gpu:    0 %, 12 MiB, 12282 MiB

[2026-02-19 21:58:54]
status: not running
log:    /home/sun0115/nanochat-learn/notes/sft_d18_clean200k_lora_prod_2026-02-17_1209_s1024.log
step:   not yet
val:    not yet
best:   not yet
warn:   none
gpu:    0 %, 12 MiB, 12282 MiB

[2026-02-19 23:03:01]
status: not running
log:    /home/sun0115/nanochat-learn/notes/sft_d18_clean200k_lora_prod_2026-02-17_1209_s1024.log
step:   not yet
val:    not yet
best:   not yet
warn:   none
gpu:    0 %, 12 MiB, 12282 MiB

[2026-02-20 00:07:21]
status: not running
log:    /home/sun0115/nanochat-learn/notes/sft_d18_clean200k_lora_prod_2026-02-17_1209_s1024.log
step:   not yet
val:    not yet
best:   not yet
warn:   none
gpu:    0 %, 12 MiB, 12282 MiB

[2026-02-20 01:12:09]
status: not running
log:    /home/sun0115/nanochat-learn/notes/sft_d18_clean200k_lora_prod_2026-02-17_1209_s1024.log
step:   not yet
val:    not yet
best:   not yet
warn:   none
gpu:    0 %, 12 MiB, 12282 MiB

[2026-02-20 02:17:09]
status: not running
log:    /home/sun0115/nanochat-learn/notes/sft_d18_clean200k_lora_prod_2026-02-17_1209_s1024.log
step:   not yet
val:    not yet
best:   not yet
warn:   none
gpu:    0 %, 12 MiB, 12282 MiB

[2026-02-20 03:21:39]
status: not running
log:    /home/sun0115/nanochat-learn/notes/sft_d18_clean200k_lora_prod_2026-02-17_1209_s1024.log
step:   not yet
val:    not yet
best:   not yet
warn:   none
gpu:    0 %, 12 MiB, 12282 MiB

[2026-02-20 04:26:41]
status: not running
log:    /home/sun0115/nanochat-learn/notes/sft_d18_clean200k_lora_prod_2026-02-17_1209_s1024.log
step:   not yet
val:    not yet
best:   not yet
warn:   none
gpu:    0 %, 12 MiB, 12282 MiB

[2026-02-20 05:31:23]
status: not running
log:    /home/sun0115/nanochat-learn/notes/sft_d18_clean200k_lora_prod_2026-02-17_1209_s1024.log
step:   not yet
val:    not yet
best:   not yet
warn:   none
gpu:    0 %, 12 MiB, 12282 MiB

[2026-02-20 06:36:54]
status: not running
log:    /home/sun0115/nanochat-learn/notes/sft_d18_clean200k_lora_prod_2026-02-17_1209_s1024.log
step:   not yet
val:    not yet
best:   not yet
warn:   none
gpu:    0 %, 12 MiB, 12282 MiB

[2026-02-20 07:41:49]
status: not running
log:    /home/sun0115/nanochat-learn/notes/sft_d18_clean200k_lora_prod_2026-02-17_1209_s1024.log
step:   not yet
val:    not yet
best:   not yet
warn:   none
gpu:    0 %, 12 MiB, 12282 MiB

[2026-02-20 08:44:03]
status: not running
log:    /home/sun0115/nanochat-learn/notes/sft_d18_clean200k_lora_prod_2026-02-17_1209_s1024.log
step:   not yet
val:    not yet
best:   not yet
warn:   none
gpu:    0 %, 12 MiB, 12282 MiB

[2026-02-20 09:44:04]
status: not running
log:    /home/sun0115/nanochat-learn/notes/sft_d18_clean200k_lora_prod_2026-02-17_1209_s1024.log
step:   not yet
val:    not yet
best:   not yet
warn:   none
gpu:    0 %, 12 MiB, 12282 MiB

[2026-02-20 10:44:04]
status: not running
log:    /home/sun0115/nanochat-learn/notes/sft_d18_clean200k_lora_prod_2026-02-17_1209_s1024.log
step:   not yet
val:    not yet
best:   not yet
warn:   none
gpu:    0 %, 12 MiB, 12282 MiB

[2026-02-20 11:44:05]
status: not running
log:    /home/sun0115/nanochat-learn/notes/sft_d18_clean200k_lora_prod_2026-02-17_1209_s1024.log
step:   not yet
val:    not yet
best:   not yet
warn:   none
gpu:    0 %, 12 MiB, 12282 MiB

[2026-02-20 12:44:05]
status: not running
log:    /home/sun0115/nanochat-learn/notes/sft_d18_clean200k_lora_prod_2026-02-17_1209_s1024.log
step:   not yet
val:    not yet
best:   not yet
warn:   none
gpu:    0 %, 12 MiB, 12282 MiB

[2026-02-20 13:44:05]
status: not running
log:    /home/sun0115/nanochat-learn/notes/sft_d18_clean200k_lora_prod_2026-02-17_1209_s1024.log
step:   not yet
val:    not yet
best:   not yet
warn:   none
gpu:    99 %, 10957 MiB, 12282 MiB

[2026-02-20 14:44:06]
status: not running
log:    /home/sun0115/nanochat-learn/notes/sft_d18_clean200k_lora_prod_2026-02-17_1209_s1024.log
step:   not yet
val:    not yet
best:   not yet
warn:   none
gpu:    99 %, 10957 MiB, 12282 MiB

[2026-02-20 15:44:07]
status: not running
log:    /home/sun0115/nanochat-learn/notes/sft_d18_clean200k_lora_prod_2026-02-17_1209_s1024.log
step:   not yet
val:    not yet
best:   not yet
warn:   none
gpu:    99 %, 10996 MiB, 12282 MiB

[2026-02-20 16:44:56]
status: not running
log:    /home/sun0115/nanochat-learn/notes/sft_d18_clean200k_lora_prod_2026-02-17_1209_s1024.log
step:   not yet
val:    not yet
best:   not yet
warn:   none
gpu:    99 %, 10996 MiB, 12282 MiB

[2026-02-20 17:46:10]
status: not running
log:    /home/sun0115/nanochat-learn/notes/sft_d18_clean200k_lora_prod_2026-02-17_1209_s1024.log
step:   not yet
val:    not yet
best:   not yet
warn:   none
gpu:    99 %, 10996 MiB, 12282 MiB

[2026-02-20 18:47:37]
status: not running
log:    /home/sun0115/nanochat-learn/notes/sft_d18_clean200k_lora_prod_2026-02-17_1209_s1024.log
step:   not yet
val:    not yet
best:   not yet
warn:   none
gpu:    99 %, 10996 MiB, 12282 MiB

[2026-02-20 19:49:17]
status: not running
log:    /home/sun0115/nanochat-learn/notes/sft_d18_clean200k_lora_prod_2026-02-17_1209_s1024.log
step:   not yet
val:    not yet
best:   not yet
warn:   none
gpu:    99 %, 10996 MiB, 12282 MiB

[2026-02-20 20:51:01]
status: not running
log:    /home/sun0115/nanochat-learn/notes/sft_d18_clean200k_lora_prod_2026-02-17_1209_s1024.log
step:   not yet
val:    not yet
best:   not yet
warn:   none
gpu:    97 %, 10996 MiB, 12282 MiB

[2026-02-20 21:52:51]
status: not running
log:    /home/sun0115/nanochat-learn/notes/sft_d18_clean200k_lora_prod_2026-02-17_1209_s1024.log
step:   not yet
val:    not yet
best:   not yet
warn:   none
gpu:    99 %, 10996 MiB, 12282 MiB

[2026-02-20 22:54:47]
status: not running
log:    /home/sun0115/nanochat-learn/notes/sft_d18_clean200k_lora_prod_2026-02-17_1209_s1024.log
step:   not yet
val:    not yet
best:   not yet
warn:   none
gpu:    99 %, 10996 MiB, 12282 MiB

[2026-02-20 23:56:55]
status: not running
log:    /home/sun0115/nanochat-learn/notes/sft_d18_clean200k_lora_prod_2026-02-17_1209_s1024.log
step:   not yet
val:    not yet
best:   not yet
warn:   none
gpu:    97 %, 10996 MiB, 12282 MiB

[2026-02-21 00:59:10]
status: not running
log:    /home/sun0115/nanochat-learn/notes/sft_d18_clean200k_lora_prod_2026-02-17_1209_s1024.log
step:   not yet
val:    not yet
best:   not yet
warn:   none
gpu:    99 %, 10996 MiB, 12282 MiB

[2026-02-21 02:01:41]
status: not running
log:    /home/sun0115/nanochat-learn/notes/sft_d18_clean200k_lora_prod_2026-02-17_1209_s1024.log
step:   not yet
val:    not yet
best:   not yet
warn:   none
gpu:    98 %, 10996 MiB, 12282 MiB

[2026-02-21 03:04:21]
status: not running
log:    /home/sun0115/nanochat-learn/notes/sft_d18_clean200k_lora_prod_2026-02-17_1209_s1024.log
step:   not yet
val:    not yet
best:   not yet
warn:   none
gpu:    99 %, 10996 MiB, 12282 MiB

[2026-02-21 04:07:19]
status: not running
log:    /home/sun0115/nanochat-learn/notes/sft_d18_clean200k_lora_prod_2026-02-17_1209_s1024.log
step:   not yet
val:    not yet
best:   not yet
warn:   none
gpu:    99 %, 10996 MiB, 12282 MiB

[2026-02-21 05:10:29]
status: not running
log:    /home/sun0115/nanochat-learn/notes/sft_d18_clean200k_lora_prod_2026-02-17_1209_s1024.log
step:   not yet
val:    not yet
best:   not yet
warn:   none
gpu:    99 %, 10996 MiB, 12282 MiB

[2026-02-21 06:13:53]
status: not running
log:    /home/sun0115/nanochat-learn/notes/sft_d18_clean200k_lora_prod_2026-02-17_1209_s1024.log
step:   not yet
val:    not yet
best:   not yet
warn:   none
gpu:    99 %, 10996 MiB, 12282 MiB

[2026-02-21 07:17:31]
status: not running
log:    /home/sun0115/nanochat-learn/notes/sft_d18_clean200k_lora_prod_2026-02-17_1209_s1024.log
step:   not yet
val:    not yet
best:   not yet
warn:   none
gpu:    98 %, 10996 MiB, 12282 MiB

[2026-02-21 08:20:21]
status: not running
log:    /home/sun0115/nanochat-learn/notes/sft_d18_clean200k_lora_prod_2026-02-17_1209_s1024.log
step:   not yet
val:    not yet
best:   not yet
warn:   none
gpu:    99 %, 10996 MiB, 12282 MiB

[2026-02-21 09:20:21]
status: not running
log:    /home/sun0115/nanochat-learn/notes/sft_d18_clean200k_lora_prod_2026-02-17_1209_s1024.log
step:   not yet
val:    not yet
best:   not yet
warn:   none
gpu:    98 %, 10996 MiB, 12282 MiB

[2026-02-21 10:20:23]
status: not running
log:    /home/sun0115/nanochat-learn/notes/sft_d18_clean200k_lora_prod_2026-02-17_1209_s1024.log
step:   not yet
val:    not yet
best:   not yet
warn:   none
gpu:    100 %, 10996 MiB, 12282 MiB

[2026-02-21 11:20:24]
status: not running
log:    /home/sun0115/nanochat-learn/notes/sft_d18_clean200k_lora_prod_2026-02-17_1209_s1024.log
step:   not yet
val:    not yet
best:   not yet
warn:   none
gpu:    99 %, 10996 MiB, 12282 MiB

[2026-02-21 12:20:25]
status: not running
log:    /home/sun0115/nanochat-learn/notes/sft_d18_clean200k_lora_prod_2026-02-17_1209_s1024.log
step:   not yet
val:    not yet
best:   not yet
warn:   none
gpu:    98 %, 10996 MiB, 12282 MiB

[2026-02-21 13:20:25]
status: not running
log:    /home/sun0115/nanochat-learn/notes/sft_d18_clean200k_lora_prod_2026-02-17_1209_s1024.log
step:   not yet
val:    not yet
best:   not yet
warn:   none
gpu:    97 %, 10996 MiB, 12282 MiB

[2026-02-21 14:20:41]
status: not running
log:    /home/sun0115/nanochat-learn/notes/sft_d18_clean200k_lora_prod_2026-02-17_1209_s1024.log
step:   not yet
val:    not yet
best:   not yet
warn:   none
gpu:    98 %, 10996 MiB, 12282 MiB

[2026-02-21 15:21:47]
status: not running
log:    /home/sun0115/nanochat-learn/notes/sft_d18_clean200k_lora_prod_2026-02-17_1209_s1024.log
step:   not yet
val:    not yet
best:   not yet
warn:   none
gpu:    100 %, 11015 MiB, 12282 MiB

[2026-02-21 16:23:03]
status: not running
log:    /home/sun0115/nanochat-learn/notes/sft_d18_clean200k_lora_prod_2026-02-17_1209_s1024.log
step:   not yet
val:    not yet
best:   not yet
warn:   none
gpu:    99 %, 11015 MiB, 12282 MiB

[2026-02-21 17:24:33]
status: not running
log:    /home/sun0115/nanochat-learn/notes/sft_d18_clean200k_lora_prod_2026-02-17_1209_s1024.log
step:   not yet
val:    not yet
best:   not yet
warn:   none
gpu:    100 %, 11015 MiB, 12282 MiB

[2026-02-21 18:26:12]
status: not running
log:    /home/sun0115/nanochat-learn/notes/sft_d18_clean200k_lora_prod_2026-02-17_1209_s1024.log
step:   not yet
val:    not yet
best:   not yet
warn:   none
gpu:    99 %, 11015 MiB, 12282 MiB

[2026-02-21 19:28:02]
status: not running
log:    /home/sun0115/nanochat-learn/notes/sft_d18_clean200k_lora_prod_2026-02-17_1209_s1024.log
step:   not yet
val:    not yet
best:   not yet
warn:   none
gpu:    99 %, 11015 MiB, 12282 MiB

[2026-02-21 20:30:01]
status: not running
log:    /home/sun0115/nanochat-learn/notes/sft_d18_clean200k_lora_prod_2026-02-17_1209_s1024.log
step:   not yet
val:    not yet
best:   not yet
warn:   none
gpu:    99 %, 11015 MiB, 12282 MiB

[2026-02-21 21:32:12]
status: not running
log:    /home/sun0115/nanochat-learn/notes/sft_d18_clean200k_lora_prod_2026-02-17_1209_s1024.log
step:   not yet
val:    not yet
best:   not yet
warn:   none
gpu:    99 %, 11015 MiB, 12282 MiB

[2026-02-21 22:34:35]
status: not running
log:    /home/sun0115/nanochat-learn/notes/sft_d18_clean200k_lora_prod_2026-02-17_1209_s1024.log
step:   not yet
val:    not yet
best:   not yet
warn:   none
gpu:    97 %, 11015 MiB, 12282 MiB

[2026-02-21 23:37:04]
status: not running
log:    /home/sun0115/nanochat-learn/notes/sft_d18_clean200k_lora_prod_2026-02-17_1209_s1024.log
step:   not yet
val:    not yet
best:   not yet
warn:   none
gpu:    95 %, 11015 MiB, 12282 MiB

[2026-02-22 00:39:36]
status: not running
log:    /home/sun0115/nanochat-learn/notes/sft_d18_clean200k_lora_prod_2026-02-17_1209_s1024.log
step:   not yet
val:    not yet
best:   not yet
warn:   none
gpu:    99 %, 11015 MiB, 12282 MiB

[2026-02-22 01:42:05]
status: not running
log:    /home/sun0115/nanochat-learn/notes/sft_d18_clean200k_lora_prod_2026-02-17_1209_s1024.log
step:   not yet
val:    not yet
best:   not yet
warn:   none
gpu:    99 %, 11015 MiB, 12282 MiB

[2026-02-22 02:45:05]
status: not running
log:    /home/sun0115/nanochat-learn/notes/sft_d18_clean200k_lora_prod_2026-02-17_1209_s1024.log
step:   not yet
val:    not yet
best:   not yet
warn:   none
gpu:    99 %, 11015 MiB, 12282 MiB

[2026-02-22 03:48:15]
status: not running
log:    /home/sun0115/nanochat-learn/notes/sft_d18_clean200k_lora_prod_2026-02-17_1209_s1024.log
step:   not yet
val:    not yet
best:   not yet
warn:   none
gpu:    99 %, 11015 MiB, 12282 MiB

[2026-02-22 04:51:27]
status: not running
log:    /home/sun0115/nanochat-learn/notes/sft_d18_clean200k_lora_prod_2026-02-17_1209_s1024.log
step:   not yet
val:    not yet
best:   not yet
warn:   none
gpu:    99 %, 11015 MiB, 12282 MiB

[2026-02-22 05:54:50]
status: not running
log:    /home/sun0115/nanochat-learn/notes/sft_d18_clean200k_lora_prod_2026-02-17_1209_s1024.log
step:   not yet
val:    not yet
best:   not yet
warn:   none
gpu:    98 %, 11015 MiB, 12282 MiB

[2026-02-22 06:58:30]
status: not running
log:    /home/sun0115/nanochat-learn/notes/sft_d18_clean200k_lora_prod_2026-02-17_1209_s1024.log
step:   not yet
val:    not yet
best:   not yet
warn:   none
gpu:    100 %, 11015 MiB, 12282 MiB

[2026-02-22 08:02:11]
status: not running
log:    /home/sun0115/nanochat-learn/notes/sft_d18_clean200k_lora_prod_2026-02-17_1209_s1024.log
step:   not yet
val:    not yet
best:   not yet
warn:   none
gpu:    99 %, 11015 MiB, 12282 MiB

[2026-02-22 09:02:53]
status: not running
log:    /home/sun0115/nanochat-learn/notes/sft_d18_clean200k_lora_prod_2026-02-17_1209_s1024.log
step:   not yet
val:    not yet
best:   not yet
warn:   none
gpu:    99 %, 11015 MiB, 12282 MiB

[2026-02-22 10:02:54]
status: not running
log:    /home/sun0115/nanochat-learn/notes/sft_d18_clean200k_lora_prod_2026-02-17_1209_s1024.log
step:   not yet
val:    not yet
best:   not yet
warn:   none
gpu:    99 %, 11015 MiB, 12282 MiB

[2026-02-22 11:02:54]
status: not running
log:    /home/sun0115/nanochat-learn/notes/sft_d18_clean200k_lora_prod_2026-02-17_1209_s1024.log
step:   not yet
val:    not yet
best:   not yet
warn:   none
gpu:    99 %, 11015 MiB, 12282 MiB

[2026-02-22 12:02:54]
status: not running
log:    /home/sun0115/nanochat-learn/notes/sft_d18_clean200k_lora_prod_2026-02-17_1209_s1024.log
step:   not yet
val:    not yet
best:   not yet
warn:   none
gpu:    99 %, 11015 MiB, 12282 MiB

[2026-02-22 13:02:55]
status: not running
log:    /home/sun0115/nanochat-learn/notes/sft_d18_clean200k_lora_prod_2026-02-17_1209_s1024.log
step:   not yet
val:    not yet
best:   not yet
warn:   none
gpu:    99 %, 11015 MiB, 12282 MiB

[2026-02-22 14:03:04]
status: not running
log:    /home/sun0115/nanochat-learn/notes/sft_d18_clean200k_lora_prod_2026-02-17_1209_s1024.log
step:   not yet
val:    not yet
best:   not yet
warn:   none
gpu:    99 %, 11015 MiB, 12282 MiB

[2026-02-22 15:04:08]
status: not running
log:    /home/sun0115/nanochat-learn/notes/sft_d18_clean200k_lora_prod_2026-02-17_1209_s1024.log
step:   not yet
val:    not yet
best:   not yet
warn:   none
gpu:    99 %, 11015 MiB, 12282 MiB

[2026-02-22 16:05:28]
status: not running
log:    /home/sun0115/nanochat-learn/notes/sft_d18_clean200k_lora_prod_2026-02-17_1209_s1024.log
step:   not yet
val:    not yet
best:   not yet
warn:   none
gpu:    99 %, 11015 MiB, 12282 MiB

[2026-02-22 17:06:54]
status: not running
log:    /home/sun0115/nanochat-learn/notes/sft_d18_clean200k_lora_prod_2026-02-17_1209_s1024.log
step:   not yet
val:    not yet
best:   not yet
warn:   none
gpu:    99 %, 11015 MiB, 12282 MiB

[2026-02-22 18:08:29]
status: not running
log:    /home/sun0115/nanochat-learn/notes/sft_d18_clean200k_lora_prod_2026-02-17_1209_s1024.log
step:   not yet
val:    not yet
best:   not yet
warn:   none
gpu:    100 %, 11015 MiB, 12282 MiB

[2026-02-22 19:09:59]
status: not running
log:    /home/sun0115/nanochat-learn/notes/sft_d18_clean200k_lora_prod_2026-02-17_1209_s1024.log
step:   not yet
val:    not yet
best:   not yet
warn:   none
gpu:    NVIDIA-SMI has failed because it couldn't communicate with the NVIDIA driver. Make sure that the latest NVIDIA driver is installed and running.

[2026-02-22 20:11:50]
status: not running
log:    /home/sun0115/nanochat-learn/notes/sft_d18_clean200k_lora_prod_2026-02-17_1209_s1024.log
step:   not yet
val:    not yet
best:   not yet
warn:   none
gpu:    NVIDIA-SMI has failed because it couldn't communicate with the NVIDIA driver. Make sure that the latest NVIDIA driver is installed and running.

[2026-02-22 21:13:48]
status: not running
log:    /home/sun0115/nanochat-learn/notes/sft_d18_clean200k_lora_prod_2026-02-17_1209_s1024.log
step:   not yet
val:    not yet
best:   not yet
warn:   none
gpu:    NVIDIA-SMI has failed because it couldn't communicate with the NVIDIA driver. Make sure that the latest NVIDIA driver is installed and running.

[2026-02-22 22:15:57]
status: not running
log:    /home/sun0115/nanochat-learn/notes/sft_d18_clean200k_lora_prod_2026-02-17_1209_s1024.log
step:   not yet
val:    not yet
best:   not yet
warn:   none
gpu:    NVIDIA-SMI has failed because it couldn't communicate with the NVIDIA driver. Make sure that the latest NVIDIA driver is installed and running.

[2026-02-22 23:18:22]
status: not running
log:    /home/sun0115/nanochat-learn/notes/sft_d18_clean200k_lora_prod_2026-02-17_1209_s1024.log
step:   not yet
val:    not yet
best:   not yet
warn:   none
gpu:    NVIDIA-SMI has failed because it couldn't communicate with the NVIDIA driver. Make sure that the latest NVIDIA driver is installed and running.

[2026-02-23 00:21:01]
status: not running
log:    /home/sun0115/nanochat-learn/notes/sft_d18_clean200k_lora_prod_2026-02-17_1209_s1024.log
step:   not yet
val:    not yet
best:   not yet
warn:   none
gpu:    NVIDIA-SMI has failed because it couldn't communicate with the NVIDIA driver. Make sure that the latest NVIDIA driver is installed and running.

[2026-02-23 01:23:50]
status: not running
log:    /home/sun0115/nanochat-learn/notes/sft_d18_clean200k_lora_prod_2026-02-17_1209_s1024.log
step:   not yet
val:    not yet
best:   not yet
warn:   none
gpu:    NVIDIA-SMI has failed because it couldn't communicate with the NVIDIA driver. Make sure that the latest NVIDIA driver is installed and running.

[2026-02-23 02:26:46]
status: not running
log:    /home/sun0115/nanochat-learn/notes/sft_d18_clean200k_lora_prod_2026-02-17_1209_s1024.log
step:   not yet
val:    not yet
best:   not yet
warn:   none
gpu:    NVIDIA-SMI has failed because it couldn't communicate with the NVIDIA driver. Make sure that the latest NVIDIA driver is installed and running.

[2026-02-23 03:29:55]
status: not running
log:    /home/sun0115/nanochat-learn/notes/sft_d18_clean200k_lora_prod_2026-02-17_1209_s1024.log
step:   not yet
val:    not yet
best:   not yet
warn:   none
gpu:    NVIDIA-SMI has failed because it couldn't communicate with the NVIDIA driver. Make sure that the latest NVIDIA driver is installed and running.

[2026-02-23 04:33:15]
status: not running
log:    /home/sun0115/nanochat-learn/notes/sft_d18_clean200k_lora_prod_2026-02-17_1209_s1024.log
step:   not yet
val:    not yet
best:   not yet
warn:   none
gpu:    NVIDIA-SMI has failed because it couldn't communicate with the NVIDIA driver. Make sure that the latest NVIDIA driver is installed and running.

[2026-02-23 05:36:40]
status: not running
log:    /home/sun0115/nanochat-learn/notes/sft_d18_clean200k_lora_prod_2026-02-17_1209_s1024.log
step:   not yet
val:    not yet
best:   not yet
warn:   none
gpu:    NVIDIA-SMI has failed because it couldn't communicate with the NVIDIA driver. Make sure that the latest NVIDIA driver is installed and running.

[2026-02-23 06:40:09]
status: not running
log:    /home/sun0115/nanochat-learn/notes/sft_d18_clean200k_lora_prod_2026-02-17_1209_s1024.log
step:   not yet
val:    not yet
best:   not yet
warn:   none
gpu:    NVIDIA-SMI has failed because it couldn't communicate with the NVIDIA driver. Make sure that the latest NVIDIA driver is installed and running.

[2026-02-23 07:43:30]
status: not running
log:    /home/sun0115/nanochat-learn/notes/sft_d18_clean200k_lora_prod_2026-02-17_1209_s1024.log
step:   not yet
val:    not yet
best:   not yet
warn:   none
gpu:    NVIDIA-SMI has failed because it couldn't communicate with the NVIDIA driver. Make sure that the latest NVIDIA driver is installed and running.

[2026-02-23 08:45:06]
status: not running
log:    /home/sun0115/nanochat-learn/notes/sft_d18_clean200k_lora_prod_2026-02-17_1209_s1024.log
step:   not yet
val:    not yet
best:   not yet
warn:   none
gpu:    NVIDIA-SMI has failed because it couldn't communicate with the NVIDIA driver. Make sure that the latest NVIDIA driver is installed and running.

[2026-02-23 09:45:07]
status: not running
log:    /home/sun0115/nanochat-learn/notes/sft_d18_clean200k_lora_prod_2026-02-17_1209_s1024.log
step:   not yet
val:    not yet
best:   not yet
warn:   none
gpu:    NVIDIA-SMI has failed because it couldn't communicate with the NVIDIA driver. Make sure that the latest NVIDIA driver is installed and running.

[2026-02-23 10:45:07]
status: not running
log:    /home/sun0115/nanochat-learn/notes/sft_d18_clean200k_lora_prod_2026-02-17_1209_s1024.log
step:   not yet
val:    not yet
best:   not yet
warn:   none
gpu:    NVIDIA-SMI has failed because it couldn't communicate with the NVIDIA driver. Make sure that the latest NVIDIA driver is installed and running.

[2026-02-23 11:45:08]
status: not running
log:    /home/sun0115/nanochat-learn/notes/sft_d18_clean200k_lora_prod_2026-02-17_1209_s1024.log
step:   not yet
val:    not yet
best:   not yet
warn:   none
gpu:    NVIDIA-SMI has failed because it couldn't communicate with the NVIDIA driver. Make sure that the latest NVIDIA driver is installed and running.

[2026-02-23 12:45:09]
status: not running
log:    /home/sun0115/nanochat-learn/notes/sft_d18_clean200k_lora_prod_2026-02-17_1209_s1024.log
step:   not yet
val:    not yet
best:   not yet
warn:   none
gpu:    NVIDIA-SMI has failed because it couldn't communicate with the NVIDIA driver. Make sure that the latest NVIDIA driver is installed and running.

[2026-02-23 13:45:09]
status: not running
log:    /home/sun0115/nanochat-learn/notes/sft_d18_clean200k_lora_prod_2026-02-17_1209_s1024.log
step:   not yet
val:    not yet
best:   not yet
warn:   none
gpu:    NVIDIA-SMI has failed because it couldn't communicate with the NVIDIA driver. Make sure that the latest NVIDIA driver is installed and running.

[2026-02-23 14:45:51]
status: not running
log:    /home/sun0115/nanochat-learn/notes/sft_d18_clean200k_lora_prod_2026-02-17_1209_s1024.log
step:   not yet
val:    not yet
best:   not yet
warn:   none
gpu:    NVIDIA-SMI has failed because it couldn't communicate with the NVIDIA driver. Make sure that the latest NVIDIA driver is installed and running.

[2026-02-23 15:47:04]
status: not running
log:    /home/sun0115/nanochat-learn/notes/sft_d18_clean200k_lora_prod_2026-02-17_1209_s1024.log
step:   not yet
val:    not yet
best:   not yet
warn:   none
gpu:    NVIDIA-SMI has failed because it couldn't communicate with the NVIDIA driver. Make sure that the latest NVIDIA driver is installed and running.

[2026-02-23 16:48:15]
status: not running
log:    /home/sun0115/nanochat-learn/notes/sft_d18_clean200k_lora_prod_2026-02-17_1209_s1024.log
step:   not yet
val:    not yet
best:   not yet
warn:   none
gpu:    NVIDIA-SMI has failed because it couldn't communicate with the NVIDIA driver. Make sure that the latest NVIDIA driver is installed and running.

[2026-02-23 17:49:42]
status: not running
log:    /home/sun0115/nanochat-learn/notes/sft_d18_clean200k_lora_prod_2026-02-17_1209_s1024.log
step:   not yet
val:    not yet
best:   not yet
warn:   none
gpu:    NVIDIA-SMI has failed because it couldn't communicate with the NVIDIA driver. Make sure that the latest NVIDIA driver is installed and running.

[2026-02-23 18:51:14]
status: not running
log:    /home/sun0115/nanochat-learn/notes/sft_d18_clean200k_lora_prod_2026-02-17_1209_s1024.log
step:   not yet
val:    not yet
best:   not yet
warn:   none
gpu:    NVIDIA-SMI has failed because it couldn't communicate with the NVIDIA driver. Make sure that the latest NVIDIA driver is installed and running.

