==== Hourly SFT monitor started 2026-02-16 17:33:38 ====
log_glob=/home/sun0115/nanochat-learn/notes/sft_d18_clean200k_sftmax_*_chain.log interval=3600s
[2026-02-16 17:33:38]
status: running
log:    /home/sun0115/nanochat-learn/notes/sft_d18_clean200k_sftmax_2026-02-16_1733_chain.log
step:   not yet
val:    not yet
best:   not yet
warn:   none
gpu:    0 %, 5611 MiB, 12282 MiB

[2026-02-16 18:35:14]
status: not running
log:    /home/sun0115/nanochat-learn/notes/sft_d18_clean200k_sftmax_2026-02-16_1733_chain.log
step:   not yet
val:    Step 00000 | Validation bpb: 1.2975
best:   not yet
warn:   RuntimeError: CUDA driver error: out of memory
gpu:    0 %, 70 MiB, 12282 MiB

[2026-02-16 19:36:55]
status: not running
log:    /home/sun0115/nanochat-learn/notes/sft_d18_clean200k_sftmax_2026-02-16_1733_chain.log
step:   not yet
val:    Step 00000 | Validation bpb: 1.2975
best:   not yet
warn:   RuntimeError: CUDA driver error: out of memory
gpu:    0 %, 70 MiB, 12282 MiB

[2026-02-16 20:38:44]
status: not running
log:    /home/sun0115/nanochat-learn/notes/sft_d18_clean200k_sftmax_2026-02-16_1733_chain.log
step:   not yet
val:    Step 00000 | Validation bpb: 1.2975
best:   not yet
warn:   RuntimeError: CUDA driver error: out of memory
gpu:    0 %, 70 MiB, 12282 MiB

[2026-02-16 21:40:35]
status: not running
log:    /home/sun0115/nanochat-learn/notes/sft_d18_clean200k_sftmax_2026-02-16_1733_chain.log
step:   not yet
val:    Step 00000 | Validation bpb: 1.2975
best:   not yet
warn:   RuntimeError: CUDA driver error: out of memory
gpu:    0 %, 70 MiB, 12282 MiB

[2026-02-16 22:42:16]
status: not running
log:    /home/sun0115/nanochat-learn/notes/sft_d18_clean200k_sftmax_2026-02-16_1733_chain.log
step:   not yet
val:    Step 00000 | Validation bpb: 1.2975
best:   not yet
warn:   RuntimeError: CUDA driver error: out of memory
gpu:    0 %, 70 MiB, 12282 MiB

[2026-02-16 23:44:17]
status: not running
log:    /home/sun0115/nanochat-learn/notes/sft_d18_clean200k_sftmax_2026-02-16_1733_chain.log
step:   not yet
val:    Step 00000 | Validation bpb: 1.2975
best:   not yet
warn:   RuntimeError: CUDA driver error: out of memory
gpu:    0 %, 70 MiB, 12282 MiB

[2026-02-17 00:46:33]
status: not running
log:    /home/sun0115/nanochat-learn/notes/sft_d18_clean200k_sftmax_2026-02-16_1733_chain.log
step:   not yet
val:    Step 00000 | Validation bpb: 1.2975
best:   not yet
warn:   RuntimeError: CUDA driver error: out of memory
gpu:    0 %, 70 MiB, 12282 MiB

[2026-02-17 01:48:56]
status: not running
log:    /home/sun0115/nanochat-learn/notes/sft_d18_clean200k_sftmax_2026-02-16_1733_chain.log
step:   not yet
val:    Step 00000 | Validation bpb: 1.2975
best:   not yet
warn:   RuntimeError: CUDA driver error: out of memory
gpu:    0 %, 70 MiB, 12282 MiB

[2026-02-17 02:51:28]
status: not running
log:    /home/sun0115/nanochat-learn/notes/sft_d18_clean200k_sftmax_2026-02-16_1733_chain.log
step:   not yet
val:    Step 00000 | Validation bpb: 1.2975
best:   not yet
warn:   RuntimeError: CUDA driver error: out of memory
gpu:    0 %, 70 MiB, 12282 MiB

[2026-02-17 03:54:04]
status: not running
log:    /home/sun0115/nanochat-learn/notes/sft_d18_clean200k_sftmax_2026-02-16_1733_chain.log
step:   not yet
val:    Step 00000 | Validation bpb: 1.2975
best:   not yet
warn:   RuntimeError: CUDA driver error: out of memory
gpu:    0 %, 70 MiB, 12282 MiB

[2026-02-17 04:56:43]
status: not running
log:    /home/sun0115/nanochat-learn/notes/sft_d18_clean200k_sftmax_2026-02-16_1733_chain.log
step:   not yet
val:    Step 00000 | Validation bpb: 1.2975
best:   not yet
warn:   RuntimeError: CUDA driver error: out of memory
gpu:    0 %, 70 MiB, 12282 MiB

[2026-02-17 05:59:28]
status: not running
log:    /home/sun0115/nanochat-learn/notes/sft_d18_clean200k_sftmax_2026-02-16_1733_chain.log
step:   not yet
val:    Step 00000 | Validation bpb: 1.2975
best:   not yet
warn:   RuntimeError: CUDA driver error: out of memory
gpu:    0 %, 70 MiB, 12282 MiB

[2026-02-17 07:02:22]
status: not running
log:    /home/sun0115/nanochat-learn/notes/sft_d18_clean200k_sftmax_2026-02-16_1733_chain.log
step:   not yet
val:    Step 00000 | Validation bpb: 1.2975
best:   not yet
warn:   RuntimeError: CUDA driver error: out of memory
gpu:    0 %, 70 MiB, 12282 MiB

[2026-02-17 08:05:24]
status: not running
log:    /home/sun0115/nanochat-learn/notes/sft_d18_clean200k_sftmax_2026-02-16_1733_chain.log
step:   not yet
val:    Step 00000 | Validation bpb: 1.2975
best:   not yet
warn:   RuntimeError: CUDA driver error: out of memory
gpu:    0 %, 70 MiB, 12282 MiB

[2026-02-17 09:08:31]
status: not running
log:    /home/sun0115/nanochat-learn/notes/sft_d18_clean200k_sftmax_2026-02-16_1733_chain.log
step:   not yet
val:    Step 00000 | Validation bpb: 1.2975
best:   not yet
warn:   RuntimeError: CUDA driver error: out of memory
gpu:    0 %, 70 MiB, 12282 MiB

[2026-02-17 10:11:48]
status: not running
log:    /home/sun0115/nanochat-learn/notes/sft_d18_clean200k_sftmax_2026-02-16_1733_chain.log
step:   not yet
val:    Step 00000 | Validation bpb: 1.2975
best:   not yet
warn:   RuntimeError: CUDA driver error: out of memory
gpu:    0 %, 70 MiB, 12282 MiB

[2026-02-17 11:15:06]
status: not running
log:    /home/sun0115/nanochat-learn/notes/sft_d18_clean200k_sftmax_2026-02-16_1733_chain.log
step:   not yet
val:    Step 00000 | Validation bpb: 1.2975
best:   not yet
warn:   RuntimeError: CUDA driver error: out of memory
gpu:    0 %, 70 MiB, 12282 MiB

[2026-02-17 12:18:46]
status: running
log:    /home/sun0115/nanochat-learn/notes/sft_d18_clean200k_sftmax_2026-02-16_1733_chain.log
step:   not yet
val:    Step 00000 | Validation bpb: 1.2975
best:   not yet
warn:   RuntimeError: CUDA driver error: out of memory
gpu:    91 %, 8135 MiB, 12282 MiB

[2026-02-17 13:22:28]
status: not running
log:    /home/sun0115/nanochat-learn/notes/sft_d18_clean200k_sftmax_2026-02-16_1733_chain.log
step:   not yet
val:    Step 00000 | Validation bpb: 1.2975
best:   not yet
warn:   RuntimeError: CUDA driver error: out of memory
gpu:    37 %, 5333 MiB, 12282 MiB

[2026-02-17 14:26:12]
status: not running
log:    /home/sun0115/nanochat-learn/notes/sft_d18_clean200k_sftmax_2026-02-16_1733_chain.log
step:   not yet
val:    Step 00000 | Validation bpb: 1.2975
best:   not yet
warn:   RuntimeError: CUDA driver error: out of memory
gpu:    54 %, 9663 MiB, 12282 MiB

[2026-02-17 15:30:05]
status: not running
log:    /home/sun0115/nanochat-learn/notes/sft_d18_clean200k_sftmax_2026-02-16_1733_chain.log
step:   not yet
val:    Step 00000 | Validation bpb: 1.2975
best:   not yet
warn:   RuntimeError: CUDA driver error: out of memory
gpu:    45 %, 8187 MiB, 12282 MiB

[2026-02-17 16:34:08]
status: not running
log:    /home/sun0115/nanochat-learn/notes/sft_d18_clean200k_sftmax_2026-02-16_1733_chain.log
step:   not yet
val:    Step 00000 | Validation bpb: 1.2975
best:   not yet
warn:   RuntimeError: CUDA driver error: out of memory
gpu:    56 %, 9663 MiB, 12282 MiB

[2026-02-17 17:38:30]
status: not running
log:    /home/sun0115/nanochat-learn/notes/sft_d18_clean200k_sftmax_2026-02-16_1733_chain.log
step:   not yet
val:    Step 00000 | Validation bpb: 1.2975
best:   not yet
warn:   RuntimeError: CUDA driver error: out of memory
gpu:    43 %, 10431 MiB, 12282 MiB

[2026-02-17 18:43:06]
status: not running
log:    /home/sun0115/nanochat-learn/notes/sft_d18_clean200k_sftmax_2026-02-16_1733_chain.log
step:   not yet
val:    Step 00000 | Validation bpb: 1.2975
best:   not yet
warn:   RuntimeError: CUDA driver error: out of memory
gpu:    37 %, 5314 MiB, 12282 MiB

[2026-02-17 19:47:54]
status: not running
log:    /home/sun0115/nanochat-learn/notes/sft_d18_clean200k_sftmax_2026-02-16_1733_chain.log
step:   not yet
val:    Step 00000 | Validation bpb: 1.2975
best:   not yet
warn:   RuntimeError: CUDA driver error: out of memory
gpu:    38 %, 9642 MiB, 12282 MiB

[2026-02-17 20:52:41]
status: not running
log:    /home/sun0115/nanochat-learn/notes/sft_d18_clean200k_sftmax_2026-02-16_1733_chain.log
step:   not yet
val:    Step 00000 | Validation bpb: 1.2975
best:   not yet
warn:   RuntimeError: CUDA driver error: out of memory
gpu:    40 %, 10410 MiB, 12282 MiB

[2026-02-17 21:57:50]
status: not running
log:    /home/sun0115/nanochat-learn/notes/sft_d18_clean200k_sftmax_2026-02-16_1733_chain.log
step:   not yet
val:    Step 00000 | Validation bpb: 1.2975
best:   not yet
warn:   RuntimeError: CUDA driver error: out of memory
gpu:    0 %, 51 MiB, 12282 MiB

[2026-02-17 23:02:25]
status: not running
log:    /home/sun0115/nanochat-learn/notes/sft_d18_clean200k_sftmax_2026-02-16_1733_chain.log
step:   not yet
val:    Step 00000 | Validation bpb: 1.2975
best:   not yet
warn:   RuntimeError: CUDA driver error: out of memory
gpu:    0 %, 51 MiB, 12282 MiB

[2026-02-18 00:06:33]
status: not running
log:    /home/sun0115/nanochat-learn/notes/sft_d18_clean200k_sftmax_2026-02-16_1733_chain.log
step:   not yet
val:    Step 00000 | Validation bpb: 1.2975
best:   not yet
warn:   RuntimeError: CUDA driver error: out of memory
gpu:    0 %, 51 MiB, 12282 MiB

[2026-02-18 01:10:49]
status: not running
log:    /home/sun0115/nanochat-learn/notes/sft_d18_clean200k_sftmax_2026-02-16_1733_chain.log
step:   not yet
val:    Step 00000 | Validation bpb: 1.2975
best:   not yet
warn:   RuntimeError: CUDA driver error: out of memory
gpu:    0 %, 51 MiB, 12282 MiB

[2026-02-18 02:15:42]
status: not running
log:    /home/sun0115/nanochat-learn/notes/sft_d18_clean200k_sftmax_2026-02-16_1733_chain.log
step:   not yet
val:    Step 00000 | Validation bpb: 1.2975
best:   not yet
warn:   RuntimeError: CUDA driver error: out of memory
gpu:    0 %, 51 MiB, 12282 MiB

[2026-02-18 03:20:22]
status: not running
log:    /home/sun0115/nanochat-learn/notes/sft_d18_clean200k_sftmax_2026-02-16_1733_chain.log
step:   not yet
val:    Step 00000 | Validation bpb: 1.2975
best:   not yet
warn:   RuntimeError: CUDA driver error: out of memory
gpu:    0 %, 51 MiB, 12282 MiB

[2026-02-18 04:24:47]
status: not running
log:    /home/sun0115/nanochat-learn/notes/sft_d18_clean200k_sftmax_2026-02-16_1733_chain.log
step:   not yet
val:    Step 00000 | Validation bpb: 1.2975
best:   not yet
warn:   RuntimeError: CUDA driver error: out of memory
gpu:    0 %, 51 MiB, 12282 MiB

[2026-02-18 05:29:40]
status: not running
log:    /home/sun0115/nanochat-learn/notes/sft_d18_clean200k_sftmax_2026-02-16_1733_chain.log
step:   not yet
val:    Step 00000 | Validation bpb: 1.2975
best:   not yet
warn:   RuntimeError: CUDA driver error: out of memory
gpu:    0 %, 51 MiB, 12282 MiB

[2026-02-18 06:34:37]
status: not running
log:    /home/sun0115/nanochat-learn/notes/sft_d18_clean200k_sftmax_2026-02-16_1733_chain.log
step:   not yet
val:    Step 00000 | Validation bpb: 1.2975
best:   not yet
warn:   RuntimeError: CUDA driver error: out of memory
gpu:    0 %, 51 MiB, 12282 MiB

[2026-02-18 07:39:53]
status: not running
log:    /home/sun0115/nanochat-learn/notes/sft_d18_clean200k_sftmax_2026-02-16_1733_chain.log
step:   not yet
val:    Step 00000 | Validation bpb: 1.2975
best:   not yet
warn:   RuntimeError: CUDA driver error: out of memory
gpu:    0 %, 51 MiB, 12282 MiB

[2026-02-18 08:42:49]
status: not running
log:    /home/sun0115/nanochat-learn/notes/sft_d18_clean200k_sftmax_2026-02-16_1733_chain.log
step:   not yet
val:    Step 00000 | Validation bpb: 1.2975
best:   not yet
warn:   RuntimeError: CUDA driver error: out of memory
gpu:    0 %, 51 MiB, 12282 MiB

[2026-02-18 09:42:49]
status: not running
log:    /home/sun0115/nanochat-learn/notes/sft_d18_clean200k_sftmax_2026-02-16_1733_chain.log
step:   not yet
val:    Step 00000 | Validation bpb: 1.2975
best:   not yet
warn:   RuntimeError: CUDA driver error: out of memory
gpu:    0 %, 51 MiB, 12282 MiB

[2026-02-18 10:42:49]
status: not running
log:    /home/sun0115/nanochat-learn/notes/sft_d18_clean200k_sftmax_2026-02-16_1733_chain.log
step:   not yet
val:    Step 00000 | Validation bpb: 1.2975
best:   not yet
warn:   RuntimeError: CUDA driver error: out of memory
gpu:    0 %, 51 MiB, 12282 MiB

[2026-02-18 11:42:49]
status: not running
log:    /home/sun0115/nanochat-learn/notes/sft_d18_clean200k_sftmax_2026-02-16_1733_chain.log
step:   not yet
val:    Step 00000 | Validation bpb: 1.2975
best:   not yet
warn:   RuntimeError: CUDA driver error: out of memory
gpu:    0 %, 51 MiB, 12282 MiB

[2026-02-18 12:42:50]
status: not running
log:    /home/sun0115/nanochat-learn/notes/sft_d18_clean200k_sftmax_2026-02-16_1733_chain.log
step:   not yet
val:    Step 00000 | Validation bpb: 1.2975
best:   not yet
warn:   RuntimeError: CUDA driver error: out of memory
gpu:    0 %, 51 MiB, 12282 MiB

[2026-02-18 13:42:50]
status: not running
log:    /home/sun0115/nanochat-learn/notes/sft_d18_clean200k_sftmax_2026-02-16_1733_chain.log
step:   not yet
val:    Step 00000 | Validation bpb: 1.2975
best:   not yet
warn:   RuntimeError: CUDA driver error: out of memory
gpu:    0 %, 51 MiB, 12282 MiB

[2026-02-18 14:42:50]
status: not running
log:    /home/sun0115/nanochat-learn/notes/sft_d18_clean200k_sftmax_2026-02-16_1733_chain.log
step:   not yet
val:    Step 00000 | Validation bpb: 1.2975
best:   not yet
warn:   RuntimeError: CUDA driver error: out of memory
gpu:    50 %, 6964 MiB, 12282 MiB

[2026-02-18 15:42:50]
status: not running
log:    /home/sun0115/nanochat-learn/notes/sft_d18_clean200k_sftmax_2026-02-16_1733_chain.log
step:   not yet
val:    Step 00000 | Validation bpb: 1.2975
best:   not yet
warn:   RuntimeError: CUDA driver error: out of memory
gpu:    100 %, 11963 MiB, 12282 MiB

[2026-02-18 16:43:29]
status: not running
log:    /home/sun0115/nanochat-learn/notes/sft_d18_clean200k_sftmax_2026-02-16_1733_chain.log
step:   not yet
val:    Step 00000 | Validation bpb: 1.2975
best:   not yet
warn:   RuntimeError: CUDA driver error: out of memory
gpu:    100 %, 11963 MiB, 12282 MiB

[2026-02-18 17:44:29]
status: not running
log:    /home/sun0115/nanochat-learn/notes/sft_d18_clean200k_sftmax_2026-02-16_1733_chain.log
step:   not yet
val:    Step 00000 | Validation bpb: 1.2975
best:   not yet
warn:   RuntimeError: CUDA driver error: out of memory
gpu:    98 %, 11983 MiB, 12282 MiB

[2026-02-18 18:45:50]
status: not running
log:    /home/sun0115/nanochat-learn/notes/sft_d18_clean200k_sftmax_2026-02-16_1733_chain.log
step:   not yet
val:    Step 00000 | Validation bpb: 1.2975
best:   not yet
warn:   RuntimeError: CUDA driver error: out of memory
gpu:    100 %, 11975 MiB, 12282 MiB

[2026-02-18 19:47:16]
status: not running
log:    /home/sun0115/nanochat-learn/notes/sft_d18_clean200k_sftmax_2026-02-16_1733_chain.log
step:   not yet
val:    Step 00000 | Validation bpb: 1.2975
best:   not yet
warn:   RuntimeError: CUDA driver error: out of memory
gpu:    100 %, 11973 MiB, 12282 MiB

[2026-02-18 20:48:42]
status: not running
log:    /home/sun0115/nanochat-learn/notes/sft_d18_clean200k_sftmax_2026-02-16_1733_chain.log
step:   not yet
val:    Step 00000 | Validation bpb: 1.2975
best:   not yet
warn:   RuntimeError: CUDA driver error: out of memory
gpu:    93 %, 11973 MiB, 12282 MiB

[2026-02-18 21:50:27]
status: not running
log:    /home/sun0115/nanochat-learn/notes/sft_d18_clean200k_sftmax_2026-02-16_1733_chain.log
step:   not yet
val:    Step 00000 | Validation bpb: 1.2975
best:   not yet
warn:   RuntimeError: CUDA driver error: out of memory
gpu:    100 %, 11379 MiB, 12282 MiB

[2026-02-18 22:52:27]
status: not running
log:    /home/sun0115/nanochat-learn/notes/sft_d18_clean200k_sftmax_2026-02-16_1733_chain.log
step:   not yet
val:    Step 00000 | Validation bpb: 1.2975
best:   not yet
warn:   RuntimeError: CUDA driver error: out of memory
gpu:    100 %, 11379 MiB, 12282 MiB

[2026-02-18 23:54:36]
status: not running
log:    /home/sun0115/nanochat-learn/notes/sft_d18_clean200k_sftmax_2026-02-16_1733_chain.log
step:   not yet
val:    Step 00000 | Validation bpb: 1.2975
best:   not yet
warn:   RuntimeError: CUDA driver error: out of memory
gpu:    100 %, 11379 MiB, 12282 MiB

[2026-02-19 00:56:57]
status: not running
log:    /home/sun0115/nanochat-learn/notes/sft_d18_clean200k_sftmax_2026-02-16_1733_chain.log
step:   not yet
val:    Step 00000 | Validation bpb: 1.2975
best:   not yet
warn:   RuntimeError: CUDA driver error: out of memory
gpu:    100 %, 11379 MiB, 12282 MiB

[2026-02-19 01:59:16]
status: not running
log:    /home/sun0115/nanochat-learn/notes/sft_d18_clean200k_sftmax_2026-02-16_1733_chain.log
step:   not yet
val:    Step 00000 | Validation bpb: 1.2975
best:   not yet
warn:   RuntimeError: CUDA driver error: out of memory
gpu:    49 %, 8865 MiB, 12282 MiB

[2026-02-19 03:01:48]
status: not running
log:    /home/sun0115/nanochat-learn/notes/sft_d18_clean200k_sftmax_2026-02-16_1733_chain.log
step:   not yet
val:    Step 00000 | Validation bpb: 1.2975
best:   not yet
warn:   RuntimeError: CUDA driver error: out of memory
gpu:    51 %, 8129 MiB, 12282 MiB

[2026-02-19 04:04:07]
status: not running
log:    /home/sun0115/nanochat-learn/notes/sft_d18_clean200k_sftmax_2026-02-16_1733_chain.log
step:   not yet
val:    Step 00000 | Validation bpb: 1.2975
best:   not yet
warn:   RuntimeError: CUDA driver error: out of memory
gpu:    45 %, 9605 MiB, 12282 MiB

[2026-02-19 05:06:57]
status: not running
log:    /home/sun0115/nanochat-learn/notes/sft_d18_clean200k_sftmax_2026-02-16_1733_chain.log
step:   not yet
val:    Step 00000 | Validation bpb: 1.2975
best:   not yet
warn:   RuntimeError: CUDA driver error: out of memory
gpu:    46 %, 10373 MiB, 12282 MiB

[2026-02-19 06:10:01]
status: not running
log:    /home/sun0115/nanochat-learn/notes/sft_d18_clean200k_sftmax_2026-02-16_1733_chain.log
step:   not yet
val:    Step 00000 | Validation bpb: 1.2975
best:   not yet
warn:   RuntimeError: CUDA driver error: out of memory
gpu:    57 %, 10373 MiB, 12282 MiB

[2026-02-19 07:13:07]
status: not running
log:    /home/sun0115/nanochat-learn/notes/sft_d18_clean200k_sftmax_2026-02-16_1733_chain.log
step:   not yet
val:    Step 00000 | Validation bpb: 1.2975
best:   not yet
warn:   RuntimeError: CUDA driver error: out of memory
gpu:    0 %, 12 MiB, 12282 MiB

[2026-02-19 08:16:01]
status: not running
log:    /home/sun0115/nanochat-learn/notes/sft_d18_clean200k_sftmax_2026-02-16_1733_chain.log
step:   not yet
val:    Step 00000 | Validation bpb: 1.2975
best:   not yet
warn:   RuntimeError: CUDA driver error: out of memory
gpu:    0 %, 12 MiB, 12282 MiB

[2026-02-19 09:19:20]
status: not running
log:    /home/sun0115/nanochat-learn/notes/sft_d18_clean200k_sftmax_2026-02-16_1733_chain.log
step:   not yet
val:    Step 00000 | Validation bpb: 1.2975
best:   not yet
warn:   RuntimeError: CUDA driver error: out of memory
gpu:    0 %, 12 MiB, 12282 MiB

[2026-02-19 10:22:49]
status: not running
log:    /home/sun0115/nanochat-learn/notes/sft_d18_clean200k_sftmax_2026-02-16_1733_chain.log
step:   not yet
val:    Step 00000 | Validation bpb: 1.2975
best:   not yet
warn:   RuntimeError: CUDA driver error: out of memory
gpu:    0 %, 12 MiB, 12282 MiB

[2026-02-19 11:25:58]
status: not running
log:    /home/sun0115/nanochat-learn/notes/sft_d18_clean200k_sftmax_2026-02-16_1733_chain.log
step:   not yet
val:    Step 00000 | Validation bpb: 1.2975
best:   not yet
warn:   RuntimeError: CUDA driver error: out of memory
gpu:    0 %, 12 MiB, 12282 MiB

[2026-02-19 12:29:34]
status: not running
log:    /home/sun0115/nanochat-learn/notes/sft_d18_clean200k_sftmax_2026-02-16_1733_chain.log
step:   not yet
val:    Step 00000 | Validation bpb: 1.2975
best:   not yet
warn:   RuntimeError: CUDA driver error: out of memory
gpu:    0 %, 12 MiB, 12282 MiB

[2026-02-19 13:32:57]
status: not running
log:    /home/sun0115/nanochat-learn/notes/sft_d18_clean200k_sftmax_2026-02-16_1733_chain.log
step:   not yet
val:    Step 00000 | Validation bpb: 1.2975
best:   not yet
warn:   RuntimeError: CUDA driver error: out of memory
gpu:    0 %, 12 MiB, 12282 MiB

[2026-02-19 14:37:02]
status: not running
log:    /home/sun0115/nanochat-learn/notes/sft_d18_clean200k_sftmax_2026-02-16_1733_chain.log
step:   not yet
val:    Step 00000 | Validation bpb: 1.2975
best:   not yet
warn:   RuntimeError: CUDA driver error: out of memory
gpu:    0 %, 12 MiB, 12282 MiB

[2026-02-19 15:40:58]
status: not running
log:    /home/sun0115/nanochat-learn/notes/sft_d18_clean200k_sftmax_2026-02-16_1733_chain.log
step:   not yet
val:    Step 00000 | Validation bpb: 1.2975
best:   not yet
warn:   RuntimeError: CUDA driver error: out of memory
gpu:    0 %, 51 MiB, 12282 MiB

[2026-02-19 16:45:09]
status: not running
log:    /home/sun0115/nanochat-learn/notes/sft_d18_clean200k_sftmax_2026-02-16_1733_chain.log
step:   not yet
val:    Step 00000 | Validation bpb: 1.2975
best:   not yet
warn:   RuntimeError: CUDA driver error: out of memory
gpu:    0 %, 51 MiB, 12282 MiB

[2026-02-19 17:49:34]
status: not running
log:    /home/sun0115/nanochat-learn/notes/sft_d18_clean200k_sftmax_2026-02-16_1733_chain.log
step:   not yet
val:    Step 00000 | Validation bpb: 1.2975
best:   not yet
warn:   RuntimeError: CUDA driver error: out of memory
gpu:    0 %, 51 MiB, 12282 MiB

[2026-02-19 18:54:21]
status: not running
log:    /home/sun0115/nanochat-learn/notes/sft_d18_clean200k_sftmax_2026-02-16_1733_chain.log
step:   not yet
val:    not yet
best:   not yet
warn:   none
gpu:    0 %, 51 MiB, 12282 MiB

[2026-02-19 19:59:06]
status: not running
log:    /home/sun0115/nanochat-learn/notes/sft_d18_clean200k_sftmax_2026-02-16_1733_chain.log
step:   not yet
val:    not yet
best:   not yet
warn:   none
gpu:    0 %, 12 MiB, 12282 MiB

[2026-02-19 21:03:38]
status: not running
log:    /home/sun0115/nanochat-learn/notes/sft_d18_clean200k_sftmax_2026-02-16_1733_chain.log
step:   not yet
val:    not yet
best:   not yet
warn:   none
gpu:    0 %, 12 MiB, 12282 MiB

[2026-02-19 22:07:49]
status: not running
log:    /home/sun0115/nanochat-learn/notes/sft_d18_clean200k_sftmax_2026-02-16_1733_chain.log
step:   not yet
val:    not yet
best:   not yet
warn:   none
gpu:    0 %, 12 MiB, 12282 MiB

[2026-02-19 23:12:04]
status: not running
log:    /home/sun0115/nanochat-learn/notes/sft_d18_clean200k_sftmax_2026-02-16_1733_chain.log
step:   not yet
val:    not yet
best:   not yet
warn:   none
gpu:    0 %, 12 MiB, 12282 MiB

[2026-02-20 00:16:28]
status: not running
log:    /home/sun0115/nanochat-learn/notes/sft_d18_clean200k_sftmax_2026-02-16_1733_chain.log
step:   not yet
val:    not yet
best:   not yet
warn:   none
gpu:    0 %, 12 MiB, 12282 MiB

[2026-02-20 01:21:15]
status: not running
log:    /home/sun0115/nanochat-learn/notes/sft_d18_clean200k_sftmax_2026-02-16_1733_chain.log
step:   not yet
val:    not yet
best:   not yet
warn:   none
gpu:    0 %, 12 MiB, 12282 MiB

[2026-02-20 02:26:16]
status: not running
log:    /home/sun0115/nanochat-learn/notes/sft_d18_clean200k_sftmax_2026-02-16_1733_chain.log
step:   not yet
val:    not yet
best:   not yet
warn:   none
gpu:    0 %, 12 MiB, 12282 MiB

[2026-02-20 03:30:45]
status: not running
log:    /home/sun0115/nanochat-learn/notes/sft_d18_clean200k_sftmax_2026-02-16_1733_chain.log
step:   not yet
val:    not yet
best:   not yet
warn:   none
gpu:    0 %, 12 MiB, 12282 MiB

[2026-02-20 04:35:47]
status: not running
log:    /home/sun0115/nanochat-learn/notes/sft_d18_clean200k_sftmax_2026-02-16_1733_chain.log
step:   not yet
val:    not yet
best:   not yet
warn:   none
gpu:    0 %, 12 MiB, 12282 MiB

[2026-02-20 05:40:33]
status: not running
log:    /home/sun0115/nanochat-learn/notes/sft_d18_clean200k_sftmax_2026-02-16_1733_chain.log
step:   not yet
val:    not yet
best:   not yet
warn:   none
gpu:    0 %, 12 MiB, 12282 MiB

[2026-02-20 06:46:03]
status: not running
log:    /home/sun0115/nanochat-learn/notes/sft_d18_clean200k_sftmax_2026-02-16_1733_chain.log
step:   not yet
val:    not yet
best:   not yet
warn:   none
gpu:    0 %, 12 MiB, 12282 MiB

[2026-02-20 07:50:56]
status: not running
log:    /home/sun0115/nanochat-learn/notes/sft_d18_clean200k_sftmax_2026-02-16_1733_chain.log
step:   not yet
val:    not yet
best:   not yet
warn:   none
gpu:    0 %, 12 MiB, 12282 MiB

[2026-02-20 08:52:28]
status: not running
log:    /home/sun0115/nanochat-learn/notes/sft_d18_clean200k_sftmax_2026-02-16_1733_chain.log
step:   not yet
val:    not yet
best:   not yet
warn:   none
gpu:    0 %, 12 MiB, 12282 MiB

[2026-02-20 09:52:29]
status: not running
log:    /home/sun0115/nanochat-learn/notes/sft_d18_clean200k_sftmax_2026-02-16_1733_chain.log
step:   not yet
val:    not yet
best:   not yet
warn:   none
gpu:    0 %, 12 MiB, 12282 MiB

[2026-02-20 10:52:29]
status: not running
log:    /home/sun0115/nanochat-learn/notes/sft_d18_clean200k_sftmax_2026-02-16_1733_chain.log
step:   not yet
val:    not yet
best:   not yet
warn:   none
gpu:    0 %, 12 MiB, 12282 MiB

[2026-02-20 11:52:29]
status: not running
log:    /home/sun0115/nanochat-learn/notes/sft_d18_clean200k_sftmax_2026-02-16_1733_chain.log
step:   not yet
val:    not yet
best:   not yet
warn:   none
gpu:    0 %, 12 MiB, 12282 MiB

[2026-02-20 12:52:30]
status: not running
log:    /home/sun0115/nanochat-learn/notes/sft_d18_clean200k_sftmax_2026-02-16_1733_chain.log
step:   not yet
val:    not yet
best:   not yet
warn:   none
gpu:    0 %, 12 MiB, 12282 MiB

[2026-02-20 13:52:30]
status: not running
log:    /home/sun0115/nanochat-learn/notes/sft_d18_clean200k_sftmax_2026-02-16_1733_chain.log
step:   not yet
val:    not yet
best:   not yet
warn:   none
gpu:    99 %, 10957 MiB, 12282 MiB

[2026-02-20 14:52:31]
status: not running
log:    /home/sun0115/nanochat-learn/notes/sft_d18_clean200k_sftmax_2026-02-16_1733_chain.log
step:   not yet
val:    not yet
best:   not yet
warn:   none
gpu:    99 %, 10957 MiB, 12282 MiB

[2026-02-20 15:52:32]
status: not running
log:    /home/sun0115/nanochat-learn/notes/sft_d18_clean200k_sftmax_2026-02-16_1733_chain.log
step:   not yet
val:    not yet
best:   not yet
warn:   none
gpu:    99 %, 10996 MiB, 12282 MiB

[2026-02-20 16:53:31]
status: not running
log:    /home/sun0115/nanochat-learn/notes/sft_d18_clean200k_sftmax_2026-02-16_1733_chain.log
step:   not yet
val:    not yet
best:   not yet
warn:   none
gpu:    100 %, 10996 MiB, 12282 MiB

[2026-02-20 17:54:46]
status: not running
log:    /home/sun0115/nanochat-learn/notes/sft_d18_clean200k_sftmax_2026-02-16_1733_chain.log
step:   not yet
val:    not yet
best:   not yet
warn:   none
gpu:    100 %, 10996 MiB, 12282 MiB

[2026-02-20 18:56:16]
status: not running
log:    /home/sun0115/nanochat-learn/notes/sft_d18_clean200k_sftmax_2026-02-16_1733_chain.log
step:   not yet
val:    not yet
best:   not yet
warn:   none
gpu:    100 %, 10996 MiB, 12282 MiB

[2026-02-20 19:57:56]
status: not running
log:    /home/sun0115/nanochat-learn/notes/sft_d18_clean200k_sftmax_2026-02-16_1733_chain.log
step:   not yet
val:    not yet
best:   not yet
warn:   none
gpu:    99 %, 10996 MiB, 12282 MiB

[2026-02-20 20:59:41]
status: not running
log:    /home/sun0115/nanochat-learn/notes/sft_d18_clean200k_sftmax_2026-02-16_1733_chain.log
step:   not yet
val:    not yet
best:   not yet
warn:   none
gpu:    99 %, 10996 MiB, 12282 MiB

[2026-02-20 22:01:30]
status: not running
log:    /home/sun0115/nanochat-learn/notes/sft_d18_clean200k_sftmax_2026-02-16_1733_chain.log
step:   not yet
val:    not yet
best:   not yet
warn:   none
gpu:    99 %, 10996 MiB, 12282 MiB

[2026-02-20 23:03:30]
status: not running
log:    /home/sun0115/nanochat-learn/notes/sft_d18_clean200k_sftmax_2026-02-16_1733_chain.log
step:   not yet
val:    not yet
best:   not yet
warn:   none
gpu:    99 %, 10996 MiB, 12282 MiB

[2026-02-21 00:05:41]
status: not running
log:    /home/sun0115/nanochat-learn/notes/sft_d18_clean200k_sftmax_2026-02-16_1733_chain.log
step:   not yet
val:    not yet
best:   not yet
warn:   none
gpu:    98 %, 10996 MiB, 12282 MiB

[2026-02-21 01:07:55]
status: not running
log:    /home/sun0115/nanochat-learn/notes/sft_d18_clean200k_sftmax_2026-02-16_1733_chain.log
step:   not yet
val:    not yet
best:   not yet
warn:   none
gpu:    99 %, 10996 MiB, 12282 MiB

[2026-02-21 02:10:29]
status: not running
log:    /home/sun0115/nanochat-learn/notes/sft_d18_clean200k_sftmax_2026-02-16_1733_chain.log
step:   not yet
val:    not yet
best:   not yet
warn:   none
gpu:    99 %, 10996 MiB, 12282 MiB

[2026-02-21 03:13:12]
status: not running
log:    /home/sun0115/nanochat-learn/notes/sft_d18_clean200k_sftmax_2026-02-16_1733_chain.log
step:   not yet
val:    not yet
best:   not yet
warn:   none
gpu:    99 %, 10996 MiB, 12282 MiB

[2026-02-21 04:16:11]
status: not running
log:    /home/sun0115/nanochat-learn/notes/sft_d18_clean200k_sftmax_2026-02-16_1733_chain.log
step:   not yet
val:    not yet
best:   not yet
warn:   none
gpu:    99 %, 10996 MiB, 12282 MiB

[2026-02-21 05:19:21]
status: not running
log:    /home/sun0115/nanochat-learn/notes/sft_d18_clean200k_sftmax_2026-02-16_1733_chain.log
step:   not yet
val:    not yet
best:   not yet
warn:   none
gpu:    98 %, 10996 MiB, 12282 MiB

[2026-02-21 06:22:51]
status: not running
log:    /home/sun0115/nanochat-learn/notes/sft_d18_clean200k_sftmax_2026-02-16_1733_chain.log
step:   not yet
val:    not yet
best:   not yet
warn:   none
gpu:    99 %, 10996 MiB, 12282 MiB

[2026-02-21 07:26:30]
status: not running
log:    /home/sun0115/nanochat-learn/notes/sft_d18_clean200k_sftmax_2026-02-16_1733_chain.log
step:   not yet
val:    not yet
best:   not yet
warn:   none
gpu:    99 %, 10996 MiB, 12282 MiB

[2026-02-21 08:28:47]
status: not running
log:    /home/sun0115/nanochat-learn/notes/sft_d18_clean200k_sftmax_2026-02-16_1733_chain.log
step:   not yet
val:    not yet
best:   not yet
warn:   none
gpu:    99 %, 10996 MiB, 12282 MiB

[2026-02-21 09:28:48]
status: not running
log:    /home/sun0115/nanochat-learn/notes/sft_d18_clean200k_sftmax_2026-02-16_1733_chain.log
step:   not yet
val:    not yet
best:   not yet
warn:   none
gpu:    99 %, 10996 MiB, 12282 MiB

[2026-02-21 10:28:49]
status: not running
log:    /home/sun0115/nanochat-learn/notes/sft_d18_clean200k_sftmax_2026-02-16_1733_chain.log
step:   not yet
val:    not yet
best:   not yet
warn:   none
gpu:    99 %, 10996 MiB, 12282 MiB

[2026-02-21 11:28:50]
status: not running
log:    /home/sun0115/nanochat-learn/notes/sft_d18_clean200k_sftmax_2026-02-16_1733_chain.log
step:   not yet
val:    not yet
best:   not yet
warn:   none
gpu:    99 %, 10996 MiB, 12282 MiB

[2026-02-21 12:28:51]
status: not running
log:    /home/sun0115/nanochat-learn/notes/sft_d18_clean200k_sftmax_2026-02-16_1733_chain.log
step:   not yet
val:    not yet
best:   not yet
warn:   none
gpu:    99 %, 10996 MiB, 12282 MiB

[2026-02-21 13:28:51]
status: not running
log:    /home/sun0115/nanochat-learn/notes/sft_d18_clean200k_sftmax_2026-02-16_1733_chain.log
step:   not yet
val:    not yet
best:   not yet
warn:   none
gpu:    98 %, 10996 MiB, 12282 MiB

[2026-02-21 14:29:15]
status: not running
log:    /home/sun0115/nanochat-learn/notes/sft_d18_clean200k_sftmax_2026-02-16_1733_chain.log
step:   not yet
val:    not yet
best:   not yet
warn:   none
gpu:    99 %, 10996 MiB, 12282 MiB

[2026-02-21 15:30:23]
status: not running
log:    /home/sun0115/nanochat-learn/notes/sft_d18_clean200k_sftmax_2026-02-16_1733_chain.log
step:   not yet
val:    not yet
best:   not yet
warn:   none
gpu:    99 %, 11015 MiB, 12282 MiB

[2026-02-21 16:31:40]
status: not running
log:    /home/sun0115/nanochat-learn/notes/sft_d18_clean200k_sftmax_2026-02-16_1733_chain.log
step:   not yet
val:    not yet
best:   not yet
warn:   none
gpu:    99 %, 11015 MiB, 12282 MiB

[2026-02-21 17:33:12]
status: not running
log:    /home/sun0115/nanochat-learn/notes/sft_d18_clean200k_sftmax_2026-02-16_1733_chain.log
step:   not yet
val:    not yet
best:   not yet
warn:   none
gpu:    100 %, 11015 MiB, 12282 MiB

[2026-02-21 18:34:52]
status: not running
log:    /home/sun0115/nanochat-learn/notes/sft_d18_clean200k_sftmax_2026-02-16_1733_chain.log
step:   not yet
val:    not yet
best:   not yet
warn:   none
gpu:    92 %, 11015 MiB, 12282 MiB

[2026-02-21 19:36:44]
status: not running
log:    /home/sun0115/nanochat-learn/notes/sft_d18_clean200k_sftmax_2026-02-16_1733_chain.log
step:   not yet
val:    not yet
best:   not yet
warn:   none
gpu:    99 %, 11015 MiB, 12282 MiB

[2026-02-21 20:38:45]
status: not running
log:    /home/sun0115/nanochat-learn/notes/sft_d18_clean200k_sftmax_2026-02-16_1733_chain.log
step:   not yet
val:    not yet
best:   not yet
warn:   none
gpu:    99 %, 11015 MiB, 12282 MiB

[2026-02-21 21:40:59]
status: not running
log:    /home/sun0115/nanochat-learn/notes/sft_d18_clean200k_sftmax_2026-02-16_1733_chain.log
step:   not yet
val:    not yet
best:   not yet
warn:   none
gpu:    99 %, 11015 MiB, 12282 MiB

[2026-02-21 22:43:22]
status: not running
log:    /home/sun0115/nanochat-learn/notes/sft_d18_clean200k_sftmax_2026-02-16_1733_chain.log
step:   not yet
val:    not yet
best:   not yet
warn:   none
gpu:    99 %, 11015 MiB, 12282 MiB

[2026-02-21 23:45:51]
status: not running
log:    /home/sun0115/nanochat-learn/notes/sft_d18_clean200k_sftmax_2026-02-16_1733_chain.log
step:   not yet
val:    not yet
best:   not yet
warn:   none
gpu:    99 %, 11015 MiB, 12282 MiB

[2026-02-22 00:48:17]
status: not running
log:    /home/sun0115/nanochat-learn/notes/sft_d18_clean200k_sftmax_2026-02-16_1733_chain.log
step:   not yet
val:    not yet
best:   not yet
warn:   none
gpu:    99 %, 11015 MiB, 12282 MiB

[2026-02-22 01:50:55]
status: not running
log:    /home/sun0115/nanochat-learn/notes/sft_d18_clean200k_sftmax_2026-02-16_1733_chain.log
step:   not yet
val:    not yet
best:   not yet
warn:   none
gpu:    98 %, 11015 MiB, 12282 MiB

[2026-02-22 02:53:58]
status: not running
log:    /home/sun0115/nanochat-learn/notes/sft_d18_clean200k_sftmax_2026-02-16_1733_chain.log
step:   not yet
val:    not yet
best:   not yet
warn:   none
gpu:    99 %, 11015 MiB, 12282 MiB

[2026-02-22 03:57:06]
status: not running
log:    /home/sun0115/nanochat-learn/notes/sft_d18_clean200k_sftmax_2026-02-16_1733_chain.log
step:   not yet
val:    not yet
best:   not yet
warn:   none
gpu:    100 %, 11015 MiB, 12282 MiB

[2026-02-22 05:00:23]
status: not running
log:    /home/sun0115/nanochat-learn/notes/sft_d18_clean200k_sftmax_2026-02-16_1733_chain.log
step:   not yet
val:    not yet
best:   not yet
warn:   none
gpu:    100 %, 11015 MiB, 12282 MiB

[2026-02-22 06:03:46]
status: not running
log:    /home/sun0115/nanochat-learn/notes/sft_d18_clean200k_sftmax_2026-02-16_1733_chain.log
step:   not yet
val:    not yet
best:   not yet
warn:   none
gpu:    99 %, 11015 MiB, 12282 MiB

[2026-02-22 07:07:28]
status: not running
log:    /home/sun0115/nanochat-learn/notes/sft_d18_clean200k_sftmax_2026-02-16_1733_chain.log
step:   not yet
val:    not yet
best:   not yet
warn:   none
gpu:    100 %, 11015 MiB, 12282 MiB

[2026-02-22 08:10:50]
status: not running
log:    /home/sun0115/nanochat-learn/notes/sft_d18_clean200k_sftmax_2026-02-16_1733_chain.log
step:   not yet
val:    not yet
best:   not yet
warn:   none
gpu:    99 %, 11015 MiB, 12282 MiB

[2026-02-22 09:11:19]
status: not running
log:    /home/sun0115/nanochat-learn/notes/sft_d18_clean200k_sftmax_2026-02-16_1733_chain.log
step:   not yet
val:    not yet
best:   not yet
warn:   none
gpu:    100 %, 11015 MiB, 12282 MiB

[2026-02-22 10:11:19]
status: not running
log:    /home/sun0115/nanochat-learn/notes/sft_d18_clean200k_sftmax_2026-02-16_1733_chain.log
step:   not yet
val:    not yet
best:   not yet
warn:   none
gpu:    99 %, 11015 MiB, 12282 MiB

[2026-02-22 11:11:20]
status: not running
log:    /home/sun0115/nanochat-learn/notes/sft_d18_clean200k_sftmax_2026-02-16_1733_chain.log
step:   not yet
val:    not yet
best:   not yet
warn:   none
gpu:    99 %, 11015 MiB, 12282 MiB

[2026-02-22 12:11:20]
status: not running
log:    /home/sun0115/nanochat-learn/notes/sft_d18_clean200k_sftmax_2026-02-16_1733_chain.log
step:   not yet
val:    not yet
best:   not yet
warn:   none
gpu:    99 %, 11015 MiB, 12282 MiB

[2026-02-22 13:11:21]
status: not running
log:    /home/sun0115/nanochat-learn/notes/sft_d18_clean200k_sftmax_2026-02-16_1733_chain.log
step:   not yet
val:    not yet
best:   not yet
warn:   none
gpu:    100 %, 11015 MiB, 12282 MiB

[2026-02-22 14:11:36]
status: not running
log:    /home/sun0115/nanochat-learn/notes/sft_d18_clean200k_sftmax_2026-02-16_1733_chain.log
step:   not yet
val:    not yet
best:   not yet
warn:   none
gpu:    99 %, 11015 MiB, 12282 MiB

[2026-02-22 15:12:47]
status: not running
log:    /home/sun0115/nanochat-learn/notes/sft_d18_clean200k_sftmax_2026-02-16_1733_chain.log
step:   not yet
val:    not yet
best:   not yet
warn:   none
gpu:    100 %, 11015 MiB, 12282 MiB

[2026-02-22 16:14:07]
status: not running
log:    /home/sun0115/nanochat-learn/notes/sft_d18_clean200k_sftmax_2026-02-16_1733_chain.log
step:   not yet
val:    not yet
best:   not yet
warn:   none
gpu:    99 %, 11015 MiB, 12282 MiB

[2026-02-22 17:15:32]
status: not running
log:    /home/sun0115/nanochat-learn/notes/sft_d18_clean200k_sftmax_2026-02-16_1733_chain.log
step:   not yet
val:    not yet
best:   not yet
warn:   none
gpu:    99 %, 11015 MiB, 12282 MiB

[2026-02-22 18:17:11]
status: not running
log:    /home/sun0115/nanochat-learn/notes/sft_d18_clean200k_sftmax_2026-02-16_1733_chain.log
step:   not yet
val:    not yet
best:   not yet
warn:   none
gpu:    99 %, 11015 MiB, 12282 MiB

[2026-02-22 19:18:41]
status: not running
log:    /home/sun0115/nanochat-learn/notes/sft_d18_clean200k_sftmax_2026-02-16_1733_chain.log
step:   not yet
val:    not yet
best:   not yet
warn:   none
gpu:    NVIDIA-SMI has failed because it couldn't communicate with the NVIDIA driver. Make sure that the latest NVIDIA driver is installed and running.

[2026-02-22 20:20:35]
status: not running
log:    /home/sun0115/nanochat-learn/notes/sft_d18_clean200k_sftmax_2026-02-16_1733_chain.log
step:   not yet
val:    not yet
best:   not yet
warn:   none
gpu:    NVIDIA-SMI has failed because it couldn't communicate with the NVIDIA driver. Make sure that the latest NVIDIA driver is installed and running.

[2026-02-22 21:22:35]
status: not running
log:    /home/sun0115/nanochat-learn/notes/sft_d18_clean200k_sftmax_2026-02-16_1733_chain.log
step:   not yet
val:    not yet
best:   not yet
warn:   none
gpu:    NVIDIA-SMI has failed because it couldn't communicate with the NVIDIA driver. Make sure that the latest NVIDIA driver is installed and running.

[2026-02-22 22:24:45]
status: not running
log:    /home/sun0115/nanochat-learn/notes/sft_d18_clean200k_sftmax_2026-02-16_1733_chain.log
step:   not yet
val:    not yet
best:   not yet
warn:   none
gpu:    NVIDIA-SMI has failed because it couldn't communicate with the NVIDIA driver. Make sure that the latest NVIDIA driver is installed and running.

[2026-02-22 23:27:13]
status: not running
log:    /home/sun0115/nanochat-learn/notes/sft_d18_clean200k_sftmax_2026-02-16_1733_chain.log
step:   not yet
val:    not yet
best:   not yet
warn:   none
gpu:    NVIDIA-SMI has failed because it couldn't communicate with the NVIDIA driver. Make sure that the latest NVIDIA driver is installed and running.

[2026-02-23 00:29:53]
status: not running
log:    /home/sun0115/nanochat-learn/notes/sft_d18_clean200k_sftmax_2026-02-16_1733_chain.log
step:   not yet
val:    not yet
best:   not yet
warn:   none
gpu:    NVIDIA-SMI has failed because it couldn't communicate with the NVIDIA driver. Make sure that the latest NVIDIA driver is installed and running.

[2026-02-23 01:32:44]
status: not running
log:    /home/sun0115/nanochat-learn/notes/sft_d18_clean200k_sftmax_2026-02-16_1733_chain.log
step:   not yet
val:    not yet
best:   not yet
warn:   none
gpu:    NVIDIA-SMI has failed because it couldn't communicate with the NVIDIA driver. Make sure that the latest NVIDIA driver is installed and running.

[2026-02-23 02:35:40]
status: not running
log:    /home/sun0115/nanochat-learn/notes/sft_d18_clean200k_sftmax_2026-02-16_1733_chain.log
step:   not yet
val:    not yet
best:   not yet
warn:   none
gpu:    NVIDIA-SMI has failed because it couldn't communicate with the NVIDIA driver. Make sure that the latest NVIDIA driver is installed and running.

[2026-02-23 03:38:51]
status: not running
log:    /home/sun0115/nanochat-learn/notes/sft_d18_clean200k_sftmax_2026-02-16_1733_chain.log
step:   not yet
val:    not yet
best:   not yet
warn:   none
gpu:    NVIDIA-SMI has failed because it couldn't communicate with the NVIDIA driver. Make sure that the latest NVIDIA driver is installed and running.

[2026-02-23 04:42:14]
status: not running
log:    /home/sun0115/nanochat-learn/notes/sft_d18_clean200k_sftmax_2026-02-16_1733_chain.log
step:   not yet
val:    not yet
best:   not yet
warn:   none
gpu:    NVIDIA-SMI has failed because it couldn't communicate with the NVIDIA driver. Make sure that the latest NVIDIA driver is installed and running.

[2026-02-23 05:45:38]
status: not running
log:    /home/sun0115/nanochat-learn/notes/sft_d18_clean200k_sftmax_2026-02-16_1733_chain.log
step:   not yet
val:    not yet
best:   not yet
warn:   none
gpu:    NVIDIA-SMI has failed because it couldn't communicate with the NVIDIA driver. Make sure that the latest NVIDIA driver is installed and running.

[2026-02-23 06:49:00]
status: not running
log:    /home/sun0115/nanochat-learn/notes/sft_d18_clean200k_sftmax_2026-02-16_1733_chain.log
step:   not yet
val:    not yet
best:   not yet
warn:   none
gpu:    NVIDIA-SMI has failed because it couldn't communicate with the NVIDIA driver. Make sure that the latest NVIDIA driver is installed and running.

[2026-02-23 07:52:32]
status: not running
log:    /home/sun0115/nanochat-learn/notes/sft_d18_clean200k_sftmax_2026-02-16_1733_chain.log
step:   not yet
val:    not yet
best:   not yet
warn:   none
gpu:    NVIDIA-SMI has failed because it couldn't communicate with the NVIDIA driver. Make sure that the latest NVIDIA driver is installed and running.

[2026-02-23 08:53:35]
status: not running
log:    /home/sun0115/nanochat-learn/notes/sft_d18_clean200k_sftmax_2026-02-16_1733_chain.log
step:   not yet
val:    not yet
best:   not yet
warn:   none
gpu:    NVIDIA-SMI has failed because it couldn't communicate with the NVIDIA driver. Make sure that the latest NVIDIA driver is installed and running.

[2026-02-23 09:53:36]
status: not running
log:    /home/sun0115/nanochat-learn/notes/sft_d18_clean200k_sftmax_2026-02-16_1733_chain.log
step:   not yet
val:    not yet
best:   not yet
warn:   none
gpu:    NVIDIA-SMI has failed because it couldn't communicate with the NVIDIA driver. Make sure that the latest NVIDIA driver is installed and running.

[2026-02-23 10:53:36]
status: not running
log:    /home/sun0115/nanochat-learn/notes/sft_d18_clean200k_sftmax_2026-02-16_1733_chain.log
step:   not yet
val:    not yet
best:   not yet
warn:   none
gpu:    NVIDIA-SMI has failed because it couldn't communicate with the NVIDIA driver. Make sure that the latest NVIDIA driver is installed and running.

[2026-02-23 11:53:37]
status: not running
log:    /home/sun0115/nanochat-learn/notes/sft_d18_clean200k_sftmax_2026-02-16_1733_chain.log
step:   not yet
val:    not yet
best:   not yet
warn:   none
gpu:    NVIDIA-SMI has failed because it couldn't communicate with the NVIDIA driver. Make sure that the latest NVIDIA driver is installed and running.

[2026-02-23 12:53:38]
status: not running
log:    /home/sun0115/nanochat-learn/notes/sft_d18_clean200k_sftmax_2026-02-16_1733_chain.log
step:   not yet
val:    not yet
best:   not yet
warn:   none
gpu:    NVIDIA-SMI has failed because it couldn't communicate with the NVIDIA driver. Make sure that the latest NVIDIA driver is installed and running.

[2026-02-23 13:53:38]
status: not running
log:    /home/sun0115/nanochat-learn/notes/sft_d18_clean200k_sftmax_2026-02-16_1733_chain.log
step:   not yet
val:    not yet
best:   not yet
warn:   none
gpu:    NVIDIA-SMI has failed because it couldn't communicate with the NVIDIA driver. Make sure that the latest NVIDIA driver is installed and running.

[2026-02-23 14:54:30]
status: not running
log:    /home/sun0115/nanochat-learn/notes/sft_d18_clean200k_sftmax_2026-02-16_1733_chain.log
step:   not yet
val:    not yet
best:   not yet
warn:   none
gpu:    NVIDIA-SMI has failed because it couldn't communicate with the NVIDIA driver. Make sure that the latest NVIDIA driver is installed and running.

[2026-02-23 15:55:45]
status: not running
log:    /home/sun0115/nanochat-learn/notes/sft_d18_clean200k_sftmax_2026-02-16_1733_chain.log
step:   not yet
val:    not yet
best:   not yet
warn:   none
gpu:    NVIDIA-SMI has failed because it couldn't communicate with the NVIDIA driver. Make sure that the latest NVIDIA driver is installed and running.

[2026-02-23 16:56:55]
status: not running
log:    /home/sun0115/nanochat-learn/notes/sft_d18_clean200k_sftmax_2026-02-16_1733_chain.log
step:   not yet
val:    not yet
best:   not yet
warn:   none
gpu:    NVIDIA-SMI has failed because it couldn't communicate with the NVIDIA driver. Make sure that the latest NVIDIA driver is installed and running.

[2026-02-23 17:58:19]
status: not running
log:    /home/sun0115/nanochat-learn/notes/sft_d18_clean200k_sftmax_2026-02-16_1733_chain.log
step:   not yet
val:    not yet
best:   not yet
warn:   none
gpu:    NVIDIA-SMI has failed because it couldn't communicate with the NVIDIA driver. Make sure that the latest NVIDIA driver is installed and running.

[2026-02-23 18:59:58]
status: not running
log:    /home/sun0115/nanochat-learn/notes/sft_d18_clean200k_sftmax_2026-02-16_1733_chain.log
step:   not yet
val:    not yet
best:   not yet
warn:   none
gpu:    NVIDIA-SMI has failed because it couldn't communicate with the NVIDIA driver. Make sure that the latest NVIDIA driver is installed and running.

