2026-03-27 20:07:32,871 - nanochat.common - [32m[1mINFO[0m - Distributed world size: 1
wandb: [wandb.login()] Loaded credentials for https://api.wandb.ai from /home/sun0115/.netrc.
wandb: Currently logged in as: sunshines (sunshines-gmail-com) to https://api.wandb.ai. Use `wandb login --relogin` to force relogin
wandb: setting up run fjjf701n
wandb: Tracking run with wandb version 0.24.2
wandb: Run data is saved locally in /home/sun0115/nanochat-learn/nanochat/wandb/run-20260327_200733-fjjf701n
wandb: Run `wandb offline` to turn off syncing.
wandb: Syncing run d24_r32_lora_maxoom_2026-03-27_2007_s2048_gc
wandb: ⭐️ View project at https://wandb.ai/sunshines-gmail-com/nanochat-sft
wandb: 🚀 View run at https://wandb.ai/sunshines-gmail-com/nanochat-sft/runs/fjjf701n
2026-03-27 20:07:34,591 - nanochat.checkpoint_manager - [32m[1mINFO[0m - Loading model from /home/sun0115/.cache/nanochat/base_checkpoints/d24_asp48_track with step 820230
2026-03-27 20:07:36,269 - nanochat.checkpoint_manager - [32m[1mINFO[0m - Building model with config: {'sequence_len': 2048, 'vocab_size': 32768, 'n_layer': 24, 'n_head': 9, 'n_kv_head': 9, 'n_embd': 1152, 'window_pattern': 'L'}
Gradient checkpointing enabled (activation recomputation in backward)
Skipping torch.compile in LoRA mode for stability
LoRA enabled: rank=64, alpha=128.0
Applied LoRA to 120 layers
Trainable params: 23,003,136 / 933,694,896 (2.46%)
Skipping torch.compile in LoRA mode for stability
Tokens / micro-batch / rank: 1 x 2048 = 2,048
Tokens / micro-batch: 2,048
Total batch size 8,192 => gradient accumulation steps: 4
Using AdamW optimizer for LoRA params with lr=3e-05
Step 00000 | Validation bpb: 0.7448
step 00001 (0.20%) | loss: 1.112233 | lrm: 0.01 | dt: 1155.80ms | tok/sec: 7,087 | mfu: 2.39 | epoch: 1 | total time: 0.00m
step 00002 (0.40%) | loss: 1.560397 | lrm: 0.02 | dt: 1040.61ms | tok/sec: 7,872 | mfu: 2.66 | epoch: 1 | total time: 0.00m
step 00003 (0.60%) | loss: 1.837854 | lrm: 0.03 | dt: 705.23ms | tok/sec: 11,616 | mfu: 3.92 | epoch: 1 | total time: 0.00m
step 00004 (0.80%) | loss: 1.940329 | lrm: 0.04 | dt: 933.10ms | tok/sec: 8,779 | mfu: 2.96 | epoch: 1 | total time: 0.00m
step 00005 (1.00%) | loss: 1.987649 | lrm: 0.05 | dt: 933.86ms | tok/sec: 8,772 | mfu: 2.96 | epoch: 1 | total time: 0.00m
step 00006 (1.20%) | loss: 2.007089 | lrm: 0.06 | dt: 933.56ms | tok/sec: 8,775 | mfu: 2.96 | epoch: 1 | total time: 0.00m
step 00007 (1.40%) | loss: 2.025363 | lrm: 0.07 | dt: 932.19ms | tok/sec: 8,787 | mfu: 2.97 | epoch: 1 | total time: 0.00m
step 00008 (1.60%) | loss: 2.188518 | lrm: 0.08 | dt: 703.32ms | tok/sec: 11,647 | mfu: 3.93 | epoch: 1 | total time: 0.00m
step 00009 (1.80%) | loss: 2.200775 | lrm: 0.09 | dt: 1044.55ms | tok/sec: 7,842 | mfu: 2.65 | epoch: 1 | total time: 0.00m
step 00010 (2.00%) | loss: 2.247443 | lrm: 0.10 | dt: 941.01ms | tok/sec: 8,705 | mfu: 2.94 | epoch: 1 | total time: 0.00m
step 00011 (2.20%) | loss: 2.258430 | lrm: 0.11 | dt: 942.00ms | tok/sec: 8,696 | mfu: 2.93 | epoch: 1 | total time: 0.02m
step 00012 (2.40%) | loss: 2.253840 | lrm: 0.12 | dt: 947.34ms | tok/sec: 8,647 | mfu: 2.92 | epoch: 1 | total time: 0.03m
step 00013 (2.60%) | loss: 2.291441 | lrm: 0.13 | dt: 940.44ms | tok/sec: 8,710 | mfu: 2.94 | epoch: 1 | total time: 0.05m
step 00014 (2.80%) | loss: 2.267140 | lrm: 0.14 | dt: 941.76ms | tok/sec: 8,698 | mfu: 2.94 | epoch: 1 | total time: 0.06m
step 00015 (3.00%) | loss: 2.259059 | lrm: 0.15 | dt: 1072.72ms | tok/sec: 7,636 | mfu: 2.58 | epoch: 1 | total time: 0.08m
step 00016 (3.20%) | loss: 2.261725 | lrm: 0.16 | dt: 941.68ms | tok/sec: 8,699 | mfu: 2.94 | epoch: 1 | total time: 0.10m
step 00017 (3.40%) | loss: 2.271195 | lrm: 0.17 | dt: 940.24ms | tok/sec: 8,712 | mfu: 2.94 | epoch: 1 | total time: 0.11m
step 00018 (3.60%) | loss: 2.271832 | lrm: 0.18 | dt: 944.22ms | tok/sec: 8,675 | mfu: 2.93 | epoch: 1 | total time: 0.13m
step 00019 (3.80%) | loss: 2.234867 | lrm: 0.19 | dt: 1785.43ms | tok/sec: 4,588 | mfu: 1.55 | epoch: 1 | total time: 0.16m
step 00020 (4.00%) | loss: 2.239018 | lrm: 0.20 | dt: 942.71ms | tok/sec: 8,689 | mfu: 2.93 | epoch: 1 | total time: 0.17m
step 00021 (4.20%) | loss: 2.294843 | lrm: 0.21 | dt: 1049.71ms | tok/sec: 7,804 | mfu: 2.63 | epoch: 1 | total time: 0.19m
step 00022 (4.40%) | loss: 2.300345 | lrm: 0.22 | dt: 943.43ms | tok/sec: 8,683 | mfu: 2.93 | epoch: 1 | total time: 0.21m
step 00023 (4.60%) | loss: 2.341213 | lrm: 0.23 | dt: 944.06ms | tok/sec: 8,677 | mfu: 2.93 | epoch: 1 | total time: 0.22m
step 00024 (4.80%) | loss: 2.366606 | lrm: 0.24 | dt: 944.91ms | tok/sec: 8,669 | mfu: 2.93 | epoch: 1 | total time: 0.24m
step 00025 (5.00%) | loss: 2.395066 | lrm: 0.25 | dt: 947.62ms | tok/sec: 8,644 | mfu: 2.92 | epoch: 1 | total time: 0.25m
step 00026 (5.20%) | loss: 2.367095 | lrm: 0.26 | dt: 938.19ms | tok/sec: 8,731 | mfu: 2.95 | epoch: 1 | total time: 0.27m
step 00027 (5.40%) | loss: 2.425748 | lrm: 0.27 | dt: 1032.97ms | tok/sec: 7,930 | mfu: 2.68 | epoch: 1 | total time: 0.29m
step 00028 (5.60%) | loss: 2.493903 | lrm: 0.28 | dt: 932.53ms | tok/sec: 8,784 | mfu: 2.96 | epoch: 1 | total time: 0.30m
step 00029 (5.80%) | loss: 2.498602 | lrm: 0.29 | dt: 932.87ms | tok/sec: 8,781 | mfu: 2.96 | epoch: 1 | total time: 0.32m
step 00030 (6.00%) | loss: 2.490808 | lrm: 0.30 | dt: 932.55ms | tok/sec: 8,784 | mfu: 2.96 | epoch: 1 | total time: 0.33m
step 00031 (6.20%) | loss: 2.467768 | lrm: 0.31 | dt: 933.17ms | tok/sec: 8,778 | mfu: 2.96 | epoch: 1 | total time: 0.35m
step 00032 (6.40%) | loss: 2.440038 | lrm: 0.32 | dt: 938.03ms | tok/sec: 8,733 | mfu: 2.95 | epoch: 1 | total time: 0.36m
step 00033 (6.60%) | loss: 2.397944 | lrm: 0.33 | dt: 803.21ms | tok/sec: 10,199 | mfu: 3.44 | epoch: 1 | total time: 0.38m
step 00034 (6.80%) | loss: 2.383432 | lrm: 0.34 | dt: 934.86ms | tok/sec: 8,762 | mfu: 2.96 | epoch: 1 | total time: 0.39m
step 00035 (7.00%) | loss: 2.373813 | lrm: 0.35 | dt: 936.08ms | tok/sec: 8,751 | mfu: 2.95 | epoch: 1 | total time: 0.41m
step 00036 (7.20%) | loss: 2.330449 | lrm: 0.36 | dt: 936.91ms | tok/sec: 8,743 | mfu: 2.95 | epoch: 1 | total time: 0.42m
step 00037 (7.40%) | loss: 2.321655 | lrm: 0.37 | dt: 936.00ms | tok/sec: 8,752 | mfu: 2.95 | epoch: 1 | total time: 0.44m
step 00038 (7.60%) | loss: 2.318074 | lrm: 0.38 | dt: 936.48ms | tok/sec: 8,747 | mfu: 2.95 | epoch: 1 | total time: 0.46m
step 00039 (7.80%) | loss: 2.299959 | lrm: 0.39 | dt: 1036.31ms | tok/sec: 7,904 | mfu: 2.67 | epoch: 1 | total time: 0.47m
step 00040 (8.00%) | loss: 2.314004 | lrm: 0.40 | dt: 477.30ms | tok/sec: 17,163 | mfu: 5.79 | epoch: 1 | total time: 0.48m
step 00041 (8.20%) | loss: 2.326748 | lrm: 0.41 | dt: 941.61ms | tok/sec: 8,700 | mfu: 2.94 | epoch: 1 | total time: 0.50m
step 00042 (8.40%) | loss: 2.335260 | lrm: 0.42 | dt: 937.34ms | tok/sec: 8,739 | mfu: 2.95 | epoch: 1 | total time: 0.51m
step 00043 (8.60%) | loss: 2.304313 | lrm: 0.43 | dt: 937.96ms | tok/sec: 8,733 | mfu: 2.95 | epoch: 1 | total time: 0.53m
step 00044 (8.80%) | loss: 2.331917 | lrm: 0.44 | dt: 947.68ms | tok/sec: 8,644 | mfu: 2.92 | epoch: 1 | total time: 0.54m
step 00045 (9.00%) | loss: 2.324031 | lrm: 0.45 | dt: 946.98ms | tok/sec: 8,650 | mfu: 2.92 | epoch: 1 | total time: 0.56m
step 00046 (9.20%) | loss: 2.370368 | lrm: 0.46 | dt: 1039.85ms | tok/sec: 7,878 | mfu: 2.66 | epoch: 1 | total time: 0.58m
step 00047 (9.40%) | loss: 2.332993 | lrm: 0.47 | dt: 944.71ms | tok/sec: 8,671 | mfu: 2.93 | epoch: 1 | total time: 0.59m
step 00048 (9.60%) | loss: 2.348989 | lrm: 0.48 | dt: 944.79ms | tok/sec: 8,670 | mfu: 2.93 | epoch: 1 | total time: 0.61m
step 00049 (9.80%) | loss: 2.354839 | lrm: 0.49 | dt: 946.26ms | tok/sec: 8,657 | mfu: 2.92 | epoch: 1 | total time: 0.62m
step 00050 (10.00%) | loss: 2.340579 | lrm: 0.50 | dt: 945.88ms | tok/sec: 8,660 | mfu: 2.92 | epoch: 1 | total time: 0.64m
Step 00050 | Validation bpb: 0.7134
2026-03-27 20:09:28,369 - nanochat.checkpoint_manager - [32m[1mINFO[0m - Saved model parameters to: /home/sun0115/.cache/nanochat/chatsft_checkpoints/d24_r32_lora_maxoom_2026-03-27_2007_s2048_gc/best/model_000050.pt
2026-03-27 20:09:28,369 - nanochat.checkpoint_manager - [32m[1mINFO[0m - Saved metadata to: /home/sun0115/.cache/nanochat/chatsft_checkpoints/d24_r32_lora_maxoom_2026-03-27_2007_s2048_gc/best/meta_000050.json
Saved best checkpoint at step 50 (val_bpb=0.7134)
step 00051 (10.20%) | loss: 2.324104 | lrm: 0.51 | dt: 1117.16ms | tok/sec: 7,332 | mfu: 2.47 | epoch: 1 | total time: 0.66m
step 00052 (10.40%) | loss: 2.349327 | lrm: 0.52 | dt: 941.92ms | tok/sec: 8,697 | mfu: 2.93 | epoch: 1 | total time: 0.67m
step 00053 (10.60%) | loss: 2.359450 | lrm: 0.53 | dt: 947.75ms | tok/sec: 8,643 | mfu: 2.92 | epoch: 1 | total time: 0.69m
step 00054 (10.80%) | loss: 2.312589 | lrm: 0.54 | dt: 943.31ms | tok/sec: 8,684 | mfu: 2.93 | epoch: 1 | total time: 0.71m
step 00055 (11.00%) | loss: 2.394004 | lrm: 0.55 | dt: 941.94ms | tok/sec: 8,696 | mfu: 2.93 | epoch: 1 | total time: 0.72m
step 00056 (11.20%) | loss: 2.436893 | lrm: 0.56 | dt: 1036.18ms | tok/sec: 7,905 | mfu: 2.67 | epoch: 1 | total time: 0.74m
step 00057 (11.40%) | loss: 2.417046 | lrm: 0.57 | dt: 942.73ms | tok/sec: 8,689 | mfu: 2.93 | epoch: 1 | total time: 0.75m
step 00058 (11.60%) | loss: 2.340530 | lrm: 0.58 | dt: 943.16ms | tok/sec: 8,685 | mfu: 2.93 | epoch: 1 | total time: 0.77m
step 00059 (11.80%) | loss: 2.367127 | lrm: 0.59 | dt: 943.93ms | tok/sec: 8,678 | mfu: 2.93 | epoch: 1 | total time: 0.79m
step 00060 (12.00%) | loss: 2.387986 | lrm: 0.60 | dt: 944.30ms | tok/sec: 8,675 | mfu: 2.93 | epoch: 1 | total time: 0.80m
step 00061 (12.20%) | loss: 2.380350 | lrm: 0.61 | dt: 943.56ms | tok/sec: 8,681 | mfu: 2.93 | epoch: 1 | total time: 0.82m
step 00062 (12.40%) | loss: 2.322750 | lrm: 0.62 | dt: 946.03ms | tok/sec: 8,659 | mfu: 2.92 | epoch: 1 | total time: 0.83m
step 00063 (12.60%) | loss: 2.287668 | lrm: 0.63 | dt: 1035.47ms | tok/sec: 7,911 | mfu: 2.67 | epoch: 1 | total time: 0.85m
step 00064 (12.80%) | loss: 2.319104 | lrm: 0.64 | dt: 1639.66ms | tok/sec: 4,996 | mfu: 1.69 | epoch: 1 | total time: 0.88m
step 00065 (13.00%) | loss: 2.289646 | lrm: 0.65 | dt: 944.04ms | tok/sec: 8,677 | mfu: 2.93 | epoch: 1 | total time: 0.89m
step 00066 (13.20%) | loss: 2.231995 | lrm: 0.66 | dt: 946.44ms | tok/sec: 8,655 | mfu: 2.92 | epoch: 1 | total time: 0.91m
step 00067 (13.40%) | loss: 2.216592 | lrm: 0.67 | dt: 709.16ms | tok/sec: 11,551 | mfu: 3.90 | epoch: 1 | total time: 0.92m
step 00068 (13.60%) | loss: 2.203019 | lrm: 0.68 | dt: 947.42ms | tok/sec: 8,646 | mfu: 2.92 | epoch: 1 | total time: 0.94m
step 00069 (13.80%) | loss: 2.188854 | lrm: 0.69 | dt: 1041.18ms | tok/sec: 7,867 | mfu: 2.65 | epoch: 1 | total time: 0.95m
step 00070 (14.00%) | loss: 2.189736 | lrm: 0.70 | dt: 943.66ms | tok/sec: 8,681 | mfu: 2.93 | epoch: 1 | total time: 0.97m
step 00071 (14.20%) | loss: 2.180508 | lrm: 0.71 | dt: 951.64ms | tok/sec: 8,608 | mfu: 2.90 | epoch: 1 | total time: 0.99m
step 00072 (14.40%) | loss: 2.218229 | lrm: 0.72 | dt: 946.83ms | tok/sec: 8,652 | mfu: 2.92 | epoch: 1 | total time: 1.00m
step 00073 (14.60%) | loss: 2.189786 | lrm: 0.73 | dt: 947.31ms | tok/sec: 8,647 | mfu: 2.92 | epoch: 1 | total time: 1.02m
step 00074 (14.80%) | loss: 2.220297 | lrm: 0.74 | dt: 950.47ms | tok/sec: 8,618 | mfu: 2.91 | epoch: 1 | total time: 1.03m
step 00075 (15.00%) | loss: 2.179924 | lrm: 0.75 | dt: 1046.46ms | tok/sec: 7,828 | mfu: 2.64 | epoch: 1 | total time: 1.05m
step 00076 (15.20%) | loss: 2.173613 | lrm: 0.76 | dt: 948.32ms | tok/sec: 8,638 | mfu: 2.91 | epoch: 1 | total time: 1.07m
step 00077 (15.40%) | loss: 2.186141 | lrm: 0.77 | dt: 943.78ms | tok/sec: 8,680 | mfu: 2.93 | epoch: 1 | total time: 1.08m
step 00078 (15.60%) | loss: 2.202214 | lrm: 0.78 | dt: 949.34ms | tok/sec: 8,629 | mfu: 2.91 | epoch: 1 | total time: 1.10m
step 00079 (15.80%) | loss: 2.209940 | lrm: 0.79 | dt: 951.86ms | tok/sec: 8,606 | mfu: 2.90 | epoch: 1 | total time: 1.11m
step 00080 (16.00%) | loss: 2.214343 | lrm: 0.80 | dt: 955.75ms | tok/sec: 8,571 | mfu: 2.89 | epoch: 1 | total time: 1.13m
step 00081 (16.20%) | loss: 2.234940 | lrm: 0.81 | dt: 946.47ms | tok/sec: 8,655 | mfu: 2.92 | epoch: 1 | total time: 1.15m
step 00082 (16.40%) | loss: 2.183782 | lrm: 0.82 | dt: 1042.41ms | tok/sec: 7,858 | mfu: 2.65 | epoch: 1 | total time: 1.16m
step 00083 (16.60%) | loss: 2.189025 | lrm: 0.83 | dt: 951.60ms | tok/sec: 8,608 | mfu: 2.90 | epoch: 1 | total time: 1.18m
step 00084 (16.80%) | loss: 2.167489 | lrm: 0.84 | dt: 952.49ms | tok/sec: 8,600 | mfu: 2.90 | epoch: 1 | total time: 1.19m
step 00085 (17.00%) | loss: 2.194870 | lrm: 0.85 | dt: 946.87ms | tok/sec: 8,651 | mfu: 2.92 | epoch: 1 | total time: 1.21m
step 00086 (17.20%) | loss: 2.214584 | lrm: 0.86 | dt: 946.02ms | tok/sec: 8,659 | mfu: 2.92 | epoch: 1 | total time: 1.23m
step 00087 (17.40%) | loss: 2.198088 | lrm: 0.87 | dt: 725.15ms | tok/sec: 11,296 | mfu: 3.81 | epoch: 1 | total time: 1.24m
step 00088 (17.60%) | loss: 2.150053 | lrm: 0.88 | dt: 816.23ms | tok/sec: 10,036 | mfu: 3.39 | epoch: 1 | total time: 1.25m
step 00089 (17.80%) | loss: 2.151351 | lrm: 0.89 | dt: 721.38ms | tok/sec: 11,356 | mfu: 3.83 | epoch: 1 | total time: 1.26m
step 00090 (18.00%) | loss: 2.188263 | lrm: 0.90 | dt: 948.53ms | tok/sec: 8,636 | mfu: 2.91 | epoch: 1 | total time: 1.28m
step 00091 (18.20%) | loss: 2.164636 | lrm: 0.91 | dt: 946.89ms | tok/sec: 8,651 | mfu: 2.92 | epoch: 1 | total time: 1.30m
step 00092 (18.40%) | loss: 2.225394 | lrm: 0.92 | dt: 953.52ms | tok/sec: 8,591 | mfu: 2.90 | epoch: 1 | total time: 1.31m
step 00093 (18.60%) | loss: 2.204649 | lrm: 0.93 | dt: 953.47ms | tok/sec: 8,591 | mfu: 2.90 | epoch: 1 | total time: 1.33m
step 00094 (18.80%) | loss: 2.157070 | lrm: 0.94 | dt: 953.30ms | tok/sec: 8,593 | mfu: 2.90 | epoch: 1 | total time: 1.34m
step 00095 (19.00%) | loss: 2.216360 | lrm: 0.95 | dt: 1051.56ms | tok/sec: 7,790 | mfu: 2.63 | epoch: 1 | total time: 1.36m
step 00096 (19.20%) | loss: 2.226069 | lrm: 0.96 | dt: 953.28ms | tok/sec: 8,593 | mfu: 2.90 | epoch: 1 | total time: 1.38m
step 00097 (19.40%) | loss: 2.242433 | lrm: 0.97 | dt: 950.92ms | tok/sec: 8,614 | mfu: 2.91 | epoch: 1 | total time: 1.39m
step 00098 (19.60%) | loss: 2.235442 | lrm: 0.98 | dt: 949.22ms | tok/sec: 8,630 | mfu: 2.91 | epoch: 1 | total time: 1.41m
step 00099 (19.80%) | loss: 2.224940 | lrm: 0.99 | dt: 1751.74ms | tok/sec: 4,676 | mfu: 1.58 | epoch: 1 | total time: 1.44m
step 00100 (20.00%) | loss: 2.235052 | lrm: 1.00 | dt: 950.55ms | tok/sec: 8,618 | mfu: 2.91 | epoch: 1 | total time: 1.45m
Step 00100 | Validation bpb: 0.6827
2026-03-27 20:10:39,010 - nanochat.checkpoint_manager - [32m[1mINFO[0m - Saved model parameters to: /home/sun0115/.cache/nanochat/chatsft_checkpoints/d24_r32_lora_maxoom_2026-03-27_2007_s2048_gc/best/model_000100.pt
2026-03-27 20:10:39,011 - nanochat.checkpoint_manager - [32m[1mINFO[0m - Saved metadata to: /home/sun0115/.cache/nanochat/chatsft_checkpoints/d24_r32_lora_maxoom_2026-03-27_2007_s2048_gc/best/meta_000100.json
Saved best checkpoint at step 100 (val_bpb=0.6827)
step 00101 (20.20%) | loss: 2.255689 | lrm: 1.00 | dt: 1148.68ms | tok/sec: 7,131 | mfu: 2.41 | epoch: 1 | total time: 1.47m
step 00102 (20.40%) | loss: 2.254854 | lrm: 1.00 | dt: 944.50ms | tok/sec: 8,673 | mfu: 2.93 | epoch: 1 | total time: 1.49m
step 00103 (20.60%) | loss: 2.255832 | lrm: 1.00 | dt: 949.46ms | tok/sec: 8,628 | mfu: 2.91 | epoch: 1 | total time: 1.50m
step 00104 (20.80%) | loss: 2.250285 | lrm: 1.00 | dt: 947.19ms | tok/sec: 8,648 | mfu: 2.92 | epoch: 1 | total time: 1.52m
step 00105 (21.00%) | loss: 2.234367 | lrm: 1.00 | dt: 946.63ms | tok/sec: 8,653 | mfu: 2.92 | epoch: 1 | total time: 1.54m
step 00106 (21.20%) | loss: 2.287701 | lrm: 1.00 | dt: 1068.84ms | tok/sec: 7,664 | mfu: 2.59 | epoch: 1 | total time: 1.55m
step 00107 (21.40%) | loss: 2.317380 | lrm: 1.00 | dt: 948.96ms | tok/sec: 8,632 | mfu: 2.91 | epoch: 1 | total time: 1.57m
step 00108 (21.60%) | loss: 2.328451 | lrm: 1.00 | dt: 950.30ms | tok/sec: 8,620 | mfu: 2.91 | epoch: 1 | total time: 1.59m
step 00109 (21.80%) | loss: 2.295786 | lrm: 1.00 | dt: 946.66ms | tok/sec: 8,653 | mfu: 2.92 | epoch: 1 | total time: 1.60m
step 00110 (22.00%) | loss: 2.241106 | lrm: 1.00 | dt: 1742.44ms | tok/sec: 4,701 | mfu: 1.59 | epoch: 1 | total time: 1.63m
step 00111 (22.20%) | loss: 2.247469 | lrm: 1.00 | dt: 945.27ms | tok/sec: 8,666 | mfu: 2.92 | epoch: 1 | total time: 1.65m
step 00112 (22.40%) | loss: 2.238864 | lrm: 1.00 | dt: 944.21ms | tok/sec: 8,676 | mfu: 2.93 | epoch: 1 | total time: 1.66m
step 00113 (22.60%) | loss: 2.202184 | lrm: 1.00 | dt: 1038.30ms | tok/sec: 7,889 | mfu: 2.66 | epoch: 1 | total time: 1.68m
step 00114 (22.80%) | loss: 2.160105 | lrm: 1.00 | dt: 946.08ms | tok/sec: 8,658 | mfu: 2.92 | epoch: 1 | total time: 1.69m
step 00115 (23.00%) | loss: 2.145882 | lrm: 1.00 | dt: 945.70ms | tok/sec: 8,662 | mfu: 2.92 | epoch: 1 | total time: 1.71m
step 00116 (23.20%) | loss: 2.129136 | lrm: 1.00 | dt: 945.44ms | tok/sec: 8,664 | mfu: 2.92 | epoch: 1 | total time: 1.73m
step 00117 (23.40%) | loss: 2.095679 | lrm: 1.00 | dt: 711.52ms | tok/sec: 11,513 | mfu: 3.89 | epoch: 1 | total time: 1.74m
step 00118 (23.60%) | loss: 2.108160 | lrm: 1.00 | dt: 947.08ms | tok/sec: 8,649 | mfu: 2.92 | epoch: 1 | total time: 1.75m
step 00119 (23.80%) | loss: 2.116504 | lrm: 1.00 | dt: 1037.64ms | tok/sec: 7,894 | mfu: 2.66 | epoch: 1 | total time: 1.77m
step 00120 (24.00%) | loss: 2.141245 | lrm: 1.00 | dt: 943.63ms | tok/sec: 8,681 | mfu: 2.93 | epoch: 1 | total time: 1.79m
step 00121 (24.20%) | loss: 2.113517 | lrm: 1.00 | dt: 944.59ms | tok/sec: 8,672 | mfu: 2.93 | epoch: 1 | total time: 1.80m
step 00122 (24.40%) | loss: 2.116448 | lrm: 1.00 | dt: 713.14ms | tok/sec: 11,487 | mfu: 3.88 | epoch: 1 | total time: 1.81m
step 00123 (24.60%) | loss: 2.137439 | lrm: 1.00 | dt: 944.25ms | tok/sec: 8,675 | mfu: 2.93 | epoch: 1 | total time: 1.83m
step 00124 (24.80%) | loss: 2.141080 | lrm: 1.00 | dt: 942.73ms | tok/sec: 8,689 | mfu: 2.93 | epoch: 1 | total time: 1.85m
step 00125 (25.00%) | loss: 2.128219 | lrm: 1.00 | dt: 943.25ms | tok/sec: 8,684 | mfu: 2.93 | epoch: 1 | total time: 1.86m
step 00126 (25.20%) | loss: 2.114494 | lrm: 1.00 | dt: 1033.50ms | tok/sec: 7,926 | mfu: 2.67 | epoch: 1 | total time: 1.88m
step 00127 (25.40%) | loss: 2.213349 | lrm: 1.00 | dt: 944.42ms | tok/sec: 8,674 | mfu: 2.93 | epoch: 1 | total time: 1.89m
step 00128 (25.60%) | loss: 2.181851 | lrm: 1.00 | dt: 944.09ms | tok/sec: 8,677 | mfu: 2.93 | epoch: 1 | total time: 1.91m
step 00129 (25.80%) | loss: 2.151727 | lrm: 1.00 | dt: 944.85ms | tok/sec: 8,670 | mfu: 2.93 | epoch: 1 | total time: 1.93m
step 00130 (26.00%) | loss: 2.124777 | lrm: 1.00 | dt: 942.98ms | tok/sec: 8,687 | mfu: 2.93 | epoch: 1 | total time: 1.94m
step 00131 (26.20%) | loss: 2.118653 | lrm: 1.00 | dt: 944.11ms | tok/sec: 8,676 | mfu: 2.93 | epoch: 1 | total time: 1.96m
step 00132 (26.40%) | loss: 2.072404 | lrm: 1.00 | dt: 1031.70ms | tok/sec: 7,940 | mfu: 2.68 | epoch: 1 | total time: 1.97m
step 00133 (26.60%) | loss: 2.066988 | lrm: 1.00 | dt: 944.67ms | tok/sec: 8,671 | mfu: 2.93 | epoch: 1 | total time: 1.99m
step 00134 (26.80%) | loss: 2.074912 | lrm: 1.00 | dt: 943.89ms | tok/sec: 8,679 | mfu: 2.93 | epoch: 1 | total time: 2.01m
step 00135 (27.00%) | loss: 2.090995 | lrm: 1.00 | dt: 713.99ms | tok/sec: 11,473 | mfu: 3.87 | epoch: 1 | total time: 2.02m
step 00136 (27.20%) | loss: 2.093441 | lrm: 1.00 | dt: 943.71ms | tok/sec: 8,680 | mfu: 2.93 | epoch: 1 | total time: 2.03m
step 00137 (27.40%) | loss: 2.073441 | lrm: 1.00 | dt: 944.48ms | tok/sec: 8,673 | mfu: 2.93 | epoch: 1 | total time: 2.05m
step 00138 (27.60%) | loss: 2.095140 | lrm: 1.00 | dt: 1039.05ms | tok/sec: 7,884 | mfu: 2.66 | epoch: 1 | total time: 2.07m
step 00139 (27.80%) | loss: 2.082417 | lrm: 1.00 | dt: 945.29ms | tok/sec: 8,666 | mfu: 2.92 | epoch: 1 | total time: 2.08m
step 00140 (28.00%) | loss: 2.089260 | lrm: 1.00 | dt: 945.64ms | tok/sec: 8,662 | mfu: 2.92 | epoch: 1 | total time: 2.10m
step 00141 (28.20%) | loss: 2.093958 | lrm: 1.00 | dt: 945.64ms | tok/sec: 8,662 | mfu: 2.92 | epoch: 1 | total time: 2.11m
step 00142 (28.40%) | loss: 2.115693 | lrm: 1.00 | dt: 943.67ms | tok/sec: 8,680 | mfu: 2.93 | epoch: 1 | total time: 2.13m
step 00143 (28.60%) | loss: 2.111925 | lrm: 1.00 | dt: 944.26ms | tok/sec: 8,675 | mfu: 2.93 | epoch: 1 | total time: 2.15m
step 00144 (28.80%) | loss: 2.176970 | lrm: 1.00 | dt: 1744.39ms | tok/sec: 4,696 | mfu: 1.58 | epoch: 1 | total time: 2.17m
step 00145 (29.00%) | loss: 2.157837 | lrm: 1.00 | dt: 1037.90ms | tok/sec: 7,892 | mfu: 2.66 | epoch: 1 | total time: 2.19m
step 00146 (29.20%) | loss: 2.208802 | lrm: 1.00 | dt: 942.64ms | tok/sec: 8,690 | mfu: 2.93 | epoch: 1 | total time: 2.21m
step 00147 (29.40%) | loss: 2.165683 | lrm: 1.00 | dt: 951.85ms | tok/sec: 8,606 | mfu: 2.90 | epoch: 1 | total time: 2.22m
step 00148 (29.60%) | loss: 2.167699 | lrm: 1.00 | dt: 490.63ms | tok/sec: 16,696 | mfu: 5.63 | epoch: 1 | total time: 2.23m
step 00149 (29.80%) | loss: 2.150199 | lrm: 1.00 | dt: 948.12ms | tok/sec: 8,640 | mfu: 2.92 | epoch: 1 | total time: 2.25m
step 00150 (30.00%) | loss: 2.214226 | lrm: 1.00 | dt: 944.33ms | tok/sec: 8,674 | mfu: 2.93 | epoch: 1 | total time: 2.26m
Step 00150 | Validation bpb: 0.6708
2026-03-27 20:11:49,372 - nanochat.checkpoint_manager - [32m[1mINFO[0m - Saved model parameters to: /home/sun0115/.cache/nanochat/chatsft_checkpoints/d24_r32_lora_maxoom_2026-03-27_2007_s2048_gc/best/model_000150.pt
2026-03-27 20:11:49,372 - nanochat.checkpoint_manager - [32m[1mINFO[0m - Saved metadata to: /home/sun0115/.cache/nanochat/chatsft_checkpoints/d24_r32_lora_maxoom_2026-03-27_2007_s2048_gc/best/meta_000150.json
Saved best checkpoint at step 150 (val_bpb=0.6708)
step 00151 (30.20%) | loss: 2.192796 | lrm: 1.00 | dt: 1127.77ms | tok/sec: 7,263 | mfu: 2.45 | epoch: 1 | total time: 2.28m
step 00152 (30.40%) | loss: 2.217264 | lrm: 1.00 | dt: 949.22ms | tok/sec: 8,630 | mfu: 2.91 | epoch: 1 | total time: 2.30m
step 00153 (30.60%) | loss: 2.224803 | lrm: 1.00 | dt: 950.23ms | tok/sec: 8,621 | mfu: 2.91 | epoch: 1 | total time: 2.31m
step 00154 (30.80%) | loss: 2.166495 | lrm: 1.00 | dt: 949.42ms | tok/sec: 8,628 | mfu: 2.91 | epoch: 1 | total time: 2.33m
step 00155 (31.00%) | loss: 2.222925 | lrm: 1.00 | dt: 1747.23ms | tok/sec: 4,688 | mfu: 1.58 | epoch: 1 | total time: 2.36m
step 00156 (31.20%) | loss: 2.208439 | lrm: 1.00 | dt: 1038.39ms | tok/sec: 7,889 | mfu: 2.66 | epoch: 1 | total time: 2.38m
step 00157 (31.40%) | loss: 2.201703 | lrm: 1.00 | dt: 721.56ms | tok/sec: 11,353 | mfu: 3.83 | epoch: 1 | total time: 2.39m
step 00158 (31.60%) | loss: 2.169302 | lrm: 1.00 | dt: 949.45ms | tok/sec: 8,628 | mfu: 2.91 | epoch: 1 | total time: 2.40m
step 00159 (31.80%) | loss: 2.148610 | lrm: 1.00 | dt: 946.04ms | tok/sec: 8,659 | mfu: 2.92 | epoch: 1 | total time: 2.42m
step 00160 (32.00%) | loss: 2.135878 | lrm: 1.00 | dt: 947.65ms | tok/sec: 8,644 | mfu: 2.92 | epoch: 1 | total time: 2.44m
step 00161 (32.20%) | loss: 2.151164 | lrm: 1.00 | dt: 948.68ms | tok/sec: 8,635 | mfu: 2.91 | epoch: 1 | total time: 2.45m
step 00162 (32.40%) | loss: 2.179958 | lrm: 1.00 | dt: 948.47ms | tok/sec: 8,637 | mfu: 2.91 | epoch: 1 | total time: 2.47m
step 00163 (32.60%) | loss: 2.184811 | lrm: 1.00 | dt: 1043.64ms | tok/sec: 7,849 | mfu: 2.65 | epoch: 1 | total time: 2.48m
step 00164 (32.80%) | loss: 2.194400 | lrm: 1.00 | dt: 949.75ms | tok/sec: 8,625 | mfu: 2.91 | epoch: 1 | total time: 2.50m
step 00165 (33.00%) | loss: 2.179256 | lrm: 1.00 | dt: 948.01ms | tok/sec: 8,641 | mfu: 2.92 | epoch: 1 | total time: 2.52m
step 00166 (33.20%) | loss: 2.164084 | lrm: 1.00 | dt: 950.17ms | tok/sec: 8,621 | mfu: 2.91 | epoch: 1 | total time: 2.53m
step 00167 (33.40%) | loss: 2.217524 | lrm: 1.00 | dt: 947.99ms | tok/sec: 8,641 | mfu: 2.92 | epoch: 1 | total time: 2.55m
step 00168 (33.60%) | loss: 2.218828 | lrm: 1.00 | dt: 953.13ms | tok/sec: 8,594 | mfu: 2.90 | epoch: 1 | total time: 2.56m
step 00169 (33.80%) | loss: 2.245175 | lrm: 1.00 | dt: 1041.78ms | tok/sec: 7,863 | mfu: 2.65 | epoch: 1 | total time: 2.58m
step 00170 (34.00%) | loss: 2.179115 | lrm: 1.00 | dt: 944.33ms | tok/sec: 8,674 | mfu: 2.93 | epoch: 1 | total time: 2.60m
step 00171 (34.20%) | loss: 2.160652 | lrm: 1.00 | dt: 947.76ms | tok/sec: 8,643 | mfu: 2.92 | epoch: 1 | total time: 2.61m
step 00172 (34.40%) | loss: 2.165512 | lrm: 1.00 | dt: 951.47ms | tok/sec: 8,609 | mfu: 2.91 | epoch: 1 | total time: 2.63m
step 00173 (34.60%) | loss: 2.168993 | lrm: 1.00 | dt: 949.21ms | tok/sec: 8,630 | mfu: 2.91 | epoch: 1 | total time: 2.64m
step 00174 (34.80%) | loss: 2.134744 | lrm: 1.00 | dt: 944.66ms | tok/sec: 8,671 | mfu: 2.93 | epoch: 1 | total time: 2.66m
step 00175 (35.00%) | loss: 2.170110 | lrm: 1.00 | dt: 1032.49ms | tok/sec: 7,934 | mfu: 2.68 | epoch: 1 | total time: 2.68m
step 00176 (35.20%) | loss: 2.162236 | lrm: 1.00 | dt: 950.35ms | tok/sec: 8,619 | mfu: 2.91 | epoch: 1 | total time: 2.69m
step 00177 (35.40%) | loss: 2.136701 | lrm: 1.00 | dt: 726.02ms | tok/sec: 11,283 | mfu: 3.81 | epoch: 1 | total time: 2.70m
step 00178 (35.60%) | loss: 2.131255 | lrm: 1.00 | dt: 949.75ms | tok/sec: 8,625 | mfu: 2.91 | epoch: 1 | total time: 2.72m
step 00179 (35.80%) | loss: 2.110985 | lrm: 1.00 | dt: 944.35ms | tok/sec: 8,674 | mfu: 2.93 | epoch: 1 | total time: 2.74m
step 00180 (36.00%) | loss: 2.083483 | lrm: 1.00 | dt: 718.60ms | tok/sec: 11,399 | mfu: 3.85 | epoch: 1 | total time: 2.75m
step 00181 (36.20%) | loss: 2.079315 | lrm: 1.00 | dt: 952.18ms | tok/sec: 8,603 | mfu: 2.90 | epoch: 1 | total time: 2.76m
step 00182 (36.40%) | loss: 2.068106 | lrm: 1.00 | dt: 1072.66ms | tok/sec: 7,637 | mfu: 2.58 | epoch: 1 | total time: 2.78m
step 00183 (36.60%) | loss: 2.019405 | lrm: 1.00 | dt: 955.96ms | tok/sec: 8,569 | mfu: 2.89 | epoch: 1 | total time: 2.80m
step 00184 (36.80%) | loss: 2.001343 | lrm: 1.00 | dt: 955.58ms | tok/sec: 8,572 | mfu: 2.89 | epoch: 1 | total time: 2.81m
step 00185 (37.00%) | loss: 1.973410 | lrm: 1.00 | dt: 952.24ms | tok/sec: 8,602 | mfu: 2.90 | epoch: 1 | total time: 2.83m
step 00186 (37.20%) | loss: 2.006777 | lrm: 1.00 | dt: 959.56ms | tok/sec: 8,537 | mfu: 2.88 | epoch: 1 | total time: 2.85m
step 00187 (37.40%) | loss: 1.947492 | lrm: 1.00 | dt: 952.38ms | tok/sec: 8,601 | mfu: 2.90 | epoch: 1 | total time: 2.86m
step 00188 (37.60%) | loss: 1.935702 | lrm: 1.00 | dt: 1061.49ms | tok/sec: 7,717 | mfu: 2.60 | epoch: 1 | total time: 2.88m
step 00189 (37.80%) | loss: 1.908998 | lrm: 1.00 | dt: 1754.58ms | tok/sec: 4,668 | mfu: 1.58 | epoch: 1 | total time: 2.91m
step 00190 (38.00%) | loss: 1.883927 | lrm: 1.00 | dt: 957.14ms | tok/sec: 8,558 | mfu: 2.89 | epoch: 1 | total time: 2.92m
step 00191 (38.20%) | loss: 1.899202 | lrm: 1.00 | dt: 952.00ms | tok/sec: 8,605 | mfu: 2.90 | epoch: 1 | total time: 2.94m
step 00192 (38.40%) | loss: 2.010233 | lrm: 1.00 | dt: 951.88ms | tok/sec: 8,606 | mfu: 2.90 | epoch: 1 | total time: 2.96m
step 00193 (38.60%) | loss: 1.995239 | lrm: 1.00 | dt: 955.37ms | tok/sec: 8,574 | mfu: 2.89 | epoch: 1 | total time: 2.97m
step 00194 (38.80%) | loss: 1.982846 | lrm: 1.00 | dt: 954.01ms | tok/sec: 8,586 | mfu: 2.90 | epoch: 1 | total time: 2.99m
step 00195 (39.00%) | loss: 1.970904 | lrm: 1.00 | dt: 1073.65ms | tok/sec: 7,630 | mfu: 2.57 | epoch: 1 | total time: 3.01m
step 00196 (39.20%) | loss: 2.032933 | lrm: 1.00 | dt: 954.23ms | tok/sec: 8,584 | mfu: 2.90 | epoch: 1 | total time: 3.02m
step 00197 (39.40%) | loss: 2.019762 | lrm: 1.00 | dt: 950.60ms | tok/sec: 8,617 | mfu: 2.91 | epoch: 1 | total time: 3.04m
step 00198 (39.60%) | loss: 2.023862 | lrm: 1.00 | dt: 957.66ms | tok/sec: 8,554 | mfu: 2.89 | epoch: 1 | total time: 3.05m
step 00199 (39.80%) | loss: 2.076338 | lrm: 1.00 | dt: 958.95ms | tok/sec: 8,542 | mfu: 2.88 | epoch: 1 | total time: 3.07m
step 00200 (40.00%) | loss: 2.090523 | lrm: 1.00 | dt: 950.83ms | tok/sec: 8,615 | mfu: 2.91 | epoch: 1 | total time: 3.09m
Step 00200 | Validation bpb: 0.6634
2026-03-27 20:13:01,296 - nanochat.checkpoint_manager - [32m[1mINFO[0m - Saved model parameters to: /home/sun0115/.cache/nanochat/chatsft_checkpoints/d24_r32_lora_maxoom_2026-03-27_2007_s2048_gc/best/model_000200.pt
2026-03-27 20:13:01,297 - nanochat.checkpoint_manager - [32m[1mINFO[0m - Saved metadata to: /home/sun0115/.cache/nanochat/chatsft_checkpoints/d24_r32_lora_maxoom_2026-03-27_2007_s2048_gc/best/meta_000200.json
Saved best checkpoint at step 200 (val_bpb=0.6634)
step 00201 (40.20%) | loss: 2.086235 | lrm: 1.00 | dt: 1100.97ms | tok/sec: 7,440 | mfu: 2.51 | epoch: 1 | total time: 3.10m
step 00202 (40.40%) | loss: 2.084329 | lrm: 1.00 | dt: 955.18ms | tok/sec: 8,576 | mfu: 2.89 | epoch: 1 | total time: 3.12m
step 00203 (40.60%) | loss: 2.076138 | lrm: 1.00 | dt: 717.61ms | tok/sec: 11,415 | mfu: 3.85 | epoch: 1 | total time: 3.13m
step 00204 (40.80%) | loss: 2.105325 | lrm: 1.00 | dt: 948.97ms | tok/sec: 8,632 | mfu: 2.91 | epoch: 1 | total time: 3.15m
step 00205 (41.00%) | loss: 2.088282 | lrm: 1.00 | dt: 946.74ms | tok/sec: 8,652 | mfu: 2.92 | epoch: 1 | total time: 3.16m
step 00206 (41.20%) | loss: 2.076781 | lrm: 1.00 | dt: 947.37ms | tok/sec: 8,647 | mfu: 2.92 | epoch: 1 | total time: 3.18m
step 00207 (41.40%) | loss: 2.036830 | lrm: 1.00 | dt: 1041.63ms | tok/sec: 7,864 | mfu: 2.65 | epoch: 1 | total time: 3.20m
step 00208 (41.60%) | loss: 2.043192 | lrm: 1.00 | dt: 945.99ms | tok/sec: 8,659 | mfu: 2.92 | epoch: 1 | total time: 3.21m
step 00209 (41.80%) | loss: 2.073090 | lrm: 1.00 | dt: 944.12ms | tok/sec: 8,676 | mfu: 2.93 | epoch: 1 | total time: 3.23m
step 00210 (42.00%) | loss: 2.102672 | lrm: 1.00 | dt: 944.31ms | tok/sec: 8,675 | mfu: 2.93 | epoch: 1 | total time: 3.24m
step 00211 (42.20%) | loss: 2.154133 | lrm: 1.00 | dt: 944.79ms | tok/sec: 8,670 | mfu: 2.93 | epoch: 1 | total time: 3.26m
step 00212 (42.40%) | loss: 2.205114 | lrm: 1.00 | dt: 946.14ms | tok/sec: 8,658 | mfu: 2.92 | epoch: 1 | total time: 3.28m
step 00213 (42.60%) | loss: 2.176784 | lrm: 1.00 | dt: 1060.11ms | tok/sec: 7,727 | mfu: 2.61 | epoch: 1 | total time: 3.29m
step 00214 (42.80%) | loss: 2.112346 | lrm: 1.00 | dt: 945.77ms | tok/sec: 8,661 | mfu: 2.92 | epoch: 1 | total time: 3.31m
step 00215 (43.00%) | loss: 2.123459 | lrm: 1.00 | dt: 722.35ms | tok/sec: 11,340 | mfu: 3.83 | epoch: 1 | total time: 3.32m
step 00216 (43.20%) | loss: 2.082368 | lrm: 1.00 | dt: 943.44ms | tok/sec: 8,683 | mfu: 2.93 | epoch: 1 | total time: 3.34m
step 00217 (43.40%) | loss: 2.068158 | lrm: 1.00 | dt: 721.83ms | tok/sec: 11,348 | mfu: 3.83 | epoch: 1 | total time: 3.35m
step 00218 (43.60%) | loss: 2.087385 | lrm: 1.00 | dt: 946.04ms | tok/sec: 8,659 | mfu: 2.92 | epoch: 1 | total time: 3.36m
step 00219 (43.80%) | loss: 2.091121 | lrm: 1.00 | dt: 948.12ms | tok/sec: 8,640 | mfu: 2.92 | epoch: 1 | total time: 3.38m
step 00220 (44.00%) | loss: 2.117134 | lrm: 1.00 | dt: 1065.23ms | tok/sec: 7,690 | mfu: 2.60 | epoch: 1 | total time: 3.40m
step 00221 (44.20%) | loss: 2.132358 | lrm: 1.00 | dt: 951.83ms | tok/sec: 8,606 | mfu: 2.90 | epoch: 1 | total time: 3.41m
step 00222 (44.40%) | loss: 2.116586 | lrm: 1.00 | dt: 952.57ms | tok/sec: 8,599 | mfu: 2.90 | epoch: 1 | total time: 3.43m
step 00223 (44.60%) | loss: 2.109576 | lrm: 1.00 | dt: 948.79ms | tok/sec: 8,634 | mfu: 2.91 | epoch: 1 | total time: 3.45m
step 00224 (44.80%) | loss: 2.155056 | lrm: 1.00 | dt: 947.17ms | tok/sec: 8,648 | mfu: 2.92 | epoch: 1 | total time: 3.46m
step 00225 (45.00%) | loss: 2.200967 | lrm: 1.00 | dt: 944.64ms | tok/sec: 8,672 | mfu: 2.93 | epoch: 1 | total time: 3.48m
step 00226 (45.20%) | loss: 2.245111 | lrm: 1.00 | dt: 1058.85ms | tok/sec: 7,736 | mfu: 2.61 | epoch: 1 | total time: 3.49m
step 00227 (45.40%) | loss: 2.229280 | lrm: 1.00 | dt: 953.82ms | tok/sec: 8,588 | mfu: 2.90 | epoch: 1 | total time: 3.51m
step 00228 (45.60%) | loss: 2.193022 | lrm: 1.00 | dt: 953.88ms | tok/sec: 8,588 | mfu: 2.90 | epoch: 1 | total time: 3.53m
step 00229 (45.80%) | loss: 2.176160 | lrm: 1.00 | dt: 942.54ms | tok/sec: 8,691 | mfu: 2.93 | epoch: 1 | total time: 3.54m
step 00230 (46.00%) | loss: 2.100873 | lrm: 1.00 | dt: 950.43ms | tok/sec: 8,619 | mfu: 2.91 | epoch: 1 | total time: 3.56m
step 00231 (46.20%) | loss: 2.083471 | lrm: 1.00 | dt: 943.48ms | tok/sec: 8,682 | mfu: 2.93 | epoch: 1 | total time: 3.57m
step 00232 (46.40%) | loss: 2.112776 | lrm: 1.00 | dt: 1048.42ms | tok/sec: 7,813 | mfu: 2.64 | epoch: 1 | total time: 3.59m
step 00233 (46.60%) | loss: 2.119966 | lrm: 1.00 | dt: 942.79ms | tok/sec: 8,689 | mfu: 2.93 | epoch: 1 | total time: 3.61m
step 00234 (46.80%) | loss: 2.088389 | lrm: 1.00 | dt: 1747.48ms | tok/sec: 4,687 | mfu: 1.58 | epoch: 1 | total time: 3.64m
step 00235 (47.00%) | loss: 2.091494 | lrm: 1.00 | dt: 943.43ms | tok/sec: 8,683 | mfu: 2.93 | epoch: 1 | total time: 3.65m
step 00236 (47.20%) | loss: 2.058431 | lrm: 1.00 | dt: 944.12ms | tok/sec: 8,676 | mfu: 2.93 | epoch: 1 | total time: 3.67m
step 00237 (47.40%) | loss: 2.067469 | lrm: 1.00 | dt: 943.06ms | tok/sec: 8,686 | mfu: 2.93 | epoch: 1 | total time: 3.68m
step 00238 (47.60%) | loss: 2.020383 | lrm: 1.00 | dt: 1055.36ms | tok/sec: 7,762 | mfu: 2.62 | epoch: 1 | total time: 3.70m
step 00239 (47.80%) | loss: 2.023499 | lrm: 1.00 | dt: 945.32ms | tok/sec: 8,665 | mfu: 2.92 | epoch: 1 | total time: 3.72m
step 00240 (48.00%) | loss: 2.025669 | lrm: 1.00 | dt: 946.60ms | tok/sec: 8,654 | mfu: 2.92 | epoch: 1 | total time: 3.73m
step 00241 (48.20%) | loss: 2.038960 | lrm: 1.00 | dt: 946.66ms | tok/sec: 8,653 | mfu: 2.92 | epoch: 1 | total time: 3.75m
step 00242 (48.40%) | loss: 2.003021 | lrm: 1.00 | dt: 948.85ms | tok/sec: 8,633 | mfu: 2.91 | epoch: 1 | total time: 3.76m
step 00243 (48.60%) | loss: 1.983872 | lrm: 1.00 | dt: 949.12ms | tok/sec: 8,631 | mfu: 2.91 | epoch: 1 | total time: 3.78m
step 00244 (48.80%) | loss: 2.017307 | lrm: 1.00 | dt: 949.37ms | tok/sec: 8,628 | mfu: 2.91 | epoch: 1 | total time: 3.80m
step 00245 (49.00%) | loss: 2.023097 | lrm: 1.00 | dt: 1053.91ms | tok/sec: 7,772 | mfu: 2.62 | epoch: 1 | total time: 3.81m
step 00246 (49.20%) | loss: 2.018967 | lrm: 1.00 | dt: 947.39ms | tok/sec: 8,646 | mfu: 2.92 | epoch: 1 | total time: 3.83m
step 00247 (49.40%) | loss: 2.019890 | lrm: 1.00 | dt: 948.72ms | tok/sec: 8,634 | mfu: 2.91 | epoch: 1 | total time: 3.84m
step 00248 (49.60%) | loss: 2.046316 | lrm: 1.00 | dt: 953.68ms | tok/sec: 8,589 | mfu: 2.90 | epoch: 1 | total time: 3.86m
step 00249 (49.80%) | loss: 2.036961 | lrm: 1.00 | dt: 942.18ms | tok/sec: 8,694 | mfu: 2.93 | epoch: 1 | total time: 3.88m
step 00250 (50.00%) | loss: 2.087593 | lrm: 1.00 | dt: 946.49ms | tok/sec: 8,655 | mfu: 2.92 | epoch: 1 | total time: 3.89m
Step 00250 | Validation bpb: 0.6582
2026-03-27 20:14:12,270 - nanochat.checkpoint_manager - [32m[1mINFO[0m - Saved model parameters to: /home/sun0115/.cache/nanochat/chatsft_checkpoints/d24_r32_lora_maxoom_2026-03-27_2007_s2048_gc/best/model_000250.pt
2026-03-27 20:14:12,271 - nanochat.checkpoint_manager - [32m[1mINFO[0m - Saved metadata to: /home/sun0115/.cache/nanochat/chatsft_checkpoints/d24_r32_lora_maxoom_2026-03-27_2007_s2048_gc/best/meta_000250.json
Saved best checkpoint at step 250 (val_bpb=0.6582)
step 00251 (50.20%) | loss: 2.091232 | lrm: 1.00 | dt: 1133.66ms | tok/sec: 7,226 | mfu: 2.44 | epoch: 1 | total time: 3.91m
step 00252 (50.40%) | loss: 2.137031 | lrm: 1.00 | dt: 946.35ms | tok/sec: 8,656 | mfu: 2.92 | epoch: 1 | total time: 3.93m
step 00253 (50.60%) | loss: 2.128300 | lrm: 1.00 | dt: 949.31ms | tok/sec: 8,629 | mfu: 2.91 | epoch: 1 | total time: 3.94m
step 00254 (50.80%) | loss: 2.094602 | lrm: 1.00 | dt: 945.11ms | tok/sec: 8,667 | mfu: 2.92 | epoch: 1 | total time: 3.96m
step 00255 (51.00%) | loss: 2.080897 | lrm: 1.00 | dt: 946.44ms | tok/sec: 8,655 | mfu: 2.92 | epoch: 1 | total time: 3.97m
step 00256 (51.20%) | loss: 2.061654 | lrm: 1.00 | dt: 1043.36ms | tok/sec: 7,851 | mfu: 2.65 | epoch: 1 | total time: 3.99m
step 00257 (51.40%) | loss: 2.059266 | lrm: 1.00 | dt: 950.08ms | tok/sec: 8,622 | mfu: 2.91 | epoch: 1 | total time: 4.01m
step 00258 (51.60%) | loss: 2.049910 | lrm: 1.00 | dt: 956.51ms | tok/sec: 8,564 | mfu: 2.89 | epoch: 1 | total time: 4.02m
step 00259 (51.80%) | loss: 2.046774 | lrm: 1.00 | dt: 945.04ms | tok/sec: 8,668 | mfu: 2.93 | epoch: 1 | total time: 4.04m
step 00260 (52.00%) | loss: 2.106698 | lrm: 1.00 | dt: 714.85ms | tok/sec: 11,459 | mfu: 3.87 | epoch: 1 | total time: 4.05m
step 00261 (52.20%) | loss: 2.057303 | lrm: 1.00 | dt: 945.08ms | tok/sec: 8,668 | mfu: 2.92 | epoch: 1 | total time: 4.07m
step 00262 (52.40%) | loss: 2.010572 | lrm: 1.00 | dt: 948.06ms | tok/sec: 8,640 | mfu: 2.92 | epoch: 1 | total time: 4.08m
step 00263 (52.60%) | loss: 1.993702 | lrm: 1.00 | dt: 1062.96ms | tok/sec: 7,706 | mfu: 2.60 | epoch: 1 | total time: 4.10m
step 00264 (52.80%) | loss: 2.019609 | lrm: 1.00 | dt: 730.76ms | tok/sec: 11,210 | mfu: 3.78 | epoch: 1 | total time: 4.11m
step 00265 (53.00%) | loss: 2.008152 | lrm: 1.00 | dt: 950.52ms | tok/sec: 8,618 | mfu: 2.91 | epoch: 1 | total time: 4.13m
step 00266 (53.20%) | loss: 2.019856 | lrm: 1.00 | dt: 945.93ms | tok/sec: 8,660 | mfu: 2.92 | epoch: 1 | total time: 4.14m
step 00267 (53.40%) | loss: 2.045479 | lrm: 1.00 | dt: 726.11ms | tok/sec: 11,282 | mfu: 3.81 | epoch: 1 | total time: 4.16m
step 00268 (53.60%) | loss: 2.026456 | lrm: 1.00 | dt: 943.62ms | tok/sec: 8,681 | mfu: 2.93 | epoch: 1 | total time: 4.17m
step 00269 (53.80%) | loss: 2.011392 | lrm: 1.00 | dt: 954.60ms | tok/sec: 8,581 | mfu: 2.90 | epoch: 1 | total time: 4.19m
step 00270 (54.00%) | loss: 2.020801 | lrm: 1.00 | dt: 1062.85ms | tok/sec: 7,707 | mfu: 2.60 | epoch: 1 | total time: 4.21m
step 00271 (54.20%) | loss: 2.056821 | lrm: 1.00 | dt: 946.16ms | tok/sec: 8,658 | mfu: 2.92 | epoch: 1 | total time: 4.22m
step 00272 (54.40%) | loss: 2.082791 | lrm: 1.00 | dt: 957.43ms | tok/sec: 8,556 | mfu: 2.89 | epoch: 1 | total time: 4.24m
step 00273 (54.60%) | loss: 2.089459 | lrm: 1.00 | dt: 948.00ms | tok/sec: 8,641 | mfu: 2.92 | epoch: 1 | total time: 4.25m
step 00274 (54.80%) | loss: 2.103700 | lrm: 1.00 | dt: 958.39ms | tok/sec: 8,547 | mfu: 2.88 | epoch: 1 | total time: 4.27m
step 00275 (55.00%) | loss: 2.087968 | lrm: 1.00 | dt: 951.32ms | tok/sec: 8,611 | mfu: 2.91 | epoch: 1 | total time: 4.28m
step 00276 (55.20%) | loss: 2.130439 | lrm: 1.00 | dt: 1074.14ms | tok/sec: 7,626 | mfu: 2.57 | epoch: 1 | total time: 4.30m
step 00277 (55.40%) | loss: 2.144239 | lrm: 1.00 | dt: 955.37ms | tok/sec: 8,574 | mfu: 2.89 | epoch: 1 | total time: 4.32m
step 00278 (55.60%) | loss: 2.101497 | lrm: 1.00 | dt: 955.70ms | tok/sec: 8,571 | mfu: 2.89 | epoch: 1 | total time: 4.33m
step 00279 (55.80%) | loss: 2.074114 | lrm: 1.00 | dt: 1757.38ms | tok/sec: 4,661 | mfu: 1.57 | epoch: 1 | total time: 4.36m
step 00280 (56.00%) | loss: 2.076677 | lrm: 1.00 | dt: 952.77ms | tok/sec: 8,598 | mfu: 2.90 | epoch: 1 | total time: 4.38m
step 00281 (56.20%) | loss: 2.068157 | lrm: 1.00 | dt: 950.33ms | tok/sec: 8,620 | mfu: 2.91 | epoch: 1 | total time: 4.40m
step 00282 (56.40%) | loss: 2.071906 | lrm: 1.00 | dt: 1059.27ms | tok/sec: 7,733 | mfu: 2.61 | epoch: 1 | total time: 4.41m
step 00283 (56.60%) | loss: 2.092171 | lrm: 1.00 | dt: 949.89ms | tok/sec: 8,624 | mfu: 2.91 | epoch: 1 | total time: 4.43m
step 00284 (56.80%) | loss: 2.066428 | lrm: 1.00 | dt: 944.24ms | tok/sec: 8,675 | mfu: 2.93 | epoch: 1 | total time: 4.44m
step 00285 (57.00%) | loss: 2.025030 | lrm: 1.00 | dt: 945.29ms | tok/sec: 8,666 | mfu: 2.92 | epoch: 1 | total time: 4.46m
step 00286 (57.20%) | loss: 1.985811 | lrm: 1.00 | dt: 945.12ms | tok/sec: 8,667 | mfu: 2.92 | epoch: 1 | total time: 4.48m
step 00287 (57.40%) | loss: 2.008436 | lrm: 1.00 | dt: 948.34ms | tok/sec: 8,638 | mfu: 2.91 | epoch: 1 | total time: 4.49m
step 00288 (57.60%) | loss: 2.003563 | lrm: 1.00 | dt: 1039.61ms | tok/sec: 7,879 | mfu: 2.66 | epoch: 1 | total time: 4.51m
step 00289 (57.80%) | loss: 2.024932 | lrm: 1.00 | dt: 944.52ms | tok/sec: 8,673 | mfu: 2.93 | epoch: 1 | total time: 4.53m
step 00290 (58.00%) | loss: 2.061192 | lrm: 1.00 | dt: 943.93ms | tok/sec: 8,678 | mfu: 2.93 | epoch: 1 | total time: 4.54m
step 00291 (58.20%) | loss: 2.052700 | lrm: 1.00 | dt: 941.25ms | tok/sec: 8,703 | mfu: 2.94 | epoch: 1 | total time: 4.56m
step 00292 (58.40%) | loss: 2.046241 | lrm: 1.00 | dt: 942.29ms | tok/sec: 8,693 | mfu: 2.93 | epoch: 1 | total time: 4.57m
step 00293 (58.60%) | loss: 2.001696 | lrm: 1.00 | dt: 940.18ms | tok/sec: 8,713 | mfu: 2.94 | epoch: 1 | total time: 4.59m
step 00294 (58.80%) | loss: 2.058219 | lrm: 1.00 | dt: 940.47ms | tok/sec: 8,710 | mfu: 2.94 | epoch: 1 | total time: 4.60m
step 00295 (59.00%) | loss: 2.071945 | lrm: 1.00 | dt: 1037.86ms | tok/sec: 7,893 | mfu: 2.66 | epoch: 1 | total time: 4.62m
step 00296 (59.20%) | loss: 2.073887 | lrm: 1.00 | dt: 940.83ms | tok/sec: 8,707 | mfu: 2.94 | epoch: 1 | total time: 4.64m
step 00297 (59.40%) | loss: 2.034631 | lrm: 1.00 | dt: 939.33ms | tok/sec: 8,721 | mfu: 2.94 | epoch: 1 | total time: 4.65m
step 00298 (59.60%) | loss: 2.032929 | lrm: 1.00 | dt: 941.16ms | tok/sec: 8,704 | mfu: 2.94 | epoch: 1 | total time: 4.67m
step 00299 (59.80%) | loss: 2.086526 | lrm: 1.00 | dt: 939.18ms | tok/sec: 8,722 | mfu: 2.94 | epoch: 1 | total time: 4.68m
step 00300 (60.00%) | loss: 2.138998 | lrm: 1.00 | dt: 946.74ms | tok/sec: 8,652 | mfu: 2.92 | epoch: 1 | total time: 4.70m
Step 00300 | Validation bpb: 0.6542
2026-03-27 20:15:23,523 - nanochat.checkpoint_manager - [32m[1mINFO[0m - Saved model parameters to: /home/sun0115/.cache/nanochat/chatsft_checkpoints/d24_r32_lora_maxoom_2026-03-27_2007_s2048_gc/best/model_000300.pt
2026-03-27 20:15:23,524 - nanochat.checkpoint_manager - [32m[1mINFO[0m - Saved metadata to: /home/sun0115/.cache/nanochat/chatsft_checkpoints/d24_r32_lora_maxoom_2026-03-27_2007_s2048_gc/best/meta_000300.json
Saved best checkpoint at step 300 (val_bpb=0.6542)
Rotated old best checkpoint: step 000050
step 00301 (60.20%) | loss: 2.109833 | lrm: 1.00 | dt: 1171.60ms | tok/sec: 6,992 | mfu: 2.36 | epoch: 1 | total time: 4.72m
step 00302 (60.40%) | loss: 2.153203 | lrm: 1.00 | dt: 952.01ms | tok/sec: 8,604 | mfu: 2.90 | epoch: 1 | total time: 4.73m
step 00303 (60.60%) | loss: 2.135757 | lrm: 1.00 | dt: 939.66ms | tok/sec: 8,718 | mfu: 2.94 | epoch: 1 | total time: 4.75m
step 00304 (60.80%) | loss: 2.122518 | lrm: 1.00 | dt: 939.07ms | tok/sec: 8,723 | mfu: 2.94 | epoch: 1 | total time: 4.77m
step 00305 (61.00%) | loss: 2.120121 | lrm: 1.00 | dt: 940.72ms | tok/sec: 8,708 | mfu: 2.94 | epoch: 1 | total time: 4.78m
step 00306 (61.20%) | loss: 2.161390 | lrm: 1.00 | dt: 1034.08ms | tok/sec: 7,922 | mfu: 2.67 | epoch: 1 | total time: 4.80m
step 00307 (61.40%) | loss: 2.143193 | lrm: 1.00 | dt: 940.33ms | tok/sec: 8,711 | mfu: 2.94 | epoch: 1 | total time: 4.81m
step 00308 (61.60%) | loss: 2.176148 | lrm: 1.00 | dt: 939.50ms | tok/sec: 8,719 | mfu: 2.94 | epoch: 1 | total time: 4.83m
step 00309 (61.80%) | loss: 2.141888 | lrm: 1.00 | dt: 940.46ms | tok/sec: 8,710 | mfu: 2.94 | epoch: 1 | total time: 4.85m
step 00310 (62.00%) | loss: 2.142280 | lrm: 1.00 | dt: 946.09ms | tok/sec: 8,658 | mfu: 2.92 | epoch: 1 | total time: 4.86m
step 00311 (62.20%) | loss: 2.124094 | lrm: 1.00 | dt: 949.66ms | tok/sec: 8,626 | mfu: 2.91 | epoch: 1 | total time: 4.88m
step 00312 (62.40%) | loss: 2.137059 | lrm: 1.00 | dt: 948.61ms | tok/sec: 8,635 | mfu: 2.91 | epoch: 1 | total time: 4.89m
step 00313 (62.60%) | loss: 2.133817 | lrm: 1.00 | dt: 1042.98ms | tok/sec: 7,854 | mfu: 2.65 | epoch: 1 | total time: 4.91m
step 00314 (62.80%) | loss: 2.120054 | lrm: 1.00 | dt: 946.05ms | tok/sec: 8,659 | mfu: 2.92 | epoch: 1 | total time: 4.93m
step 00315 (63.00%) | loss: 2.147987 | lrm: 1.00 | dt: 950.77ms | tok/sec: 8,616 | mfu: 2.91 | epoch: 1 | total time: 4.94m
step 00316 (63.20%) | loss: 2.083005 | lrm: 1.00 | dt: 947.78ms | tok/sec: 8,643 | mfu: 2.92 | epoch: 1 | total time: 4.96m
step 00317 (63.40%) | loss: 2.081073 | lrm: 1.00 | dt: 947.73ms | tok/sec: 8,643 | mfu: 2.92 | epoch: 1 | total time: 4.97m
step 00318 (63.60%) | loss: 2.103244 | lrm: 1.00 | dt: 948.32ms | tok/sec: 8,638 | mfu: 2.91 | epoch: 1 | total time: 4.99m
step 00319 (63.80%) | loss: 2.110076 | lrm: 1.00 | dt: 1045.13ms | tok/sec: 7,838 | mfu: 2.64 | epoch: 1 | total time: 5.01m
step 00320 (64.00%) | loss: 2.103831 | lrm: 1.00 | dt: 947.33ms | tok/sec: 8,647 | mfu: 2.92 | epoch: 1 | total time: 5.02m
step 00321 (64.20%) | loss: 2.119069 | lrm: 1.00 | dt: 952.41ms | tok/sec: 8,601 | mfu: 2.90 | epoch: 1 | total time: 5.04m
step 00322 (64.40%) | loss: 2.070619 | lrm: 1.00 | dt: 950.29ms | tok/sec: 8,620 | mfu: 2.91 | epoch: 1 | total time: 5.05m
step 00323 (64.60%) | loss: 2.070837 | lrm: 1.00 | dt: 1738.11ms | tok/sec: 4,713 | mfu: 1.59 | epoch: 1 | total time: 5.08m
step 00324 (64.80%) | loss: 2.148340 | lrm: 1.00 | dt: 949.68ms | tok/sec: 8,626 | mfu: 2.91 | epoch: 1 | total time: 5.10m
step 00325 (65.00%) | loss: 2.122610 | lrm: 1.00 | dt: 1048.19ms | tok/sec: 7,815 | mfu: 2.64 | epoch: 1 | total time: 5.12m
step 00326 (65.20%) | loss: 2.087914 | lrm: 1.00 | dt: 955.34ms | tok/sec: 8,574 | mfu: 2.89 | epoch: 1 | total time: 5.13m
step 00327 (65.40%) | loss: 2.014009 | lrm: 1.00 | dt: 957.33ms | tok/sec: 8,557 | mfu: 2.89 | epoch: 1 | total time: 5.15m
step 00328 (65.60%) | loss: 2.036194 | lrm: 1.00 | dt: 951.89ms | tok/sec: 8,605 | mfu: 2.90 | epoch: 1 | total time: 5.16m
step 00329 (65.80%) | loss: 2.099042 | lrm: 1.00 | dt: 951.92ms | tok/sec: 8,605 | mfu: 2.90 | epoch: 1 | total time: 5.18m
step 00330 (66.00%) | loss: 2.068360 | lrm: 1.00 | dt: 956.99ms | tok/sec: 8,560 | mfu: 2.89 | epoch: 1 | total time: 5.20m
step 00331 (66.20%) | loss: 2.079496 | lrm: 1.00 | dt: 1049.02ms | tok/sec: 7,809 | mfu: 2.64 | epoch: 1 | total time: 5.21m
step 00332 (66.40%) | loss: 2.079671 | lrm: 1.00 | dt: 949.52ms | tok/sec: 8,627 | mfu: 2.91 | epoch: 1 | total time: 5.23m
step 00333 (66.60%) | loss: 2.067992 | lrm: 1.00 | dt: 950.40ms | tok/sec: 8,619 | mfu: 2.91 | epoch: 1 | total time: 5.25m
step 00334 (66.80%) | loss: 2.069023 | lrm: 1.00 | dt: 952.68ms | tok/sec: 8,598 | mfu: 2.90 | epoch: 1 | total time: 5.26m
step 00335 (67.00%) | loss: 2.064593 | lrm: 1.00 | dt: 947.68ms | tok/sec: 8,644 | mfu: 2.92 | epoch: 1 | total time: 5.28m
step 00336 (67.20%) | loss: 2.038867 | lrm: 1.00 | dt: 954.78ms | tok/sec: 8,579 | mfu: 2.90 | epoch: 1 | total time: 5.29m
step 00337 (67.40%) | loss: 2.043928 | lrm: 1.00 | dt: 950.69ms | tok/sec: 8,616 | mfu: 2.91 | epoch: 1 | total time: 5.31m
step 00338 (67.60%) | loss: 2.069310 | lrm: 1.00 | dt: 1050.71ms | tok/sec: 7,796 | mfu: 2.63 | epoch: 1 | total time: 5.33m
step 00339 (67.80%) | loss: 2.097828 | lrm: 1.00 | dt: 949.66ms | tok/sec: 8,626 | mfu: 2.91 | epoch: 1 | total time: 5.34m
step 00340 (68.00%) | loss: 2.112713 | lrm: 1.00 | dt: 950.43ms | tok/sec: 8,619 | mfu: 2.91 | epoch: 1 | total time: 5.36m
step 00341 (68.20%) | loss: 2.096151 | lrm: 1.00 | dt: 953.27ms | tok/sec: 8,593 | mfu: 2.90 | epoch: 1 | total time: 5.37m
step 00342 (68.40%) | loss: 2.040097 | lrm: 1.00 | dt: 949.65ms | tok/sec: 8,626 | mfu: 2.91 | epoch: 1 | total time: 5.39m
step 00343 (68.60%) | loss: 2.021034 | lrm: 1.00 | dt: 953.12ms | tok/sec: 8,594 | mfu: 2.90 | epoch: 1 | total time: 5.41m
step 00344 (68.80%) | loss: 2.033420 | lrm: 1.00 | dt: 1042.89ms | tok/sec: 7,855 | mfu: 2.65 | epoch: 1 | total time: 5.42m
step 00345 (69.00%) | loss: 2.037164 | lrm: 1.00 | dt: 951.50ms | tok/sec: 8,609 | mfu: 2.91 | epoch: 1 | total time: 5.44m
step 00346 (69.20%) | loss: 2.021642 | lrm: 1.00 | dt: 949.38ms | tok/sec: 8,628 | mfu: 2.91 | epoch: 1 | total time: 5.45m
step 00347 (69.40%) | loss: 1.983377 | lrm: 1.00 | dt: 951.04ms | tok/sec: 8,613 | mfu: 2.91 | epoch: 1 | total time: 5.47m
step 00348 (69.60%) | loss: 1.981171 | lrm: 1.00 | dt: 952.88ms | tok/sec: 8,597 | mfu: 2.90 | epoch: 1 | total time: 5.49m
step 00349 (69.80%) | loss: 1.979785 | lrm: 1.00 | dt: 950.30ms | tok/sec: 8,620 | mfu: 2.91 | epoch: 1 | total time: 5.50m
step 00350 (70.00%) | loss: 2.059320 | lrm: 1.00 | dt: 805.11ms | tok/sec: 10,175 | mfu: 3.43 | epoch: 1 | total time: 5.52m
Step 00350 | Validation bpb: 0.6508
2026-03-27 20:16:35,355 - nanochat.checkpoint_manager - [32m[1mINFO[0m - Saved model parameters to: /home/sun0115/.cache/nanochat/chatsft_checkpoints/d24_r32_lora_maxoom_2026-03-27_2007_s2048_gc/best/model_000350.pt
2026-03-27 20:16:35,356 - nanochat.checkpoint_manager - [32m[1mINFO[0m - Saved metadata to: /home/sun0115/.cache/nanochat/chatsft_checkpoints/d24_r32_lora_maxoom_2026-03-27_2007_s2048_gc/best/meta_000350.json
Saved best checkpoint at step 350 (val_bpb=0.6508)
Rotated old best checkpoint: step 000100
step 00351 (70.20%) | loss: 2.033890 | lrm: 0.99 | dt: 1143.83ms | tok/sec: 7,161 | mfu: 2.42 | epoch: 1 | total time: 5.54m
step 00352 (70.40%) | loss: 2.026891 | lrm: 0.99 | dt: 953.15ms | tok/sec: 8,594 | mfu: 2.90 | epoch: 1 | total time: 5.55m
step 00353 (70.60%) | loss: 2.013501 | lrm: 0.98 | dt: 952.20ms | tok/sec: 8,603 | mfu: 2.90 | epoch: 1 | total time: 5.57m
step 00354 (70.80%) | loss: 1.995723 | lrm: 0.97 | dt: 948.51ms | tok/sec: 8,636 | mfu: 2.91 | epoch: 1 | total time: 5.58m
step 00355 (71.00%) | loss: 2.028344 | lrm: 0.97 | dt: 947.43ms | tok/sec: 8,646 | mfu: 2.92 | epoch: 1 | total time: 5.60m
step 00356 (71.20%) | loss: 2.025021 | lrm: 0.96 | dt: 1069.75ms | tok/sec: 7,657 | mfu: 2.58 | epoch: 1 | total time: 5.62m
step 00357 (71.40%) | loss: 1.983964 | lrm: 0.95 | dt: 947.89ms | tok/sec: 8,642 | mfu: 2.92 | epoch: 1 | total time: 5.63m
step 00358 (71.60%) | loss: 1.981009 | lrm: 0.95 | dt: 946.81ms | tok/sec: 8,652 | mfu: 2.92 | epoch: 1 | total time: 5.65m
step 00359 (71.80%) | loss: 2.032810 | lrm: 0.94 | dt: 944.38ms | tok/sec: 8,674 | mfu: 2.93 | epoch: 1 | total time: 5.66m
step 00360 (72.00%) | loss: 2.013730 | lrm: 0.93 | dt: 945.45ms | tok/sec: 8,664 | mfu: 2.92 | epoch: 1 | total time: 5.68m
step 00361 (72.20%) | loss: 2.023116 | lrm: 0.93 | dt: 943.98ms | tok/sec: 8,678 | mfu: 2.93 | epoch: 1 | total time: 5.70m
step 00362 (72.40%) | loss: 2.033981 | lrm: 0.92 | dt: 953.97ms | tok/sec: 8,587 | mfu: 2.90 | epoch: 1 | total time: 5.71m
step 00363 (72.60%) | loss: 2.001012 | lrm: 0.91 | dt: 1049.76ms | tok/sec: 7,803 | mfu: 2.63 | epoch: 1 | total time: 5.73m
step 00364 (72.80%) | loss: 2.076372 | lrm: 0.91 | dt: 944.69ms | tok/sec: 8,671 | mfu: 2.93 | epoch: 1 | total time: 5.74m
step 00365 (73.00%) | loss: 2.118438 | lrm: 0.90 | dt: 944.17ms | tok/sec: 8,676 | mfu: 2.93 | epoch: 1 | total time: 5.76m
step 00366 (73.20%) | loss: 2.102993 | lrm: 0.89 | dt: 945.16ms | tok/sec: 8,667 | mfu: 2.92 | epoch: 1 | total time: 5.78m
step 00367 (73.40%) | loss: 2.053022 | lrm: 0.89 | dt: 1744.80ms | tok/sec: 4,695 | mfu: 1.58 | epoch: 1 | total time: 5.80m
step 00368 (73.60%) | loss: 2.057713 | lrm: 0.88 | dt: 945.56ms | tok/sec: 8,663 | mfu: 2.92 | epoch: 1 | total time: 5.82m
step 00369 (73.80%) | loss: 2.097283 | lrm: 0.87 | dt: 1041.04ms | tok/sec: 7,869 | mfu: 2.66 | epoch: 1 | total time: 5.84m
step 00370 (74.00%) | loss: 2.051598 | lrm: 0.87 | dt: 712.19ms | tok/sec: 11,502 | mfu: 3.88 | epoch: 1 | total time: 5.85m
step 00371 (74.20%) | loss: 2.033225 | lrm: 0.86 | dt: 945.32ms | tok/sec: 8,665 | mfu: 2.92 | epoch: 1 | total time: 5.87m
step 00372 (74.40%) | loss: 2.048314 | lrm: 0.85 | dt: 943.58ms | tok/sec: 8,681 | mfu: 2.93 | epoch: 1 | total time: 5.88m
step 00373 (74.60%) | loss: 2.089371 | lrm: 0.85 | dt: 945.16ms | tok/sec: 8,667 | mfu: 2.92 | epoch: 1 | total time: 5.90m
step 00374 (74.80%) | loss: 2.074208 | lrm: 0.84 | dt: 946.90ms | tok/sec: 8,651 | mfu: 2.92 | epoch: 1 | total time: 5.91m
step 00375 (75.00%) | loss: 2.076112 | lrm: 0.83 | dt: 1039.51ms | tok/sec: 7,880 | mfu: 2.66 | epoch: 1 | total time: 5.93m
step 00376 (75.20%) | loss: 2.038995 | lrm: 0.83 | dt: 947.54ms | tok/sec: 8,645 | mfu: 2.92 | epoch: 1 | total time: 5.95m
step 00377 (75.40%) | loss: 2.070716 | lrm: 0.82 | dt: 949.88ms | tok/sec: 8,624 | mfu: 2.91 | epoch: 1 | total time: 5.96m
step 00378 (75.60%) | loss: 2.026830 | lrm: 0.81 | dt: 943.81ms | tok/sec: 8,679 | mfu: 2.93 | epoch: 1 | total time: 5.98m
step 00379 (75.80%) | loss: 1.983040 | lrm: 0.81 | dt: 945.89ms | tok/sec: 8,660 | mfu: 2.92 | epoch: 1 | total time: 5.99m
step 00380 (76.00%) | loss: 1.971069 | lrm: 0.80 | dt: 945.75ms | tok/sec: 8,661 | mfu: 2.92 | epoch: 1 | total time: 6.01m
step 00381 (76.20%) | loss: 1.941844 | lrm: 0.79 | dt: 947.02ms | tok/sec: 8,650 | mfu: 2.92 | epoch: 1 | total time: 6.02m
step 00382 (76.40%) | loss: 2.009366 | lrm: 0.79 | dt: 818.08ms | tok/sec: 10,013 | mfu: 3.38 | epoch: 1 | total time: 6.04m
step 00383 (76.60%) | loss: 2.012548 | lrm: 0.78 | dt: 945.13ms | tok/sec: 8,667 | mfu: 2.92 | epoch: 1 | total time: 6.05m
step 00384 (76.80%) | loss: 2.001189 | lrm: 0.77 | dt: 948.32ms | tok/sec: 8,638 | mfu: 2.91 | epoch: 1 | total time: 6.07m
step 00385 (77.00%) | loss: 1.990138 | lrm: 0.77 | dt: 945.64ms | tok/sec: 8,662 | mfu: 2.92 | epoch: 1 | total time: 6.09m
step 00386 (77.20%) | loss: 1.961786 | lrm: 0.76 | dt: 944.27ms | tok/sec: 8,675 | mfu: 2.93 | epoch: 1 | total time: 6.10m
step 00387 (77.40%) | loss: 2.085689 | lrm: 0.75 | dt: 945.00ms | tok/sec: 8,668 | mfu: 2.93 | epoch: 1 | total time: 6.12m
step 00388 (77.60%) | loss: 2.049176 | lrm: 0.75 | dt: 1041.10ms | tok/sec: 7,868 | mfu: 2.66 | epoch: 1 | total time: 6.13m
step 00389 (77.80%) | loss: 2.035779 | lrm: 0.74 | dt: 946.95ms | tok/sec: 8,650 | mfu: 2.92 | epoch: 1 | total time: 6.15m
step 00390 (78.00%) | loss: 2.052484 | lrm: 0.73 | dt: 945.17ms | tok/sec: 8,667 | mfu: 2.92 | epoch: 1 | total time: 6.17m
step 00391 (78.20%) | loss: 2.084327 | lrm: 0.73 | dt: 943.90ms | tok/sec: 8,678 | mfu: 2.93 | epoch: 1 | total time: 6.18m
step 00392 (78.40%) | loss: 2.105119 | lrm: 0.72 | dt: 947.90ms | tok/sec: 8,642 | mfu: 2.92 | epoch: 1 | total time: 6.20m
step 00393 (78.60%) | loss: 2.076475 | lrm: 0.71 | dt: 712.59ms | tok/sec: 11,496 | mfu: 3.88 | epoch: 1 | total time: 6.21m
step 00394 (78.80%) | loss: 2.122017 | lrm: 0.71 | dt: 945.34ms | tok/sec: 8,665 | mfu: 2.92 | epoch: 1 | total time: 6.23m
step 00395 (79.00%) | loss: 2.130745 | lrm: 0.70 | dt: 1047.64ms | tok/sec: 7,819 | mfu: 2.64 | epoch: 1 | total time: 6.24m
step 00396 (79.20%) | loss: 2.135639 | lrm: 0.69 | dt: 945.11ms | tok/sec: 8,667 | mfu: 2.92 | epoch: 1 | total time: 6.26m
step 00397 (79.40%) | loss: 2.120336 | lrm: 0.69 | dt: 945.36ms | tok/sec: 8,665 | mfu: 2.92 | epoch: 1 | total time: 6.27m
step 00398 (79.60%) | loss: 2.115855 | lrm: 0.68 | dt: 950.69ms | tok/sec: 8,616 | mfu: 2.91 | epoch: 1 | total time: 6.29m
step 00399 (79.80%) | loss: 2.132730 | lrm: 0.67 | dt: 949.05ms | tok/sec: 8,631 | mfu: 2.91 | epoch: 1 | total time: 6.31m
step 00400 (80.00%) | loss: 2.080147 | lrm: 0.67 | dt: 945.63ms | tok/sec: 8,663 | mfu: 2.92 | epoch: 1 | total time: 6.32m
Step 00400 | Validation bpb: 0.6490
2026-03-27 20:17:46,518 - nanochat.checkpoint_manager - [32m[1mINFO[0m - Saved model parameters to: /home/sun0115/.cache/nanochat/chatsft_checkpoints/d24_r32_lora_maxoom_2026-03-27_2007_s2048_gc/best/model_000400.pt
2026-03-27 20:17:46,518 - nanochat.checkpoint_manager - [32m[1mINFO[0m - Saved metadata to: /home/sun0115/.cache/nanochat/chatsft_checkpoints/d24_r32_lora_maxoom_2026-03-27_2007_s2048_gc/best/meta_000400.json
Saved best checkpoint at step 400 (val_bpb=0.6490)
Rotated old best checkpoint: step 000150
step 00401 (80.20%) | loss: 2.079440 | lrm: 0.66 | dt: 953.28ms | tok/sec: 8,593 | mfu: 2.90 | epoch: 1 | total time: 6.34m
step 00402 (80.40%) | loss: 2.053700 | lrm: 0.65 | dt: 947.70ms | tok/sec: 8,644 | mfu: 2.92 | epoch: 1 | total time: 6.35m
step 00403 (80.60%) | loss: 2.060579 | lrm: 0.65 | dt: 946.83ms | tok/sec: 8,652 | mfu: 2.92 | epoch: 1 | total time: 6.37m
step 00404 (80.80%) | loss: 2.034446 | lrm: 0.64 | dt: 947.98ms | tok/sec: 8,641 | mfu: 2.92 | epoch: 1 | total time: 6.38m
step 00405 (81.00%) | loss: 2.085121 | lrm: 0.63 | dt: 943.50ms | tok/sec: 8,682 | mfu: 2.93 | epoch: 1 | total time: 6.40m
step 00406 (81.20%) | loss: 2.062139 | lrm: 0.63 | dt: 948.67ms | tok/sec: 8,635 | mfu: 2.91 | epoch: 1 | total time: 6.42m
step 00407 (81.40%) | loss: 2.075997 | lrm: 0.62 | dt: 1067.07ms | tok/sec: 7,677 | mfu: 2.59 | epoch: 1 | total time: 6.43m
step 00408 (81.60%) | loss: 2.012619 | lrm: 0.61 | dt: 948.10ms | tok/sec: 8,640 | mfu: 2.92 | epoch: 1 | total time: 6.45m
step 00409 (81.80%) | loss: 2.002933 | lrm: 0.61 | dt: 946.17ms | tok/sec: 8,658 | mfu: 2.92 | epoch: 1 | total time: 6.47m
step 00410 (82.00%) | loss: 2.019805 | lrm: 0.60 | dt: 946.63ms | tok/sec: 8,653 | mfu: 2.92 | epoch: 1 | total time: 6.48m
step 00411 (82.20%) | loss: 2.018544 | lrm: 0.59 | dt: 945.79ms | tok/sec: 8,661 | mfu: 2.92 | epoch: 1 | total time: 6.50m
step 00412 (82.40%) | loss: 1.999256 | lrm: 0.59 | dt: 1517.70ms | tok/sec: 5,397 | mfu: 1.82 | epoch: 1 | total time: 6.52m
step 00413 (82.60%) | loss: 1.987249 | lrm: 0.58 | dt: 1041.39ms | tok/sec: 7,866 | mfu: 2.65 | epoch: 1 | total time: 6.54m
step 00414 (82.80%) | loss: 1.970451 | lrm: 0.57 | dt: 947.32ms | tok/sec: 8,647 | mfu: 2.92 | epoch: 1 | total time: 6.56m
step 00415 (83.00%) | loss: 1.969668 | lrm: 0.57 | dt: 945.95ms | tok/sec: 8,660 | mfu: 2.92 | epoch: 1 | total time: 6.57m
step 00416 (83.20%) | loss: 1.956011 | lrm: 0.56 | dt: 945.18ms | tok/sec: 8,667 | mfu: 2.92 | epoch: 1 | total time: 6.59m
step 00417 (83.40%) | loss: 1.962149 | lrm: 0.55 | dt: 945.16ms | tok/sec: 8,667 | mfu: 2.92 | epoch: 1 | total time: 6.60m
step 00418 (83.60%) | loss: 1.948882 | lrm: 0.55 | dt: 943.77ms | tok/sec: 8,680 | mfu: 2.93 | epoch: 1 | total time: 6.62m
step 00419 (83.80%) | loss: 1.957596 | lrm: 0.54 | dt: 1038.57ms | tok/sec: 7,887 | mfu: 2.66 | epoch: 1 | total time: 6.64m
step 00420 (84.00%) | loss: 1.928396 | lrm: 0.53 | dt: 712.77ms | tok/sec: 11,493 | mfu: 3.88 | epoch: 1 | total time: 6.65m
step 00421 (84.20%) | loss: 1.997575 | lrm: 0.53 | dt: 943.90ms | tok/sec: 8,678 | mfu: 2.93 | epoch: 1 | total time: 6.66m
step 00422 (84.40%) | loss: 1.964453 | lrm: 0.52 | dt: 946.84ms | tok/sec: 8,651 | mfu: 2.92 | epoch: 1 | total time: 6.68m
step 00423 (84.60%) | loss: 1.961655 | lrm: 0.51 | dt: 943.59ms | tok/sec: 8,681 | mfu: 2.93 | epoch: 1 | total time: 6.70m
step 00424 (84.80%) | loss: 2.003773 | lrm: 0.51 | dt: 944.89ms | tok/sec: 8,669 | mfu: 2.93 | epoch: 1 | total time: 6.71m
step 00425 (85.00%) | loss: 1.959094 | lrm: 0.50 | dt: 950.63ms | tok/sec: 8,617 | mfu: 2.91 | epoch: 1 | total time: 6.73m
step 00426 (85.20%) | loss: 1.928644 | lrm: 0.49 | dt: 1041.10ms | tok/sec: 7,868 | mfu: 2.66 | epoch: 1 | total time: 6.74m
step 00427 (85.40%) | loss: 1.929720 | lrm: 0.49 | dt: 946.36ms | tok/sec: 8,656 | mfu: 2.92 | epoch: 1 | total time: 6.76m
step 00428 (85.60%) | loss: 1.965214 | lrm: 0.48 | dt: 948.41ms | tok/sec: 8,637 | mfu: 2.91 | epoch: 1 | total time: 6.78m
step 00429 (85.80%) | loss: 2.019499 | lrm: 0.47 | dt: 716.25ms | tok/sec: 11,437 | mfu: 3.86 | epoch: 1 | total time: 6.79m
step 00430 (86.00%) | loss: 2.032314 | lrm: 0.47 | dt: 949.87ms | tok/sec: 8,624 | mfu: 2.91 | epoch: 1 | total time: 6.80m
step 00431 (86.20%) | loss: 2.023018 | lrm: 0.46 | dt: 944.85ms | tok/sec: 8,670 | mfu: 2.93 | epoch: 1 | total time: 6.82m
step 00432 (86.40%) | loss: 2.036908 | lrm: 0.45 | dt: 1034.73ms | tok/sec: 7,917 | mfu: 2.67 | epoch: 1 | total time: 6.84m
step 00433 (86.60%) | loss: 2.002832 | lrm: 0.45 | dt: 946.71ms | tok/sec: 8,653 | mfu: 2.92 | epoch: 1 | total time: 6.85m
step 00434 (86.80%) | loss: 2.027349 | lrm: 0.44 | dt: 716.49ms | tok/sec: 11,433 | mfu: 3.86 | epoch: 1 | total time: 6.86m
step 00435 (87.00%) | loss: 2.059349 | lrm: 0.43 | dt: 949.45ms | tok/sec: 8,628 | mfu: 2.91 | epoch: 1 | total time: 6.88m
step 00436 (87.20%) | loss: 2.056287 | lrm: 0.43 | dt: 950.54ms | tok/sec: 8,618 | mfu: 2.91 | epoch: 1 | total time: 6.90m
step 00437 (87.40%) | loss: 2.055947 | lrm: 0.42 | dt: 954.27ms | tok/sec: 8,584 | mfu: 2.90 | epoch: 1 | total time: 6.91m
step 00438 (87.60%) | loss: 2.022568 | lrm: 0.41 | dt: 951.13ms | tok/sec: 8,612 | mfu: 2.91 | epoch: 1 | total time: 6.93m
step 00439 (87.80%) | loss: 2.025411 | lrm: 0.41 | dt: 1058.36ms | tok/sec: 7,740 | mfu: 2.61 | epoch: 1 | total time: 6.95m
step 00440 (88.00%) | loss: 2.060571 | lrm: 0.40 | dt: 947.94ms | tok/sec: 8,641 | mfu: 2.92 | epoch: 1 | total time: 6.96m
step 00441 (88.20%) | loss: 2.095220 | lrm: 0.39 | dt: 955.16ms | tok/sec: 8,576 | mfu: 2.89 | epoch: 1 | total time: 6.98m
step 00442 (88.40%) | loss: 2.104472 | lrm: 0.39 | dt: 956.02ms | tok/sec: 8,568 | mfu: 2.89 | epoch: 1 | total time: 6.99m
step 00443 (88.60%) | loss: 2.086172 | lrm: 0.38 | dt: 956.67ms | tok/sec: 8,563 | mfu: 2.89 | epoch: 1 | total time: 7.01m
step 00444 (88.80%) | loss: 2.030526 | lrm: 0.37 | dt: 952.44ms | tok/sec: 8,601 | mfu: 2.90 | epoch: 1 | total time: 7.02m
step 00445 (89.00%) | loss: 2.011756 | lrm: 0.37 | dt: 1074.50ms | tok/sec: 7,623 | mfu: 2.57 | epoch: 1 | total time: 7.04m
step 00446 (89.20%) | loss: 2.020899 | lrm: 0.36 | dt: 1773.21ms | tok/sec: 4,619 | mfu: 1.56 | epoch: 1 | total time: 7.07m
step 00447 (89.40%) | loss: 2.007542 | lrm: 0.35 | dt: 957.65ms | tok/sec: 8,554 | mfu: 2.89 | epoch: 1 | total time: 7.09m
step 00448 (89.60%) | loss: 1.981362 | lrm: 0.35 | dt: 946.96ms | tok/sec: 8,650 | mfu: 2.92 | epoch: 1 | total time: 7.10m
step 00449 (89.80%) | loss: 1.944101 | lrm: 0.34 | dt: 954.99ms | tok/sec: 8,578 | mfu: 2.89 | epoch: 1 | total time: 7.12m
step 00450 (90.00%) | loss: 1.998741 | lrm: 0.33 | dt: 953.46ms | tok/sec: 8,591 | mfu: 2.90 | epoch: 1 | total time: 7.14m
Step 00450 | Validation bpb: 0.6474
2026-03-27 20:18:57,458 - nanochat.checkpoint_manager - [32m[1mINFO[0m - Saved model parameters to: /home/sun0115/.cache/nanochat/chatsft_checkpoints/d24_r32_lora_maxoom_2026-03-27_2007_s2048_gc/best/model_000450.pt
2026-03-27 20:18:57,458 - nanochat.checkpoint_manager - [32m[1mINFO[0m - Saved metadata to: /home/sun0115/.cache/nanochat/chatsft_checkpoints/d24_r32_lora_maxoom_2026-03-27_2007_s2048_gc/best/meta_000450.json
Saved best checkpoint at step 450 (val_bpb=0.6474)
Rotated old best checkpoint: step 000200
step 00451 (90.20%) | loss: 2.016464 | lrm: 0.33 | dt: 1130.37ms | tok/sec: 7,247 | mfu: 2.45 | epoch: 1 | total time: 7.15m
step 00452 (90.40%) | loss: 1.996619 | lrm: 0.32 | dt: 944.63ms | tok/sec: 8,672 | mfu: 2.93 | epoch: 1 | total time: 7.17m
step 00453 (90.60%) | loss: 1.978131 | lrm: 0.31 | dt: 955.21ms | tok/sec: 8,576 | mfu: 2.89 | epoch: 1 | total time: 7.19m
step 00454 (90.80%) | loss: 1.980481 | lrm: 0.31 | dt: 948.16ms | tok/sec: 8,639 | mfu: 2.92 | epoch: 1 | total time: 7.20m
step 00455 (91.00%) | loss: 1.945151 | lrm: 0.30 | dt: 947.54ms | tok/sec: 8,645 | mfu: 2.92 | epoch: 1 | total time: 7.22m
step 00456 (91.20%) | loss: 1.956424 | lrm: 0.29 | dt: 1058.55ms | tok/sec: 7,738 | mfu: 2.61 | epoch: 1 | total time: 7.24m
step 00457 (91.40%) | loss: 1.887615 | lrm: 0.29 | dt: 1757.22ms | tok/sec: 4,661 | mfu: 1.57 | epoch: 1 | total time: 7.26m
step 00458 (91.60%) | loss: 1.925358 | lrm: 0.28 | dt: 951.75ms | tok/sec: 8,607 | mfu: 2.90 | epoch: 1 | total time: 7.28m
step 00459 (91.80%) | loss: 1.924931 | lrm: 0.27 | dt: 946.97ms | tok/sec: 8,650 | mfu: 2.92 | epoch: 1 | total time: 7.30m
step 00460 (92.00%) | loss: 1.942062 | lrm: 0.27 | dt: 964.19ms | tok/sec: 8,496 | mfu: 2.87 | epoch: 1 | total time: 7.31m
step 00461 (92.20%) | loss: 1.964472 | lrm: 0.26 | dt: 951.42ms | tok/sec: 8,610 | mfu: 2.91 | epoch: 1 | total time: 7.33m
step 00462 (92.40%) | loss: 1.946567 | lrm: 0.25 | dt: 953.96ms | tok/sec: 8,587 | mfu: 2.90 | epoch: 1 | total time: 7.34m
step 00463 (92.60%) | loss: 1.906657 | lrm: 0.25 | dt: 1054.26ms | tok/sec: 7,770 | mfu: 2.62 | epoch: 1 | total time: 7.36m
step 00464 (92.80%) | loss: 1.886307 | lrm: 0.24 | dt: 954.94ms | tok/sec: 8,578 | mfu: 2.89 | epoch: 1 | total time: 7.38m
step 00465 (93.00%) | loss: 1.889747 | lrm: 0.23 | dt: 947.72ms | tok/sec: 8,643 | mfu: 2.92 | epoch: 1 | total time: 7.39m
step 00466 (93.20%) | loss: 1.997598 | lrm: 0.23 | dt: 952.16ms | tok/sec: 8,603 | mfu: 2.90 | epoch: 1 | total time: 7.41m
step 00467 (93.40%) | loss: 2.016964 | lrm: 0.22 | dt: 954.08ms | tok/sec: 8,586 | mfu: 2.90 | epoch: 1 | total time: 7.43m
step 00468 (93.60%) | loss: 2.045554 | lrm: 0.21 | dt: 965.57ms | tok/sec: 8,484 | mfu: 2.86 | epoch: 1 | total time: 7.44m
step 00469 (93.80%) | loss: 2.116058 | lrm: 0.21 | dt: 1047.99ms | tok/sec: 7,816 | mfu: 2.64 | epoch: 1 | total time: 7.46m
step 00470 (94.00%) | loss: 2.106207 | lrm: 0.20 | dt: 949.29ms | tok/sec: 8,629 | mfu: 2.91 | epoch: 1 | total time: 7.47m
step 00471 (94.20%) | loss: 2.075643 | lrm: 0.19 | dt: 948.46ms | tok/sec: 8,637 | mfu: 2.91 | epoch: 1 | total time: 7.49m
step 00472 (94.40%) | loss: 2.006331 | lrm: 0.19 | dt: 724.13ms | tok/sec: 11,312 | mfu: 3.82 | epoch: 1 | total time: 7.50m
step 00473 (94.60%) | loss: 2.054152 | lrm: 0.18 | dt: 944.38ms | tok/sec: 8,674 | mfu: 2.93 | epoch: 1 | total time: 7.52m
step 00474 (94.80%) | loss: 2.080321 | lrm: 0.17 | dt: 726.03ms | tok/sec: 11,283 | mfu: 3.81 | epoch: 1 | total time: 7.53m
step 00475 (95.00%) | loss: 2.129423 | lrm: 0.17 | dt: 951.61ms | tok/sec: 8,608 | mfu: 2.90 | epoch: 1 | total time: 7.55m
step 00476 (95.20%) | loss: 2.158325 | lrm: 0.16 | dt: 1075.59ms | tok/sec: 7,616 | mfu: 2.57 | epoch: 1 | total time: 7.56m
step 00477 (95.40%) | loss: 2.134052 | lrm: 0.15 | dt: 949.61ms | tok/sec: 8,626 | mfu: 2.91 | epoch: 1 | total time: 7.58m
step 00478 (95.60%) | loss: 2.154464 | lrm: 0.15 | dt: 954.03ms | tok/sec: 8,586 | mfu: 2.90 | epoch: 1 | total time: 7.60m
step 00479 (95.80%) | loss: 2.160678 | lrm: 0.14 | dt: 953.21ms | tok/sec: 8,594 | mfu: 2.90 | epoch: 1 | total time: 7.61m
step 00480 (96.00%) | loss: 2.174466 | lrm: 0.13 | dt: 954.97ms | tok/sec: 8,578 | mfu: 2.89 | epoch: 1 | total time: 7.63m
step 00481 (96.20%) | loss: 2.121639 | lrm: 0.13 | dt: 954.93ms | tok/sec: 8,578 | mfu: 2.89 | epoch: 1 | total time: 7.64m
step 00482 (96.40%) | loss: 2.073559 | lrm: 0.12 | dt: 1076.01ms | tok/sec: 7,613 | mfu: 2.57 | epoch: 1 | total time: 7.66m
step 00483 (96.60%) | loss: 2.113477 | lrm: 0.11 | dt: 956.75ms | tok/sec: 8,562 | mfu: 2.89 | epoch: 1 | total time: 7.68m
step 00484 (96.80%) | loss: 2.103468 | lrm: 0.11 | dt: 957.34ms | tok/sec: 8,557 | mfu: 2.89 | epoch: 1 | total time: 7.69m
step 00485 (97.00%) | loss: 2.083286 | lrm: 0.10 | dt: 952.45ms | tok/sec: 8,600 | mfu: 2.90 | epoch: 1 | total time: 7.71m
step 00486 (97.20%) | loss: 2.067249 | lrm: 0.09 | dt: 949.62ms | tok/sec: 8,626 | mfu: 2.91 | epoch: 1 | total time: 7.73m
step 00487 (97.40%) | loss: 2.068451 | lrm: 0.09 | dt: 945.59ms | tok/sec: 8,663 | mfu: 2.92 | epoch: 1 | total time: 7.74m
step 00488 (97.60%) | loss: 2.066396 | lrm: 0.08 | dt: 1048.66ms | tok/sec: 7,811 | mfu: 2.64 | epoch: 1 | total time: 7.76m
step 00489 (97.80%) | loss: 2.065701 | lrm: 0.07 | dt: 947.97ms | tok/sec: 8,641 | mfu: 2.92 | epoch: 1 | total time: 7.77m
step 00490 (98.00%) | loss: 2.086021 | lrm: 0.07 | dt: 1759.83ms | tok/sec: 4,654 | mfu: 1.57 | epoch: 1 | total time: 7.80m
step 00491 (98.20%) | loss: 2.092115 | lrm: 0.06 | dt: 954.59ms | tok/sec: 8,581 | mfu: 2.90 | epoch: 1 | total time: 7.82m
step 00492 (98.40%) | loss: 2.102471 | lrm: 0.05 | dt: 951.09ms | tok/sec: 8,613 | mfu: 2.91 | epoch: 1 | total time: 7.84m
step 00493 (98.60%) | loss: 2.085487 | lrm: 0.05 | dt: 951.79ms | tok/sec: 8,606 | mfu: 2.90 | epoch: 1 | total time: 7.85m
step 00494 (98.80%) | loss: 2.065455 | lrm: 0.04 | dt: 1073.42ms | tok/sec: 7,631 | mfu: 2.58 | epoch: 1 | total time: 7.87m
step 00495 (99.00%) | loss: 2.076492 | lrm: 0.03 | dt: 717.46ms | tok/sec: 11,418 | mfu: 3.85 | epoch: 1 | total time: 7.88m
step 00496 (99.20%) | loss: 2.066745 | lrm: 0.03 | dt: 952.74ms | tok/sec: 8,598 | mfu: 2.90 | epoch: 1 | total time: 7.90m
step 00497 (99.40%) | loss: 2.106205 | lrm: 0.02 | dt: 957.37ms | tok/sec: 8,556 | mfu: 2.89 | epoch: 1 | total time: 7.91m
step 00498 (99.60%) | loss: 2.111351 | lrm: 0.01 | dt: 951.74ms | tok/sec: 8,607 | mfu: 2.90 | epoch: 1 | total time: 7.93m
step 00499 (99.80%) | loss: 2.107664 | lrm: 0.01 | dt: 953.60ms | tok/sec: 8,590 | mfu: 2.90 | epoch: 1 | total time: 7.94m
step 00500 (100.00%) | loss: 2.082483 | lrm: 0.00 | dt: 953.34ms | tok/sec: 8,592 | mfu: 2.90 | epoch: 1 | total time: 7.96m
Step 00500 | Validation bpb: 0.6470
2026-03-27 20:20:08,922 - nanochat.checkpoint_manager - [32m[1mINFO[0m - Saved model parameters to: /home/sun0115/.cache/nanochat/chatsft_checkpoints/d24_r32_lora_maxoom_2026-03-27_2007_s2048_gc/best/model_000500.pt
2026-03-27 20:20:08,922 - nanochat.checkpoint_manager - [32m[1mINFO[0m - Saved metadata to: /home/sun0115/.cache/nanochat/chatsft_checkpoints/d24_r32_lora_maxoom_2026-03-27_2007_s2048_gc/best/meta_000500.json
Saved best checkpoint at step 500 (val_bpb=0.6470)
Rotated old best checkpoint: step 000250
Saved LoRA adapter weights to /home/sun0115/.cache/nanochat/chatsft_checkpoints/d24_r32_lora_maxoom_2026-03-27_2007_s2048_gc/lora_adapter_000500.pt
Merging LoRA weights into base model for checkpoint...
2026-03-27 20:20:11,837 - nanochat.checkpoint_manager - [32m[1mINFO[0m - Saved model parameters to: /home/sun0115/.cache/nanochat/chatsft_checkpoints/d24_r32_lora_maxoom_2026-03-27_2007_s2048_gc/model_000500.pt
2026-03-27 20:20:11,838 - nanochat.checkpoint_manager - [32m[1mINFO[0m - Saved metadata to: /home/sun0115/.cache/nanochat/chatsft_checkpoints/d24_r32_lora_maxoom_2026-03-27_2007_s2048_gc/meta_000500.json
Peak memory usage: 8032.01MiB
Total training time: 7.96m
Minimum validation bpb: 0.6470
wandb: updating run metadata
wandb: uploading output.log; uploading wandb-summary.json; uploading config.yaml
wandb: uploading history steps 60-60, summary, console lines 554-564
wandb: 
wandb: Run history:
wandb:                 step ▁▁▁▂▂▂▂▂▃▃▃▃▃▃▃▄▄▄▄▄▅▅▅▅▅▅▆▆▆▇▇▇▇▇▇▇████
wandb: total_training_flops ▁▁▁▁▂▂▂▂▂▂▃▃▃▃▃▄▄▄▄▄▅▅▅▅▅▅▆▆▆▆▆▆▇▇▇▇▇▇██
wandb:  total_training_time ▁▁▁▁▂▂▂▂▃▃▃▃▃▃▄▄▄▄▄▅▅▅▅▅▅▆▆▆▆▆▆▆▇▇▇▇▇███
wandb:             train/dt ▄▄▃▁▄▄▄▄█▄▄▄▄▄▂▄▄▄▄▄▂▄▄▄▄▄▄▄▃▄▄▄▄▄▂▄▄▄▄█
wandb:          train/epoch ▁▁▁▁▁▁▁▁▁▁▁▁▁▁▁▁▁▁▁▁▁▁▁▁▁▁▁▁▁▁▁▁▁▁▁▁▁▁▁▁
wandb:           train/loss ▅▅█▆▆▅▅▅▅▅▄▃▅▄▄▁▃▄▄▄▃▄▃▃▃▄▄▃▄▃▃▂▃▃▂▃▂▄▄▃
wandb:            train/lrm ▂▂▃▄▅▆▇▇██████████████████████▇▆▆▅▅▄▃▃▂▁
wandb:            train/mfu ▃▃▃█▃▃▃▃▃▁▃▃▃▃▃▃▃▃▃▃▅▃▃▃▃▃▃▃▄▃▃▃▃▃▅▃▃▃▃▃
wandb:    train/tok_per_sec ▃▃▃█▃▃▃▃▃▁▃▃▃▃▃▃▃▃▃▃▃▅▃▃▃▃▃▃▃▄▅▃▃▃▃▃▃▃▃▁
wandb:              val/bpb █▆▄▃▂▂▂▁▁▁▁
wandb: 
wandb: Run summary:
wandb:                 step 500
wandb: total_training_flops 13669355225088000
wandb:  total_training_time 477.62735
wandb:             train/dt 0.95334
wandb:          train/epoch 1
wandb:           train/loss 2.08248
wandb:            train/lrm 0
wandb:            train/mfu 2.89957
wandb:    train/tok_per_sec 8592
wandb:              val/bpb 0.64698
wandb: 
wandb: 🚀 View run d24_r32_lora_maxoom_2026-03-27_2007_s2048_gc at: https://wandb.ai/sunshines-gmail-com/nanochat-sft/runs/fjjf701n
wandb: ⭐️ View project at: https://wandb.ai/sunshines-gmail-com/nanochat-sft
wandb: Synced 5 W&B file(s), 0 media file(s), 0 artifact file(s) and 0 other file(s)
wandb: Find logs at: ./wandb/run-20260327_200733-fjjf701n/logs
