2026-03-20 12:19:59,485 - nanochat.common - [32m[1mINFO[0m - Distributed world size: 1
wandb: [wandb.login()] Loaded credentials for https://api.wandb.ai from /home/sun0115/.netrc.
wandb: Currently logged in as: sunshines (sunshines-gmail-com) to https://api.wandb.ai. Use `wandb login --relogin` to force relogin
wandb: setting up run wc4leqbs
wandb: Tracking run with wandb version 0.24.2
wandb: Run data is saved locally in /home/sun0115/nanochat-learn/nanochat/wandb/run-20260320_121959-wc4leqbs
wandb: Run `wandb offline` to turn off syncing.
wandb: Syncing run d24_sft_recovery_2026-03-20_1216_s1536gc_lr3e5
wandb: ⭐️ View project at https://wandb.ai/sunshines-gmail-com/nanochat-sft
wandb: 🚀 View run at https://wandb.ai/sunshines-gmail-com/nanochat-sft/runs/wc4leqbs
2026-03-20 12:20:01,458 - nanochat.checkpoint_manager - [32m[1mINFO[0m - Loading model from /home/sun0115/.cache/nanochat/base_checkpoints/d24_asp48_track with step 820230
2026-03-20 12:20:02,398 - nanochat.checkpoint_manager - [32m[1mINFO[0m - Building model with config: {'sequence_len': 2048, 'vocab_size': 32768, 'n_layer': 24, 'n_head': 9, 'n_kv_head': 9, 'n_embd': 1152, 'window_pattern': 'L'}
Gradient checkpointing enabled (activation recomputation in backward)
Skipping torch.compile in LoRA mode for stability
LoRA enabled: rank=64, alpha=128.0
Applied LoRA to 120 layers
Trainable params: 23,003,136 / 933,694,896 (2.46%)
Skipping torch.compile in LoRA mode for stability
Tokens / micro-batch / rank: 1 x 1536 = 1,536
Tokens / micro-batch: 1,536
Total batch size 7,680 => gradient accumulation steps: 5
Using AdamW optimizer for LoRA params with lr=3e-05
Step 00000 | Validation bpb: 0.7434
step 00001 (0.33%) | loss: 1.045844 | lrm: 0.02 | dt: 1091.32ms | tok/sec: 7,037 | mfu: 2.37 | epoch: 1 | total time: 0.00m
step 00002 (0.67%) | loss: 1.382618 | lrm: 0.03 | dt: 1022.97ms | tok/sec: 7,507 | mfu: 2.53 | epoch: 1 | total time: 0.00m
step 00003 (1.00%) | loss: 1.762972 | lrm: 0.05 | dt: 733.83ms | tok/sec: 10,465 | mfu: 3.53 | epoch: 1 | total time: 0.00m
step 00004 (1.33%) | loss: 1.817725 | lrm: 0.07 | dt: 907.72ms | tok/sec: 8,460 | mfu: 2.85 | epoch: 1 | total time: 0.00m
step 00005 (1.67%) | loss: 1.891054 | lrm: 0.08 | dt: 910.30ms | tok/sec: 8,436 | mfu: 2.85 | epoch: 1 | total time: 0.00m
step 00006 (2.00%) | loss: 1.969682 | lrm: 0.10 | dt: 913.71ms | tok/sec: 8,405 | mfu: 2.84 | epoch: 1 | total time: 0.00m
step 00007 (2.33%) | loss: 2.006197 | lrm: 0.12 | dt: 1021.41ms | tok/sec: 7,519 | mfu: 2.54 | epoch: 1 | total time: 0.00m
step 00008 (2.67%) | loss: 2.004066 | lrm: 0.13 | dt: 729.40ms | tok/sec: 10,529 | mfu: 3.55 | epoch: 1 | total time: 0.00m
step 00009 (3.00%) | loss: 2.017229 | lrm: 0.15 | dt: 910.50ms | tok/sec: 8,434 | mfu: 2.85 | epoch: 1 | total time: 0.00m
step 00010 (3.33%) | loss: 2.241577 | lrm: 0.17 | dt: 911.11ms | tok/sec: 8,429 | mfu: 2.84 | epoch: 1 | total time: 0.00m
step 00011 (3.67%) | loss: 2.257495 | lrm: 0.18 | dt: 914.87ms | tok/sec: 8,394 | mfu: 2.83 | epoch: 1 | total time: 0.02m
step 00012 (4.00%) | loss: 2.314907 | lrm: 0.20 | dt: 1026.67ms | tok/sec: 7,480 | mfu: 2.52 | epoch: 1 | total time: 0.03m
step 00013 (4.33%) | loss: 2.367339 | lrm: 0.22 | dt: 912.21ms | tok/sec: 8,419 | mfu: 2.84 | epoch: 1 | total time: 0.05m
step 00014 (4.67%) | loss: 2.371201 | lrm: 0.23 | dt: 910.90ms | tok/sec: 8,431 | mfu: 2.84 | epoch: 1 | total time: 0.06m
step 00015 (5.00%) | loss: 2.373608 | lrm: 0.25 | dt: 911.10ms | tok/sec: 8,429 | mfu: 2.84 | epoch: 1 | total time: 0.08m
step 00016 (5.33%) | loss: 2.363976 | lrm: 0.27 | dt: 911.18ms | tok/sec: 8,428 | mfu: 2.84 | epoch: 1 | total time: 0.09m
step 00017 (5.67%) | loss: 2.363357 | lrm: 0.28 | dt: 1024.14ms | tok/sec: 7,498 | mfu: 2.53 | epoch: 1 | total time: 0.11m
step 00018 (6.00%) | loss: 2.336281 | lrm: 0.30 | dt: 911.80ms | tok/sec: 8,422 | mfu: 2.84 | epoch: 1 | total time: 0.13m
step 00019 (6.33%) | loss: 2.351518 | lrm: 0.32 | dt: 915.21ms | tok/sec: 8,391 | mfu: 2.83 | epoch: 1 | total time: 0.14m
step 00020 (6.67%) | loss: 2.318543 | lrm: 0.33 | dt: 911.17ms | tok/sec: 8,428 | mfu: 2.84 | epoch: 1 | total time: 0.16m
step 00021 (7.00%) | loss: 2.315786 | lrm: 0.35 | dt: 1025.17ms | tok/sec: 7,491 | mfu: 2.53 | epoch: 1 | total time: 0.17m
step 00022 (7.33%) | loss: 2.338024 | lrm: 0.37 | dt: 908.66ms | tok/sec: 8,451 | mfu: 2.85 | epoch: 1 | total time: 0.19m
step 00023 (7.67%) | loss: 2.341053 | lrm: 0.38 | dt: 913.27ms | tok/sec: 8,409 | mfu: 2.84 | epoch: 1 | total time: 0.20m
step 00024 (8.00%) | loss: 2.319481 | lrm: 0.40 | dt: 909.71ms | tok/sec: 8,442 | mfu: 2.85 | epoch: 1 | total time: 0.22m
step 00025 (8.33%) | loss: 2.340054 | lrm: 0.42 | dt: 911.41ms | tok/sec: 8,426 | mfu: 2.84 | epoch: 1 | total time: 0.23m
step 00026 (8.67%) | loss: 2.403322 | lrm: 0.43 | dt: 1029.83ms | tok/sec: 7,457 | mfu: 2.52 | epoch: 1 | total time: 0.25m
step 00027 (9.00%) | loss: 2.454493 | lrm: 0.45 | dt: 909.56ms | tok/sec: 8,443 | mfu: 2.85 | epoch: 1 | total time: 0.27m
step 00028 (9.33%) | loss: 2.417529 | lrm: 0.47 | dt: 913.38ms | tok/sec: 8,408 | mfu: 2.84 | epoch: 1 | total time: 0.28m
step 00029 (9.67%) | loss: 2.413283 | lrm: 0.48 | dt: 920.75ms | tok/sec: 8,341 | mfu: 2.81 | epoch: 1 | total time: 0.30m
step 00030 (10.00%) | loss: 2.424037 | lrm: 0.50 | dt: 907.00ms | tok/sec: 8,467 | mfu: 2.86 | epoch: 1 | total time: 0.31m
step 00031 (10.33%) | loss: 2.397204 | lrm: 0.52 | dt: 1046.68ms | tok/sec: 7,337 | mfu: 2.48 | epoch: 1 | total time: 0.33m
step 00032 (10.67%) | loss: 2.458476 | lrm: 0.53 | dt: 910.23ms | tok/sec: 8,437 | mfu: 2.85 | epoch: 1 | total time: 0.34m
step 00033 (11.00%) | loss: 2.472879 | lrm: 0.55 | dt: 908.49ms | tok/sec: 8,453 | mfu: 2.85 | epoch: 1 | total time: 0.36m
step 00034 (11.33%) | loss: 2.457278 | lrm: 0.57 | dt: 733.89ms | tok/sec: 10,464 | mfu: 3.53 | epoch: 1 | total time: 0.37m
step 00035 (11.67%) | loss: 2.404954 | lrm: 0.58 | dt: 911.02ms | tok/sec: 8,430 | mfu: 2.84 | epoch: 1 | total time: 0.39m
step 00036 (12.00%) | loss: 2.399888 | lrm: 0.60 | dt: 1023.67ms | tok/sec: 7,502 | mfu: 2.53 | epoch: 1 | total time: 0.40m
step 00037 (12.33%) | loss: 2.368637 | lrm: 0.62 | dt: 907.98ms | tok/sec: 8,458 | mfu: 2.85 | epoch: 1 | total time: 0.42m
step 00038 (12.67%) | loss: 2.356799 | lrm: 0.63 | dt: 909.97ms | tok/sec: 8,439 | mfu: 2.85 | epoch: 1 | total time: 0.43m
step 00039 (13.00%) | loss: 2.372365 | lrm: 0.65 | dt: 910.79ms | tok/sec: 8,432 | mfu: 2.85 | epoch: 1 | total time: 0.45m
step 00040 (13.33%) | loss: 2.410923 | lrm: 0.67 | dt: 910.54ms | tok/sec: 8,434 | mfu: 2.85 | epoch: 1 | total time: 0.46m
step 00041 (13.67%) | loss: 2.407599 | lrm: 0.68 | dt: 843.49ms | tok/sec: 9,104 | mfu: 3.07 | epoch: 1 | total time: 0.48m
step 00042 (14.00%) | loss: 2.370052 | lrm: 0.70 | dt: 732.49ms | tok/sec: 10,484 | mfu: 3.54 | epoch: 1 | total time: 0.49m
step 00043 (14.33%) | loss: 2.368028 | lrm: 0.72 | dt: 917.91ms | tok/sec: 8,366 | mfu: 2.82 | epoch: 1 | total time: 0.51m
step 00044 (14.67%) | loss: 2.351238 | lrm: 0.73 | dt: 919.21ms | tok/sec: 8,354 | mfu: 2.82 | epoch: 1 | total time: 0.52m
step 00045 (15.00%) | loss: 2.356663 | lrm: 0.75 | dt: 915.10ms | tok/sec: 8,392 | mfu: 2.83 | epoch: 1 | total time: 0.54m
step 00046 (15.33%) | loss: 2.286905 | lrm: 0.77 | dt: 1018.46ms | tok/sec: 7,540 | mfu: 2.54 | epoch: 1 | total time: 0.55m
step 00047 (15.67%) | loss: 2.276128 | lrm: 0.78 | dt: 922.24ms | tok/sec: 8,327 | mfu: 2.81 | epoch: 1 | total time: 0.57m
step 00048 (16.00%) | loss: 2.263552 | lrm: 0.80 | dt: 911.03ms | tok/sec: 8,430 | mfu: 2.84 | epoch: 1 | total time: 0.58m
step 00049 (16.33%) | loss: 2.281572 | lrm: 0.82 | dt: 913.72ms | tok/sec: 8,405 | mfu: 2.84 | epoch: 1 | total time: 0.60m
step 00050 (16.67%) | loss: 2.298339 | lrm: 0.83 | dt: 913.47ms | tok/sec: 8,407 | mfu: 2.84 | epoch: 1 | total time: 0.61m
Step 00050 | Validation bpb: 0.7002
2026-03-20 12:21:42,067 - nanochat.checkpoint_manager - [32m[1mINFO[0m - Saved model parameters to: /home/sun0115/.cache/nanochat/chatsft_checkpoints/d24_sft_recovery_2026-03-20_1216_s1536gc_lr3e5/best/model_000050.pt
2026-03-20 12:21:42,068 - nanochat.checkpoint_manager - [32m[1mINFO[0m - Saved metadata to: /home/sun0115/.cache/nanochat/chatsft_checkpoints/d24_sft_recovery_2026-03-20_1216_s1536gc_lr3e5/best/meta_000050.json
Saved best checkpoint at step 50 (val_bpb=0.7002)
step 00051 (17.00%) | loss: 2.291721 | lrm: 0.85 | dt: 1091.84ms | tok/sec: 7,033 | mfu: 2.37 | epoch: 1 | total time: 0.63m
step 00052 (17.33%) | loss: 2.290583 | lrm: 0.87 | dt: 916.04ms | tok/sec: 8,383 | mfu: 2.83 | epoch: 1 | total time: 0.65m
step 00053 (17.67%) | loss: 2.333555 | lrm: 0.88 | dt: 912.25ms | tok/sec: 8,418 | mfu: 2.84 | epoch: 1 | total time: 0.66m
step 00054 (18.00%) | loss: 2.356886 | lrm: 0.90 | dt: 912.83ms | tok/sec: 8,413 | mfu: 2.84 | epoch: 1 | total time: 0.68m
step 00055 (18.33%) | loss: 2.378083 | lrm: 0.92 | dt: 1033.29ms | tok/sec: 7,432 | mfu: 2.51 | epoch: 1 | total time: 0.70m
step 00056 (18.67%) | loss: 2.307530 | lrm: 0.93 | dt: 912.61ms | tok/sec: 8,415 | mfu: 2.84 | epoch: 1 | total time: 0.71m
step 00057 (19.00%) | loss: 2.316804 | lrm: 0.95 | dt: 912.95ms | tok/sec: 8,412 | mfu: 2.84 | epoch: 1 | total time: 0.73m
step 00058 (19.33%) | loss: 2.312590 | lrm: 0.97 | dt: 920.33ms | tok/sec: 8,344 | mfu: 2.82 | epoch: 1 | total time: 0.74m
step 00059 (19.67%) | loss: 2.393269 | lrm: 0.98 | dt: 921.29ms | tok/sec: 8,336 | mfu: 2.81 | epoch: 1 | total time: 0.76m
step 00060 (20.00%) | loss: 2.389223 | lrm: 1.00 | dt: 1030.36ms | tok/sec: 7,453 | mfu: 2.52 | epoch: 1 | total time: 0.77m
step 00061 (20.33%) | loss: 2.391609 | lrm: 1.00 | dt: 733.45ms | tok/sec: 10,471 | mfu: 3.53 | epoch: 1 | total time: 0.79m
step 00062 (20.67%) | loss: 2.342209 | lrm: 1.00 | dt: 910.55ms | tok/sec: 8,434 | mfu: 2.85 | epoch: 1 | total time: 0.80m
step 00063 (21.00%) | loss: 2.361746 | lrm: 1.00 | dt: 914.16ms | tok/sec: 8,401 | mfu: 2.83 | epoch: 1 | total time: 0.82m
step 00064 (21.33%) | loss: 2.348057 | lrm: 1.00 | dt: 910.37ms | tok/sec: 8,436 | mfu: 2.85 | epoch: 1 | total time: 0.83m
step 00065 (21.67%) | loss: 2.340883 | lrm: 1.00 | dt: 1027.45ms | tok/sec: 7,474 | mfu: 2.52 | epoch: 1 | total time: 0.85m
step 00066 (22.00%) | loss: 2.351960 | lrm: 1.00 | dt: 964.56ms | tok/sec: 7,962 | mfu: 2.69 | epoch: 1 | total time: 0.87m
step 00067 (22.33%) | loss: 2.341303 | lrm: 1.00 | dt: 1013.13ms | tok/sec: 7,580 | mfu: 2.56 | epoch: 1 | total time: 0.88m
step 00068 (22.67%) | loss: 2.272174 | lrm: 1.00 | dt: 964.16ms | tok/sec: 7,965 | mfu: 2.69 | epoch: 1 | total time: 0.90m
step 00069 (23.00%) | loss: 2.265891 | lrm: 1.00 | dt: 990.67ms | tok/sec: 7,752 | mfu: 2.62 | epoch: 1 | total time: 0.91m
step 00070 (23.33%) | loss: 2.193133 | lrm: 1.00 | dt: 1100.85ms | tok/sec: 6,976 | mfu: 2.35 | epoch: 1 | total time: 0.93m
step 00071 (23.67%) | loss: 2.220703 | lrm: 1.00 | dt: 805.77ms | tok/sec: 9,531 | mfu: 3.22 | epoch: 1 | total time: 0.95m
step 00072 (24.00%) | loss: 2.197712 | lrm: 1.00 | dt: 960.68ms | tok/sec: 7,994 | mfu: 2.70 | epoch: 1 | total time: 0.96m
step 00073 (24.33%) | loss: 2.351649 | lrm: 1.00 | dt: 960.60ms | tok/sec: 7,995 | mfu: 2.70 | epoch: 1 | total time: 0.98m
step 00074 (24.67%) | loss: 2.308636 | lrm: 1.00 | dt: 949.39ms | tok/sec: 8,089 | mfu: 2.73 | epoch: 1 | total time: 0.99m
step 00075 (25.00%) | loss: 2.294233 | lrm: 1.00 | dt: 941.04ms | tok/sec: 8,161 | mfu: 2.75 | epoch: 1 | total time: 1.01m
step 00076 (25.33%) | loss: 2.277026 | lrm: 1.00 | dt: 1076.65ms | tok/sec: 7,133 | mfu: 2.41 | epoch: 1 | total time: 1.03m
step 00077 (25.67%) | loss: 2.263645 | lrm: 1.00 | dt: 967.79ms | tok/sec: 7,935 | mfu: 2.68 | epoch: 1 | total time: 1.04m
step 00078 (26.00%) | loss: 2.212449 | lrm: 1.00 | dt: 968.57ms | tok/sec: 7,929 | mfu: 2.68 | epoch: 1 | total time: 1.06m
step 00079 (26.33%) | loss: 2.215897 | lrm: 1.00 | dt: 951.56ms | tok/sec: 8,070 | mfu: 2.72 | epoch: 1 | total time: 1.08m
step 00080 (26.67%) | loss: 2.179860 | lrm: 1.00 | dt: 952.69ms | tok/sec: 8,061 | mfu: 2.72 | epoch: 1 | total time: 1.09m
step 00081 (27.00%) | loss: 2.149489 | lrm: 1.00 | dt: 1058.73ms | tok/sec: 7,253 | mfu: 2.45 | epoch: 1 | total time: 1.11m
step 00082 (27.33%) | loss: 2.163882 | lrm: 1.00 | dt: 934.98ms | tok/sec: 8,214 | mfu: 2.77 | epoch: 1 | total time: 1.12m
step 00083 (27.67%) | loss: 2.159947 | lrm: 1.00 | dt: 980.89ms | tok/sec: 7,829 | mfu: 2.64 | epoch: 1 | total time: 1.14m
step 00084 (28.00%) | loss: 2.162376 | lrm: 1.00 | dt: 955.55ms | tok/sec: 8,037 | mfu: 2.71 | epoch: 1 | total time: 1.16m
step 00085 (28.33%) | loss: 2.172744 | lrm: 1.00 | dt: 909.90ms | tok/sec: 8,440 | mfu: 2.85 | epoch: 1 | total time: 1.17m
step 00086 (28.67%) | loss: 2.160278 | lrm: 1.00 | dt: 1027.62ms | tok/sec: 7,473 | mfu: 2.52 | epoch: 1 | total time: 1.19m
step 00087 (29.00%) | loss: 2.113093 | lrm: 1.00 | dt: 994.41ms | tok/sec: 7,723 | mfu: 2.61 | epoch: 1 | total time: 1.21m
step 00088 (29.33%) | loss: 2.117151 | lrm: 1.00 | dt: 992.32ms | tok/sec: 7,739 | mfu: 2.61 | epoch: 1 | total time: 1.22m
step 00089 (29.67%) | loss: 2.170378 | lrm: 1.00 | dt: 927.95ms | tok/sec: 8,276 | mfu: 2.79 | epoch: 1 | total time: 1.24m
step 00090 (30.00%) | loss: 2.143502 | lrm: 1.00 | dt: 919.33ms | tok/sec: 8,353 | mfu: 2.82 | epoch: 1 | total time: 1.25m
step 00091 (30.33%) | loss: 2.141702 | lrm: 1.00 | dt: 906.79ms | tok/sec: 8,469 | mfu: 2.86 | epoch: 1 | total time: 1.27m
step 00092 (30.67%) | loss: 2.091914 | lrm: 1.00 | dt: 779.96ms | tok/sec: 9,846 | mfu: 3.32 | epoch: 1 | total time: 1.28m
step 00093 (31.00%) | loss: 2.054787 | lrm: 1.00 | dt: 738.71ms | tok/sec: 10,396 | mfu: 3.51 | epoch: 1 | total time: 1.29m
step 00094 (31.33%) | loss: 2.051641 | lrm: 1.00 | dt: 948.37ms | tok/sec: 8,098 | mfu: 2.73 | epoch: 1 | total time: 1.31m
step 00095 (31.67%) | loss: 2.052559 | lrm: 1.00 | dt: 1000.23ms | tok/sec: 7,678 | mfu: 2.59 | epoch: 1 | total time: 1.33m
step 00096 (32.00%) | loss: 2.070170 | lrm: 1.00 | dt: 1066.91ms | tok/sec: 7,198 | mfu: 2.43 | epoch: 1 | total time: 1.34m
step 00097 (32.33%) | loss: 2.015459 | lrm: 1.00 | dt: 976.95ms | tok/sec: 7,861 | mfu: 2.65 | epoch: 1 | total time: 1.36m
step 00098 (32.67%) | loss: 1.973468 | lrm: 1.00 | dt: 941.69ms | tok/sec: 8,155 | mfu: 2.75 | epoch: 1 | total time: 1.38m
step 00099 (33.00%) | loss: 1.985711 | lrm: 1.00 | dt: 956.72ms | tok/sec: 8,027 | mfu: 2.71 | epoch: 1 | total time: 1.39m
step 00100 (33.33%) | loss: 1.983506 | lrm: 1.00 | dt: 968.49ms | tok/sec: 7,929 | mfu: 2.68 | epoch: 1 | total time: 1.41m
Step 00100 | Validation bpb: 0.6792
2026-03-20 12:22:52,274 - nanochat.checkpoint_manager - [32m[1mINFO[0m - Saved model parameters to: /home/sun0115/.cache/nanochat/chatsft_checkpoints/d24_sft_recovery_2026-03-20_1216_s1536gc_lr3e5/best/model_000100.pt
2026-03-20 12:22:52,275 - nanochat.checkpoint_manager - [32m[1mINFO[0m - Saved metadata to: /home/sun0115/.cache/nanochat/chatsft_checkpoints/d24_sft_recovery_2026-03-20_1216_s1536gc_lr3e5/best/meta_000100.json
Saved best checkpoint at step 100 (val_bpb=0.6792)
step 00101 (33.67%) | loss: 1.965119 | lrm: 1.00 | dt: 1147.15ms | tok/sec: 6,694 | mfu: 2.26 | epoch: 1 | total time: 1.43m
step 00102 (34.00%) | loss: 1.986851 | lrm: 1.00 | dt: 962.76ms | tok/sec: 7,977 | mfu: 2.69 | epoch: 1 | total time: 1.44m
step 00103 (34.33%) | loss: 1.984987 | lrm: 1.00 | dt: 959.04ms | tok/sec: 8,008 | mfu: 2.70 | epoch: 1 | total time: 1.46m
step 00104 (34.67%) | loss: 1.980844 | lrm: 1.00 | dt: 961.75ms | tok/sec: 7,985 | mfu: 2.69 | epoch: 1 | total time: 1.48m
step 00105 (35.00%) | loss: 1.980363 | lrm: 1.00 | dt: 1065.21ms | tok/sec: 7,209 | mfu: 2.43 | epoch: 1 | total time: 1.49m
step 00106 (35.33%) | loss: 2.024561 | lrm: 1.00 | dt: 935.11ms | tok/sec: 8,212 | mfu: 2.77 | epoch: 1 | total time: 1.51m
step 00107 (35.67%) | loss: 2.045593 | lrm: 1.00 | dt: 946.84ms | tok/sec: 8,111 | mfu: 2.74 | epoch: 1 | total time: 1.52m
step 00108 (36.00%) | loss: 2.030888 | lrm: 1.00 | dt: 946.03ms | tok/sec: 8,118 | mfu: 2.74 | epoch: 1 | total time: 1.54m
step 00109 (36.33%) | loss: 2.011896 | lrm: 1.00 | dt: 965.55ms | tok/sec: 7,954 | mfu: 2.68 | epoch: 1 | total time: 1.56m
step 00110 (36.67%) | loss: 2.012714 | lrm: 1.00 | dt: 1139.68ms | tok/sec: 6,738 | mfu: 2.27 | epoch: 1 | total time: 1.58m
step 00111 (37.00%) | loss: 2.052718 | lrm: 1.00 | dt: 954.21ms | tok/sec: 8,048 | mfu: 2.72 | epoch: 1 | total time: 1.59m
step 00112 (37.33%) | loss: 2.038034 | lrm: 1.00 | dt: 993.39ms | tok/sec: 7,731 | mfu: 2.61 | epoch: 1 | total time: 1.61m
step 00113 (37.67%) | loss: 2.071928 | lrm: 1.00 | dt: 953.12ms | tok/sec: 8,057 | mfu: 2.72 | epoch: 1 | total time: 1.62m
step 00114 (38.00%) | loss: 2.063061 | lrm: 1.00 | dt: 960.62ms | tok/sec: 7,994 | mfu: 2.70 | epoch: 1 | total time: 1.64m
step 00115 (38.33%) | loss: 2.105815 | lrm: 1.00 | dt: 1057.52ms | tok/sec: 7,262 | mfu: 2.45 | epoch: 1 | total time: 1.66m
step 00116 (38.67%) | loss: 2.133139 | lrm: 1.00 | dt: 969.86ms | tok/sec: 7,918 | mfu: 2.67 | epoch: 1 | total time: 1.67m
step 00117 (39.00%) | loss: 2.095479 | lrm: 1.00 | dt: 959.53ms | tok/sec: 8,003 | mfu: 2.70 | epoch: 1 | total time: 1.69m
step 00118 (39.33%) | loss: 2.145975 | lrm: 1.00 | dt: 974.63ms | tok/sec: 7,879 | mfu: 2.66 | epoch: 1 | total time: 1.71m
step 00119 (39.67%) | loss: 2.113435 | lrm: 1.00 | dt: 917.83ms | tok/sec: 8,367 | mfu: 2.82 | epoch: 1 | total time: 1.72m
step 00120 (40.00%) | loss: 2.080692 | lrm: 1.00 | dt: 1082.94ms | tok/sec: 7,091 | mfu: 2.39 | epoch: 1 | total time: 1.74m
step 00121 (40.33%) | loss: 2.121266 | lrm: 1.00 | dt: 935.20ms | tok/sec: 8,212 | mfu: 2.77 | epoch: 1 | total time: 1.75m
step 00122 (40.67%) | loss: 2.118175 | lrm: 1.00 | dt: 977.52ms | tok/sec: 7,856 | mfu: 2.65 | epoch: 1 | total time: 1.77m
step 00123 (41.00%) | loss: 2.090205 | lrm: 1.00 | dt: 944.37ms | tok/sec: 8,132 | mfu: 2.74 | epoch: 1 | total time: 1.79m
step 00124 (41.33%) | loss: 2.058305 | lrm: 1.00 | dt: 915.93ms | tok/sec: 8,384 | mfu: 2.83 | epoch: 1 | total time: 1.80m
step 00125 (41.67%) | loss: 2.062984 | lrm: 1.00 | dt: 860.38ms | tok/sec: 8,926 | mfu: 3.01 | epoch: 1 | total time: 1.82m
step 00126 (42.00%) | loss: 2.039852 | lrm: 1.00 | dt: 997.43ms | tok/sec: 7,699 | mfu: 2.60 | epoch: 1 | total time: 1.83m
step 00127 (42.33%) | loss: 2.076566 | lrm: 1.00 | dt: 983.77ms | tok/sec: 7,806 | mfu: 2.63 | epoch: 1 | total time: 1.85m
step 00128 (42.67%) | loss: 2.138490 | lrm: 1.00 | dt: 978.98ms | tok/sec: 7,844 | mfu: 2.65 | epoch: 1 | total time: 1.87m
step 00129 (43.00%) | loss: 2.114443 | lrm: 1.00 | dt: 978.85ms | tok/sec: 7,845 | mfu: 2.65 | epoch: 1 | total time: 1.88m
step 00130 (43.33%) | loss: 2.012223 | lrm: 1.00 | dt: 779.27ms | tok/sec: 9,855 | mfu: 3.33 | epoch: 1 | total time: 1.89m
step 00131 (43.67%) | loss: 1.975601 | lrm: 1.00 | dt: 1106.60ms | tok/sec: 6,940 | mfu: 2.34 | epoch: 1 | total time: 1.91m
step 00132 (44.00%) | loss: 1.969288 | lrm: 1.00 | dt: 990.48ms | tok/sec: 7,753 | mfu: 2.62 | epoch: 1 | total time: 1.93m
step 00133 (44.33%) | loss: 1.983092 | lrm: 1.00 | dt: 1002.04ms | tok/sec: 7,664 | mfu: 2.59 | epoch: 1 | total time: 1.95m
step 00134 (44.67%) | loss: 1.968577 | lrm: 1.00 | dt: 937.11ms | tok/sec: 8,195 | mfu: 2.77 | epoch: 1 | total time: 1.96m
step 00135 (45.00%) | loss: 1.986383 | lrm: 1.00 | dt: 950.27ms | tok/sec: 8,081 | mfu: 2.73 | epoch: 1 | total time: 1.98m
step 00136 (45.33%) | loss: 1.962267 | lrm: 1.00 | dt: 1031.33ms | tok/sec: 7,446 | mfu: 2.51 | epoch: 1 | total time: 2.00m
step 00137 (45.67%) | loss: 1.955000 | lrm: 1.00 | dt: 914.01ms | tok/sec: 8,402 | mfu: 2.84 | epoch: 1 | total time: 2.01m
step 00138 (46.00%) | loss: 1.962856 | lrm: 1.00 | dt: 913.24ms | tok/sec: 8,409 | mfu: 2.84 | epoch: 1 | total time: 2.03m
step 00139 (46.33%) | loss: 1.963599 | lrm: 1.00 | dt: 916.07ms | tok/sec: 8,383 | mfu: 2.83 | epoch: 1 | total time: 2.04m
step 00140 (46.67%) | loss: 1.940841 | lrm: 1.00 | dt: 915.26ms | tok/sec: 8,391 | mfu: 2.83 | epoch: 1 | total time: 2.06m
step 00141 (47.00%) | loss: 1.954464 | lrm: 1.00 | dt: 844.94ms | tok/sec: 9,089 | mfu: 3.07 | epoch: 1 | total time: 2.07m
step 00142 (47.33%) | loss: 1.972372 | lrm: 1.00 | dt: 736.24ms | tok/sec: 10,431 | mfu: 3.52 | epoch: 1 | total time: 2.08m
step 00143 (47.67%) | loss: 1.932546 | lrm: 1.00 | dt: 913.22ms | tok/sec: 8,409 | mfu: 2.84 | epoch: 1 | total time: 2.10m
step 00144 (48.00%) | loss: 1.928126 | lrm: 1.00 | dt: 915.10ms | tok/sec: 8,392 | mfu: 2.83 | epoch: 1 | total time: 2.11m
step 00145 (48.33%) | loss: 1.957454 | lrm: 1.00 | dt: 912.43ms | tok/sec: 8,417 | mfu: 2.84 | epoch: 1 | total time: 2.13m
step 00146 (48.67%) | loss: 1.942638 | lrm: 1.00 | dt: 1025.26ms | tok/sec: 7,490 | mfu: 2.53 | epoch: 1 | total time: 2.15m
step 00147 (49.00%) | loss: 2.002185 | lrm: 1.00 | dt: 910.39ms | tok/sec: 8,435 | mfu: 2.85 | epoch: 1 | total time: 2.16m
step 00148 (49.33%) | loss: 2.028491 | lrm: 1.00 | dt: 914.13ms | tok/sec: 8,401 | mfu: 2.83 | epoch: 1 | total time: 2.18m
step 00149 (49.67%) | loss: 2.038971 | lrm: 1.00 | dt: 915.30ms | tok/sec: 8,390 | mfu: 2.83 | epoch: 1 | total time: 2.19m
step 00150 (50.00%) | loss: 2.025286 | lrm: 1.00 | dt: 914.61ms | tok/sec: 8,397 | mfu: 2.83 | epoch: 1 | total time: 2.21m
Step 00150 | Validation bpb: 0.6688
2026-03-20 12:24:02,632 - nanochat.checkpoint_manager - [32m[1mINFO[0m - Saved model parameters to: /home/sun0115/.cache/nanochat/chatsft_checkpoints/d24_sft_recovery_2026-03-20_1216_s1536gc_lr3e5/best/model_000150.pt
2026-03-20 12:24:02,632 - nanochat.checkpoint_manager - [32m[1mINFO[0m - Saved metadata to: /home/sun0115/.cache/nanochat/chatsft_checkpoints/d24_sft_recovery_2026-03-20_1216_s1536gc_lr3e5/best/meta_000150.json
Saved best checkpoint at step 150 (val_bpb=0.6688)
step 00151 (50.33%) | loss: 2.015654 | lrm: 1.00 | dt: 1132.61ms | tok/sec: 6,780 | mfu: 2.29 | epoch: 1 | total time: 2.23m
step 00152 (50.67%) | loss: 1.986796 | lrm: 1.00 | dt: 915.25ms | tok/sec: 8,391 | mfu: 2.83 | epoch: 1 | total time: 2.24m
step 00153 (51.00%) | loss: 1.979408 | lrm: 1.00 | dt: 915.09ms | tok/sec: 8,392 | mfu: 2.83 | epoch: 1 | total time: 2.26m
step 00154 (51.33%) | loss: 2.016483 | lrm: 1.00 | dt: 914.04ms | tok/sec: 8,402 | mfu: 2.84 | epoch: 1 | total time: 2.27m
step 00155 (51.67%) | loss: 2.003580 | lrm: 1.00 | dt: 850.52ms | tok/sec: 9,029 | mfu: 3.05 | epoch: 1 | total time: 2.29m
step 00156 (52.00%) | loss: 2.002625 | lrm: 1.00 | dt: 735.85ms | tok/sec: 10,436 | mfu: 3.52 | epoch: 1 | total time: 2.30m
step 00157 (52.33%) | loss: 2.051193 | lrm: 1.00 | dt: 911.38ms | tok/sec: 8,426 | mfu: 2.84 | epoch: 1 | total time: 2.31m
step 00158 (52.67%) | loss: 2.026899 | lrm: 1.00 | dt: 910.05ms | tok/sec: 8,439 | mfu: 2.85 | epoch: 1 | total time: 2.33m
step 00159 (53.00%) | loss: 2.059616 | lrm: 1.00 | dt: 923.28ms | tok/sec: 8,318 | mfu: 2.81 | epoch: 1 | total time: 2.34m
step 00160 (53.33%) | loss: 2.116270 | lrm: 1.00 | dt: 924.26ms | tok/sec: 8,309 | mfu: 2.80 | epoch: 1 | total time: 2.36m
step 00161 (53.67%) | loss: 2.131520 | lrm: 1.00 | dt: 1043.77ms | tok/sec: 7,357 | mfu: 2.48 | epoch: 1 | total time: 2.38m
step 00162 (54.00%) | loss: 2.086117 | lrm: 1.00 | dt: 911.24ms | tok/sec: 8,428 | mfu: 2.84 | epoch: 1 | total time: 2.39m
step 00163 (54.33%) | loss: 2.143235 | lrm: 1.00 | dt: 904.79ms | tok/sec: 8,488 | mfu: 2.86 | epoch: 1 | total time: 2.41m
step 00164 (54.67%) | loss: 2.143542 | lrm: 1.00 | dt: 906.19ms | tok/sec: 8,475 | mfu: 2.86 | epoch: 1 | total time: 2.42m
step 00165 (55.00%) | loss: 2.132258 | lrm: 1.00 | dt: 783.70ms | tok/sec: 9,799 | mfu: 3.31 | epoch: 1 | total time: 2.43m
step 00166 (55.33%) | loss: 2.108493 | lrm: 1.00 | dt: 1080.04ms | tok/sec: 7,110 | mfu: 2.40 | epoch: 1 | total time: 2.45m
step 00167 (55.67%) | loss: 2.095382 | lrm: 1.00 | dt: 939.95ms | tok/sec: 8,170 | mfu: 2.76 | epoch: 1 | total time: 2.47m
step 00168 (56.00%) | loss: 2.081439 | lrm: 1.00 | dt: 936.03ms | tok/sec: 8,204 | mfu: 2.77 | epoch: 1 | total time: 2.48m
step 00169 (56.33%) | loss: 2.080944 | lrm: 1.00 | dt: 935.10ms | tok/sec: 8,213 | mfu: 2.77 | epoch: 1 | total time: 2.50m
step 00170 (56.67%) | loss: 2.058215 | lrm: 1.00 | dt: 913.72ms | tok/sec: 8,405 | mfu: 2.84 | epoch: 1 | total time: 2.51m
step 00171 (57.00%) | loss: 2.004742 | lrm: 1.00 | dt: 1043.63ms | tok/sec: 7,358 | mfu: 2.48 | epoch: 1 | total time: 2.53m
step 00172 (57.33%) | loss: 2.025289 | lrm: 1.00 | dt: 906.61ms | tok/sec: 8,471 | mfu: 2.86 | epoch: 1 | total time: 2.55m
step 00173 (57.67%) | loss: 2.021237 | lrm: 1.00 | dt: 917.73ms | tok/sec: 8,368 | mfu: 2.82 | epoch: 1 | total time: 2.56m
step 00174 (58.00%) | loss: 2.050927 | lrm: 1.00 | dt: 915.08ms | tok/sec: 8,392 | mfu: 2.83 | epoch: 1 | total time: 2.58m
step 00175 (58.33%) | loss: 2.070355 | lrm: 1.00 | dt: 921.96ms | tok/sec: 8,330 | mfu: 2.81 | epoch: 1 | total time: 2.59m
step 00176 (58.67%) | loss: 2.064846 | lrm: 1.00 | dt: 1035.03ms | tok/sec: 7,420 | mfu: 2.50 | epoch: 1 | total time: 2.61m
step 00177 (59.00%) | loss: 2.006381 | lrm: 1.00 | dt: 915.28ms | tok/sec: 8,390 | mfu: 2.83 | epoch: 1 | total time: 2.63m
step 00178 (59.33%) | loss: 2.011012 | lrm: 1.00 | dt: 917.95ms | tok/sec: 8,366 | mfu: 2.82 | epoch: 1 | total time: 2.64m
step 00179 (59.67%) | loss: 1.973141 | lrm: 1.00 | dt: 919.47ms | tok/sec: 8,352 | mfu: 2.82 | epoch: 1 | total time: 2.66m
step 00180 (60.00%) | loss: 1.959485 | lrm: 1.00 | dt: 737.65ms | tok/sec: 10,411 | mfu: 3.51 | epoch: 1 | total time: 2.67m
step 00181 (60.33%) | loss: 2.016735 | lrm: 1.00 | dt: 1027.23ms | tok/sec: 7,476 | mfu: 2.52 | epoch: 1 | total time: 2.69m
step 00182 (60.67%) | loss: 2.048694 | lrm: 1.00 | dt: 911.25ms | tok/sec: 8,427 | mfu: 2.84 | epoch: 1 | total time: 2.70m
step 00183 (61.00%) | loss: 2.021123 | lrm: 1.00 | dt: 913.01ms | tok/sec: 8,411 | mfu: 2.84 | epoch: 1 | total time: 2.72m
step 00184 (61.33%) | loss: 2.002278 | lrm: 1.00 | dt: 914.64ms | tok/sec: 8,396 | mfu: 2.83 | epoch: 1 | total time: 2.73m
step 00185 (61.67%) | loss: 2.020226 | lrm: 1.00 | dt: 915.18ms | tok/sec: 8,391 | mfu: 2.83 | epoch: 1 | total time: 2.75m
step 00186 (62.00%) | loss: 2.008953 | lrm: 1.00 | dt: 860.40ms | tok/sec: 8,926 | mfu: 3.01 | epoch: 1 | total time: 2.76m
step 00187 (62.33%) | loss: 2.054198 | lrm: 1.00 | dt: 923.89ms | tok/sec: 8,312 | mfu: 2.80 | epoch: 1 | total time: 2.78m
step 00188 (62.67%) | loss: 2.024901 | lrm: 1.00 | dt: 915.27ms | tok/sec: 8,390 | mfu: 2.83 | epoch: 1 | total time: 2.79m
step 00189 (63.00%) | loss: 2.020388 | lrm: 1.00 | dt: 915.32ms | tok/sec: 8,390 | mfu: 2.83 | epoch: 1 | total time: 2.81m
step 00190 (63.33%) | loss: 2.044270 | lrm: 1.00 | dt: 737.02ms | tok/sec: 10,420 | mfu: 3.52 | epoch: 1 | total time: 2.82m
step 00191 (63.67%) | loss: 2.033611 | lrm: 1.00 | dt: 1045.80ms | tok/sec: 7,343 | mfu: 2.48 | epoch: 1 | total time: 2.84m
step 00192 (64.00%) | loss: 2.017330 | lrm: 1.00 | dt: 917.58ms | tok/sec: 8,369 | mfu: 2.82 | epoch: 1 | total time: 2.85m
step 00193 (64.33%) | loss: 2.091024 | lrm: 1.00 | dt: 916.86ms | tok/sec: 8,376 | mfu: 2.83 | epoch: 1 | total time: 2.87m
step 00194 (64.67%) | loss: 2.055321 | lrm: 1.00 | dt: 912.55ms | tok/sec: 8,416 | mfu: 2.84 | epoch: 1 | total time: 2.88m
step 00195 (65.00%) | loss: 2.118549 | lrm: 1.00 | dt: 916.63ms | tok/sec: 8,378 | mfu: 2.83 | epoch: 1 | total time: 2.90m
step 00196 (65.33%) | loss: 2.086365 | lrm: 1.00 | dt: 1024.92ms | tok/sec: 7,493 | mfu: 2.53 | epoch: 1 | total time: 2.91m
step 00197 (65.67%) | loss: 2.092766 | lrm: 1.00 | dt: 916.61ms | tok/sec: 8,378 | mfu: 2.83 | epoch: 1 | total time: 2.93m
step 00198 (66.00%) | loss: 2.119851 | lrm: 1.00 | dt: 919.15ms | tok/sec: 8,355 | mfu: 2.82 | epoch: 1 | total time: 2.94m
step 00199 (66.33%) | loss: 2.141250 | lrm: 1.00 | dt: 915.45ms | tok/sec: 8,389 | mfu: 2.83 | epoch: 1 | total time: 2.96m
step 00200 (66.67%) | loss: 2.113175 | lrm: 1.00 | dt: 917.52ms | tok/sec: 8,370 | mfu: 2.82 | epoch: 1 | total time: 2.98m
Step 00200 | Validation bpb: 0.6615
2026-03-20 12:25:12,104 - nanochat.checkpoint_manager - [32m[1mINFO[0m - Saved model parameters to: /home/sun0115/.cache/nanochat/chatsft_checkpoints/d24_sft_recovery_2026-03-20_1216_s1536gc_lr3e5/best/model_000200.pt
2026-03-20 12:25:12,104 - nanochat.checkpoint_manager - [32m[1mINFO[0m - Saved metadata to: /home/sun0115/.cache/nanochat/chatsft_checkpoints/d24_sft_recovery_2026-03-20_1216_s1536gc_lr3e5/best/meta_000200.json
Saved best checkpoint at step 200 (val_bpb=0.6615)
step 00201 (67.00%) | loss: 2.095478 | lrm: 1.00 | dt: 1171.14ms | tok/sec: 6,557 | mfu: 2.21 | epoch: 1 | total time: 2.99m
step 00202 (67.33%) | loss: 2.096610 | lrm: 1.00 | dt: 914.58ms | tok/sec: 8,397 | mfu: 2.83 | epoch: 1 | total time: 3.01m
step 00203 (67.67%) | loss: 2.071405 | lrm: 1.00 | dt: 913.53ms | tok/sec: 8,406 | mfu: 2.84 | epoch: 1 | total time: 3.03m
step 00204 (68.00%) | loss: 2.110040 | lrm: 1.00 | dt: 913.59ms | tok/sec: 8,406 | mfu: 2.84 | epoch: 1 | total time: 3.04m
step 00205 (68.33%) | loss: 2.081531 | lrm: 1.00 | dt: 1031.85ms | tok/sec: 7,442 | mfu: 2.51 | epoch: 1 | total time: 3.06m
step 00206 (68.67%) | loss: 2.070465 | lrm: 1.00 | dt: 911.87ms | tok/sec: 8,422 | mfu: 2.84 | epoch: 1 | total time: 3.07m
step 00207 (69.00%) | loss: 2.101581 | lrm: 1.00 | dt: 913.12ms | tok/sec: 8,410 | mfu: 2.84 | epoch: 1 | total time: 3.09m
step 00208 (69.33%) | loss: 2.089300 | lrm: 1.00 | dt: 1012.20ms | tok/sec: 7,587 | mfu: 2.56 | epoch: 1 | total time: 3.11m
step 00209 (69.67%) | loss: 2.083765 | lrm: 1.00 | dt: 940.52ms | tok/sec: 8,165 | mfu: 2.76 | epoch: 1 | total time: 3.12m
step 00210 (70.00%) | loss: 2.076970 | lrm: 1.00 | dt: 1097.58ms | tok/sec: 6,997 | mfu: 2.36 | epoch: 1 | total time: 3.14m
step 00211 (70.33%) | loss: 2.095390 | lrm: 0.99 | dt: 958.85ms | tok/sec: 8,009 | mfu: 2.70 | epoch: 1 | total time: 3.16m
step 00212 (70.67%) | loss: 2.080031 | lrm: 0.98 | dt: 736.39ms | tok/sec: 10,429 | mfu: 3.52 | epoch: 1 | total time: 3.17m
step 00213 (71.00%) | loss: 2.063417 | lrm: 0.97 | dt: 911.27ms | tok/sec: 8,427 | mfu: 2.84 | epoch: 1 | total time: 3.18m
step 00214 (71.33%) | loss: 2.035765 | lrm: 0.96 | dt: 916.85ms | tok/sec: 8,376 | mfu: 2.83 | epoch: 1 | total time: 3.20m
step 00215 (71.67%) | loss: 2.031546 | lrm: 0.94 | dt: 1028.29ms | tok/sec: 7,468 | mfu: 2.52 | epoch: 1 | total time: 3.22m
step 00216 (72.00%) | loss: 2.021728 | lrm: 0.93 | dt: 907.09ms | tok/sec: 8,466 | mfu: 2.86 | epoch: 1 | total time: 3.23m
step 00217 (72.33%) | loss: 2.021084 | lrm: 0.92 | dt: 909.36ms | tok/sec: 8,445 | mfu: 2.85 | epoch: 1 | total time: 3.25m
step 00218 (72.67%) | loss: 2.075850 | lrm: 0.91 | dt: 911.79ms | tok/sec: 8,422 | mfu: 2.84 | epoch: 1 | total time: 3.26m
step 00219 (73.00%) | loss: 2.075570 | lrm: 0.90 | dt: 910.05ms | tok/sec: 8,439 | mfu: 2.85 | epoch: 1 | total time: 3.28m
step 00220 (73.33%) | loss: 2.050991 | lrm: 0.89 | dt: 1028.35ms | tok/sec: 7,468 | mfu: 2.52 | epoch: 1 | total time: 3.29m
step 00221 (73.67%) | loss: 2.073169 | lrm: 0.88 | dt: 907.54ms | tok/sec: 8,462 | mfu: 2.86 | epoch: 1 | total time: 3.31m
step 00222 (74.00%) | loss: 2.068322 | lrm: 0.87 | dt: 912.03ms | tok/sec: 8,420 | mfu: 2.84 | epoch: 1 | total time: 3.32m
step 00223 (74.33%) | loss: 2.086978 | lrm: 0.86 | dt: 911.26ms | tok/sec: 8,427 | mfu: 2.84 | epoch: 1 | total time: 3.34m
step 00224 (74.67%) | loss: 2.059704 | lrm: 0.84 | dt: 910.71ms | tok/sec: 8,432 | mfu: 2.85 | epoch: 1 | total time: 3.35m
step 00225 (75.00%) | loss: 2.046304 | lrm: 0.83 | dt: 1024.69ms | tok/sec: 7,494 | mfu: 2.53 | epoch: 1 | total time: 3.37m
step 00226 (75.33%) | loss: 2.077728 | lrm: 0.82 | dt: 741.51ms | tok/sec: 10,357 | mfu: 3.49 | epoch: 1 | total time: 3.38m
step 00227 (75.67%) | loss: 2.083936 | lrm: 0.81 | dt: 909.42ms | tok/sec: 8,444 | mfu: 2.85 | epoch: 1 | total time: 3.40m
step 00228 (76.00%) | loss: 2.055887 | lrm: 0.80 | dt: 729.55ms | tok/sec: 10,527 | mfu: 3.55 | epoch: 1 | total time: 3.41m
step 00229 (76.33%) | loss: 2.071115 | lrm: 0.79 | dt: 910.95ms | tok/sec: 8,430 | mfu: 2.84 | epoch: 1 | total time: 3.43m
step 00230 (76.67%) | loss: 2.077949 | lrm: 0.78 | dt: 910.05ms | tok/sec: 8,439 | mfu: 2.85 | epoch: 1 | total time: 3.44m
step 00231 (77.00%) | loss: 2.049263 | lrm: 0.77 | dt: 1027.52ms | tok/sec: 7,474 | mfu: 2.52 | epoch: 1 | total time: 3.46m
step 00232 (77.33%) | loss: 2.061992 | lrm: 0.76 | dt: 911.31ms | tok/sec: 8,427 | mfu: 2.84 | epoch: 1 | total time: 3.47m
step 00233 (77.67%) | loss: 2.074860 | lrm: 0.74 | dt: 914.10ms | tok/sec: 8,401 | mfu: 2.84 | epoch: 1 | total time: 3.49m
step 00234 (78.00%) | loss: 2.074192 | lrm: 0.73 | dt: 914.41ms | tok/sec: 8,398 | mfu: 2.83 | epoch: 1 | total time: 3.50m
step 00235 (78.33%) | loss: 2.072430 | lrm: 0.72 | dt: 913.36ms | tok/sec: 8,408 | mfu: 2.84 | epoch: 1 | total time: 3.52m
step 00236 (78.67%) | loss: 2.045273 | lrm: 0.71 | dt: 1027.88ms | tok/sec: 7,471 | mfu: 2.52 | epoch: 1 | total time: 3.54m
step 00237 (79.00%) | loss: 2.105891 | lrm: 0.70 | dt: 912.42ms | tok/sec: 8,417 | mfu: 2.84 | epoch: 1 | total time: 3.55m
step 00238 (79.33%) | loss: 2.046639 | lrm: 0.69 | dt: 908.06ms | tok/sec: 8,457 | mfu: 2.85 | epoch: 1 | total time: 3.57m
step 00239 (79.67%) | loss: 1.986053 | lrm: 0.68 | dt: 915.03ms | tok/sec: 8,393 | mfu: 2.83 | epoch: 1 | total time: 3.58m
step 00240 (80.00%) | loss: 2.058756 | lrm: 0.67 | dt: 909.44ms | tok/sec: 8,444 | mfu: 2.85 | epoch: 1 | total time: 3.60m
step 00241 (80.33%) | loss: 1.985557 | lrm: 0.66 | dt: 1020.05ms | tok/sec: 7,529 | mfu: 2.54 | epoch: 1 | total time: 3.61m
step 00242 (80.67%) | loss: 1.985621 | lrm: 0.64 | dt: 908.40ms | tok/sec: 8,454 | mfu: 2.85 | epoch: 1 | total time: 3.63m
step 00243 (81.00%) | loss: 1.981982 | lrm: 0.63 | dt: 907.33ms | tok/sec: 8,464 | mfu: 2.86 | epoch: 1 | total time: 3.64m
step 00244 (81.33%) | loss: 2.005961 | lrm: 0.62 | dt: 908.87ms | tok/sec: 8,450 | mfu: 2.85 | epoch: 1 | total time: 3.66m
step 00245 (81.67%) | loss: 1.992218 | lrm: 0.61 | dt: 909.67ms | tok/sec: 8,442 | mfu: 2.85 | epoch: 1 | total time: 3.67m
step 00246 (82.00%) | loss: 1.963994 | lrm: 0.60 | dt: 1027.54ms | tok/sec: 7,474 | mfu: 2.52 | epoch: 1 | total time: 3.69m
step 00247 (82.33%) | loss: 2.012103 | lrm: 0.59 | dt: 909.02ms | tok/sec: 8,448 | mfu: 2.85 | epoch: 1 | total time: 3.71m
step 00248 (82.67%) | loss: 1.976385 | lrm: 0.58 | dt: 910.77ms | tok/sec: 8,432 | mfu: 2.85 | epoch: 1 | total time: 3.72m
step 00249 (83.00%) | loss: 2.034146 | lrm: 0.57 | dt: 934.27ms | tok/sec: 8,220 | mfu: 2.77 | epoch: 1 | total time: 3.74m
step 00250 (83.33%) | loss: 2.018151 | lrm: 0.56 | dt: 948.25ms | tok/sec: 8,099 | mfu: 2.73 | epoch: 1 | total time: 3.75m
Step 00250 | Validation bpb: 0.6581
2026-03-20 12:26:21,840 - nanochat.checkpoint_manager - [32m[1mINFO[0m - Saved model parameters to: /home/sun0115/.cache/nanochat/chatsft_checkpoints/d24_sft_recovery_2026-03-20_1216_s1536gc_lr3e5/best/model_000250.pt
2026-03-20 12:26:21,841 - nanochat.checkpoint_manager - [32m[1mINFO[0m - Saved metadata to: /home/sun0115/.cache/nanochat/chatsft_checkpoints/d24_sft_recovery_2026-03-20_1216_s1536gc_lr3e5/best/meta_000250.json
Saved best checkpoint at step 250 (val_bpb=0.6581)
step 00251 (83.67%) | loss: 2.076188 | lrm: 0.54 | dt: 1091.43ms | tok/sec: 7,036 | mfu: 2.37 | epoch: 1 | total time: 3.77m
step 00252 (84.00%) | loss: 2.058919 | lrm: 0.53 | dt: 917.02ms | tok/sec: 8,374 | mfu: 2.83 | epoch: 1 | total time: 3.79m
step 00253 (84.33%) | loss: 2.019326 | lrm: 0.52 | dt: 909.66ms | tok/sec: 8,442 | mfu: 2.85 | epoch: 1 | total time: 3.80m
step 00254 (84.67%) | loss: 1.999317 | lrm: 0.51 | dt: 911.41ms | tok/sec: 8,426 | mfu: 2.84 | epoch: 1 | total time: 3.82m
step 00255 (85.00%) | loss: 1.996740 | lrm: 0.50 | dt: 1036.27ms | tok/sec: 7,411 | mfu: 2.50 | epoch: 1 | total time: 3.83m
step 00256 (85.33%) | loss: 2.099315 | lrm: 0.49 | dt: 914.33ms | tok/sec: 8,399 | mfu: 2.83 | epoch: 1 | total time: 3.85m
step 00257 (85.67%) | loss: 2.112561 | lrm: 0.48 | dt: 910.82ms | tok/sec: 8,431 | mfu: 2.85 | epoch: 1 | total time: 3.86m
step 00258 (86.00%) | loss: 2.190082 | lrm: 0.47 | dt: 1002.29ms | tok/sec: 7,662 | mfu: 2.59 | epoch: 1 | total time: 3.88m
step 00259 (86.33%) | loss: 2.162786 | lrm: 0.46 | dt: 960.94ms | tok/sec: 7,992 | mfu: 2.70 | epoch: 1 | total time: 3.90m
step 00260 (86.67%) | loss: 2.172159 | lrm: 0.44 | dt: 1092.45ms | tok/sec: 7,030 | mfu: 2.37 | epoch: 1 | total time: 3.92m
step 00261 (87.00%) | loss: 2.230089 | lrm: 0.43 | dt: 965.73ms | tok/sec: 7,952 | mfu: 2.68 | epoch: 1 | total time: 3.93m
step 00262 (87.33%) | loss: 2.187334 | lrm: 0.42 | dt: 912.58ms | tok/sec: 8,415 | mfu: 2.84 | epoch: 1 | total time: 3.95m
step 00263 (87.67%) | loss: 2.136121 | lrm: 0.41 | dt: 913.95ms | tok/sec: 8,403 | mfu: 2.84 | epoch: 1 | total time: 3.96m
step 00264 (88.00%) | loss: 2.125796 | lrm: 0.40 | dt: 912.93ms | tok/sec: 8,412 | mfu: 2.84 | epoch: 1 | total time: 3.98m
step 00265 (88.33%) | loss: 2.102796 | lrm: 0.39 | dt: 1045.63ms | tok/sec: 7,344 | mfu: 2.48 | epoch: 1 | total time: 3.99m
step 00266 (88.67%) | loss: 2.088696 | lrm: 0.38 | dt: 912.17ms | tok/sec: 8,419 | mfu: 2.84 | epoch: 1 | total time: 4.01m
step 00267 (89.00%) | loss: 2.107454 | lrm: 0.37 | dt: 908.59ms | tok/sec: 8,452 | mfu: 2.85 | epoch: 1 | total time: 4.02m
step 00268 (89.33%) | loss: 2.059546 | lrm: 0.36 | dt: 914.22ms | tok/sec: 8,400 | mfu: 2.83 | epoch: 1 | total time: 4.04m
step 00269 (89.67%) | loss: 2.077842 | lrm: 0.34 | dt: 915.21ms | tok/sec: 8,391 | mfu: 2.83 | epoch: 1 | total time: 4.06m
step 00270 (90.00%) | loss: 2.060824 | lrm: 0.33 | dt: 1020.21ms | tok/sec: 7,527 | mfu: 2.54 | epoch: 1 | total time: 4.07m
step 00271 (90.33%) | loss: 2.046145 | lrm: 0.32 | dt: 910.61ms | tok/sec: 8,433 | mfu: 2.85 | epoch: 1 | total time: 4.09m
step 00272 (90.67%) | loss: 2.067643 | lrm: 0.31 | dt: 913.18ms | tok/sec: 8,410 | mfu: 2.84 | epoch: 1 | total time: 4.10m
step 00273 (91.00%) | loss: 2.067929 | lrm: 0.30 | dt: 732.82ms | tok/sec: 10,480 | mfu: 3.54 | epoch: 1 | total time: 4.11m
step 00274 (91.33%) | loss: 2.007100 | lrm: 0.29 | dt: 914.36ms | tok/sec: 8,399 | mfu: 2.83 | epoch: 1 | total time: 4.13m
step 00275 (91.67%) | loss: 1.951832 | lrm: 0.28 | dt: 1024.04ms | tok/sec: 7,499 | mfu: 2.53 | epoch: 1 | total time: 4.15m
step 00276 (92.00%) | loss: 1.960891 | lrm: 0.27 | dt: 914.27ms | tok/sec: 8,400 | mfu: 2.83 | epoch: 1 | total time: 4.16m
step 00277 (92.33%) | loss: 1.928010 | lrm: 0.26 | dt: 918.70ms | tok/sec: 8,359 | mfu: 2.82 | epoch: 1 | total time: 4.18m
step 00278 (92.67%) | loss: 1.977879 | lrm: 0.24 | dt: 762.02ms | tok/sec: 10,078 | mfu: 3.40 | epoch: 1 | total time: 4.19m
step 00279 (93.00%) | loss: 2.005640 | lrm: 0.23 | dt: 913.59ms | tok/sec: 8,406 | mfu: 2.84 | epoch: 1 | total time: 4.21m
step 00280 (93.33%) | loss: 2.031902 | lrm: 0.22 | dt: 915.26ms | tok/sec: 8,391 | mfu: 2.83 | epoch: 1 | total time: 4.22m
step 00281 (93.67%) | loss: 2.022409 | lrm: 0.21 | dt: 1032.09ms | tok/sec: 7,441 | mfu: 2.51 | epoch: 1 | total time: 4.24m
step 00282 (94.00%) | loss: 2.080389 | lrm: 0.20 | dt: 737.46ms | tok/sec: 10,414 | mfu: 3.51 | epoch: 1 | total time: 4.25m
step 00283 (94.33%) | loss: 2.023748 | lrm: 0.19 | dt: 910.77ms | tok/sec: 8,432 | mfu: 2.85 | epoch: 1 | total time: 4.27m
step 00284 (94.67%) | loss: 2.069940 | lrm: 0.18 | dt: 910.61ms | tok/sec: 8,433 | mfu: 2.85 | epoch: 1 | total time: 4.28m
step 00285 (95.00%) | loss: 2.131462 | lrm: 0.17 | dt: 912.11ms | tok/sec: 8,419 | mfu: 2.84 | epoch: 1 | total time: 4.30m
step 00286 (95.33%) | loss: 2.117128 | lrm: 0.16 | dt: 1032.46ms | tok/sec: 7,438 | mfu: 2.51 | epoch: 1 | total time: 4.31m
step 00287 (95.67%) | loss: 2.206497 | lrm: 0.14 | dt: 913.02ms | tok/sec: 8,411 | mfu: 2.84 | epoch: 1 | total time: 4.33m
step 00288 (96.00%) | loss: 2.177163 | lrm: 0.13 | dt: 912.82ms | tok/sec: 8,413 | mfu: 2.84 | epoch: 1 | total time: 4.34m
step 00289 (96.33%) | loss: 2.159074 | lrm: 0.12 | dt: 912.67ms | tok/sec: 8,414 | mfu: 2.84 | epoch: 1 | total time: 4.36m
step 00290 (96.67%) | loss: 2.133828 | lrm: 0.11 | dt: 912.28ms | tok/sec: 8,418 | mfu: 2.84 | epoch: 1 | total time: 4.37m
step 00291 (97.00%) | loss: 2.176550 | lrm: 0.10 | dt: 1027.45ms | tok/sec: 7,474 | mfu: 2.52 | epoch: 1 | total time: 4.39m
step 00292 (97.33%) | loss: 2.154450 | lrm: 0.09 | dt: 912.86ms | tok/sec: 8,413 | mfu: 2.84 | epoch: 1 | total time: 4.41m
step 00293 (97.67%) | loss: 2.175263 | lrm: 0.08 | dt: 910.24ms | tok/sec: 8,437 | mfu: 2.85 | epoch: 1 | total time: 4.42m
step 00294 (98.00%) | loss: 2.154252 | lrm: 0.07 | dt: 734.99ms | tok/sec: 10,449 | mfu: 3.53 | epoch: 1 | total time: 4.43m
step 00295 (98.33%) | loss: 2.150318 | lrm: 0.06 | dt: 914.25ms | tok/sec: 8,400 | mfu: 2.83 | epoch: 1 | total time: 4.45m
step 00296 (98.67%) | loss: 2.134459 | lrm: 0.04 | dt: 1026.70ms | tok/sec: 7,480 | mfu: 2.52 | epoch: 1 | total time: 4.47m
step 00297 (99.00%) | loss: 2.089465 | lrm: 0.03 | dt: 907.56ms | tok/sec: 8,462 | mfu: 2.86 | epoch: 1 | total time: 4.48m
step 00298 (99.33%) | loss: 2.053546 | lrm: 0.02 | dt: 910.08ms | tok/sec: 8,438 | mfu: 2.85 | epoch: 1 | total time: 4.50m
step 00299 (99.67%) | loss: 2.063787 | lrm: 0.01 | dt: 913.08ms | tok/sec: 8,411 | mfu: 2.84 | epoch: 1 | total time: 4.51m
step 00300 (100.00%) | loss: 2.075751 | lrm: 0.00 | dt: 912.28ms | tok/sec: 8,418 | mfu: 2.84 | epoch: 1 | total time: 4.53m
Step 00300 | Validation bpb: 0.6563
2026-03-20 12:27:31,534 - nanochat.checkpoint_manager - [32m[1mINFO[0m - Saved model parameters to: /home/sun0115/.cache/nanochat/chatsft_checkpoints/d24_sft_recovery_2026-03-20_1216_s1536gc_lr3e5/best/model_000300.pt
2026-03-20 12:27:31,535 - nanochat.checkpoint_manager - [32m[1mINFO[0m - Saved metadata to: /home/sun0115/.cache/nanochat/chatsft_checkpoints/d24_sft_recovery_2026-03-20_1216_s1536gc_lr3e5/best/meta_000300.json
Saved best checkpoint at step 300 (val_bpb=0.6563)
Rotated old best checkpoint: step 000050
Saved LoRA adapter weights to /home/sun0115/.cache/nanochat/chatsft_checkpoints/d24_sft_recovery_2026-03-20_1216_s1536gc_lr3e5/lora_adapter_000300.pt
Merging LoRA weights into base model for checkpoint...
2026-03-20 12:27:33,816 - nanochat.checkpoint_manager - [32m[1mINFO[0m - Saved model parameters to: /home/sun0115/.cache/nanochat/chatsft_checkpoints/d24_sft_recovery_2026-03-20_1216_s1536gc_lr3e5/model_000300.pt
2026-03-20 12:27:33,817 - nanochat.checkpoint_manager - [32m[1mINFO[0m - Saved metadata to: /home/sun0115/.cache/nanochat/chatsft_checkpoints/d24_sft_recovery_2026-03-20_1216_s1536gc_lr3e5/meta_000300.json
Peak memory usage: 8031.99MiB
Total training time: 4.53m
Minimum validation bpb: 0.6563
wandb: updating run metadata
wandb: uploading history steps 36-36, summary, console lines 333-344
wandb: uploading output.log; uploading config.yaml
wandb: uploading data
wandb: 
wandb: Run history:
wandb:                 step ▁▁▁▂▂▂▂▂▃▃▃▃▃▄▄▄▄▅▅▅▅▅▅▆▆▆▆▆▇▇▇▇▇████
wandb: total_training_flops ▁▁▁▂▂▂▂▂▃▃▃▃▃▄▄▄▄▄▅▅▅▅▅▆▆▆▆▆▇▇▇▇▇████
wandb:  total_training_time ▁▁▁▁▂▂▂▂▂▃▃▃▃▃▄▄▄▄▄▅▅▅▅▆▆▆▆▆▇▇▇▇▇████
wandb:             train/dt ▄▄▄▄▄▆▇▅▄▅█▇▂▄▄▄▄▁▁▄▇▆▄▄▅▇▆▄▄▄
wandb:          train/epoch ▁▁▁▁▁▁▁▁▁▁▁▁▁▁▁▁▁▁▁▁▁▁▁▁▁▁▁▁▁▁
wandb:           train/loss ▅▆██▆▇▅▄▄▂▂▃▂▁▂▄▃▁▂▃▃▃▃▃▂▄▃▂▄▃
wandb:            train/lrm ▂▃▅▆▇████████████████▇▆▆▅▄▃▃▂▁
wandb:            train/mfu ▄▄▄▄▄▂▁▄▄▃▁▂▇▄▄▄▄██▄▁▂▄▄▄▂▃▄▄▄
wandb:    train/tok_per_sec ▄▄▄▄▄▂▁▄▄▃▁▂▇▄▄▄▄██▄▁▂▄▄▄▂▃▄▄▄
wandb:              val/bpb █▅▃▂▁▁▁
wandb: 
wandb: Run summary:
wandb:                 step 300
wandb: total_training_flops 7689012314112000
wandb:  total_training_time 271.61492
wandb:             train/dt 0.91228
wandb:          train/epoch 1
wandb:           train/loss 2.07575
wandb:            train/lrm 0
wandb:            train/mfu 2.84069
wandb:    train/tok_per_sec 8418
wandb:              val/bpb 0.65631
wandb: 
wandb: 🚀 View run d24_sft_recovery_2026-03-20_1216_s1536gc_lr3e5 at: https://wandb.ai/sunshines-gmail-com/nanochat-sft/runs/wc4leqbs
wandb: ⭐️ View project at: https://wandb.ai/sunshines-gmail-com/nanochat-sft
wandb: Synced 5 W&B file(s), 0 media file(s), 0 artifact file(s) and 0 other file(s)
wandb: Find logs at: ./wandb/run-20260320_121959-wc4leqbs/logs
