2026-02-17 11:56:53,284 - nanochat.common - [32m[1mINFO[0m - Distributed world size: 1
wandb: [wandb.login()] Loaded credentials for https://api.wandb.ai from /home/sun0115/.netrc.
wandb: Currently logged in as: sunshines (sunshines-gmail-com) to https://api.wandb.ai. Use `wandb login --relogin` to force relogin
wandb: setting up run k3djdflg
wandb: Tracking run with wandb version 0.24.2
wandb: Run data is saved locally in /home/sun0115/nanochat-learn/nanochat/wandb/run-20260217_115653-k3djdflg
wandb: Run `wandb offline` to turn off syncing.
wandb: Syncing run d18_clean200k_lora_smoke_2026-02-17_115651_s1280
wandb: ⭐️ View project at https://wandb.ai/sunshines-gmail-com/nanochat-sft
wandb: 🚀 View run at https://wandb.ai/sunshines-gmail-com/nanochat-sft/runs/k3djdflg
2026-02-17 11:56:54,424 - nanochat.checkpoint_manager - [32m[1mINFO[0m - Loading model from /home/sun0115/.cache/nanochat/base_checkpoints/d18_clean200k_safe_2026-02-13_1226 with step 200000
2026-02-17 11:56:58,115 - nanochat.checkpoint_manager - [32m[1mINFO[0m - Building model with config: {'sequence_len': 512, 'vocab_size': 32768, 'n_layer': 18, 'n_head': 18, 'n_kv_head': 18, 'n_embd': 1152, 'window_pattern': 'L'}
Skipping torch.compile in LoRA mode for stability
LoRA enabled: rank=64, alpha=128.0
Applied LoRA to 90 layers
Trainable params: 17,252,352 / 719,148,132 (2.40%)
Skipping torch.compile in LoRA mode for stability
Tokens / micro-batch / rank: 1 x 1280 = 1,280
Tokens / micro-batch: 1,280
Total batch size 7,680 => gradient accumulation steps: 6
Using AdamW optimizer for LoRA params with lr=0.0001
Step 00000 | Validation bpb: 1.1222
step 00001 (1.67%) | loss: 1.973352 | lrm: 0.08 | dt: 1130.87ms | tok/sec: 6,791 | mfu: 1.50 | epoch: 1 | total time: 0.00m
step 00002 (3.33%) | loss: 2.637506 | lrm: 0.17 | dt: 593.50ms | tok/sec: 12,940 | mfu: 2.85 | epoch: 1 | total time: 0.00m
step 00003 (5.00%) | loss: 2.927154 | lrm: 0.25 | dt: 492.71ms | tok/sec: 15,587 | mfu: 3.43 | epoch: 1 | total time: 0.00m
step 00004 (6.67%) | loss: 3.290500 | lrm: 0.33 | dt: 409.89ms | tok/sec: 18,736 | mfu: 4.13 | epoch: 1 | total time: 0.00m
step 00005 (8.33%) | loss: 3.263419 | lrm: 0.42 | dt: 491.46ms | tok/sec: 15,626 | mfu: 3.44 | epoch: 1 | total time: 0.00m
step 00006 (10.00%) | loss: 3.244128 | lrm: 0.50 | dt: 491.29ms | tok/sec: 15,632 | mfu: 3.44 | epoch: 1 | total time: 0.00m
step 00007 (11.67%) | loss: 3.192725 | lrm: 0.58 | dt: 490.94ms | tok/sec: 15,643 | mfu: 3.44 | epoch: 1 | total time: 0.00m
step 00008 (13.33%) | loss: 3.144351 | lrm: 0.67 | dt: 413.46ms | tok/sec: 18,574 | mfu: 4.09 | epoch: 1 | total time: 0.00m
step 00009 (15.00%) | loss: 3.192836 | lrm: 0.75 | dt: 498.55ms | tok/sec: 15,404 | mfu: 3.39 | epoch: 1 | total time: 0.00m
step 00010 (16.67%) | loss: 3.027120 | lrm: 0.83 | dt: 499.09ms | tok/sec: 15,388 | mfu: 3.39 | epoch: 1 | total time: 0.00m
step 00011 (18.33%) | loss: 2.893005 | lrm: 0.92 | dt: 489.57ms | tok/sec: 15,687 | mfu: 3.45 | epoch: 1 | total time: 0.01m
step 00012 (20.00%) | loss: 2.788739 | lrm: 1.00 | dt: 2626.84ms | tok/sec: 2,923 | mfu: 0.64 | epoch: 1 | total time: 0.05m
step 00013 (21.67%) | loss: 2.699198 | lrm: 1.00 | dt: 522.95ms | tok/sec: 14,685 | mfu: 3.23 | epoch: 1 | total time: 0.06m
step 00014 (23.33%) | loss: 2.633501 | lrm: 1.00 | dt: 535.01ms | tok/sec: 14,354 | mfu: 3.16 | epoch: 1 | total time: 0.07m
step 00015 (25.00%) | loss: 2.612145 | lrm: 1.00 | dt: 528.62ms | tok/sec: 14,528 | mfu: 3.20 | epoch: 1 | total time: 0.08m
step 00016 (26.67%) | loss: 2.593259 | lrm: 1.00 | dt: 528.24ms | tok/sec: 14,538 | mfu: 3.20 | epoch: 1 | total time: 0.09m
step 00017 (28.33%) | loss: 2.509994 | lrm: 1.00 | dt: 532.40ms | tok/sec: 14,425 | mfu: 3.18 | epoch: 1 | total time: 0.10m
step 00018 (30.00%) | loss: 2.411425 | lrm: 1.00 | dt: 523.30ms | tok/sec: 14,676 | mfu: 3.23 | epoch: 1 | total time: 0.10m
step 00019 (31.67%) | loss: 2.351453 | lrm: 1.00 | dt: 526.88ms | tok/sec: 14,576 | mfu: 3.21 | epoch: 1 | total time: 0.11m
step 00020 (33.33%) | loss: 2.392067 | lrm: 1.00 | dt: 511.40ms | tok/sec: 15,017 | mfu: 3.31 | epoch: 1 | total time: 0.12m
step 00021 (35.00%) | loss: 2.400150 | lrm: 1.00 | dt: 490.02ms | tok/sec: 15,672 | mfu: 3.45 | epoch: 1 | total time: 0.13m
step 00022 (36.67%) | loss: 2.368723 | lrm: 1.00 | dt: 491.82ms | tok/sec: 15,615 | mfu: 3.44 | epoch: 1 | total time: 0.14m
step 00023 (38.33%) | loss: 2.439131 | lrm: 1.00 | dt: 491.47ms | tok/sec: 15,626 | mfu: 3.44 | epoch: 1 | total time: 0.15m
step 00024 (40.00%) | loss: 2.423085 | lrm: 1.00 | dt: 492.84ms | tok/sec: 15,583 | mfu: 3.43 | epoch: 1 | total time: 0.15m
step 00025 (41.67%) | loss: 2.434210 | lrm: 1.00 | dt: 492.08ms | tok/sec: 15,607 | mfu: 3.44 | epoch: 1 | total time: 0.16m
Step 00025 | Validation bpb: 0.7551
2026-02-17 11:57:55,697 - nanochat.checkpoint_manager - [32m[1mINFO[0m - Saved model parameters to: /home/sun0115/.cache/nanochat/chatsft_checkpoints/d18_clean200k_lora_smoke_2026-02-17_115651_s1280/best/model_000025.pt
2026-02-17 11:57:55,697 - nanochat.checkpoint_manager - [32m[1mINFO[0m - Saved metadata to: /home/sun0115/.cache/nanochat/chatsft_checkpoints/d18_clean200k_lora_smoke_2026-02-17_115651_s1280/best/meta_000025.json
Saved best checkpoint at step 25 (val_bpb=0.7551)
step 00026 (43.33%) | loss: 2.429891 | lrm: 1.00 | dt: 988.26ms | tok/sec: 7,771 | mfu: 1.71 | epoch: 1 | total time: 0.18m
step 00027 (45.00%) | loss: 2.420361 | lrm: 1.00 | dt: 644.43ms | tok/sec: 11,917 | mfu: 2.62 | epoch: 1 | total time: 0.19m
step 00028 (46.67%) | loss: 2.406909 | lrm: 1.00 | dt: 498.11ms | tok/sec: 15,418 | mfu: 3.39 | epoch: 1 | total time: 0.20m
step 00029 (48.33%) | loss: 2.423665 | lrm: 1.00 | dt: 491.65ms | tok/sec: 15,620 | mfu: 3.44 | epoch: 1 | total time: 0.21m
step 00030 (50.00%) | loss: 2.425279 | lrm: 1.00 | dt: 491.05ms | tok/sec: 15,640 | mfu: 3.44 | epoch: 1 | total time: 0.21m
step 00031 (51.67%) | loss: 2.471639 | lrm: 1.00 | dt: 489.08ms | tok/sec: 15,703 | mfu: 3.46 | epoch: 1 | total time: 0.22m
step 00032 (53.33%) | loss: 2.512497 | lrm: 1.00 | dt: 489.53ms | tok/sec: 15,688 | mfu: 3.45 | epoch: 1 | total time: 0.23m
step 00033 (55.00%) | loss: 2.548527 | lrm: 1.00 | dt: 412.67ms | tok/sec: 18,610 | mfu: 4.10 | epoch: 1 | total time: 0.24m
step 00034 (56.67%) | loss: 2.549051 | lrm: 1.00 | dt: 494.82ms | tok/sec: 15,520 | mfu: 3.42 | epoch: 1 | total time: 0.25m
step 00035 (58.33%) | loss: 2.498062 | lrm: 1.00 | dt: 489.41ms | tok/sec: 15,692 | mfu: 3.45 | epoch: 1 | total time: 0.25m
step 00036 (60.00%) | loss: 2.492213 | lrm: 1.00 | dt: 487.23ms | tok/sec: 15,762 | mfu: 3.47 | epoch: 1 | total time: 0.26m
step 00037 (61.67%) | loss: 2.483822 | lrm: 1.00 | dt: 501.12ms | tok/sec: 15,325 | mfu: 3.37 | epoch: 1 | total time: 0.27m
step 00038 (63.33%) | loss: 2.494865 | lrm: 1.00 | dt: 489.34ms | tok/sec: 15,694 | mfu: 3.46 | epoch: 1 | total time: 0.28m
step 00039 (65.00%) | loss: 2.468503 | lrm: 1.00 | dt: 488.70ms | tok/sec: 15,715 | mfu: 3.46 | epoch: 1 | total time: 0.29m
step 00040 (66.67%) | loss: 2.430272 | lrm: 1.00 | dt: 410.49ms | tok/sec: 18,709 | mfu: 4.12 | epoch: 1 | total time: 0.29m
step 00041 (68.33%) | loss: 2.409525 | lrm: 1.00 | dt: 421.19ms | tok/sec: 18,234 | mfu: 4.01 | epoch: 1 | total time: 0.30m
step 00042 (70.00%) | loss: 2.383890 | lrm: 1.00 | dt: 2614.34ms | tok/sec: 2,937 | mfu: 0.65 | epoch: 1 | total time: 0.34m
step 00043 (71.67%) | loss: 2.386486 | lrm: 0.94 | dt: 515.78ms | tok/sec: 14,890 | mfu: 3.28 | epoch: 1 | total time: 0.35m
step 00044 (73.33%) | loss: 2.411831 | lrm: 0.89 | dt: 519.17ms | tok/sec: 14,792 | mfu: 3.26 | epoch: 1 | total time: 0.36m
step 00045 (75.00%) | loss: 2.426356 | lrm: 0.83 | dt: 515.75ms | tok/sec: 14,891 | mfu: 3.28 | epoch: 1 | total time: 0.37m
step 00046 (76.67%) | loss: 2.466265 | lrm: 0.78 | dt: 522.38ms | tok/sec: 14,702 | mfu: 3.24 | epoch: 1 | total time: 0.38m
step 00047 (78.33%) | loss: 2.396687 | lrm: 0.72 | dt: 524.99ms | tok/sec: 14,628 | mfu: 3.22 | epoch: 1 | total time: 0.39m
step 00048 (80.00%) | loss: 2.386947 | lrm: 0.67 | dt: 514.65ms | tok/sec: 14,922 | mfu: 3.29 | epoch: 1 | total time: 0.40m
step 00049 (81.67%) | loss: 2.441465 | lrm: 0.61 | dt: 522.33ms | tok/sec: 14,703 | mfu: 3.24 | epoch: 1 | total time: 0.41m
step 00050 (83.33%) | loss: 2.421453 | lrm: 0.56 | dt: 514.98ms | tok/sec: 14,913 | mfu: 3.28 | epoch: 1 | total time: 0.41m
Step 00050 | Validation bpb: 0.7203
2026-02-17 11:58:27,787 - nanochat.checkpoint_manager - [32m[1mINFO[0m - Saved model parameters to: /home/sun0115/.cache/nanochat/chatsft_checkpoints/d18_clean200k_lora_smoke_2026-02-17_115651_s1280/best/model_000050.pt
2026-02-17 11:58:27,787 - nanochat.checkpoint_manager - [32m[1mINFO[0m - Saved metadata to: /home/sun0115/.cache/nanochat/chatsft_checkpoints/d18_clean200k_lora_smoke_2026-02-17_115651_s1280/best/meta_000050.json
Saved best checkpoint at step 50 (val_bpb=0.7203)
step 00051 (85.00%) | loss: 2.401545 | lrm: 0.50 | dt: 955.39ms | tok/sec: 8,038 | mfu: 1.77 | epoch: 1 | total time: 0.43m
Traceback (most recent call last):
  File "/home/sun0115/.local/share/uv/python/cpython-3.10.19-linux-x86_64-gnu/lib/python3.10/runpy.py", line 196, in _run_module_as_main
    return _run_code(code, main_globals, None,
  File "/home/sun0115/.local/share/uv/python/cpython-3.10.19-linux-x86_64-gnu/lib/python3.10/runpy.py", line 86, in _run_code
    exec(code, run_globals)
  File "/home/sun0115/nanochat-learn/nanochat/scripts/chat_sft.py", line 471, in <module>
    loss = model(x, y)
  File "/home/sun0115/nanochat-learn/nanochat/.venv/lib/python3.10/site-packages/torch/nn/modules/module.py", line 1775, in _wrapped_call_impl
    return self._call_impl(*args, **kwargs)
  File "/home/sun0115/nanochat-learn/nanochat/.venv/lib/python3.10/site-packages/torch/nn/modules/module.py", line 1786, in _call_impl
    return forward_call(*args, **kwargs)
  File "/home/sun0115/nanochat-learn/nanochat/nanochat/gpt.py", line 476, in forward
    loss = chunked_cross_entropy(
  File "/home/sun0115/nanochat-learn/nanochat/nanochat/gpt.py", line 94, in chunked_cross_entropy
    chunk_logits = softcap * torch.tanh(chunk_logits / softcap)
RuntimeError: CUDA driver error: out of memory
[1;34mwandb[0m: 
[1;34mwandb[0m: 🚀 View run [33md18_clean200k_lora_smoke_2026-02-17_115651_s1280[0m at: [34mhttps://wandb.ai/sunshines-gmail-com/nanochat-sft/runs/k3djdflg[0m
[1;34mwandb[0m: Find logs at: [1;35mwandb/run-20260217_115653-k3djdflg/logs[0m
