[info] meta: /home/sun0115/nanochat-learn/notes/sft_d24_r32_adamw_partial_lr005_2026-03-28_1545_meta.env
[info] base: d24_asp48_track step=820230
[plan] partial full-tune control with paged_adamw8bit, freeze_layers=18, preset=general_chat_reasoning, OOM ladder: s1024_gc:1024:8192,s768_gc:768:7680,s640_gc:640:7680,s512_gc:512:8192,s384_gc:384:7680
[start] run=d24_r32_adamw_partial_lr005_2026-03-28_1545_s1024_gc output=d24_r32_adamw_partial_lr005_2026-03-28_1545_s1024_gc max_seq_len=1024 total_batch_size=8192
[log] /home/sun0115/nanochat-learn/notes/sft_d24_r32_adamw_partial_lr005_2026-03-28_1545_s1024_gc.log
2026-03-28 15:45:52,834 - nanochat.common - [32m[1mINFO[0m - Distributed world size: 1
wandb: [wandb.login()] Loaded credentials for https://api.wandb.ai from /home/sun0115/.netrc.
wandb: Currently logged in as: sunshines (sunshines-gmail-com) to https://api.wandb.ai. Use `wandb login --relogin` to force relogin
wandb: setting up run 8lmuvedc
wandb: Tracking run with wandb version 0.24.2
wandb: Run data is saved locally in /home/sun0115/nanochat-learn/nanochat/wandb/run-20260328_154553-8lmuvedc
wandb: Run `wandb offline` to turn off syncing.
wandb: Syncing run d24_r32_adamw_partial_lr005_2026-03-28_1545_s1024_gc
wandb: ⭐️ View project at https://wandb.ai/sunshines-gmail-com/nanochat-sft
wandb: 🚀 View run at https://wandb.ai/sunshines-gmail-com/nanochat-sft/runs/8lmuvedc
2026-03-28 15:45:54,410 - nanochat.checkpoint_manager - [32m[1mINFO[0m - Loading model from /home/sun0115/.cache/nanochat/base_checkpoints/d24_asp48_track with step 820230
2026-03-28 15:45:55,380 - nanochat.checkpoint_manager - [32m[1mINFO[0m - Building model with config: {'sequence_len': 2048, 'vocab_size': 32768, 'n_layer': 24, 'n_head': 9, 'n_kv_head': 9, 'n_embd': 1152, 'window_pattern': 'L'}
Gradient checkpointing enabled (activation recomputation in backward)
TORCH_COMPILE_DISABLE=1, skipping torch.compile
Froze first 18 of 24 transformer layers
Froze token and value embeddings
Froze residual scaling parameters
Trainable params after freezing/adaptation: 133,301,088 / 910,691,760 (14.64%)
Tokens / micro-batch / rank: 1 x 1024 = 1,024
Tokens / micro-batch: 1,024
Total batch size 8,192 => gradient accumulation steps: 8
Scaling the LR for the AdamW parameters ∝1/√(1152/768) = 0.816497
Using AdamW-only mode for fine-tuning (no Muon)
Using paged_adamw8bit for trainable params
Using dataset preset: general_chat_reasoning
Train dataset conversations: 264,946
Val dataset conversations: 29,849
Step 00000 | Validation bpb: 0.7503
step 00001 (0.33%) | loss: 1.020244 | lrm: 0.02 | dt: 786.44ms | tok/sec: 10,416 | mfu: 3.37 | epoch: 1 | total time: 0.00m
step 00002 (0.67%) | loss: 1.257678 | lrm: 0.03 | dt: 520.05ms | tok/sec: 15,752 | mfu: 5.10 | epoch: 1 | total time: 0.00m
step 00003 (1.00%) | loss: 1.560015 | lrm: 0.05 | dt: 457.51ms | tok/sec: 17,905 | mfu: 5.79 | epoch: 1 | total time: 0.00m
step 00004 (1.33%) | loss: 1.722180 | lrm: 0.07 | dt: 520.42ms | tok/sec: 15,741 | mfu: 5.09 | epoch: 1 | total time: 0.00m
step 00005 (1.67%) | loss: 1.631294 | lrm: 0.08 | dt: 531.30ms | tok/sec: 15,418 | mfu: 4.99 | epoch: 1 | total time: 0.00m
step 00006 (2.00%) | loss: 2.997728 | lrm: 0.10 | dt: 536.17ms | tok/sec: 15,278 | mfu: 4.94 | epoch: 1 | total time: 0.00m
step 00007 (2.33%) | loss: 2.929461 | lrm: 0.12 | dt: 558.48ms | tok/sec: 14,668 | mfu: 4.74 | epoch: 1 | total time: 0.00m
step 00008 (2.67%) | loss: 2.736463 | lrm: 0.13 | dt: 554.15ms | tok/sec: 14,783 | mfu: 4.78 | epoch: 1 | total time: 0.00m
step 00009 (3.00%) | loss: 2.622286 | lrm: 0.15 | dt: 564.25ms | tok/sec: 14,518 | mfu: 4.70 | epoch: 1 | total time: 0.00m
step 00010 (3.33%) | loss: 2.647864 | lrm: 0.17 | dt: 568.49ms | tok/sec: 14,410 | mfu: 4.66 | epoch: 1 | total time: 0.00m
step 00011 (3.67%) | loss: 2.582283 | lrm: 0.18 | dt: 548.31ms | tok/sec: 14,940 | mfu: 4.83 | epoch: 1 | total time: 0.01m
step 00012 (4.00%) | loss: 2.589765 | lrm: 0.20 | dt: 553.47ms | tok/sec: 14,801 | mfu: 4.79 | epoch: 1 | total time: 0.02m
step 00013 (4.33%) | loss: 2.594829 | lrm: 0.22 | dt: 585.24ms | tok/sec: 13,997 | mfu: 4.53 | epoch: 1 | total time: 0.03m
step 00014 (4.67%) | loss: 2.587591 | lrm: 0.23 | dt: 547.26ms | tok/sec: 14,969 | mfu: 4.84 | epoch: 1 | total time: 0.04m
step 00015 (5.00%) | loss: 2.512441 | lrm: 0.25 | dt: 537.08ms | tok/sec: 15,252 | mfu: 4.93 | epoch: 1 | total time: 0.05m
step 00016 (5.33%) | loss: 2.509618 | lrm: 0.27 | dt: 543.68ms | tok/sec: 15,067 | mfu: 4.87 | epoch: 1 | total time: 0.06m
step 00017 (5.67%) | loss: 2.461294 | lrm: 0.28 | dt: 565.99ms | tok/sec: 14,473 | mfu: 4.68 | epoch: 1 | total time: 0.06m
step 00018 (6.00%) | loss: 2.464361 | lrm: 0.30 | dt: 552.27ms | tok/sec: 14,833 | mfu: 4.80 | epoch: 1 | total time: 0.07m
step 00019 (6.33%) | loss: 2.417481 | lrm: 0.32 | dt: 564.26ms | tok/sec: 14,518 | mfu: 4.70 | epoch: 1 | total time: 0.08m
step 00020 (6.67%) | loss: 2.501385 | lrm: 0.33 | dt: 536.00ms | tok/sec: 15,283 | mfu: 4.94 | epoch: 1 | total time: 0.09m
step 00021 (7.00%) | loss: 2.592273 | lrm: 0.35 | dt: 542.00ms | tok/sec: 15,114 | mfu: 4.89 | epoch: 1 | total time: 0.10m
step 00022 (7.33%) | loss: 2.637905 | lrm: 0.37 | dt: 667.53ms | tok/sec: 12,272 | mfu: 3.97 | epoch: 1 | total time: 0.11m
step 00023 (7.67%) | loss: 2.730227 | lrm: 0.38 | dt: 525.95ms | tok/sec: 15,575 | mfu: 5.04 | epoch: 1 | total time: 0.12m
step 00024 (8.00%) | loss: 2.662093 | lrm: 0.40 | dt: 526.53ms | tok/sec: 15,558 | mfu: 5.03 | epoch: 1 | total time: 0.13m
step 00025 (8.33%) | loss: 2.795188 | lrm: 0.42 | dt: 537.42ms | tok/sec: 15,243 | mfu: 4.93 | epoch: 1 | total time: 0.14m
Step 00025 | Validation bpb: 0.8311
2026-03-28 15:46:55,165 - nanochat.checkpoint_manager - [32m[1mINFO[0m - Saved model parameters to: /home/sun0115/.cache/nanochat/chatsft_checkpoints/d24_r32_adamw_partial_lr005_2026-03-28_1545_s1024_gc/best/model_000025.pt
2026-03-28 15:46:55,166 - nanochat.checkpoint_manager - [32m[1mINFO[0m - Saved metadata to: /home/sun0115/.cache/nanochat/chatsft_checkpoints/d24_r32_adamw_partial_lr005_2026-03-28_1545_s1024_gc/best/meta_000025.json
Saved best checkpoint at step 25 (val_bpb=0.8311)
step 00026 (8.67%) | loss: 2.753153 | lrm: 0.43 | dt: 709.32ms | tok/sec: 11,549 | mfu: 3.74 | epoch: 1 | total time: 0.15m
step 00027 (9.00%) | loss: 2.709218 | lrm: 0.45 | dt: 521.12ms | tok/sec: 15,720 | mfu: 5.09 | epoch: 1 | total time: 0.16m
step 00028 (9.33%) | loss: 2.739641 | lrm: 0.47 | dt: 458.82ms | tok/sec: 17,854 | mfu: 5.78 | epoch: 1 | total time: 0.17m
step 00029 (9.67%) | loss: 2.690094 | lrm: 0.48 | dt: 536.77ms | tok/sec: 15,261 | mfu: 4.94 | epoch: 1 | total time: 0.18m
step 00030 (10.00%) | loss: 2.747687 | lrm: 0.50 | dt: 541.19ms | tok/sec: 15,137 | mfu: 4.90 | epoch: 1 | total time: 0.19m
step 00031 (10.33%) | loss: 2.687251 | lrm: 0.52 | dt: 538.55ms | tok/sec: 15,211 | mfu: 4.92 | epoch: 1 | total time: 0.19m
step 00032 (10.67%) | loss: 2.755255 | lrm: 0.53 | dt: 537.92ms | tok/sec: 15,229 | mfu: 4.93 | epoch: 1 | total time: 0.20m
step 00033 (11.00%) | loss: 2.740370 | lrm: 0.55 | dt: 537.25ms | tok/sec: 15,248 | mfu: 4.93 | epoch: 1 | total time: 0.21m
step 00034 (11.33%) | loss: 2.742354 | lrm: 0.57 | dt: 536.50ms | tok/sec: 15,269 | mfu: 4.94 | epoch: 1 | total time: 0.22m
step 00035 (11.67%) | loss: 2.776519 | lrm: 0.58 | dt: 534.88ms | tok/sec: 15,315 | mfu: 4.95 | epoch: 1 | total time: 0.23m
step 00036 (12.00%) | loss: 2.771111 | lrm: 0.60 | dt: 537.05ms | tok/sec: 15,253 | mfu: 4.93 | epoch: 1 | total time: 0.24m
step 00037 (12.33%) | loss: 2.764444 | lrm: 0.62 | dt: 535.28ms | tok/sec: 15,304 | mfu: 4.95 | epoch: 1 | total time: 0.25m
step 00038 (12.67%) | loss: 2.790574 | lrm: 0.63 | dt: 533.36ms | tok/sec: 15,359 | mfu: 4.97 | epoch: 1 | total time: 0.26m
step 00039 (13.00%) | loss: 2.846812 | lrm: 0.65 | dt: 537.94ms | tok/sec: 15,228 | mfu: 4.93 | epoch: 1 | total time: 0.27m
step 00040 (13.33%) | loss: 2.995167 | lrm: 0.67 | dt: 531.52ms | tok/sec: 15,412 | mfu: 4.99 | epoch: 1 | total time: 0.27m
step 00041 (13.67%) | loss: 3.091162 | lrm: 0.68 | dt: 542.31ms | tok/sec: 15,105 | mfu: 4.89 | epoch: 1 | total time: 0.28m
step 00042 (14.00%) | loss: 2.974361 | lrm: 0.70 | dt: 531.47ms | tok/sec: 15,413 | mfu: 4.99 | epoch: 1 | total time: 0.29m
step 00043 (14.33%) | loss: 2.917937 | lrm: 0.72 | dt: 528.98ms | tok/sec: 15,486 | mfu: 5.01 | epoch: 1 | total time: 0.30m
step 00044 (14.67%) | loss: 2.952058 | lrm: 0.73 | dt: 528.36ms | tok/sec: 15,504 | mfu: 5.02 | epoch: 1 | total time: 0.31m
step 00045 (15.00%) | loss: 2.950905 | lrm: 0.75 | dt: 528.27ms | tok/sec: 15,507 | mfu: 5.02 | epoch: 1 | total time: 0.32m
step 00046 (15.33%) | loss: 2.888652 | lrm: 0.77 | dt: 524.81ms | tok/sec: 15,609 | mfu: 5.05 | epoch: 1 | total time: 0.33m
step 00047 (15.67%) | loss: 2.888981 | lrm: 0.78 | dt: 527.32ms | tok/sec: 15,535 | mfu: 5.03 | epoch: 1 | total time: 0.34m
step 00048 (16.00%) | loss: 2.920209 | lrm: 0.80 | dt: 526.52ms | tok/sec: 15,558 | mfu: 5.03 | epoch: 1 | total time: 0.34m
step 00049 (16.33%) | loss: 3.111485 | lrm: 0.82 | dt: 463.80ms | tok/sec: 17,662 | mfu: 5.71 | epoch: 1 | total time: 0.35m
step 00050 (16.67%) | loss: 3.100349 | lrm: 0.83 | dt: 525.21ms | tok/sec: 15,597 | mfu: 5.05 | epoch: 1 | total time: 0.36m
Step 00050 | Validation bpb: 1.0850
step 00051 (17.00%) | loss: 3.241540 | lrm: 0.85 | dt: 520.23ms | tok/sec: 15,746 | mfu: 5.09 | epoch: 1 | total time: 0.37m
step 00052 (17.33%) | loss: 3.191350 | lrm: 0.87 | dt: 522.86ms | tok/sec: 15,667 | mfu: 5.07 | epoch: 1 | total time: 0.38m
step 00053 (17.67%) | loss: 3.268390 | lrm: 0.88 | dt: 522.36ms | tok/sec: 15,682 | mfu: 5.07 | epoch: 1 | total time: 0.39m
step 00054 (18.00%) | loss: 3.244208 | lrm: 0.90 | dt: 521.54ms | tok/sec: 15,707 | mfu: 5.08 | epoch: 1 | total time: 0.40m
step 00055 (18.33%) | loss: 3.339193 | lrm: 0.92 | dt: 460.04ms | tok/sec: 17,807 | mfu: 5.76 | epoch: 1 | total time: 0.40m
step 00056 (18.67%) | loss: 3.268176 | lrm: 0.93 | dt: 521.19ms | tok/sec: 15,717 | mfu: 5.08 | epoch: 1 | total time: 0.41m
step 00057 (19.00%) | loss: 3.240539 | lrm: 0.95 | dt: 473.39ms | tok/sec: 17,304 | mfu: 5.60 | epoch: 1 | total time: 0.42m
step 00058 (19.33%) | loss: 3.203714 | lrm: 0.97 | dt: 541.31ms | tok/sec: 15,133 | mfu: 4.90 | epoch: 1 | total time: 0.43m
step 00059 (19.67%) | loss: 3.302525 | lrm: 0.98 | dt: 475.23ms | tok/sec: 17,238 | mfu: 5.58 | epoch: 1 | total time: 0.44m
step 00060 (20.00%) | loss: 3.575807 | lrm: 1.00 | dt: 538.04ms | tok/sec: 15,225 | mfu: 4.93 | epoch: 1 | total time: 0.45m
step 00061 (20.33%) | loss: 3.473883 | lrm: 1.00 | dt: 473.20ms | tok/sec: 17,311 | mfu: 5.60 | epoch: 1 | total time: 0.45m
step 00062 (20.67%) | loss: 3.385485 | lrm: 1.00 | dt: 545.03ms | tok/sec: 15,030 | mfu: 4.86 | epoch: 1 | total time: 0.46m
step 00063 (21.00%) | loss: 3.398440 | lrm: 1.00 | dt: 535.43ms | tok/sec: 15,299 | mfu: 4.95 | epoch: 1 | total time: 0.47m
step 00064 (21.33%) | loss: 3.374093 | lrm: 1.00 | dt: 535.08ms | tok/sec: 15,309 | mfu: 4.95 | epoch: 1 | total time: 0.48m
step 00065 (21.67%) | loss: 3.305307 | lrm: 1.00 | dt: 532.02ms | tok/sec: 15,397 | mfu: 4.98 | epoch: 1 | total time: 0.49m
step 00066 (22.00%) | loss: 3.287208 | lrm: 1.00 | dt: 533.67ms | tok/sec: 15,350 | mfu: 4.97 | epoch: 1 | total time: 0.50m
step 00067 (22.33%) | loss: 3.325496 | lrm: 1.00 | dt: 532.78ms | tok/sec: 15,375 | mfu: 4.97 | epoch: 1 | total time: 0.51m
step 00068 (22.67%) | loss: 3.316059 | lrm: 1.00 | dt: 531.98ms | tok/sec: 15,399 | mfu: 4.98 | epoch: 1 | total time: 0.52m
step 00069 (23.00%) | loss: 3.273607 | lrm: 1.00 | dt: 530.44ms | tok/sec: 15,443 | mfu: 5.00 | epoch: 1 | total time: 0.53m
step 00070 (23.33%) | loss: 3.279344 | lrm: 1.00 | dt: 530.14ms | tok/sec: 15,452 | mfu: 5.00 | epoch: 1 | total time: 0.53m
step 00071 (23.67%) | loss: 3.243102 | lrm: 1.00 | dt: 529.77ms | tok/sec: 15,463 | mfu: 5.00 | epoch: 1 | total time: 0.54m
step 00072 (24.00%) | loss: 3.287807 | lrm: 1.00 | dt: 528.25ms | tok/sec: 15,507 | mfu: 5.02 | epoch: 1 | total time: 0.55m
step 00073 (24.33%) | loss: 3.295045 | lrm: 1.00 | dt: 529.69ms | tok/sec: 15,465 | mfu: 5.00 | epoch: 1 | total time: 0.56m
step 00074 (24.67%) | loss: 3.206042 | lrm: 1.00 | dt: 529.63ms | tok/sec: 15,467 | mfu: 5.00 | epoch: 1 | total time: 0.57m
step 00075 (25.00%) | loss: 3.275001 | lrm: 1.00 | dt: 530.16ms | tok/sec: 15,451 | mfu: 5.00 | epoch: 1 | total time: 0.58m
Step 00075 | Validation bpb: 0.9282
step 00076 (25.33%) | loss: 3.357433 | lrm: 1.00 | dt: 520.53ms | tok/sec: 15,737 | mfu: 5.09 | epoch: 1 | total time: 0.59m
step 00077 (25.67%) | loss: 3.274236 | lrm: 1.00 | dt: 521.01ms | tok/sec: 15,723 | mfu: 5.09 | epoch: 1 | total time: 0.60m
step 00078 (26.00%) | loss: 3.221720 | lrm: 1.00 | dt: 462.05ms | tok/sec: 17,729 | mfu: 5.74 | epoch: 1 | total time: 0.60m
step 00079 (26.33%) | loss: 3.164242 | lrm: 1.00 | dt: 522.00ms | tok/sec: 15,693 | mfu: 5.08 | epoch: 1 | total time: 0.61m
step 00080 (26.67%) | loss: 3.105733 | lrm: 1.00 | dt: 520.57ms | tok/sec: 15,736 | mfu: 5.09 | epoch: 1 | total time: 0.62m
step 00081 (27.00%) | loss: 3.131906 | lrm: 1.00 | dt: 520.94ms | tok/sec: 15,725 | mfu: 5.09 | epoch: 1 | total time: 0.63m
step 00082 (27.33%) | loss: 3.057890 | lrm: 1.00 | dt: 524.13ms | tok/sec: 15,629 | mfu: 5.06 | epoch: 1 | total time: 0.64m
step 00083 (27.67%) | loss: 3.199485 | lrm: 1.00 | dt: 522.62ms | tok/sec: 15,674 | mfu: 5.07 | epoch: 1 | total time: 0.65m
step 00084 (28.00%) | loss: 3.279606 | lrm: 1.00 | dt: 523.32ms | tok/sec: 15,653 | mfu: 5.06 | epoch: 1 | total time: 0.66m
step 00085 (28.33%) | loss: 3.257593 | lrm: 1.00 | dt: 536.54ms | tok/sec: 15,268 | mfu: 4.94 | epoch: 1 | total time: 0.66m
step 00086 (28.67%) | loss: 3.282394 | lrm: 1.00 | dt: 543.30ms | tok/sec: 15,078 | mfu: 4.88 | epoch: 1 | total time: 0.67m
step 00087 (29.00%) | loss: 3.259907 | lrm: 1.00 | dt: 476.75ms | tok/sec: 17,183 | mfu: 5.56 | epoch: 1 | total time: 0.68m
step 00088 (29.33%) | loss: 3.132375 | lrm: 1.00 | dt: 540.76ms | tok/sec: 15,149 | mfu: 4.90 | epoch: 1 | total time: 0.69m
step 00089 (29.67%) | loss: 3.088829 | lrm: 1.00 | dt: 477.63ms | tok/sec: 17,151 | mfu: 5.55 | epoch: 1 | total time: 0.70m
step 00090 (30.00%) | loss: 3.050806 | lrm: 1.00 | dt: 537.72ms | tok/sec: 15,234 | mfu: 4.93 | epoch: 1 | total time: 0.71m
step 00091 (30.33%) | loss: 3.011575 | lrm: 1.00 | dt: 533.92ms | tok/sec: 15,343 | mfu: 4.96 | epoch: 1 | total time: 0.72m
step 00092 (30.67%) | loss: 3.038056 | lrm: 1.00 | dt: 534.40ms | tok/sec: 15,329 | mfu: 4.96 | epoch: 1 | total time: 0.73m
step 00093 (31.00%) | loss: 2.962449 | lrm: 1.00 | dt: 533.19ms | tok/sec: 15,364 | mfu: 4.97 | epoch: 1 | total time: 0.73m
step 00094 (31.33%) | loss: 2.921376 | lrm: 1.00 | dt: 534.83ms | tok/sec: 15,316 | mfu: 4.95 | epoch: 1 | total time: 0.74m
step 00095 (31.67%) | loss: 3.034065 | lrm: 1.00 | dt: 532.32ms | tok/sec: 15,389 | mfu: 4.98 | epoch: 1 | total time: 0.75m
step 00096 (32.00%) | loss: 2.972188 | lrm: 1.00 | dt: 532.86ms | tok/sec: 15,373 | mfu: 4.97 | epoch: 1 | total time: 0.76m
step 00097 (32.33%) | loss: 2.902133 | lrm: 1.00 | dt: 531.20ms | tok/sec: 15,421 | mfu: 4.99 | epoch: 1 | total time: 0.77m
step 00098 (32.67%) | loss: 2.947376 | lrm: 1.00 | dt: 531.79ms | tok/sec: 15,404 | mfu: 4.98 | epoch: 1 | total time: 0.78m
step 00099 (33.00%) | loss: 2.890129 | lrm: 1.00 | dt: 530.18ms | tok/sec: 15,451 | mfu: 5.00 | epoch: 1 | total time: 0.79m
step 00100 (33.33%) | loss: 2.866797 | lrm: 1.00 | dt: 530.41ms | tok/sec: 15,444 | mfu: 5.00 | epoch: 1 | total time: 0.80m
Step 00100 | Validation bpb: 0.9094
step 00101 (33.67%) | loss: 2.880153 | lrm: 1.00 | dt: 482.40ms | tok/sec: 16,981 | mfu: 5.49 | epoch: 1 | total time: 0.80m
step 00102 (34.00%) | loss: 2.936388 | lrm: 1.00 | dt: 538.68ms | tok/sec: 15,207 | mfu: 4.92 | epoch: 1 | total time: 0.81m
step 00103 (34.33%) | loss: 2.927354 | lrm: 1.00 | dt: 568.39ms | tok/sec: 14,412 | mfu: 4.66 | epoch: 1 | total time: 0.82m
step 00104 (34.67%) | loss: 2.977143 | lrm: 1.00 | dt: 581.63ms | tok/sec: 14,084 | mfu: 4.56 | epoch: 1 | total time: 0.83m
step 00105 (35.00%) | loss: 2.826511 | lrm: 1.00 | dt: 580.57ms | tok/sec: 14,110 | mfu: 4.56 | epoch: 1 | total time: 0.84m
step 00106 (35.33%) | loss: 2.753936 | lrm: 1.00 | dt: 569.14ms | tok/sec: 14,393 | mfu: 4.66 | epoch: 1 | total time: 0.85m
step 00107 (35.67%) | loss: 2.777736 | lrm: 1.00 | dt: 559.67ms | tok/sec: 14,637 | mfu: 4.73 | epoch: 1 | total time: 0.86m
step 00108 (36.00%) | loss: 2.823213 | lrm: 1.00 | dt: 537.31ms | tok/sec: 15,246 | mfu: 4.93 | epoch: 1 | total time: 0.87m
step 00109 (36.33%) | loss: 2.911630 | lrm: 1.00 | dt: 533.11ms | tok/sec: 15,366 | mfu: 4.97 | epoch: 1 | total time: 0.88m
step 00110 (36.67%) | loss: 2.830111 | lrm: 1.00 | dt: 535.61ms | tok/sec: 15,294 | mfu: 4.95 | epoch: 1 | total time: 0.89m
step 00111 (37.00%) | loss: 2.735588 | lrm: 1.00 | dt: 543.69ms | tok/sec: 15,067 | mfu: 4.87 | epoch: 1 | total time: 0.90m
step 00112 (37.33%) | loss: 2.663324 | lrm: 1.00 | dt: 545.44ms | tok/sec: 15,019 | mfu: 4.86 | epoch: 1 | total time: 0.91m
step 00113 (37.67%) | loss: 2.628438 | lrm: 1.00 | dt: 535.88ms | tok/sec: 15,287 | mfu: 4.95 | epoch: 1 | total time: 0.91m
step 00114 (38.00%) | loss: 2.574715 | lrm: 1.00 | dt: 558.49ms | tok/sec: 14,668 | mfu: 4.74 | epoch: 1 | total time: 0.92m
step 00115 (38.33%) | loss: 2.535608 | lrm: 1.00 | dt: 555.41ms | tok/sec: 14,749 | mfu: 4.77 | epoch: 1 | total time: 0.93m
step 00116 (38.67%) | loss: 2.471658 | lrm: 1.00 | dt: 594.10ms | tok/sec: 13,788 | mfu: 4.46 | epoch: 1 | total time: 0.94m
step 00117 (39.00%) | loss: 2.563644 | lrm: 1.00 | dt: 600.48ms | tok/sec: 13,642 | mfu: 4.41 | epoch: 1 | total time: 0.95m
step 00118 (39.33%) | loss: 2.679600 | lrm: 1.00 | dt: 571.30ms | tok/sec: 14,339 | mfu: 4.64 | epoch: 1 | total time: 0.96m
step 00119 (39.67%) | loss: 2.633780 | lrm: 1.00 | dt: 561.14ms | tok/sec: 14,598 | mfu: 4.72 | epoch: 1 | total time: 0.97m
step 00120 (40.00%) | loss: 2.599619 | lrm: 1.00 | dt: 563.72ms | tok/sec: 14,531 | mfu: 4.70 | epoch: 1 | total time: 0.98m
step 00121 (40.33%) | loss: 2.544087 | lrm: 1.00 | dt: 563.91ms | tok/sec: 14,527 | mfu: 4.70 | epoch: 1 | total time: 0.99m
step 00122 (40.67%) | loss: 2.560626 | lrm: 1.00 | dt: 566.52ms | tok/sec: 14,460 | mfu: 4.68 | epoch: 1 | total time: 1.00m
step 00123 (41.00%) | loss: 2.799171 | lrm: 1.00 | dt: 562.61ms | tok/sec: 14,560 | mfu: 4.71 | epoch: 1 | total time: 1.01m
step 00124 (41.33%) | loss: 2.754858 | lrm: 1.00 | dt: 554.41ms | tok/sec: 14,776 | mfu: 4.78 | epoch: 1 | total time: 1.02m
step 00125 (41.67%) | loss: 2.771383 | lrm: 1.00 | dt: 473.81ms | tok/sec: 17,289 | mfu: 5.59 | epoch: 1 | total time: 1.03m
Step 00125 | Validation bpb: 0.8870
step 00126 (42.00%) | loss: 2.836223 | lrm: 1.00 | dt: 540.27ms | tok/sec: 15,162 | mfu: 4.90 | epoch: 1 | total time: 1.04m
step 00127 (42.33%) | loss: 2.787310 | lrm: 1.00 | dt: 535.25ms | tok/sec: 15,304 | mfu: 4.95 | epoch: 1 | total time: 1.04m
step 00128 (42.67%) | loss: 2.793480 | lrm: 1.00 | dt: 558.31ms | tok/sec: 14,672 | mfu: 4.75 | epoch: 1 | total time: 1.05m
step 00129 (43.00%) | loss: 2.777030 | lrm: 1.00 | dt: 543.19ms | tok/sec: 15,081 | mfu: 4.88 | epoch: 1 | total time: 1.06m
step 00130 (43.33%) | loss: 2.698654 | lrm: 1.00 | dt: 542.23ms | tok/sec: 15,108 | mfu: 4.89 | epoch: 1 | total time: 1.07m
step 00131 (43.67%) | loss: 2.700175 | lrm: 1.00 | dt: 556.61ms | tok/sec: 14,717 | mfu: 4.76 | epoch: 1 | total time: 1.08m
step 00132 (44.00%) | loss: 2.777558 | lrm: 1.00 | dt: 540.99ms | tok/sec: 15,142 | mfu: 4.90 | epoch: 1 | total time: 1.09m
step 00133 (44.33%) | loss: 2.900330 | lrm: 1.00 | dt: 534.41ms | tok/sec: 15,328 | mfu: 4.96 | epoch: 1 | total time: 1.10m
step 00134 (44.67%) | loss: 2.796657 | lrm: 1.00 | dt: 535.34ms | tok/sec: 15,302 | mfu: 4.95 | epoch: 1 | total time: 1.11m
step 00135 (45.00%) | loss: 2.812237 | lrm: 1.00 | dt: 478.58ms | tok/sec: 17,117 | mfu: 5.54 | epoch: 1 | total time: 1.12m
step 00136 (45.33%) | loss: 2.840467 | lrm: 1.00 | dt: 538.54ms | tok/sec: 15,211 | mfu: 4.92 | epoch: 1 | total time: 1.13m
step 00137 (45.67%) | loss: 2.802455 | lrm: 1.00 | dt: 529.03ms | tok/sec: 15,484 | mfu: 5.01 | epoch: 1 | total time: 1.13m
step 00138 (46.00%) | loss: 2.803861 | lrm: 1.00 | dt: 524.91ms | tok/sec: 15,606 | mfu: 5.05 | epoch: 1 | total time: 1.14m
step 00139 (46.33%) | loss: 2.765016 | lrm: 1.00 | dt: 540.64ms | tok/sec: 15,152 | mfu: 4.90 | epoch: 1 | total time: 1.15m
step 00140 (46.67%) | loss: 2.700967 | lrm: 1.00 | dt: 538.33ms | tok/sec: 15,217 | mfu: 4.92 | epoch: 1 | total time: 1.16m
step 00141 (47.00%) | loss: 2.684158 | lrm: 1.00 | dt: 557.84ms | tok/sec: 14,685 | mfu: 4.75 | epoch: 1 | total time: 1.17m
step 00142 (47.33%) | loss: 2.683988 | lrm: 1.00 | dt: 593.17ms | tok/sec: 13,810 | mfu: 4.47 | epoch: 1 | total time: 1.18m
step 00143 (47.67%) | loss: 2.669223 | lrm: 1.00 | dt: 558.94ms | tok/sec: 14,656 | mfu: 4.74 | epoch: 1 | total time: 1.19m
step 00144 (48.00%) | loss: 2.733407 | lrm: 1.00 | dt: 569.98ms | tok/sec: 14,372 | mfu: 4.65 | epoch: 1 | total time: 1.20m
step 00145 (48.33%) | loss: 2.703650 | lrm: 1.00 | dt: 551.23ms | tok/sec: 14,861 | mfu: 4.81 | epoch: 1 | total time: 1.21m
step 00146 (48.67%) | loss: 2.791806 | lrm: 1.00 | dt: 477.02ms | tok/sec: 17,173 | mfu: 5.56 | epoch: 1 | total time: 1.22m
step 00147 (49.00%) | loss: 2.790930 | lrm: 1.00 | dt: 541.73ms | tok/sec: 15,122 | mfu: 4.89 | epoch: 1 | total time: 1.23m
step 00148 (49.33%) | loss: 2.744761 | lrm: 1.00 | dt: 541.92ms | tok/sec: 15,116 | mfu: 4.89 | epoch: 1 | total time: 1.23m
step 00149 (49.67%) | loss: 2.697456 | lrm: 1.00 | dt: 556.87ms | tok/sec: 14,710 | mfu: 4.76 | epoch: 1 | total time: 1.24m
step 00150 (50.00%) | loss: 2.728642 | lrm: 1.00 | dt: 569.96ms | tok/sec: 14,373 | mfu: 4.65 | epoch: 1 | total time: 1.25m
Step 00150 | Validation bpb: 0.8713
step 00151 (50.33%) | loss: 2.692594 | lrm: 1.00 | dt: 587.66ms | tok/sec: 13,939 | mfu: 4.51 | epoch: 1 | total time: 1.26m
step 00152 (50.67%) | loss: 2.501955 | lrm: 1.00 | dt: 578.92ms | tok/sec: 14,150 | mfu: 4.58 | epoch: 1 | total time: 1.27m
step 00153 (51.00%) | loss: 2.481064 | lrm: 1.00 | dt: 503.42ms | tok/sec: 16,272 | mfu: 5.26 | epoch: 1 | total time: 1.28m
step 00154 (51.33%) | loss: 2.527039 | lrm: 1.00 | dt: 563.38ms | tok/sec: 14,540 | mfu: 4.70 | epoch: 1 | total time: 1.29m
step 00155 (51.67%) | loss: 2.457136 | lrm: 1.00 | dt: 553.01ms | tok/sec: 14,813 | mfu: 4.79 | epoch: 1 | total time: 1.30m
step 00156 (52.00%) | loss: 2.389292 | lrm: 1.00 | dt: 558.05ms | tok/sec: 14,679 | mfu: 4.75 | epoch: 1 | total time: 1.31m
step 00157 (52.33%) | loss: 2.398660 | lrm: 1.00 | dt: 588.97ms | tok/sec: 13,909 | mfu: 4.50 | epoch: 1 | total time: 1.32m
step 00158 (52.67%) | loss: 2.485014 | lrm: 1.00 | dt: 519.35ms | tok/sec: 15,773 | mfu: 5.10 | epoch: 1 | total time: 1.33m
step 00159 (53.00%) | loss: 2.431670 | lrm: 1.00 | dt: 566.07ms | tok/sec: 14,471 | mfu: 4.68 | epoch: 1 | total time: 1.34m
step 00160 (53.33%) | loss: 2.393063 | lrm: 1.00 | dt: 583.14ms | tok/sec: 14,047 | mfu: 4.54 | epoch: 1 | total time: 1.35m
step 00161 (53.67%) | loss: 2.395076 | lrm: 1.00 | dt: 587.82ms | tok/sec: 13,936 | mfu: 4.51 | epoch: 1 | total time: 1.36m
step 00162 (54.00%) | loss: 2.349732 | lrm: 1.00 | dt: 558.96ms | tok/sec: 14,655 | mfu: 4.74 | epoch: 1 | total time: 1.37m
step 00163 (54.33%) | loss: 2.484313 | lrm: 1.00 | dt: 592.22ms | tok/sec: 13,832 | mfu: 4.47 | epoch: 1 | total time: 1.38m
step 00164 (54.67%) | loss: 2.528981 | lrm: 1.00 | dt: 553.79ms | tok/sec: 14,792 | mfu: 4.79 | epoch: 1 | total time: 1.38m
step 00165 (55.00%) | loss: 2.612857 | lrm: 1.00 | dt: 565.56ms | tok/sec: 14,484 | mfu: 4.69 | epoch: 1 | total time: 1.39m
step 00166 (55.33%) | loss: 2.588536 | lrm: 1.00 | dt: 580.12ms | tok/sec: 14,121 | mfu: 4.57 | epoch: 1 | total time: 1.40m
step 00167 (55.67%) | loss: 2.637288 | lrm: 1.00 | dt: 614.36ms | tok/sec: 13,334 | mfu: 4.31 | epoch: 1 | total time: 1.41m
step 00168 (56.00%) | loss: 2.595131 | lrm: 1.00 | dt: 583.45ms | tok/sec: 14,040 | mfu: 4.54 | epoch: 1 | total time: 1.42m
step 00169 (56.33%) | loss: 2.566885 | lrm: 1.00 | dt: 568.41ms | tok/sec: 14,412 | mfu: 4.66 | epoch: 1 | total time: 1.43m
step 00170 (56.67%) | loss: 2.702786 | lrm: 1.00 | dt: 548.81ms | tok/sec: 14,926 | mfu: 4.83 | epoch: 1 | total time: 1.44m
step 00171 (57.00%) | loss: 2.655223 | lrm: 1.00 | dt: 508.16ms | tok/sec: 16,121 | mfu: 5.21 | epoch: 1 | total time: 1.45m
step 00172 (57.33%) | loss: 2.705040 | lrm: 1.00 | dt: 679.15ms | tok/sec: 12,062 | mfu: 3.90 | epoch: 1 | total time: 1.46m
step 00173 (57.67%) | loss: 2.769362 | lrm: 1.00 | dt: 561.18ms | tok/sec: 14,597 | mfu: 4.72 | epoch: 1 | total time: 1.47m
step 00174 (58.00%) | loss: 2.842987 | lrm: 1.00 | dt: 558.74ms | tok/sec: 14,661 | mfu: 4.74 | epoch: 1 | total time: 1.48m
step 00175 (58.33%) | loss: 2.799098 | lrm: 1.00 | dt: 556.02ms | tok/sec: 14,733 | mfu: 4.77 | epoch: 1 | total time: 1.49m
Step 00175 | Validation bpb: 0.8646
step 00176 (58.67%) | loss: 2.788925 | lrm: 1.00 | dt: 521.31ms | tok/sec: 15,714 | mfu: 5.08 | epoch: 1 | total time: 1.50m
step 00177 (59.00%) | loss: 2.898993 | lrm: 1.00 | dt: 522.76ms | tok/sec: 15,670 | mfu: 5.07 | epoch: 1 | total time: 1.51m
step 00178 (59.33%) | loss: 2.932613 | lrm: 1.00 | dt: 521.63ms | tok/sec: 15,704 | mfu: 5.08 | epoch: 1 | total time: 1.52m
step 00179 (59.67%) | loss: 2.910625 | lrm: 1.00 | dt: 521.40ms | tok/sec: 15,711 | mfu: 5.08 | epoch: 1 | total time: 1.52m
step 00180 (60.00%) | loss: 2.897590 | lrm: 1.00 | dt: 460.34ms | tok/sec: 17,795 | mfu: 5.76 | epoch: 1 | total time: 1.53m
step 00181 (60.33%) | loss: 2.831063 | lrm: 1.00 | dt: 522.37ms | tok/sec: 15,682 | mfu: 5.07 | epoch: 1 | total time: 1.54m
step 00182 (60.67%) | loss: 2.625756 | lrm: 1.00 | dt: 521.96ms | tok/sec: 15,694 | mfu: 5.08 | epoch: 1 | total time: 1.55m
step 00183 (61.00%) | loss: 2.749000 | lrm: 1.00 | dt: 521.86ms | tok/sec: 15,697 | mfu: 5.08 | epoch: 1 | total time: 1.56m
step 00184 (61.33%) | loss: 2.739021 | lrm: 1.00 | dt: 520.94ms | tok/sec: 15,725 | mfu: 5.09 | epoch: 1 | total time: 1.57m
step 00185 (61.67%) | loss: 2.538326 | lrm: 1.00 | dt: 521.77ms | tok/sec: 15,700 | mfu: 5.08 | epoch: 1 | total time: 1.58m
step 00186 (62.00%) | loss: 2.652904 | lrm: 1.00 | dt: 459.30ms | tok/sec: 17,836 | mfu: 5.77 | epoch: 1 | total time: 1.58m
step 00187 (62.33%) | loss: 2.622187 | lrm: 1.00 | dt: 520.20ms | tok/sec: 15,747 | mfu: 5.09 | epoch: 1 | total time: 1.59m
step 00188 (62.67%) | loss: 2.637126 | lrm: 1.00 | dt: 522.80ms | tok/sec: 15,669 | mfu: 5.07 | epoch: 1 | total time: 1.60m
step 00189 (63.00%) | loss: 2.584489 | lrm: 1.00 | dt: 528.29ms | tok/sec: 15,506 | mfu: 5.02 | epoch: 1 | total time: 1.61m
step 00190 (63.33%) | loss: 2.532118 | lrm: 1.00 | dt: 521.43ms | tok/sec: 15,710 | mfu: 5.08 | epoch: 1 | total time: 1.62m
step 00191 (63.67%) | loss: 2.587392 | lrm: 1.00 | dt: 521.20ms | tok/sec: 15,717 | mfu: 5.08 | epoch: 1 | total time: 1.63m
step 00192 (64.00%) | loss: 2.525003 | lrm: 1.00 | dt: 522.28ms | tok/sec: 15,684 | mfu: 5.07 | epoch: 1 | total time: 1.64m
step 00193 (64.33%) | loss: 2.482198 | lrm: 1.00 | dt: 529.58ms | tok/sec: 15,468 | mfu: 5.00 | epoch: 1 | total time: 1.64m
step 00194 (64.67%) | loss: 2.545027 | lrm: 1.00 | dt: 540.32ms | tok/sec: 15,161 | mfu: 4.90 | epoch: 1 | total time: 1.65m
step 00195 (65.00%) | loss: 2.491059 | lrm: 1.00 | dt: 540.19ms | tok/sec: 15,165 | mfu: 4.91 | epoch: 1 | total time: 1.66m
step 00196 (65.33%) | loss: 2.606608 | lrm: 1.00 | dt: 540.03ms | tok/sec: 15,169 | mfu: 4.91 | epoch: 1 | total time: 1.67m
step 00197 (65.67%) | loss: 2.489792 | lrm: 1.00 | dt: 537.70ms | tok/sec: 15,235 | mfu: 4.93 | epoch: 1 | total time: 1.68m
step 00198 (66.00%) | loss: 2.524251 | lrm: 1.00 | dt: 535.84ms | tok/sec: 15,288 | mfu: 4.95 | epoch: 1 | total time: 1.69m
step 00199 (66.33%) | loss: 2.647125 | lrm: 1.00 | dt: 537.68ms | tok/sec: 15,235 | mfu: 4.93 | epoch: 1 | total time: 1.70m
step 00200 (66.67%) | loss: 2.578683 | lrm: 1.00 | dt: 538.19ms | tok/sec: 15,221 | mfu: 4.92 | epoch: 1 | total time: 1.71m
Step 00200 | Validation bpb: 0.7675
2026-03-28 15:50:33,662 - nanochat.checkpoint_manager - [32m[1mINFO[0m - Saved model parameters to: /home/sun0115/.cache/nanochat/chatsft_checkpoints/d24_r32_adamw_partial_lr005_2026-03-28_1545_s1024_gc/best/model_000200.pt
2026-03-28 15:50:33,663 - nanochat.checkpoint_manager - [32m[1mINFO[0m - Saved metadata to: /home/sun0115/.cache/nanochat/chatsft_checkpoints/d24_r32_adamw_partial_lr005_2026-03-28_1545_s1024_gc/best/meta_000200.json
Saved best checkpoint at step 200 (val_bpb=0.7675)
Rotated old best checkpoint: step 000025
step 00201 (67.00%) | loss: 2.580162 | lrm: 1.00 | dt: 611.65ms | tok/sec: 13,393 | mfu: 4.33 | epoch: 1 | total time: 1.72m
step 00202 (67.33%) | loss: 2.558679 | lrm: 1.00 | dt: 548.42ms | tok/sec: 14,937 | mfu: 4.83 | epoch: 1 | total time: 1.73m
step 00203 (67.67%) | loss: 2.548712 | lrm: 1.00 | dt: 542.61ms | tok/sec: 15,097 | mfu: 4.88 | epoch: 1 | total time: 1.74m
step 00204 (68.00%) | loss: 2.466756 | lrm: 1.00 | dt: 549.22ms | tok/sec: 14,915 | mfu: 4.82 | epoch: 1 | total time: 1.75m
step 00205 (68.33%) | loss: 2.468791 | lrm: 1.00 | dt: 417.17ms | tok/sec: 19,637 | mfu: 6.35 | epoch: 1 | total time: 1.75m
step 00206 (68.67%) | loss: 2.468086 | lrm: 1.00 | dt: 463.70ms | tok/sec: 17,666 | mfu: 5.71 | epoch: 1 | total time: 1.76m
step 00207 (69.00%) | loss: 2.445382 | lrm: 1.00 | dt: 520.78ms | tok/sec: 15,730 | mfu: 5.09 | epoch: 1 | total time: 1.77m
step 00208 (69.33%) | loss: 2.455398 | lrm: 1.00 | dt: 538.59ms | tok/sec: 15,210 | mfu: 4.92 | epoch: 1 | total time: 1.78m
step 00209 (69.67%) | loss: 2.461729 | lrm: 1.00 | dt: 537.90ms | tok/sec: 15,229 | mfu: 4.93 | epoch: 1 | total time: 1.79m
step 00210 (70.00%) | loss: 2.398765 | lrm: 1.00 | dt: 531.79ms | tok/sec: 15,404 | mfu: 4.98 | epoch: 1 | total time: 1.80m
step 00211 (70.33%) | loss: 2.407446 | lrm: 0.99 | dt: 534.36ms | tok/sec: 15,330 | mfu: 4.96 | epoch: 1 | total time: 1.80m
step 00212 (70.67%) | loss: 2.384797 | lrm: 0.98 | dt: 574.01ms | tok/sec: 14,271 | mfu: 4.62 | epoch: 1 | total time: 1.81m
step 00213 (71.00%) | loss: 2.330721 | lrm: 0.97 | dt: 551.27ms | tok/sec: 14,860 | mfu: 4.81 | epoch: 1 | total time: 1.82m
step 00214 (71.33%) | loss: 2.354461 | lrm: 0.96 | dt: 532.38ms | tok/sec: 15,387 | mfu: 4.98 | epoch: 1 | total time: 1.83m
step 00215 (71.67%) | loss: 2.310843 | lrm: 0.94 | dt: 587.87ms | tok/sec: 13,935 | mfu: 4.51 | epoch: 1 | total time: 1.84m
step 00216 (72.00%) | loss: 2.287090 | lrm: 0.93 | dt: 574.03ms | tok/sec: 14,271 | mfu: 4.62 | epoch: 1 | total time: 1.85m
step 00217 (72.33%) | loss: 2.325243 | lrm: 0.92 | dt: 564.70ms | tok/sec: 14,506 | mfu: 4.69 | epoch: 1 | total time: 1.86m
step 00218 (72.67%) | loss: 2.289560 | lrm: 0.91 | dt: 520.75ms | tok/sec: 15,731 | mfu: 5.09 | epoch: 1 | total time: 1.87m
step 00219 (73.00%) | loss: 2.357632 | lrm: 0.90 | dt: 562.70ms | tok/sec: 14,558 | mfu: 4.71 | epoch: 1 | total time: 1.88m
step 00220 (73.33%) | loss: 2.411905 | lrm: 0.89 | dt: 574.56ms | tok/sec: 14,257 | mfu: 4.61 | epoch: 1 | total time: 1.89m
step 00221 (73.67%) | loss: 2.486933 | lrm: 0.88 | dt: 581.19ms | tok/sec: 14,095 | mfu: 4.56 | epoch: 1 | total time: 1.90m
step 00222 (74.00%) | loss: 2.407731 | lrm: 0.87 | dt: 571.13ms | tok/sec: 14,343 | mfu: 4.64 | epoch: 1 | total time: 1.91m
step 00223 (74.33%) | loss: 2.341980 | lrm: 0.86 | dt: 581.34ms | tok/sec: 14,091 | mfu: 4.56 | epoch: 1 | total time: 1.92m
step 00224 (74.67%) | loss: 2.311892 | lrm: 0.84 | dt: 541.15ms | tok/sec: 15,138 | mfu: 4.90 | epoch: 1 | total time: 1.93m
step 00225 (75.00%) | loss: 2.312001 | lrm: 0.83 | dt: 531.87ms | tok/sec: 15,402 | mfu: 4.98 | epoch: 1 | total time: 1.93m
Step 00225 | Validation bpb: 0.7378
2026-03-28 15:51:07,064 - nanochat.checkpoint_manager - [32m[1mINFO[0m - Saved model parameters to: /home/sun0115/.cache/nanochat/chatsft_checkpoints/d24_r32_adamw_partial_lr005_2026-03-28_1545_s1024_gc/best/model_000225.pt
2026-03-28 15:51:07,064 - nanochat.checkpoint_manager - [32m[1mINFO[0m - Saved metadata to: /home/sun0115/.cache/nanochat/chatsft_checkpoints/d24_r32_adamw_partial_lr005_2026-03-28_1545_s1024_gc/best/meta_000225.json
Saved best checkpoint at step 225 (val_bpb=0.7378)
Rotated old best checkpoint: step 000200
step 00226 (75.33%) | loss: 2.256419 | lrm: 0.82 | dt: 655.74ms | tok/sec: 12,492 | mfu: 4.04 | epoch: 1 | total time: 1.95m
step 00227 (75.67%) | loss: 2.292510 | lrm: 0.81 | dt: 528.57ms | tok/sec: 15,498 | mfu: 5.01 | epoch: 1 | total time: 1.95m
step 00228 (76.00%) | loss: 2.255125 | lrm: 0.80 | dt: 519.52ms | tok/sec: 15,768 | mfu: 5.10 | epoch: 1 | total time: 1.96m
step 00229 (76.33%) | loss: 2.233414 | lrm: 0.79 | dt: 523.48ms | tok/sec: 15,649 | mfu: 5.06 | epoch: 1 | total time: 1.97m
step 00230 (76.67%) | loss: 2.190548 | lrm: 0.78 | dt: 466.16ms | tok/sec: 17,573 | mfu: 5.68 | epoch: 1 | total time: 1.98m
step 00231 (77.00%) | loss: 2.135904 | lrm: 0.77 | dt: 526.85ms | tok/sec: 15,548 | mfu: 5.03 | epoch: 1 | total time: 1.99m
step 00232 (77.33%) | loss: 2.090170 | lrm: 0.76 | dt: 523.05ms | tok/sec: 15,662 | mfu: 5.07 | epoch: 1 | total time: 2.00m
step 00233 (77.67%) | loss: 2.122315 | lrm: 0.74 | dt: 557.90ms | tok/sec: 14,683 | mfu: 4.75 | epoch: 1 | total time: 2.01m
step 00234 (78.00%) | loss: 2.138805 | lrm: 0.73 | dt: 527.08ms | tok/sec: 15,542 | mfu: 5.03 | epoch: 1 | total time: 2.02m
step 00235 (78.33%) | loss: 2.185388 | lrm: 0.72 | dt: 525.60ms | tok/sec: 15,586 | mfu: 5.04 | epoch: 1 | total time: 2.02m
step 00236 (78.67%) | loss: 2.153432 | lrm: 0.71 | dt: 524.93ms | tok/sec: 15,605 | mfu: 5.05 | epoch: 1 | total time: 2.03m
step 00237 (79.00%) | loss: 2.155600 | lrm: 0.70 | dt: 522.02ms | tok/sec: 15,692 | mfu: 5.08 | epoch: 1 | total time: 2.04m
step 00238 (79.33%) | loss: 2.129511 | lrm: 0.69 | dt: 521.23ms | tok/sec: 15,716 | mfu: 5.08 | epoch: 1 | total time: 2.05m
step 00239 (79.67%) | loss: 2.158514 | lrm: 0.68 | dt: 519.78ms | tok/sec: 15,760 | mfu: 5.10 | epoch: 1 | total time: 2.06m
step 00240 (80.00%) | loss: 2.105713 | lrm: 0.67 | dt: 529.24ms | tok/sec: 15,478 | mfu: 5.01 | epoch: 1 | total time: 2.07m
step 00241 (80.33%) | loss: 2.117007 | lrm: 0.66 | dt: 542.47ms | tok/sec: 15,101 | mfu: 4.88 | epoch: 1 | total time: 2.08m
step 00242 (80.67%) | loss: 2.188678 | lrm: 0.64 | dt: 476.73ms | tok/sec: 17,183 | mfu: 5.56 | epoch: 1 | total time: 2.08m
step 00243 (81.00%) | loss: 2.159340 | lrm: 0.63 | dt: 540.32ms | tok/sec: 15,161 | mfu: 4.90 | epoch: 1 | total time: 2.09m
step 00244 (81.33%) | loss: 2.105096 | lrm: 0.62 | dt: 537.70ms | tok/sec: 15,235 | mfu: 4.93 | epoch: 1 | total time: 2.10m
step 00245 (81.67%) | loss: 2.108074 | lrm: 0.61 | dt: 536.11ms | tok/sec: 15,280 | mfu: 4.94 | epoch: 1 | total time: 2.11m
step 00246 (82.00%) | loss: 2.117950 | lrm: 0.60 | dt: 473.12ms | tok/sec: 17,314 | mfu: 5.60 | epoch: 1 | total time: 2.12m
step 00247 (82.33%) | loss: 2.151787 | lrm: 0.59 | dt: 473.67ms | tok/sec: 17,294 | mfu: 5.59 | epoch: 1 | total time: 2.13m
step 00248 (82.67%) | loss: 2.149123 | lrm: 0.58 | dt: 535.27ms | tok/sec: 15,304 | mfu: 4.95 | epoch: 1 | total time: 2.14m
step 00249 (83.00%) | loss: 2.090999 | lrm: 0.57 | dt: 536.45ms | tok/sec: 15,270 | mfu: 4.94 | epoch: 1 | total time: 2.15m
step 00250 (83.33%) | loss: 2.129346 | lrm: 0.56 | dt: 534.73ms | tok/sec: 15,320 | mfu: 4.96 | epoch: 1 | total time: 2.15m
Step 00250 | Validation bpb: 0.7192
2026-03-28 15:51:39,928 - nanochat.checkpoint_manager - [32m[1mINFO[0m - Saved model parameters to: /home/sun0115/.cache/nanochat/chatsft_checkpoints/d24_r32_adamw_partial_lr005_2026-03-28_1545_s1024_gc/best/model_000250.pt
2026-03-28 15:51:39,928 - nanochat.checkpoint_manager - [32m[1mINFO[0m - Saved metadata to: /home/sun0115/.cache/nanochat/chatsft_checkpoints/d24_r32_adamw_partial_lr005_2026-03-28_1545_s1024_gc/best/meta_000250.json
Saved best checkpoint at step 250 (val_bpb=0.7192)
Rotated old best checkpoint: step 000225
step 00251 (83.67%) | loss: 2.085728 | lrm: 0.54 | dt: 714.22ms | tok/sec: 11,469 | mfu: 3.71 | epoch: 1 | total time: 2.17m
step 00252 (84.00%) | loss: 2.061996 | lrm: 0.53 | dt: 525.83ms | tok/sec: 15,579 | mfu: 5.04 | epoch: 1 | total time: 2.17m
step 00253 (84.33%) | loss: 1.998856 | lrm: 0.52 | dt: 519.69ms | tok/sec: 15,763 | mfu: 5.10 | epoch: 1 | total time: 2.18m
step 00254 (84.67%) | loss: 1.997670 | lrm: 0.51 | dt: 521.80ms | tok/sec: 15,699 | mfu: 5.08 | epoch: 1 | total time: 2.19m
step 00255 (85.00%) | loss: 2.004696 | lrm: 0.50 | dt: 521.75ms | tok/sec: 15,701 | mfu: 5.08 | epoch: 1 | total time: 2.20m
step 00256 (85.33%) | loss: 1.997059 | lrm: 0.49 | dt: 521.00ms | tok/sec: 15,723 | mfu: 5.09 | epoch: 1 | total time: 2.21m
step 00257 (85.67%) | loss: 1.963138 | lrm: 0.48 | dt: 402.38ms | tok/sec: 20,358 | mfu: 6.59 | epoch: 1 | total time: 2.22m
step 00258 (86.00%) | loss: 2.028543 | lrm: 0.47 | dt: 522.77ms | tok/sec: 15,670 | mfu: 5.07 | epoch: 1 | total time: 2.23m
step 00259 (86.33%) | loss: 2.077852 | lrm: 0.46 | dt: 525.71ms | tok/sec: 15,582 | mfu: 5.04 | epoch: 1 | total time: 2.23m
step 00260 (86.67%) | loss: 2.046014 | lrm: 0.44 | dt: 528.62ms | tok/sec: 15,496 | mfu: 5.01 | epoch: 1 | total time: 2.24m
step 00261 (87.00%) | loss: 2.101669 | lrm: 0.43 | dt: 524.34ms | tok/sec: 15,623 | mfu: 5.05 | epoch: 1 | total time: 2.25m
step 00262 (87.33%) | loss: 2.082452 | lrm: 0.42 | dt: 520.21ms | tok/sec: 15,747 | mfu: 5.09 | epoch: 1 | total time: 2.26m
step 00263 (87.67%) | loss: 2.033559 | lrm: 0.41 | dt: 522.29ms | tok/sec: 15,684 | mfu: 5.07 | epoch: 1 | total time: 2.27m
step 00264 (88.00%) | loss: 2.093651 | lrm: 0.40 | dt: 477.86ms | tok/sec: 17,143 | mfu: 5.55 | epoch: 1 | total time: 2.28m
step 00265 (88.33%) | loss: 2.055794 | lrm: 0.39 | dt: 542.65ms | tok/sec: 15,096 | mfu: 4.88 | epoch: 1 | total time: 2.29m
step 00266 (88.67%) | loss: 2.050896 | lrm: 0.38 | dt: 540.66ms | tok/sec: 15,151 | mfu: 4.90 | epoch: 1 | total time: 2.29m
step 00267 (89.00%) | loss: 2.022670 | lrm: 0.37 | dt: 537.70ms | tok/sec: 15,235 | mfu: 4.93 | epoch: 1 | total time: 2.30m
step 00268 (89.33%) | loss: 2.087444 | lrm: 0.36 | dt: 536.53ms | tok/sec: 15,268 | mfu: 4.94 | epoch: 1 | total time: 2.31m
step 00269 (89.67%) | loss: 2.124791 | lrm: 0.34 | dt: 537.51ms | tok/sec: 15,240 | mfu: 4.93 | epoch: 1 | total time: 2.32m
step 00270 (90.00%) | loss: 2.086891 | lrm: 0.33 | dt: 473.47ms | tok/sec: 17,301 | mfu: 5.60 | epoch: 1 | total time: 2.33m
step 00271 (90.33%) | loss: 2.081772 | lrm: 0.32 | dt: 538.51ms | tok/sec: 15,212 | mfu: 4.92 | epoch: 1 | total time: 2.34m
step 00272 (90.67%) | loss: 2.235523 | lrm: 0.31 | dt: 536.95ms | tok/sec: 15,256 | mfu: 4.94 | epoch: 1 | total time: 2.35m
step 00273 (91.00%) | loss: 2.350843 | lrm: 0.30 | dt: 534.24ms | tok/sec: 15,333 | mfu: 4.96 | epoch: 1 | total time: 2.36m
step 00274 (91.33%) | loss: 2.399546 | lrm: 0.29 | dt: 534.87ms | tok/sec: 15,315 | mfu: 4.95 | epoch: 1 | total time: 2.37m
step 00275 (91.67%) | loss: 2.360498 | lrm: 0.28 | dt: 470.64ms | tok/sec: 17,405 | mfu: 5.63 | epoch: 1 | total time: 2.37m
Step 00275 | Validation bpb: 0.6854
2026-03-28 15:52:12,769 - nanochat.checkpoint_manager - [32m[1mINFO[0m - Saved model parameters to: /home/sun0115/.cache/nanochat/chatsft_checkpoints/d24_r32_adamw_partial_lr005_2026-03-28_1545_s1024_gc/best/model_000275.pt
2026-03-28 15:52:12,770 - nanochat.checkpoint_manager - [32m[1mINFO[0m - Saved metadata to: /home/sun0115/.cache/nanochat/chatsft_checkpoints/d24_r32_adamw_partial_lr005_2026-03-28_1545_s1024_gc/best/meta_000275.json
Saved best checkpoint at step 275 (val_bpb=0.6854)
Rotated old best checkpoint: step 000250
step 00276 (92.00%) | loss: 2.315764 | lrm: 0.27 | dt: 700.24ms | tok/sec: 11,698 | mfu: 3.78 | epoch: 1 | total time: 2.38m
step 00277 (92.33%) | loss: 2.261639 | lrm: 0.26 | dt: 520.24ms | tok/sec: 15,746 | mfu: 5.09 | epoch: 1 | total time: 2.39m
step 00278 (92.67%) | loss: 2.257172 | lrm: 0.24 | dt: 523.38ms | tok/sec: 15,651 | mfu: 5.06 | epoch: 1 | total time: 2.40m
step 00279 (93.00%) | loss: 2.252129 | lrm: 0.23 | dt: 523.75ms | tok/sec: 15,640 | mfu: 5.06 | epoch: 1 | total time: 2.41m
step 00280 (93.33%) | loss: 2.188923 | lrm: 0.22 | dt: 522.65ms | tok/sec: 15,673 | mfu: 5.07 | epoch: 1 | total time: 2.42m
step 00281 (93.67%) | loss: 2.202093 | lrm: 0.21 | dt: 523.80ms | tok/sec: 15,639 | mfu: 5.06 | epoch: 1 | total time: 2.43m
step 00282 (94.00%) | loss: 2.191507 | lrm: 0.20 | dt: 527.51ms | tok/sec: 15,529 | mfu: 5.02 | epoch: 1 | total time: 2.44m
step 00283 (94.33%) | loss: 2.176707 | lrm: 0.19 | dt: 524.44ms | tok/sec: 15,620 | mfu: 5.05 | epoch: 1 | total time: 2.45m
step 00284 (94.67%) | loss: 2.172200 | lrm: 0.18 | dt: 522.44ms | tok/sec: 15,680 | mfu: 5.07 | epoch: 1 | total time: 2.45m
step 00285 (95.00%) | loss: 2.132026 | lrm: 0.17 | dt: 461.45ms | tok/sec: 17,752 | mfu: 5.74 | epoch: 1 | total time: 2.46m
step 00286 (95.33%) | loss: 2.149908 | lrm: 0.16 | dt: 522.20ms | tok/sec: 15,687 | mfu: 5.07 | epoch: 1 | total time: 2.47m
step 00287 (95.67%) | loss: 2.060522 | lrm: 0.14 | dt: 552.56ms | tok/sec: 14,825 | mfu: 4.80 | epoch: 1 | total time: 2.48m
step 00288 (96.00%) | loss: 2.013097 | lrm: 0.13 | dt: 561.95ms | tok/sec: 14,577 | mfu: 4.72 | epoch: 1 | total time: 2.49m
step 00289 (96.33%) | loss: 1.995868 | lrm: 0.12 | dt: 501.24ms | tok/sec: 16,343 | mfu: 5.29 | epoch: 1 | total time: 2.50m
step 00290 (96.67%) | loss: 1.942902 | lrm: 0.11 | dt: 562.99ms | tok/sec: 14,550 | mfu: 4.71 | epoch: 1 | total time: 2.51m
step 00291 (97.00%) | loss: 1.999082 | lrm: 0.10 | dt: 547.26ms | tok/sec: 14,969 | mfu: 4.84 | epoch: 1 | total time: 2.52m
step 00292 (97.33%) | loss: 2.014494 | lrm: 0.09 | dt: 559.42ms | tok/sec: 14,643 | mfu: 4.74 | epoch: 1 | total time: 2.53m
step 00293 (97.67%) | loss: 1.940108 | lrm: 0.08 | dt: 547.89ms | tok/sec: 14,951 | mfu: 4.84 | epoch: 1 | total time: 2.53m
step 00294 (98.00%) | loss: 1.912767 | lrm: 0.07 | dt: 476.52ms | tok/sec: 17,191 | mfu: 5.56 | epoch: 1 | total time: 2.54m
step 00295 (98.33%) | loss: 1.965821 | lrm: 0.06 | dt: 545.01ms | tok/sec: 15,030 | mfu: 4.86 | epoch: 1 | total time: 2.55m
step 00296 (98.67%) | loss: 1.936131 | lrm: 0.04 | dt: 542.61ms | tok/sec: 15,097 | mfu: 4.88 | epoch: 1 | total time: 2.56m
step 00297 (99.00%) | loss: 1.958491 | lrm: 0.03 | dt: 479.87ms | tok/sec: 17,071 | mfu: 5.52 | epoch: 1 | total time: 2.57m
step 00298 (99.33%) | loss: 1.952197 | lrm: 0.02 | dt: 536.56ms | tok/sec: 15,267 | mfu: 4.94 | epoch: 1 | total time: 2.58m
step 00299 (99.67%) | loss: 2.001210 | lrm: 0.01 | dt: 485.50ms | tok/sec: 16,873 | mfu: 5.46 | epoch: 1 | total time: 2.59m
step 00300 (100.00%) | loss: 2.026323 | lrm: 0.00 | dt: 479.49ms | tok/sec: 17,084 | mfu: 5.53 | epoch: 1 | total time: 2.59m
Step 00300 | Validation bpb: 0.6563
2026-03-28 15:52:45,995 - nanochat.checkpoint_manager - [32m[1mINFO[0m - Saved model parameters to: /home/sun0115/.cache/nanochat/chatsft_checkpoints/d24_r32_adamw_partial_lr005_2026-03-28_1545_s1024_gc/best/model_000300.pt
2026-03-28 15:52:45,996 - nanochat.checkpoint_manager - [32m[1mINFO[0m - Saved metadata to: /home/sun0115/.cache/nanochat/chatsft_checkpoints/d24_r32_adamw_partial_lr005_2026-03-28_1545_s1024_gc/best/meta_000300.json
Saved best checkpoint at step 300 (val_bpb=0.6563)
Rotated old best checkpoint: step 000275
2026-03-28 15:52:47,968 - nanochat.checkpoint_manager - [32m[1mINFO[0m - Saved model parameters to: /home/sun0115/.cache/nanochat/chatsft_checkpoints/d24_r32_adamw_partial_lr005_2026-03-28_1545_s1024_gc/model_000300.pt
2026-03-28 15:52:47,969 - nanochat.checkpoint_manager - [32m[1mINFO[0m - Saved metadata to: /home/sun0115/.cache/nanochat/chatsft_checkpoints/d24_r32_adamw_partial_lr005_2026-03-28_1545_s1024_gc/meta_000300.json
Peak memory usage: 6089.04MiB
Total training time: 2.59m
Minimum validation bpb: 0.6563
wandb: updating run metadata
wandb: uploading output.log; uploading wandb-summary.json; uploading config.yaml
wandb: uploading history steps 42-42, summary, console lines 348-357
wandb: 
wandb: Run history:
wandb:                 step ▁▁▁▂▂▂▂▂▂▃▃▃▃▃▄▄▄▄▄▅▅▅▅▅▅▅▆▆▆▆▆▇▇▇▇▇▇███
wandb: total_training_flops ▁▁▁▂▂▂▂▂▂▃▃▃▃▃▄▄▄▄▄▄▅▅▅▅▅▅▆▆▆▆▆▇▇▇▇▇▇███
wandb:  total_training_time ▁▁▁▁▁▂▂▂▂▂▃▃▃▃▃▄▄▄▄▄▄▅▅▅▅▅▆▆▆▆▆▇▇▇▇▇▇███
wandb:             train/dt ▇▅▆▅▅▅▅▄▅▅▅▇▆▅▇█▆▁▄▅▅█▁▅▅▅▂▅▇▂
wandb:          train/epoch ▁▁▁▁▁▁▁▁▁▁▁▁▁▁▁▁▁▁▁▁▁▁▁▁▁▁▁▁▁▁
wandb:           train/loss ▄▃▄▆▆█▇▆▆▅▅▄▄▄▄▃▄▅▄▄▃▃▂▂▂▁▂▂▁▁
wandb:            train/lrm ▂▃▅▆▇████████████████▇▆▆▅▄▃▃▂▁
wandb:            train/mfu ▂▃▃▄▄▃▄▄▃▄▃▂▃▃▂▁▃█▄▃▄▁█▄▃▄▇▄▂▇
wandb:    train/tok_per_sec ▂▃▃▄▄▃▄▄▃▄▃▂▃▃▂▁▃█▄▃▄▁█▄▃▄▇▄▂▇
wandb:              val/bpb ▃▄█▅▅▅▅▄▃▂▂▁▁
wandb: 
wandb: Run summary:
wandb:                 step 300
wandb: total_training_flops 7862418092851200
wandb:  total_training_time 155.6348
wandb:             train/dt 0.47949
wandb:          train/epoch 1
wandb:           train/loss 2.02632
wandb:            train/lrm 0
wandb:            train/mfu 5.52661
wandb:    train/tok_per_sec 17084
wandb:              val/bpb 0.65634
wandb: 
wandb: 🚀 View run d24_r32_adamw_partial_lr005_2026-03-28_1545_s1024_gc at: https://wandb.ai/sunshines-gmail-com/nanochat-sft/runs/8lmuvedc
wandb: ⭐️ View project at: https://wandb.ai/sunshines-gmail-com/nanochat-sft
wandb: Synced 5 W&B file(s), 0 media file(s), 0 artifact file(s) and 0 other file(s)
wandb: Find logs at: ./wandb/run-20260328_154553-8lmuvedc/logs
[end] run=d24_r32_adamw_partial_lr005_2026-03-28_1545_s1024_gc rc=0
[result] best_val_bpb=0.6563431248722256 for d24_r32_adamw_partial_lr005_2026-03-28_1545_s1024_gc
[eval] label=s1024_gc model_group=d24_r32_adamw_partial_lr005_2026-03-28_1545_s1024_gc/best step=300 val_bpb=0.6563431248722256 max_problems=250 cat_batch=1
[eval_log] /home/sun0115/nanochat-learn/notes/eval_d24_r32_adamw_partial_lr005_2026-03-28_1545_s1024_gc_confirm.log
model_group=d24_r32_adamw_partial_lr005_2026-03-28_1545_s1024_gc/best
step=300
max_problems=250
timestamp=2026-03-28_1552
eval_wandb_project=nanochat-eval
eval_wandb_run_prefix=d24_r32_adamw_partial_lr005_2026-03-28_1545_s1024_gc_confirm_s300
skip_pass1=0
skip_pass8=1
skip_mmlu=0
skip_spelling=1
logs:
  pass1: /home/sun0115/nanochat-learn/notes/d24_r32_adamw_partial_lr005_2026-03-28_1545_s1024_gc_best_s300_gsm8k_pass1_250_2026-03-28_1552.log
  pass8: /home/sun0115/nanochat-learn/notes/d24_r32_adamw_partial_lr005_2026-03-28_1545_s1024_gc_best_s300_gsm8k_pass8_250_2026-03-28_1552.log
  mmlu: /home/sun0115/nanochat-learn/notes/d24_r32_adamw_partial_lr005_2026-03-28_1545_s1024_gc_best_s300_mmlu_250_2026-03-28_1552.log
  spellingbee: /home/sun0115/nanochat-learn/notes/d24_r32_adamw_partial_lr005_2026-03-28_1545_s1024_gc_best_s300_spellingbee_250_2026-03-28_1552.log

2026-03-28 15:52:51,859 - nanochat.common - [32m[1mINFO[0m - Distributed world size: 1
wandb: [wandb.login()] Loaded credentials for https://api.wandb.ai from /home/sun0115/.netrc.
wandb: Currently logged in as: sunshines (sunshines-gmail-com) to https://api.wandb.ai. Use `wandb login --relogin` to force relogin
wandb: setting up run e4nuvp9w
wandb: Tracking run with wandb version 0.24.2
wandb: Run data is saved locally in /home/sun0115/nanochat-learn/nanochat/wandb/run-20260328_155252-e4nuvp9w
wandb: Run `wandb offline` to turn off syncing.
wandb: Syncing run d24_r32_adamw_partial_lr005_2026-03-28_1545_s1024_gc_confirm_s300_gsm8k_pass1
wandb: ⭐️ View project at https://wandb.ai/sunshines-gmail-com/nanochat-eval
wandb: 🚀 View run at https://wandb.ai/sunshines-gmail-com/nanochat-eval/runs/e4nuvp9w
2026-03-28 15:52:53,440 - nanochat.checkpoint_manager - [32m[1mINFO[0m - Loading model from /home/sun0115/.cache/nanochat/chatsft_checkpoints/d24_r32_adamw_partial_lr005_2026-03-28_1545_s1024_gc/best with step 300
2026-03-28 15:52:54,489 - nanochat.checkpoint_manager - [32m[1mINFO[0m - Building model with config: {'sequence_len': 1024, 'vocab_size': 32768, 'n_layer': 24, 'n_head': 9, 'n_kv_head': 9, 'n_embd': 1152, 'window_pattern': 'L'}
[KRank 0 | 0/1 (0.00%)[KRank 0 | 0/2 (0.00%)[KRank 0 | 0/3 (0.00%)[KRank 0 | 0/4 (0.00%)[KRank 0 | 0/5 (0.00%)[KRank 0 | 0/6 (0.00%)[KRank 0 | 0/7 (0.00%)[KRank 0 | 0/8 (0.00%)[KRank 0 | 0/9 (0.00%)[KRank 0 | 0/10 (0.00%)[KRank 0 | 0/11 (0.00%)[KRank 0 | 0/12 (0.00%)[KRank 0 | 0/13 (0.00%)[KRank 0 | 0/14 (0.00%)[KRank 0 | 0/15 (0.00%)[KRank 0 | 0/16 (0.00%)[KRank 0 | 0/17 (0.00%)[KRank 0 | 0/18 (0.00%)[KRank 0 | 0/19 (0.00%)[KRank 0 | 0/20 (0.00%)[KRank 0 | 0/21 (0.00%)[KRank 0 | 0/22 (0.00%)[KRank 0 | 0/23 (0.00%)[KRank 0 | 0/24 (0.00%)[KRank 0 | 0/25 (0.00%)[KRank 0 | 0/26 (0.00%)[KRank 0 | 0/27 (0.00%)[KRank 0 | 0/28 (0.00%)[KRank 0 | 0/29 (0.00%)[KRank 0 | 0/30 (0.00%)[KRank 0 | 0/31 (0.00%)[KRank 0 | 0/32 (0.00%)[KRank 0 | 0/33 (0.00%)[KRank 0 | 0/34 (0.00%)[KRank 0 | 0/35 (0.00%)[KRank 0 | 0/36 (0.00%)[KRank 0 | 0/37 (0.00%)[KRank 0 | 0/38 (0.00%)[KRank 0 | 0/39 (0.00%)[KRank 0 | 0/40 (0.00%)[KRank 0 | 0/41 (0.00%)[KRank 0 | 0/42 (0.00%)[KRank 0 | 0/43 (0.00%)[KRank 0 | 0/44 (0.00%)[KRank 0 | 0/45 (0.00%)[KRank 0 | 0/46 (0.00%)[KRank 0 | 0/47 (0.00%)[KRank 0 | 0/48 (0.00%)[KRank 0 | 0/49 (0.00%)[KRank 0 | 0/50 (0.00%)[KRank 0 | 0/51 (0.00%)[KRank 0 | 0/52 (0.00%)[KRank 0 | 0/53 (0.00%)[KRank 0 | 0/54 (0.00%)[KRank 0 | 0/55 (0.00%)[KRank 0 | 0/56 (0.00%)[KRank 0 | 0/57 (0.00%)[KRank 0 | 0/58 (0.00%)[KRank 0 | 0/59 (0.00%)[KRank 0 | 0/60 (0.00%)[KRank 0 | 0/61 (0.00%)[KRank 0 | 0/62 (0.00%)[KRank 0 | 0/63 (0.00%)[KRank 0 | 0/64 (0.00%)[KRank 0 | 0/65 (0.00%)[KRank 0 | 0/66 (0.00%)[KRank 0 | 0/67 (0.00%)[KRank 0 | 0/68 (0.00%)[KRank 0 | 0/69 (0.00%)[KRank 0 | 0/70 (0.00%)[KRank 0 | 0/71 (0.00%)[KRank 0 | 0/72 (0.00%)[KRank 0 | 0/73 (0.00%)[KRank 0 | 0/74 (0.00%)[KRank 0 | 0/75 (0.00%)[KRank 0 | 0/76 (0.00%)[KRank 0 | 0/77 (0.00%)[KRank 0 | 0/78 (0.00%)[KRank 0 | 0/79 (0.00%)[KRank 0 | 0/80 (0.00%)[KRank 0 | 0/81 (0.00%)[KRank 0 | 0/82 (0.00%)[KRank 0 | 0/83 (0.00%)[KRank 0 | 0/84 (0.00%)[KRank 0 | 0/85 (0.00%)[KRank 0 | 0/86 (0.00%)[KRank 0 | 0/87 (0.00%)[KRank 0 | 0/88 (0.00%)[KRank 0 | 0/89 (0.00%)[KRank 0 | 0/90 (0.00%)[KRank 0 | 0/91 (0.00%)[KRank 0 | 0/92 (0.00%)[KRank 0 | 0/93 (0.00%)[KRank 0 | 0/94 (0.00%)[KRank 0 | 0/95 (0.00%)[KRank 0 | 0/96 (0.00%)[KRank 0 | 0/97 (0.00%)[KRank 0 | 0/98 (0.00%)[KRank 0 | 0/99 (0.00%)[KRank 0 | 0/100 (0.00%)[KRank 0 | 0/101 (0.00%)[KRank 0 | 0/102 (0.00%)[KRank 0 | 0/103 (0.00%)[KRank 0 | 0/104 (0.00%)[KRank 0 | 0/105 (0.00%)[KRank 0 | 0/106 (0.00%)[KRank 0 | 0/107 (0.00%)[KRank 0 | 0/108 (0.00%)[KRank 0 | 0/109 (0.00%)[KRank 0 | 0/110 (0.00%)[KRank 0 | 0/111 (0.00%)[KRank 0 | 0/112 (0.00%)[KRank 0 | 0/113 (0.00%)[KRank 0 | 0/114 (0.00%)[KRank 0 | 0/115 (0.00%)[KRank 0 | 0/116 (0.00%)[KRank 0 | 0/117 (0.00%)[KRank 0 | 0/118 (0.00%)[KRank 0 | 0/119 (0.00%)[KRank 0 | 0/120 (0.00%)[KRank 0 | 0/121 (0.00%)[KRank 0 | 0/122 (0.00%)[KRank 0 | 0/123 (0.00%)[KRank 0 | 0/124 (0.00%)[KRank 0 | 0/125 (0.00%)[KRank 0 | 0/126 (0.00%)[KRank 0 | 0/127 (0.00%)[KRank 0 | 0/128 (0.00%)[KRank 0 | 0/129 (0.00%)[KRank 0 | 0/130 (0.00%)[KRank 0 | 0/131 (0.00%)[KRank 0 | 0/132 (0.00%)[KRank 0 | 0/133 (0.00%)[KRank 0 | 0/134 (0.00%)[KRank 0 | 0/135 (0.00%)[KRank 0 | 0/136 (0.00%)[KRank 0 | 0/137 (0.00%)[KRank 0 | 0/138 (0.00%)[KRank 0 | 0/139 (0.00%)[KRank 0 | 0/140 (0.00%)[KRank 0 | 0/141 (0.00%)[KRank 0 | 0/142 (0.00%)[KRank 0 | 0/143 (0.00%)[KRank 0 | 0/144 (0.00%)[KRank 0 | 0/145 (0.00%)[KRank 0 | 0/146 (0.00%)[KRank 0 | 0/147 (0.00%)[KRank 0 | 0/148 (0.00%)[KRank 0 | 0/149 (0.00%)[KRank 0 | 0/150 (0.00%)[KRank 0 | 0/151 (0.00%)[KRank 0 | 0/152 (0.00%)[KRank 0 | 0/153 (0.00%)[KRank 0 | 0/154 (0.00%)[KRank 0 | 0/155 (0.00%)[KRank 0 | 0/156 (0.00%)[KRank 0 | 0/157 (0.00%)[KRank 0 | 0/158 (0.00%)[KRank 0 | 0/159 (0.00%)[KRank 0 | 0/160 (0.00%)[KRank 0 | 0/161 (0.00%)[KRank 0 | 0/162 (0.00%)[KRank 0 | 0/163 (0.00%)[KRank 0 | 0/164 (0.00%)[KRank 0 | 0/165 (0.00%)[KRank 0 | 0/166 (0.00%)[KRank 0 | 0/167 (0.00%)[KRank 0 | 0/168 (0.00%)[KRank 0 | 0/169 (0.00%)[KRank 0 | 0/170 (0.00%)[KRank 0 | 0/171 (0.00%)[KRank 0 | 0/172 (0.00%)[KRank 0 | 0/173 (0.00%)[KRank 0 | 0/174 (0.00%)[KRank 0 | 0/175 (0.00%)[KRank 0 | 0/176 (0.00%)[KRank 0 | 0/177 (0.00%)[KRank 0 | 0/178 (0.00%)[KRank 0 | 0/179 (0.00%)[KRank 0 | 0/180 (0.00%)[KRank 0 | 0/181 (0.00%)[KRank 0 | 0/182 (0.00%)[KRank 0 | 0/183 (0.00%)[KRank 0 | 0/184 (0.00%)[KRank 0 | 0/185 (0.00%)[KRank 0 | 0/186 (0.00%)[KRank 0 | 0/187 (0.00%)[KRank 0 | 0/188 (0.00%)[KRank 0 | 0/189 (0.00%)[KRank 0 | 0/190 (0.00%)[KRank 0 | 0/191 (0.00%)[KRank 0 | 0/192 (0.00%)[KRank 0 | 0/193 (0.00%)[KRank 0 | 0/194 (0.00%)[KRank 0 | 0/195 (0.00%)[KRank 0 | 0/196 (0.00%)[KRank 0 | 0/197 (0.00%)[KRank 0 | 0/198 (0.00%)[KRank 0 | 0/199 (0.00%)[KRank 0 | 0/200 (0.00%)[KRank 0 | 0/201 (0.00%)[KRank 0 | 0/202 (0.00%)[KRank 0 | 0/203 (0.00%)[KRank 0 | 0/204 (0.00%)[KRank 0 | 0/205 (0.00%)[KRank 0 | 0/206 (0.00%)[KRank 0 | 0/207 (0.00%)[KRank 0 | 0/208 (0.00%)[KRank 0 | 0/209 (0.00%)[KRank 0 | 0/210 (0.00%)[KRank 0 | 0/211 (0.00%)[KRank 0 | 0/212 (0.00%)[KRank 0 | 0/213 (0.00%)[KRank 0 | 0/214 (0.00%)[KRank 0 | 0/215 (0.00%)[KRank 0 | 0/216 (0.00%)[KRank 0 | 0/217 (0.00%)[KRank 0 | 0/218 (0.00%)[KRank 0 | 0/219 (0.00%)[KRank 0 | 0/220 (0.00%)[KRank 0 | 0/221 (0.00%)[KRank 0 | 0/222 (0.00%)[KRank 0 | 0/223 (0.00%)[KRank 0 | 0/224 (0.00%)[KRank 0 | 0/225 (0.00%)[KRank 0 | 0/226 (0.00%)[KRank 0 | 0/227 (0.00%)[KRank 0 | 0/228 (0.00%)[KRank 0 | 0/229 (0.00%)[KRank 0 | 0/230 (0.00%)[KRank 0 | 0/231 (0.00%)[KRank 0 | 0/232 (0.00%)[KRank 0 | 0/233 (0.00%)[KRank 0 | 0/234 (0.00%)[KRank 0 | 0/235 (0.00%)[KRank 0 | 0/236 (0.00%)[KRank 0 | 0/237 (0.00%)[KRank 0 | 0/238 (0.00%)[KRank 0 | 0/239 (0.00%)[KRank 0 | 0/240 (0.00%)[KRank 0 | 0/241 (0.00%)[KRank 0 | 0/242 (0.00%)[KRank 0 | 0/243 (0.00%)[KRank 0 | 0/244 (0.00%)[KRank 0 | 0/245 (0.00%)[KRank 0 | 0/246 (0.00%)[KRank 0 | 0/247 (0.00%)[KRank 0 | 0/248 (0.00%)[KRank 0 | 0/249 (0.00%)[KRank 0 | 0/250 (0.00%)
==================================================
Final: 0/250 (0.00%)
GSM8K accuracy: 0.00%
wandb: updating run metadata
wandb: uploading config.yaml
wandb: uploading history steps 0-1, summary, console lines 2-5
wandb: 
wandb: Run history:
wandb:  eval/gsm8k_accuracy ▁
wandb: final/gsm8k_accuracy ▁
wandb:           task_index ▁
wandb: 
wandb: Run summary:
wandb:  eval/gsm8k_accuracy 0
wandb: final/gsm8k_accuracy 0
wandb:           task_index 1
wandb: 
wandb: 🚀 View run d24_r32_adamw_partial_lr005_2026-03-28_1545_s1024_gc_confirm_s300_gsm8k_pass1 at: https://wandb.ai/sunshines-gmail-com/nanochat-eval/runs/e4nuvp9w
wandb: ⭐️ View project at: https://wandb.ai/sunshines-gmail-com/nanochat-eval
wandb: Synced 5 W&B file(s), 0 media file(s), 0 artifact file(s) and 0 other file(s)
wandb: Find logs at: ./wandb/run-20260328_155252-e4nuvp9w/logs
[W328 16:22:58.516383558 AllocatorConfig.cpp:28] Warning: PYTORCH_CUDA_ALLOC_CONF is deprecated, use PYTORCH_ALLOC_CONF instead (function operator())
GSM8K pass@1: 0/250 = 0.00% | Wilson95% [0.00%, 1.51%]
GSM8K pass@8: SKIPPED by SKIP_PASS8=1
2026-03-28 16:23:00,290 - nanochat.common - [32m[1mINFO[0m - Distributed world size: 1
wandb: [wandb.login()] Loaded credentials for https://api.wandb.ai from /home/sun0115/.netrc.
wandb: Currently logged in as: sunshines (sunshines-gmail-com) to https://api.wandb.ai. Use `wandb login --relogin` to force relogin
wandb: setting up run 8vc5tlw9
wandb: Tracking run with wandb version 0.24.2
wandb: Run data is saved locally in /home/sun0115/nanochat-learn/nanochat/wandb/run-20260328_162300-8vc5tlw9
wandb: Run `wandb offline` to turn off syncing.
wandb: Syncing run d24_r32_adamw_partial_lr005_2026-03-28_1545_s1024_gc_confirm_s300_mmlu
wandb: ⭐️ View project at https://wandb.ai/sunshines-gmail-com/nanochat-eval
wandb: 🚀 View run at https://wandb.ai/sunshines-gmail-com/nanochat-eval/runs/8vc5tlw9
2026-03-28 16:23:02,025 - nanochat.checkpoint_manager - [32m[1mINFO[0m - Loading model from /home/sun0115/.cache/nanochat/chatsft_checkpoints/d24_r32_adamw_partial_lr005_2026-03-28_1545_s1024_gc/best with step 300
2026-03-28 16:23:03,027 - nanochat.checkpoint_manager - [32m[1mINFO[0m - Building model with config: {'sequence_len': 1024, 'vocab_size': 32768, 'n_layer': 24, 'n_head': 9, 'n_kv_head': 9, 'n_embd': 1152, 'window_pattern': 'L'}
Final: 68/250 (27.20%)
MMLU accuracy: 27.20%
wandb: updating run metadata
wandb: uploading history steps 0-1, summary, console lines 1-3
wandb: 
wandb: Run history:
wandb:  eval/mmlu_accuracy ▁
wandb: final/mmlu_accuracy ▁
wandb:          task_index ▁
wandb: 
wandb: Run summary:
wandb:  eval/mmlu_accuracy 0.272
wandb: final/mmlu_accuracy 0.272
wandb:          task_index 1
wandb: 
wandb: 🚀 View run d24_r32_adamw_partial_lr005_2026-03-28_1545_s1024_gc_confirm_s300_mmlu at: https://wandb.ai/sunshines-gmail-com/nanochat-eval/runs/8vc5tlw9
wandb: ⭐️ View project at: https://wandb.ai/sunshines-gmail-com/nanochat-eval
wandb: Synced 5 W&B file(s), 0 media file(s), 0 artifact file(s) and 0 other file(s)
wandb: Find logs at: ./wandb/run-20260328_162300-8vc5tlw9/logs
[W328 16:23:10.681828367 AllocatorConfig.cpp:28] Warning: PYTORCH_CUDA_ALLOC_CONF is deprecated, use PYTORCH_ALLOC_CONF instead (function operator())
MMLU: 68/250 = 27.20% | Wilson95% [22.06%, 33.03%]
SpellingBee: SKIPPED by SKIP_SPELLING=1
[done] confirmation eval complete
summary=/home/sun0115/nanochat-learn/notes/d24_r32_adamw_partial_lr005_2026-03-28_1545_s1024_gc_best_s300_confirm_summary_250_2026-03-28_1552.txt
[done] confirm eval finished for d24_r32_adamw_partial_lr005_2026-03-28_1545_s1024_gc
[done] completed at s1024_gc
