2026-03-19 12:57:48,999 - nanochat.common - [32m[1mINFO[0m - Distributed world size: 1
wandb: [wandb.login()] Loaded credentials for https://api.wandb.ai from /home/sun0115/.netrc.
wandb: Currently logged in as: sunshines (sunshines-gmail-com) to https://api.wandb.ai. Use `wandb login --relogin` to force relogin
wandb: setting up run o9ypz70f
wandb: Tracking run with wandb version 0.24.2
wandb: Run data is saved locally in /home/sun0115/nanochat-learn/nanochat/wandb/run-20260319_125749-o9ypz70f
wandb: Run `wandb offline` to turn off syncing.
wandb: Syncing run d24_r32_lora_2026-03-19_1257
wandb: ⭐️ View project at https://wandb.ai/sunshines-gmail-com/nanochat-sft
wandb: 🚀 View run at https://wandb.ai/sunshines-gmail-com/nanochat-sft/runs/o9ypz70f
2026-03-19 12:57:50,431 - nanochat.checkpoint_manager - [32m[1mINFO[0m - Loading model from /home/sun0115/.cache/nanochat/base_checkpoints/d24_asp48_track with step 820230
2026-03-19 12:57:51,504 - nanochat.checkpoint_manager - [32m[1mINFO[0m - Building model with config: {'sequence_len': 2048, 'vocab_size': 32768, 'n_layer': 24, 'n_head': 9, 'n_kv_head': 9, 'n_embd': 1152, 'window_pattern': 'L'}
Skipping torch.compile in LoRA mode for stability
LoRA enabled: rank=64, alpha=128.0
Applied LoRA to 120 layers
Trainable params: 23,003,136 / 933,694,896 (2.46%)
Skipping torch.compile in LoRA mode for stability
Tokens / micro-batch / rank: 1 x 1536 = 1,536
Tokens / micro-batch: 1,536
Total batch size 7,680 => gradient accumulation steps: 5
Using AdamW optimizer for LoRA params with lr=0.0001
Step 00000 | Validation bpb: 0.7434
step 00001 (0.10%) | loss: 1.045844 | lrm: 0.01 | dt: 891.46ms | tok/sec: 8,615 | mfu: 2.91 | epoch: 1 | total time: 0.00m
step 00002 (0.20%) | loss: 1.382579 | lrm: 0.01 | dt: 684.26ms | tok/sec: 11,223 | mfu: 3.79 | epoch: 1 | total time: 0.00m
step 00003 (0.30%) | loss: 1.762754 | lrm: 0.01 | dt: 539.47ms | tok/sec: 14,236 | mfu: 4.80 | epoch: 1 | total time: 0.00m
step 00004 (0.40%) | loss: 1.816698 | lrm: 0.02 | dt: 669.94ms | tok/sec: 11,463 | mfu: 3.87 | epoch: 1 | total time: 0.00m
step 00005 (0.50%) | loss: 1.890097 | lrm: 0.02 | dt: 666.04ms | tok/sec: 11,530 | mfu: 3.89 | epoch: 1 | total time: 0.00m
step 00006 (0.60%) | loss: 1.969470 | lrm: 0.03 | dt: 678.72ms | tok/sec: 11,315 | mfu: 3.82 | epoch: 1 | total time: 0.00m
step 00007 (0.70%) | loss: 2.006297 | lrm: 0.03 | dt: 662.57ms | tok/sec: 11,591 | mfu: 3.91 | epoch: 1 | total time: 0.00m
step 00008 (0.80%) | loss: 2.004406 | lrm: 0.04 | dt: 540.20ms | tok/sec: 14,216 | mfu: 4.80 | epoch: 1 | total time: 0.00m
step 00009 (0.90%) | loss: 2.016706 | lrm: 0.04 | dt: 663.84ms | tok/sec: 11,569 | mfu: 3.90 | epoch: 1 | total time: 0.00m
step 00010 (1.00%) | loss: 2.241013 | lrm: 0.05 | dt: 664.94ms | tok/sec: 11,549 | mfu: 3.90 | epoch: 1 | total time: 0.00m
step 00011 (1.10%) | loss: 2.257422 | lrm: 0.05 | dt: 663.17ms | tok/sec: 11,580 | mfu: 3.91 | epoch: 1 | total time: 0.01m
step 00012 (1.20%) | loss: 2.314467 | lrm: 0.06 | dt: 668.52ms | tok/sec: 11,487 | mfu: 3.88 | epoch: 1 | total time: 0.02m
step 00013 (1.30%) | loss: 2.366684 | lrm: 0.06 | dt: 665.20ms | tok/sec: 11,545 | mfu: 3.90 | epoch: 1 | total time: 0.03m
step 00014 (1.40%) | loss: 2.370817 | lrm: 0.07 | dt: 663.22ms | tok/sec: 11,579 | mfu: 3.91 | epoch: 1 | total time: 0.04m
step 00015 (1.50%) | loss: 2.372908 | lrm: 0.07 | dt: 666.69ms | tok/sec: 11,519 | mfu: 3.89 | epoch: 1 | total time: 0.06m
step 00016 (1.60%) | loss: 2.362603 | lrm: 0.08 | dt: 664.14ms | tok/sec: 11,563 | mfu: 3.90 | epoch: 1 | total time: 0.07m
step 00017 (1.70%) | loss: 2.361437 | lrm: 0.09 | dt: 664.40ms | tok/sec: 11,559 | mfu: 3.90 | epoch: 1 | total time: 0.08m
step 00018 (1.80%) | loss: 2.334871 | lrm: 0.09 | dt: 667.28ms | tok/sec: 11,509 | mfu: 3.88 | epoch: 1 | total time: 0.09m
step 00019 (1.90%) | loss: 2.349468 | lrm: 0.09 | dt: 665.64ms | tok/sec: 11,537 | mfu: 3.89 | epoch: 1 | total time: 0.10m
step 00020 (2.00%) | loss: 2.316170 | lrm: 0.10 | dt: 663.68ms | tok/sec: 11,571 | mfu: 3.90 | epoch: 1 | total time: 0.11m
step 00021 (2.10%) | loss: 2.313884 | lrm: 0.10 | dt: 667.82ms | tok/sec: 11,500 | mfu: 3.88 | epoch: 1 | total time: 0.12m
step 00022 (2.20%) | loss: 2.335697 | lrm: 0.11 | dt: 683.69ms | tok/sec: 11,233 | mfu: 3.79 | epoch: 1 | total time: 0.13m
step 00023 (2.30%) | loss: 2.338832 | lrm: 0.11 | dt: 692.40ms | tok/sec: 11,091 | mfu: 3.74 | epoch: 1 | total time: 0.14m
step 00024 (2.40%) | loss: 2.317289 | lrm: 0.12 | dt: 691.84ms | tok/sec: 11,100 | mfu: 3.75 | epoch: 1 | total time: 0.16m
step 00025 (2.50%) | loss: 2.338007 | lrm: 0.12 | dt: 688.79ms | tok/sec: 11,149 | mfu: 3.76 | epoch: 1 | total time: 0.17m
step 00026 (2.60%) | loss: 2.401749 | lrm: 0.13 | dt: 688.32ms | tok/sec: 11,157 | mfu: 3.76 | epoch: 1 | total time: 0.18m
step 00027 (2.70%) | loss: 2.453294 | lrm: 0.13 | dt: 686.79ms | tok/sec: 11,182 | mfu: 3.77 | epoch: 1 | total time: 0.19m
step 00028 (2.80%) | loss: 2.416384 | lrm: 0.14 | dt: 679.69ms | tok/sec: 11,299 | mfu: 3.81 | epoch: 1 | total time: 0.20m
step 00029 (2.90%) | loss: 2.412227 | lrm: 0.14 | dt: 686.36ms | tok/sec: 11,189 | mfu: 3.78 | epoch: 1 | total time: 0.21m
step 00030 (3.00%) | loss: 2.422747 | lrm: 0.15 | dt: 675.18ms | tok/sec: 11,374 | mfu: 3.84 | epoch: 1 | total time: 0.22m
step 00031 (3.10%) | loss: 2.395961 | lrm: 0.15 | dt: 674.51ms | tok/sec: 11,386 | mfu: 3.84 | epoch: 1 | total time: 0.24m
step 00032 (3.20%) | loss: 2.458043 | lrm: 0.16 | dt: 677.22ms | tok/sec: 11,340 | mfu: 3.83 | epoch: 1 | total time: 0.25m
step 00033 (3.30%) | loss: 2.472470 | lrm: 0.17 | dt: 676.56ms | tok/sec: 11,351 | mfu: 3.83 | epoch: 1 | total time: 0.26m
step 00034 (3.40%) | loss: 2.456927 | lrm: 0.17 | dt: 549.49ms | tok/sec: 13,976 | mfu: 4.72 | epoch: 1 | total time: 0.27m
step 00035 (3.50%) | loss: 2.404752 | lrm: 0.18 | dt: 677.60ms | tok/sec: 11,334 | mfu: 3.82 | epoch: 1 | total time: 0.28m
step 00036 (3.60%) | loss: 2.399779 | lrm: 0.18 | dt: 673.41ms | tok/sec: 11,404 | mfu: 3.85 | epoch: 1 | total time: 0.29m
step 00037 (3.70%) | loss: 2.368570 | lrm: 0.18 | dt: 677.07ms | tok/sec: 11,342 | mfu: 3.83 | epoch: 1 | total time: 0.30m
step 00038 (3.80%) | loss: 2.356838 | lrm: 0.19 | dt: 673.39ms | tok/sec: 11,404 | mfu: 3.85 | epoch: 1 | total time: 0.31m
step 00039 (3.90%) | loss: 2.372740 | lrm: 0.19 | dt: 672.50ms | tok/sec: 11,420 | mfu: 3.85 | epoch: 1 | total time: 0.32m
step 00040 (4.00%) | loss: 2.411304 | lrm: 0.20 | dt: 667.90ms | tok/sec: 11,498 | mfu: 3.88 | epoch: 1 | total time: 0.34m
step 00041 (4.10%) | loss: 2.407780 | lrm: 0.20 | dt: 539.32ms | tok/sec: 14,240 | mfu: 4.81 | epoch: 1 | total time: 0.34m
step 00042 (4.20%) | loss: 2.370179 | lrm: 0.21 | dt: 540.70ms | tok/sec: 14,203 | mfu: 4.79 | epoch: 1 | total time: 0.35m
step 00043 (4.30%) | loss: 2.367703 | lrm: 0.21 | dt: 667.16ms | tok/sec: 11,511 | mfu: 3.88 | epoch: 1 | total time: 0.36m
step 00044 (4.40%) | loss: 2.350911 | lrm: 0.22 | dt: 667.38ms | tok/sec: 11,507 | mfu: 3.88 | epoch: 1 | total time: 0.38m
step 00045 (4.50%) | loss: 2.356388 | lrm: 0.22 | dt: 666.91ms | tok/sec: 11,515 | mfu: 3.89 | epoch: 1 | total time: 0.39m
step 00046 (4.60%) | loss: 2.286789 | lrm: 0.23 | dt: 668.67ms | tok/sec: 11,485 | mfu: 3.88 | epoch: 1 | total time: 0.40m
step 00047 (4.70%) | loss: 2.275892 | lrm: 0.23 | dt: 665.99ms | tok/sec: 11,531 | mfu: 3.89 | epoch: 1 | total time: 0.41m
step 00048 (4.80%) | loss: 2.263133 | lrm: 0.24 | dt: 666.72ms | tok/sec: 11,519 | mfu: 3.89 | epoch: 1 | total time: 0.42m
step 00049 (4.90%) | loss: 2.281189 | lrm: 0.24 | dt: 665.99ms | tok/sec: 11,531 | mfu: 3.89 | epoch: 1 | total time: 0.43m
step 00050 (5.00%) | loss: 2.298678 | lrm: 0.25 | dt: 663.87ms | tok/sec: 11,568 | mfu: 3.90 | epoch: 1 | total time: 0.44m
Step 00050 | Validation bpb: 0.7001
2026-03-19 12:59:19,005 - nanochat.checkpoint_manager - [32m[1mINFO[0m - Saved model parameters to: /home/sun0115/.cache/nanochat/chatsft_checkpoints/d24_r32_lora_2026-03-19_1257/best/model_000050.pt
2026-03-19 12:59:19,005 - nanochat.checkpoint_manager - [32m[1mINFO[0m - Saved metadata to: /home/sun0115/.cache/nanochat/chatsft_checkpoints/d24_r32_lora_2026-03-19_1257/best/meta_000050.json
Saved best checkpoint at step 50 (val_bpb=0.7001)
Traceback (most recent call last):
  File "/home/sun0115/.local/share/uv/python/cpython-3.10.19-linux-x86_64-gnu/lib/python3.10/runpy.py", line 196, in _run_module_as_main
    return _run_code(code, main_globals, None,
  File "/home/sun0115/.local/share/uv/python/cpython-3.10.19-linux-x86_64-gnu/lib/python3.10/runpy.py", line 86, in _run_code
    exec(code, run_globals)
  File "/home/sun0115/nanochat-learn/nanochat/scripts/chat_sft.py", line 471, in <module>
    loss = model(x, y)
  File "/home/sun0115/nanochat-learn/nanochat/.venv/lib/python3.10/site-packages/torch/nn/modules/module.py", line 1775, in _wrapped_call_impl
    return self._call_impl(*args, **kwargs)
  File "/home/sun0115/nanochat-learn/nanochat/.venv/lib/python3.10/site-packages/torch/nn/modules/module.py", line 1786, in _call_impl
    return forward_call(*args, **kwargs)
  File "/home/sun0115/nanochat-learn/nanochat/nanochat/gpt.py", line 469, in forward
    x = block(x, ve, cos_sin, self.window_sizes[i], kv_cache)
  File "/home/sun0115/nanochat-learn/nanochat/.venv/lib/python3.10/site-packages/torch/nn/modules/module.py", line 1775, in _wrapped_call_impl
    return self._call_impl(*args, **kwargs)
  File "/home/sun0115/nanochat-learn/nanochat/.venv/lib/python3.10/site-packages/torch/nn/modules/module.py", line 1786, in _call_impl
    return forward_call(*args, **kwargs)
  File "/home/sun0115/nanochat-learn/nanochat/nanochat/gpt.py", line 184, in forward
    x = x + self.mlp(norm(x))
  File "/home/sun0115/nanochat-learn/nanochat/.venv/lib/python3.10/site-packages/torch/nn/modules/module.py", line 1775, in _wrapped_call_impl
    return self._call_impl(*args, **kwargs)
  File "/home/sun0115/nanochat-learn/nanochat/.venv/lib/python3.10/site-packages/torch/nn/modules/module.py", line 1786, in _call_impl
    return forward_call(*args, **kwargs)
  File "/home/sun0115/nanochat-learn/nanochat/nanochat/gpt.py", line 171, in forward
    x = F.relu(x).square()
RuntimeError: CUDA driver error: out of memory
[1;34mwandb[0m: 
[1;34mwandb[0m: 🚀 View run [33md24_r32_lora_2026-03-19_1257[0m at: [34mhttps://wandb.ai/sunshines-gmail-com/nanochat-sft/runs/o9ypz70f[0m
[1;34mwandb[0m: Find logs at: [1;35mwandb/run-20260319_125749-o9ypz70f/logs[0m
