2026-03-20 12:16:45,910 - nanochat.common - [32m[1mINFO[0m - Distributed world size: 1
wandb: [wandb.login()] Loaded credentials for https://api.wandb.ai from /home/sun0115/.netrc.
wandb: Currently logged in as: sunshines (sunshines-gmail-com) to https://api.wandb.ai. Use `wandb login --relogin` to force relogin
wandb: setting up run gz4qxcji
wandb: Tracking run with wandb version 0.24.2
wandb: Run data is saved locally in /home/sun0115/nanochat-learn/nanochat/wandb/run-20260320_121646-gz4qxcji
wandb: Run `wandb offline` to turn off syncing.
wandb: Syncing run d24_sft_recovery_2026-03-20_1216_s1024_lr5e5
wandb: ⭐️ View project at https://wandb.ai/sunshines-gmail-com/nanochat-sft
wandb: 🚀 View run at https://wandb.ai/sunshines-gmail-com/nanochat-sft/runs/gz4qxcji
2026-03-20 12:16:47,650 - nanochat.checkpoint_manager - [32m[1mINFO[0m - Loading model from /home/sun0115/.cache/nanochat/base_checkpoints/d24_asp48_track with step 820230
2026-03-20 12:16:49,381 - nanochat.checkpoint_manager - [32m[1mINFO[0m - Building model with config: {'sequence_len': 2048, 'vocab_size': 32768, 'n_layer': 24, 'n_head': 9, 'n_kv_head': 9, 'n_embd': 1152, 'window_pattern': 'L'}
Skipping torch.compile in LoRA mode for stability
LoRA enabled: rank=64, alpha=128.0
Applied LoRA to 120 layers
Trainable params: 23,003,136 / 933,694,896 (2.46%)
Skipping torch.compile in LoRA mode for stability
Tokens / micro-batch / rank: 1 x 1024 = 1,024
Tokens / micro-batch: 1,024
Total batch size 8,192 => gradient accumulation steps: 8
Using AdamW optimizer for LoRA params with lr=5e-05
Step 00000 | Validation bpb: 0.7503
step 00001 (0.33%) | loss: 1.521523 | lrm: 0.02 | dt: 908.48ms | tok/sec: 9,017 | mfu: 3.04 | epoch: 1 | total time: 0.00m
step 00002 (0.67%) | loss: 1.640603 | lrm: 0.03 | dt: 764.33ms | tok/sec: 10,717 | mfu: 3.62 | epoch: 1 | total time: 0.00m
step 00003 (1.00%) | loss: 1.910788 | lrm: 0.05 | dt: 756.17ms | tok/sec: 10,833 | mfu: 3.66 | epoch: 1 | total time: 0.00m
step 00004 (1.33%) | loss: 2.092779 | lrm: 0.07 | dt: 653.44ms | tok/sec: 12,536 | mfu: 4.23 | epoch: 1 | total time: 0.00m
step 00005 (1.67%) | loss: 2.061354 | lrm: 0.08 | dt: 653.37ms | tok/sec: 12,538 | mfu: 4.23 | epoch: 1 | total time: 0.00m
step 00006 (2.00%) | loss: 1.979952 | lrm: 0.10 | dt: 726.04ms | tok/sec: 11,283 | mfu: 3.81 | epoch: 1 | total time: 0.00m
step 00007 (2.33%) | loss: 2.091328 | lrm: 0.12 | dt: 730.64ms | tok/sec: 11,212 | mfu: 3.78 | epoch: 1 | total time: 0.00m
step 00008 (2.67%) | loss: 2.247220 | lrm: 0.13 | dt: 637.47ms | tok/sec: 12,850 | mfu: 4.34 | epoch: 1 | total time: 0.00m
step 00009 (3.00%) | loss: 2.180963 | lrm: 0.15 | dt: 728.40ms | tok/sec: 11,246 | mfu: 3.79 | epoch: 1 | total time: 0.00m
step 00010 (3.33%) | loss: 2.190461 | lrm: 0.17 | dt: 727.39ms | tok/sec: 11,262 | mfu: 3.80 | epoch: 1 | total time: 0.00m
step 00011 (3.67%) | loss: 2.231788 | lrm: 0.18 | dt: 728.39ms | tok/sec: 11,246 | mfu: 3.80 | epoch: 1 | total time: 0.01m
step 00012 (4.00%) | loss: 2.275328 | lrm: 0.20 | dt: 727.80ms | tok/sec: 11,255 | mfu: 3.80 | epoch: 1 | total time: 0.02m
step 00013 (4.33%) | loss: 2.225173 | lrm: 0.22 | dt: 726.94ms | tok/sec: 11,269 | mfu: 3.80 | epoch: 1 | total time: 0.04m
step 00014 (4.67%) | loss: 2.235565 | lrm: 0.23 | dt: 729.81ms | tok/sec: 11,224 | mfu: 3.79 | epoch: 1 | total time: 0.05m
step 00015 (5.00%) | loss: 2.334166 | lrm: 0.25 | dt: 726.24ms | tok/sec: 11,280 | mfu: 3.81 | epoch: 1 | total time: 0.06m
step 00016 (5.33%) | loss: 2.234833 | lrm: 0.27 | dt: 728.00ms | tok/sec: 11,252 | mfu: 3.80 | epoch: 1 | total time: 0.07m
step 00017 (5.67%) | loss: 2.281659 | lrm: 0.28 | dt: 727.89ms | tok/sec: 11,254 | mfu: 3.80 | epoch: 1 | total time: 0.08m
step 00018 (6.00%) | loss: 2.358152 | lrm: 0.30 | dt: 730.12ms | tok/sec: 11,220 | mfu: 3.79 | epoch: 1 | total time: 0.10m
step 00019 (6.33%) | loss: 2.355461 | lrm: 0.32 | dt: 728.82ms | tok/sec: 11,240 | mfu: 3.79 | epoch: 1 | total time: 0.11m
step 00020 (6.67%) | loss: 2.423431 | lrm: 0.33 | dt: 728.83ms | tok/sec: 11,240 | mfu: 3.79 | epoch: 1 | total time: 0.12m
step 00021 (7.00%) | loss: 2.392350 | lrm: 0.35 | dt: 728.40ms | tok/sec: 11,246 | mfu: 3.80 | epoch: 1 | total time: 0.13m
step 00022 (7.33%) | loss: 2.477700 | lrm: 0.37 | dt: 729.14ms | tok/sec: 11,235 | mfu: 3.79 | epoch: 1 | total time: 0.15m
step 00023 (7.67%) | loss: 2.586599 | lrm: 0.38 | dt: 730.26ms | tok/sec: 11,217 | mfu: 3.79 | epoch: 1 | total time: 0.16m
step 00024 (8.00%) | loss: 2.586148 | lrm: 0.40 | dt: 731.34ms | tok/sec: 11,201 | mfu: 3.78 | epoch: 1 | total time: 0.17m
step 00025 (8.33%) | loss: 2.566194 | lrm: 0.42 | dt: 729.51ms | tok/sec: 11,229 | mfu: 3.79 | epoch: 1 | total time: 0.18m
step 00026 (8.67%) | loss: 2.652657 | lrm: 0.43 | dt: 729.90ms | tok/sec: 11,223 | mfu: 3.79 | epoch: 1 | total time: 0.19m
step 00027 (9.00%) | loss: 2.694197 | lrm: 0.45 | dt: 728.37ms | tok/sec: 11,247 | mfu: 3.80 | epoch: 1 | total time: 0.21m
step 00028 (9.33%) | loss: 2.613758 | lrm: 0.47 | dt: 642.50ms | tok/sec: 12,750 | mfu: 4.30 | epoch: 1 | total time: 0.22m
step 00029 (9.67%) | loss: 2.765233 | lrm: 0.48 | dt: 731.73ms | tok/sec: 11,195 | mfu: 3.78 | epoch: 1 | total time: 0.23m
step 00030 (10.00%) | loss: 2.775998 | lrm: 0.50 | dt: 730.40ms | tok/sec: 11,215 | mfu: 3.78 | epoch: 1 | total time: 0.24m
step 00031 (10.33%) | loss: 2.683670 | lrm: 0.52 | dt: 728.29ms | tok/sec: 11,248 | mfu: 3.80 | epoch: 1 | total time: 0.25m
step 00032 (10.67%) | loss: 2.686642 | lrm: 0.53 | dt: 729.88ms | tok/sec: 11,223 | mfu: 3.79 | epoch: 1 | total time: 0.27m
step 00033 (11.00%) | loss: 2.639688 | lrm: 0.55 | dt: 728.52ms | tok/sec: 11,244 | mfu: 3.79 | epoch: 1 | total time: 0.28m
step 00034 (11.33%) | loss: 2.573011 | lrm: 0.57 | dt: 728.01ms | tok/sec: 11,252 | mfu: 3.80 | epoch: 1 | total time: 0.29m
step 00035 (11.67%) | loss: 2.628679 | lrm: 0.58 | dt: 640.30ms | tok/sec: 12,793 | mfu: 4.32 | epoch: 1 | total time: 0.30m
step 00036 (12.00%) | loss: 2.651378 | lrm: 0.60 | dt: 642.39ms | tok/sec: 12,752 | mfu: 4.30 | epoch: 1 | total time: 0.31m
step 00037 (12.33%) | loss: 2.617737 | lrm: 0.62 | dt: 728.32ms | tok/sec: 11,247 | mfu: 3.80 | epoch: 1 | total time: 0.32m
step 00038 (12.67%) | loss: 2.693940 | lrm: 0.63 | dt: 728.44ms | tok/sec: 11,245 | mfu: 3.79 | epoch: 1 | total time: 0.34m
step 00039 (13.00%) | loss: 2.677369 | lrm: 0.65 | dt: 729.11ms | tok/sec: 11,235 | mfu: 3.79 | epoch: 1 | total time: 0.35m
step 00040 (13.33%) | loss: 2.697868 | lrm: 0.67 | dt: 730.40ms | tok/sec: 11,215 | mfu: 3.78 | epoch: 1 | total time: 0.36m
step 00041 (13.67%) | loss: 2.752632 | lrm: 0.68 | dt: 729.33ms | tok/sec: 11,232 | mfu: 3.79 | epoch: 1 | total time: 0.37m
step 00042 (14.00%) | loss: 2.747876 | lrm: 0.70 | dt: 732.12ms | tok/sec: 11,189 | mfu: 3.78 | epoch: 1 | total time: 0.38m
step 00043 (14.33%) | loss: 2.653034 | lrm: 0.72 | dt: 727.80ms | tok/sec: 11,255 | mfu: 3.80 | epoch: 1 | total time: 0.40m
step 00044 (14.67%) | loss: 2.697130 | lrm: 0.73 | dt: 728.81ms | tok/sec: 11,240 | mfu: 3.79 | epoch: 1 | total time: 0.41m
step 00045 (15.00%) | loss: 2.601112 | lrm: 0.75 | dt: 730.56ms | tok/sec: 11,213 | mfu: 3.78 | epoch: 1 | total time: 0.42m
step 00046 (15.33%) | loss: 2.563610 | lrm: 0.77 | dt: 728.05ms | tok/sec: 11,251 | mfu: 3.80 | epoch: 1 | total time: 0.43m
step 00047 (15.67%) | loss: 2.507573 | lrm: 0.78 | dt: 731.03ms | tok/sec: 11,206 | mfu: 3.78 | epoch: 1 | total time: 0.45m
step 00048 (16.00%) | loss: 2.532916 | lrm: 0.80 | dt: 727.76ms | tok/sec: 11,256 | mfu: 3.80 | epoch: 1 | total time: 0.46m
step 00049 (16.33%) | loss: 2.491711 | lrm: 0.82 | dt: 731.56ms | tok/sec: 11,197 | mfu: 3.78 | epoch: 1 | total time: 0.47m
step 00050 (16.67%) | loss: 2.487376 | lrm: 0.83 | dt: 730.23ms | tok/sec: 11,218 | mfu: 3.79 | epoch: 1 | total time: 0.48m
Step 00050 | Validation bpb: 0.7015
2026-03-20 12:18:21,772 - nanochat.checkpoint_manager - [32m[1mINFO[0m - Saved model parameters to: /home/sun0115/.cache/nanochat/chatsft_checkpoints/d24_sft_recovery_2026-03-20_1216_s1024_lr5e5/best/model_000050.pt
2026-03-20 12:18:21,772 - nanochat.checkpoint_manager - [32m[1mINFO[0m - Saved metadata to: /home/sun0115/.cache/nanochat/chatsft_checkpoints/d24_sft_recovery_2026-03-20_1216_s1024_lr5e5/best/meta_000050.json
Saved best checkpoint at step 50 (val_bpb=0.7015)
step 00051 (17.00%) | loss: 2.432064 | lrm: 0.85 | dt: 851.65ms | tok/sec: 9,618 | mfu: 3.25 | epoch: 1 | total time: 0.50m
Traceback (most recent call last):
  File "/home/sun0115/.local/share/uv/python/cpython-3.10.19-linux-x86_64-gnu/lib/python3.10/runpy.py", line 196, in _run_module_as_main
    return _run_code(code, main_globals, None,
  File "/home/sun0115/.local/share/uv/python/cpython-3.10.19-linux-x86_64-gnu/lib/python3.10/runpy.py", line 86, in _run_code
    exec(code, run_globals)
  File "/home/sun0115/nanochat-learn/nanochat/scripts/chat_sft.py", line 471, in <module>
    loss = model(x, y)
  File "/home/sun0115/nanochat-learn/nanochat/.venv/lib/python3.10/site-packages/torch/nn/modules/module.py", line 1775, in _wrapped_call_impl
    return self._call_impl(*args, **kwargs)
  File "/home/sun0115/nanochat-learn/nanochat/.venv/lib/python3.10/site-packages/torch/nn/modules/module.py", line 1786, in _call_impl
    return forward_call(*args, **kwargs)
  File "/home/sun0115/nanochat-learn/nanochat/nanochat/gpt.py", line 476, in forward
    loss = chunked_cross_entropy(
  File "/home/sun0115/nanochat-learn/nanochat/nanochat/gpt.py", line 94, in chunked_cross_entropy
    chunk_logits = softcap * torch.tanh(chunk_logits / softcap)
RuntimeError: CUDA driver error: out of memory
[1;34mwandb[0m: 
[1;34mwandb[0m: 🚀 View run [33md24_sft_recovery_2026-03-20_1216_s1024_lr5e5[0m at: [34mhttps://wandb.ai/sunshines-gmail-com/nanochat-sft/runs/gz4qxcji[0m
[1;34mwandb[0m: Find logs at: [1;35mwandb/run-20260320_121646-gz4qxcji/logs[0m
