==== Hourly SFT monitor started 2026-03-19 13:10:40 ====
log_glob=/home/sun0115/nanochat-learn/notes/sft_d24_r32_lora_nextbest_*_chain.log interval=600s
[2026-03-19 13:10:40]
status: no matching SFT log yet

[2026-03-19 13:20:40]
status: running
log:    /home/sun0115/nanochat-learn/notes/sft_d24_r32_lora_nextbest_2026-03-19_1310_chain.log
step:   not yet
val:    Step 00400 | Validation bpb: 0.6332
best:   Rotated old best checkpoint: step 000150
warn:   none
gpu:    97 %, 7189 MiB, 12282 MiB

[2026-03-19 13:30:40]
status: running
log:    /home/sun0115/nanochat-learn/notes/sft_d24_r32_lora_nextbest_2026-03-19_1310_chain.log
step:   not yet
val:    Step 00800 | Validation bpb: 0.6185
best:   Rotated old best checkpoint: step 000550
warn:   none
gpu:    95 %, 7411 MiB, 12282 MiB

[2026-03-19 13:40:41]
status: not running
log:    /home/sun0115/nanochat-learn/notes/sft_d24_r32_lora_nextbest_2026-03-19_1310_chain.log
step:   not yet
val:    Step 01000 | Validation bpb: 0.6152
best:   Rotated old best checkpoint: step 000750
warn:   none
gpu:    0 %, 0 MiB, 12282 MiB

[2026-03-19 13:50:41]
status: not running
log:    /home/sun0115/nanochat-learn/notes/sft_d24_r32_lora_nextbest_2026-03-19_1310_chain.log
step:   not yet
val:    Step 01000 | Validation bpb: 0.6152
best:   Rotated old best checkpoint: step 000750
warn:   none
gpu:    0 %, 0 MiB, 12282 MiB

[2026-03-19 14:00:41]
status: not running
log:    /home/sun0115/nanochat-learn/notes/sft_d24_r32_lora_nextbest_2026-03-19_1310_chain.log
step:   not yet
val:    Step 01000 | Validation bpb: 0.6152
best:   Rotated old best checkpoint: step 000750
warn:   none
gpu:    0 %, 0 MiB, 12282 MiB

[2026-03-19 14:10:41]
status: not running
log:    /home/sun0115/nanochat-learn/notes/sft_d24_r32_lora_nextbest_2026-03-19_1310_chain.log
step:   not yet
val:    Step 01000 | Validation bpb: 0.6152
best:   Rotated old best checkpoint: step 000750
warn:   none
gpu:    0 %, 0 MiB, 12282 MiB

[2026-03-19 14:20:41]
status: not running
log:    /home/sun0115/nanochat-learn/notes/sft_d24_r32_lora_nextbest_2026-03-19_1310_chain.log
step:   not yet
val:    Step 01000 | Validation bpb: 0.6152
best:   Rotated old best checkpoint: step 000750
warn:   none
gpu:    0 %, 0 MiB, 12282 MiB

[2026-03-19 14:30:41]
status: not running
log:    /home/sun0115/nanochat-learn/notes/sft_d24_r32_lora_nextbest_2026-03-19_1310_chain.log
step:   not yet
val:    Step 01000 | Validation bpb: 0.6152
best:   Rotated old best checkpoint: step 000750
warn:   none
gpu:    0 %, 0 MiB, 12282 MiB

[2026-03-19 14:40:41]
status: not running
log:    /home/sun0115/nanochat-learn/notes/sft_d24_r32_lora_nextbest_2026-03-19_1310_chain.log
step:   not yet
val:    Step 01000 | Validation bpb: 0.6152
best:   Rotated old best checkpoint: step 000750
warn:   none
gpu:    0 %, 0 MiB, 12282 MiB

[2026-03-19 14:50:41]
status: not running
log:    /home/sun0115/nanochat-learn/notes/sft_d24_r32_lora_nextbest_2026-03-19_1310_chain.log
step:   not yet
val:    Step 01000 | Validation bpb: 0.6152
best:   Rotated old best checkpoint: step 000750
warn:   none
gpu:    0 %, 0 MiB, 12282 MiB

[2026-03-19 15:00:42]
status: not running
log:    /home/sun0115/nanochat-learn/notes/sft_d24_r32_lora_nextbest_2026-03-19_1310_chain.log
step:   not yet
val:    Step 01000 | Validation bpb: 0.6152
best:   Rotated old best checkpoint: step 000750
warn:   none
gpu:    45 %, 10555 MiB, 12282 MiB

[2026-03-19 15:10:49]
status: not running
log:    /home/sun0115/nanochat-learn/notes/sft_d24_r32_lora_nextbest_2026-03-19_1310_chain.log
step:   not yet
val:    Step 01000 | Validation bpb: 0.6152
best:   Rotated old best checkpoint: step 000750
warn:   none
gpu:    46 %, 10555 MiB, 12282 MiB

[2026-03-19 15:20:59]
status: not running
log:    /home/sun0115/nanochat-learn/notes/sft_d24_r32_lora_nextbest_2026-03-19_1310_chain.log
step:   not yet
val:    Step 01000 | Validation bpb: 0.6152
best:   Rotated old best checkpoint: step 000750
warn:   none
gpu:    37 %, 11535 MiB, 12282 MiB

[2026-03-19 15:31:09]
status: not running
log:    /home/sun0115/nanochat-learn/notes/sft_d24_r32_lora_nextbest_2026-03-19_1310_chain.log
step:   not yet
val:    Step 01000 | Validation bpb: 0.6152
best:   Rotated old best checkpoint: step 000750
warn:   none
gpu:    41 %, 11983 MiB, 12282 MiB

[2026-03-19 15:41:21]
status: not running
log:    /home/sun0115/nanochat-learn/notes/sft_d24_r32_lora_nextbest_2026-03-19_1310_chain.log
step:   not yet
val:    Step 01000 | Validation bpb: 0.6152
best:   Rotated old best checkpoint: step 000750
warn:   none
gpu:    50 %, 11983 MiB, 12282 MiB

[2026-03-19 15:51:31]
status: not running
log:    /home/sun0115/nanochat-learn/notes/sft_d24_r32_lora_nextbest_2026-03-19_1310_chain.log
step:   not yet
val:    Step 01000 | Validation bpb: 0.6152
best:   Rotated old best checkpoint: step 000750
warn:   none
gpu:    43 %, 11983 MiB, 12282 MiB

[2026-03-19 16:01:43]
status: not running
log:    /home/sun0115/nanochat-learn/notes/sft_d24_r32_lora_nextbest_2026-03-19_1310_chain.log
step:   not yet
val:    Step 01000 | Validation bpb: 0.6152
best:   Rotated old best checkpoint: step 000750
warn:   none
gpu:    52 %, 11983 MiB, 12282 MiB

[2026-03-19 16:11:54]
status: not running
log:    /home/sun0115/nanochat-learn/notes/sft_d24_r32_lora_nextbest_2026-03-19_1310_chain.log
step:   not yet
val:    Step 01000 | Validation bpb: 0.6152
best:   Rotated old best checkpoint: step 000750
warn:   none
gpu:    40 %, 11983 MiB, 12282 MiB

[2026-03-19 16:22:06]
status: not running
log:    /home/sun0115/nanochat-learn/notes/sft_d24_r32_lora_nextbest_2026-03-19_1310_chain.log
step:   not yet
val:    Step 01000 | Validation bpb: 0.6152
best:   Rotated old best checkpoint: step 000750
warn:   none
gpu:    51 %, 11983 MiB, 12282 MiB

[2026-03-19 16:32:18]
status: not running
log:    /home/sun0115/nanochat-learn/notes/sft_d24_r32_lora_nextbest_2026-03-19_1310_chain.log
step:   not yet
val:    Step 01000 | Validation bpb: 0.6152
best:   Rotated old best checkpoint: step 000750
warn:   none
gpu:    53 %, 11983 MiB, 12282 MiB

[2026-03-19 16:42:31]
status: not running
log:    /home/sun0115/nanochat-learn/notes/sft_d24_r32_lora_nextbest_2026-03-19_1310_chain.log
step:   not yet
val:    Step 01000 | Validation bpb: 0.6152
best:   Rotated old best checkpoint: step 000750
warn:   none
gpu:    45 %, 11983 MiB, 12282 MiB

[2026-03-19 16:52:45]
status: not running
log:    /home/sun0115/nanochat-learn/notes/sft_d24_r32_lora_nextbest_2026-03-19_1310_chain.log
step:   not yet
val:    Step 01000 | Validation bpb: 0.6152
best:   Rotated old best checkpoint: step 000750
warn:   none
gpu:    28 %, 11983 MiB, 12282 MiB

[2026-03-19 17:02:59]
status: not running
log:    /home/sun0115/nanochat-learn/notes/sft_d24_r32_lora_nextbest_2026-03-19_1310_chain.log
step:   not yet
val:    Step 01000 | Validation bpb: 0.6152
best:   Rotated old best checkpoint: step 000750
warn:   none
gpu:    48 %, 11983 MiB, 12282 MiB

[2026-03-19 17:13:13]
status: not running
log:    /home/sun0115/nanochat-learn/notes/sft_d24_r32_lora_nextbest_2026-03-19_1310_chain.log
step:   not yet
val:    Step 01000 | Validation bpb: 0.6152
best:   Rotated old best checkpoint: step 000750
warn:   none
gpu:    38 %, 11983 MiB, 12282 MiB

[2026-03-19 17:23:29]
status: not running
log:    /home/sun0115/nanochat-learn/notes/sft_d24_r32_lora_nextbest_2026-03-19_1310_chain.log
step:   not yet
val:    Step 01000 | Validation bpb: 0.6152
best:   Rotated old best checkpoint: step 000750
warn:   none
gpu:    45 %, 11983 MiB, 12282 MiB

[2026-03-19 17:33:44]
status: not running
log:    /home/sun0115/nanochat-learn/notes/sft_d24_r32_lora_nextbest_2026-03-19_1310_chain.log
step:   not yet
val:    Step 01000 | Validation bpb: 0.6152
best:   Rotated old best checkpoint: step 000750
warn:   none
gpu:    38 %, 11983 MiB, 12282 MiB

[2026-03-19 17:43:59]
status: not running
log:    /home/sun0115/nanochat-learn/notes/sft_d24_r32_lora_nextbest_2026-03-19_1310_chain.log
step:   not yet
val:    Step 01000 | Validation bpb: 0.6152
best:   Rotated old best checkpoint: step 000750
warn:   none
gpu:    53 %, 11983 MiB, 12282 MiB

[2026-03-19 17:54:14]
status: not running
log:    /home/sun0115/nanochat-learn/notes/sft_d24_r32_lora_nextbest_2026-03-19_1310_chain.log
step:   not yet
val:    Step 01000 | Validation bpb: 0.6152
best:   Rotated old best checkpoint: step 000750
warn:   none
gpu:    39 %, 11983 MiB, 12282 MiB

[2026-03-19 18:04:31]
status: not running
log:    /home/sun0115/nanochat-learn/notes/sft_d24_r32_lora_nextbest_2026-03-19_1310_chain.log
step:   not yet
val:    Step 01000 | Validation bpb: 0.6152
best:   Rotated old best checkpoint: step 000750
warn:   none
gpu:    47 %, 11983 MiB, 12282 MiB

[2026-03-19 18:14:46]
status: not running
log:    /home/sun0115/nanochat-learn/notes/sft_d24_r32_lora_nextbest_2026-03-19_1310_chain.log
step:   not yet
val:    Step 01000 | Validation bpb: 0.6152
best:   Rotated old best checkpoint: step 000750
warn:   none
gpu:    42 %, 11983 MiB, 12282 MiB

[2026-03-19 18:25:03]
status: not running
log:    /home/sun0115/nanochat-learn/notes/sft_d24_r32_lora_nextbest_2026-03-19_1310_chain.log
step:   not yet
val:    Step 01000 | Validation bpb: 0.6152
best:   Rotated old best checkpoint: step 000750
warn:   none
gpu:    47 %, 11983 MiB, 12282 MiB

[2026-03-19 18:35:19]
status: not running
log:    /home/sun0115/nanochat-learn/notes/sft_d24_r32_lora_nextbest_2026-03-19_1310_chain.log
step:   not yet
val:    Step 01000 | Validation bpb: 0.6152
best:   Rotated old best checkpoint: step 000750
warn:   none
gpu:    52 %, 11983 MiB, 12282 MiB

[2026-03-19 18:45:37]
status: not running
log:    /home/sun0115/nanochat-learn/notes/sft_d24_r32_lora_nextbest_2026-03-19_1310_chain.log
step:   not yet
val:    Step 01000 | Validation bpb: 0.6152
best:   Rotated old best checkpoint: step 000750
warn:   none
gpu:    39 %, 11983 MiB, 12282 MiB

[2026-03-19 18:55:55]
status: not running
log:    /home/sun0115/nanochat-learn/notes/sft_d24_r32_lora_nextbest_2026-03-19_1310_chain.log
step:   not yet
val:    Step 01000 | Validation bpb: 0.6152
best:   Rotated old best checkpoint: step 000750
warn:   none
gpu:    43 %, 11983 MiB, 12282 MiB

[2026-03-19 19:06:12]
status: not running
log:    /home/sun0115/nanochat-learn/notes/sft_d24_r32_lora_nextbest_2026-03-19_1310_chain.log
step:   not yet
val:    Step 01000 | Validation bpb: 0.6152
best:   Rotated old best checkpoint: step 000750
warn:   none
gpu:    52 %, 11983 MiB, 12282 MiB

[2026-03-19 19:16:29]
status: not running
log:    /home/sun0115/nanochat-learn/notes/sft_d24_r32_lora_nextbest_2026-03-19_1310_chain.log
step:   not yet
val:    Step 01000 | Validation bpb: 0.6152
best:   Rotated old best checkpoint: step 000750
warn:   none
gpu:    23 %, 6757 MiB, 12282 MiB

[2026-03-19 19:26:46]
status: not running
log:    /home/sun0115/nanochat-learn/notes/sft_d24_r32_lora_nextbest_2026-03-19_1310_chain.log
step:   not yet
val:    Step 01000 | Validation bpb: 0.6152
best:   Rotated old best checkpoint: step 000750
warn:   none
gpu:    38 %, 6757 MiB, 12282 MiB

[2026-03-19 19:37:05]
status: not running
log:    /home/sun0115/nanochat-learn/notes/sft_d24_r32_lora_nextbest_2026-03-19_1310_chain.log
step:   not yet
val:    Step 01000 | Validation bpb: 0.6152
best:   Rotated old best checkpoint: step 000750
warn:   none
gpu:    37 %, 6757 MiB, 12282 MiB

[2026-03-19 19:47:23]
status: not running
log:    /home/sun0115/nanochat-learn/notes/sft_d24_r32_lora_nextbest_2026-03-19_1310_chain.log
step:   not yet
val:    Step 01000 | Validation bpb: 0.6152
best:   Rotated old best checkpoint: step 000750
warn:   none
gpu:    0 %, 0 MiB, 12282 MiB

[2026-03-19 19:57:40]
status: not running
log:    /home/sun0115/nanochat-learn/notes/sft_d24_r32_lora_nextbest_2026-03-19_1310_chain.log
step:   not yet
val:    Step 01000 | Validation bpb: 0.6152
best:   Rotated old best checkpoint: step 000750
warn:   none
gpu:    0 %, 0 MiB, 12282 MiB

[2026-03-19 20:07:59]
status: not running
log:    /home/sun0115/nanochat-learn/notes/sft_d24_r32_lora_nextbest_2026-03-19_1310_chain.log
step:   not yet
val:    Step 01000 | Validation bpb: 0.6152
best:   Rotated old best checkpoint: step 000750
warn:   none
gpu:    0 %, 0 MiB, 12282 MiB

[2026-03-19 20:18:17]
status: not running
log:    /home/sun0115/nanochat-learn/notes/sft_d24_r32_lora_nextbest_2026-03-19_1310_chain.log
step:   not yet
val:    Step 01000 | Validation bpb: 0.6152
best:   Rotated old best checkpoint: step 000750
warn:   none
gpu:    0 %, 0 MiB, 12282 MiB

[2026-03-19 20:28:37]
status: not running
log:    /home/sun0115/nanochat-learn/notes/sft_d24_r32_lora_nextbest_2026-03-19_1310_chain.log
step:   not yet
val:    Step 01000 | Validation bpb: 0.6152
best:   Rotated old best checkpoint: step 000750
warn:   none
gpu:    0 %, 0 MiB, 12282 MiB

[2026-03-19 20:38:56]
status: not running
log:    /home/sun0115/nanochat-learn/notes/sft_d24_r32_lora_nextbest_2026-03-19_1310_chain.log
step:   not yet
val:    Step 01000 | Validation bpb: 0.6152
best:   Rotated old best checkpoint: step 000750
warn:   none
gpu:    0 %, 0 MiB, 12282 MiB

[2026-03-19 20:49:15]
status: not running
log:    /home/sun0115/nanochat-learn/notes/sft_d24_r32_lora_nextbest_2026-03-19_1310_chain.log
step:   not yet
val:    Step 01000 | Validation bpb: 0.6152
best:   Rotated old best checkpoint: step 000750
warn:   none
gpu:    0 %, 0 MiB, 12282 MiB

[2026-03-19 20:59:36]
status: not running
log:    /home/sun0115/nanochat-learn/notes/sft_d24_r32_lora_nextbest_2026-03-19_1310_chain.log
step:   not yet
val:    Step 01000 | Validation bpb: 0.6152
best:   Rotated old best checkpoint: step 000750
warn:   none
gpu:    0 %, 0 MiB, 12282 MiB

[2026-03-19 21:09:56]
status: not running
log:    /home/sun0115/nanochat-learn/notes/sft_d24_r32_lora_nextbest_2026-03-19_1310_chain.log
step:   not yet
val:    Step 01000 | Validation bpb: 0.6152
best:   Rotated old best checkpoint: step 000750
warn:   none
gpu:    0 %, 0 MiB, 12282 MiB

[2026-03-19 21:20:16]
status: not running
log:    /home/sun0115/nanochat-learn/notes/sft_d24_r32_lora_nextbest_2026-03-19_1310_chain.log
step:   not yet
val:    Step 01000 | Validation bpb: 0.6152
best:   Rotated old best checkpoint: step 000750
warn:   none
gpu:    0 %, 0 MiB, 12282 MiB

[2026-03-19 21:30:36]
status: not running
log:    /home/sun0115/nanochat-learn/notes/sft_d24_r32_lora_nextbest_2026-03-19_1310_chain.log
step:   not yet
val:    Step 01000 | Validation bpb: 0.6152
best:   Rotated old best checkpoint: step 000750
warn:   none
gpu:    0 %, 0 MiB, 12282 MiB

[2026-03-19 21:40:56]
status: not running
log:    /home/sun0115/nanochat-learn/notes/sft_d24_r32_lora_nextbest_2026-03-19_1310_chain.log
step:   not yet
val:    Step 01000 | Validation bpb: 0.6152
best:   Rotated old best checkpoint: step 000750
warn:   none
gpu:    0 %, 0 MiB, 12282 MiB

[2026-03-19 21:51:18]
status: not running
log:    /home/sun0115/nanochat-learn/notes/sft_d24_r32_lora_nextbest_2026-03-19_1310_chain.log
step:   not yet
val:    Step 01000 | Validation bpb: 0.6152
best:   Rotated old best checkpoint: step 000750
warn:   none
gpu:    0 %, 0 MiB, 12282 MiB

[2026-03-19 22:01:40]
status: not running
log:    /home/sun0115/nanochat-learn/notes/sft_d24_r32_lora_nextbest_2026-03-19_1310_chain.log
step:   not yet
val:    Step 01000 | Validation bpb: 0.6152
best:   Rotated old best checkpoint: step 000750
warn:   none
gpu:    0 %, 0 MiB, 12282 MiB

[2026-03-19 22:12:00]
status: not running
log:    /home/sun0115/nanochat-learn/notes/sft_d24_r32_lora_nextbest_2026-03-19_1310_chain.log
step:   not yet
val:    Step 01000 | Validation bpb: 0.6152
best:   Rotated old best checkpoint: step 000750
warn:   none
gpu:    0 %, 0 MiB, 12282 MiB

[2026-03-19 22:22:23]
status: not running
log:    /home/sun0115/nanochat-learn/notes/sft_d24_r32_lora_nextbest_2026-03-19_1310_chain.log
step:   not yet
val:    Step 01000 | Validation bpb: 0.6152
best:   Rotated old best checkpoint: step 000750
warn:   none
gpu:    0 %, 0 MiB, 12282 MiB

[2026-03-19 22:32:44]
status: not running
log:    /home/sun0115/nanochat-learn/notes/sft_d24_r32_lora_nextbest_2026-03-19_1310_chain.log
step:   not yet
val:    Step 01000 | Validation bpb: 0.6152
best:   Rotated old best checkpoint: step 000750
warn:   none
gpu:    0 %, 0 MiB, 12282 MiB

[2026-03-19 22:43:06]
status: not running
log:    /home/sun0115/nanochat-learn/notes/sft_d24_r32_lora_nextbest_2026-03-19_1310_chain.log
step:   not yet
val:    Step 01000 | Validation bpb: 0.6152
best:   Rotated old best checkpoint: step 000750
warn:   none
gpu:    0 %, 0 MiB, 12282 MiB

[2026-03-19 22:53:29]
status: not running
log:    /home/sun0115/nanochat-learn/notes/sft_d24_r32_lora_nextbest_2026-03-19_1310_chain.log
step:   not yet
val:    Step 01000 | Validation bpb: 0.6152
best:   Rotated old best checkpoint: step 000750
warn:   none
gpu:    0 %, 0 MiB, 12282 MiB

[2026-03-19 23:03:51]
status: not running
log:    /home/sun0115/nanochat-learn/notes/sft_d24_r32_lora_nextbest_2026-03-19_1310_chain.log
step:   not yet
val:    Step 01000 | Validation bpb: 0.6152
best:   Rotated old best checkpoint: step 000750
warn:   none
gpu:    0 %, 0 MiB, 12282 MiB

[2026-03-19 23:14:15]
status: not running
log:    /home/sun0115/nanochat-learn/notes/sft_d24_r32_lora_nextbest_2026-03-19_1310_chain.log
step:   not yet
val:    Step 01000 | Validation bpb: 0.6152
best:   Rotated old best checkpoint: step 000750
warn:   none
gpu:    0 %, 0 MiB, 12282 MiB

[2026-03-19 23:24:38]
status: not running
log:    /home/sun0115/nanochat-learn/notes/sft_d24_r32_lora_nextbest_2026-03-19_1310_chain.log
step:   not yet
val:    Step 01000 | Validation bpb: 0.6152
best:   Rotated old best checkpoint: step 000750
warn:   none
gpu:    0 %, 0 MiB, 12282 MiB

[2026-03-19 23:35:02]
status: not running
log:    /home/sun0115/nanochat-learn/notes/sft_d24_r32_lora_nextbest_2026-03-19_1310_chain.log
step:   not yet
val:    Step 01000 | Validation bpb: 0.6152
best:   Rotated old best checkpoint: step 000750
warn:   none
gpu:    0 %, 0 MiB, 12282 MiB

[2026-03-19 23:45:26]
status: not running
log:    /home/sun0115/nanochat-learn/notes/sft_d24_r32_lora_nextbest_2026-03-19_1310_chain.log
step:   not yet
val:    Step 01000 | Validation bpb: 0.6152
best:   Rotated old best checkpoint: step 000750
warn:   none
gpu:    0 %, 0 MiB, 12282 MiB

[2026-03-19 23:55:48]
status: not running
log:    /home/sun0115/nanochat-learn/notes/sft_d24_r32_lora_nextbest_2026-03-19_1310_chain.log
step:   not yet
val:    Step 01000 | Validation bpb: 0.6152
best:   Rotated old best checkpoint: step 000750
warn:   none
gpu:    0 %, 0 MiB, 12282 MiB

[2026-03-20 00:06:13]
status: not running
log:    /home/sun0115/nanochat-learn/notes/sft_d24_r32_lora_nextbest_2026-03-19_1310_chain.log
step:   not yet
val:    Step 01000 | Validation bpb: 0.6152
best:   Rotated old best checkpoint: step 000750
warn:   none
gpu:    0 %, 0 MiB, 12282 MiB

[2026-03-20 00:16:37]
status: not running
log:    /home/sun0115/nanochat-learn/notes/sft_d24_r32_lora_nextbest_2026-03-19_1310_chain.log
step:   not yet
val:    Step 01000 | Validation bpb: 0.6152
best:   Rotated old best checkpoint: step 000750
warn:   none
gpu:    0 %, 0 MiB, 12282 MiB

[2026-03-20 00:27:02]
status: not running
log:    /home/sun0115/nanochat-learn/notes/sft_d24_r32_lora_nextbest_2026-03-19_1310_chain.log
step:   not yet
val:    Step 01000 | Validation bpb: 0.6152
best:   Rotated old best checkpoint: step 000750
warn:   none
gpu:    0 %, 0 MiB, 12282 MiB

[2026-03-20 00:37:25]
status: not running
log:    /home/sun0115/nanochat-learn/notes/sft_d24_r32_lora_nextbest_2026-03-19_1310_chain.log
step:   not yet
val:    Step 01000 | Validation bpb: 0.6152
best:   Rotated old best checkpoint: step 000750
warn:   none
gpu:    0 %, 0 MiB, 12282 MiB

[2026-03-20 00:47:49]
status: not running
log:    /home/sun0115/nanochat-learn/notes/sft_d24_r32_lora_nextbest_2026-03-19_1310_chain.log
step:   not yet
val:    Step 01000 | Validation bpb: 0.6152
best:   Rotated old best checkpoint: step 000750
warn:   none
gpu:    0 %, 0 MiB, 12282 MiB

[2026-03-20 00:58:12]
status: not running
log:    /home/sun0115/nanochat-learn/notes/sft_d24_r32_lora_nextbest_2026-03-19_1310_chain.log
step:   not yet
val:    Step 01000 | Validation bpb: 0.6152
best:   Rotated old best checkpoint: step 000750
warn:   none
gpu:    0 %, 0 MiB, 12282 MiB

[2026-03-20 01:08:37]
status: not running
log:    /home/sun0115/nanochat-learn/notes/sft_d24_r32_lora_nextbest_2026-03-19_1310_chain.log
step:   not yet
val:    Step 01000 | Validation bpb: 0.6152
best:   Rotated old best checkpoint: step 000750
warn:   none
gpu:    0 %, 0 MiB, 12282 MiB

[2026-03-20 01:19:01]
status: not running
log:    /home/sun0115/nanochat-learn/notes/sft_d24_r32_lora_nextbest_2026-03-19_1310_chain.log
step:   not yet
val:    Step 01000 | Validation bpb: 0.6152
best:   Rotated old best checkpoint: step 000750
warn:   none
gpu:    0 %, 0 MiB, 12282 MiB

[2026-03-20 01:29:26]
status: not running
log:    /home/sun0115/nanochat-learn/notes/sft_d24_r32_lora_nextbest_2026-03-19_1310_chain.log
step:   not yet
val:    Step 01000 | Validation bpb: 0.6152
best:   Rotated old best checkpoint: step 000750
warn:   none
gpu:    0 %, 0 MiB, 12282 MiB

[2026-03-20 01:39:49]
status: not running
log:    /home/sun0115/nanochat-learn/notes/sft_d24_r32_lora_nextbest_2026-03-19_1310_chain.log
step:   not yet
val:    Step 01000 | Validation bpb: 0.6152
best:   Rotated old best checkpoint: step 000750
warn:   none
gpu:    0 %, 0 MiB, 12282 MiB

[2026-03-20 01:50:16]
status: not running
log:    /home/sun0115/nanochat-learn/notes/sft_d24_r32_lora_nextbest_2026-03-19_1310_chain.log
step:   not yet
val:    Step 01000 | Validation bpb: 0.6152
best:   Rotated old best checkpoint: step 000750
warn:   none
gpu:    0 %, 0 MiB, 12282 MiB

[2026-03-20 02:00:42]
status: not running
log:    /home/sun0115/nanochat-learn/notes/sft_d24_r32_lora_nextbest_2026-03-19_1310_chain.log
step:   not yet
val:    Step 01000 | Validation bpb: 0.6152
best:   Rotated old best checkpoint: step 000750
warn:   none
gpu:    0 %, 0 MiB, 12282 MiB

[2026-03-20 02:11:10]
status: not running
log:    /home/sun0115/nanochat-learn/notes/sft_d24_r32_lora_nextbest_2026-03-19_1310_chain.log
step:   not yet
val:    Step 01000 | Validation bpb: 0.6152
best:   Rotated old best checkpoint: step 000750
warn:   none
gpu:    0 %, 0 MiB, 12282 MiB

[2026-03-20 02:21:36]
status: not running
log:    /home/sun0115/nanochat-learn/notes/sft_d24_r32_lora_nextbest_2026-03-19_1310_chain.log
step:   not yet
val:    Step 01000 | Validation bpb: 0.6152
best:   Rotated old best checkpoint: step 000750
warn:   none
gpu:    0 %, 0 MiB, 12282 MiB

[2026-03-20 02:32:02]
status: not running
log:    /home/sun0115/nanochat-learn/notes/sft_d24_r32_lora_nextbest_2026-03-19_1310_chain.log
step:   not yet
val:    Step 01000 | Validation bpb: 0.6152
best:   Rotated old best checkpoint: step 000750
warn:   none
gpu:    0 %, 0 MiB, 12282 MiB

[2026-03-20 02:42:31]
status: not running
log:    /home/sun0115/nanochat-learn/notes/sft_d24_r32_lora_nextbest_2026-03-19_1310_chain.log
step:   not yet
val:    Step 01000 | Validation bpb: 0.6152
best:   Rotated old best checkpoint: step 000750
warn:   none
gpu:    0 %, 0 MiB, 12282 MiB

[2026-03-20 02:52:58]
status: not running
log:    /home/sun0115/nanochat-learn/notes/sft_d24_r32_lora_nextbest_2026-03-19_1310_chain.log
step:   not yet
val:    Step 01000 | Validation bpb: 0.6152
best:   Rotated old best checkpoint: step 000750
warn:   none
gpu:    0 %, 0 MiB, 12282 MiB

[2026-03-20 03:03:26]
status: not running
log:    /home/sun0115/nanochat-learn/notes/sft_d24_r32_lora_nextbest_2026-03-19_1310_chain.log
step:   not yet
val:    Step 01000 | Validation bpb: 0.6152
best:   Rotated old best checkpoint: step 000750
warn:   none
gpu:    0 %, 0 MiB, 12282 MiB

[2026-03-20 03:13:56]
status: not running
log:    /home/sun0115/nanochat-learn/notes/sft_d24_r32_lora_nextbest_2026-03-19_1310_chain.log
step:   not yet
val:    Step 01000 | Validation bpb: 0.6152
best:   Rotated old best checkpoint: step 000750
warn:   none
gpu:    0 %, 0 MiB, 12282 MiB

[2026-03-20 03:24:24]
status: not running
log:    /home/sun0115/nanochat-learn/notes/sft_d24_r32_lora_nextbest_2026-03-19_1310_chain.log
step:   not yet
val:    Step 01000 | Validation bpb: 0.6152
best:   Rotated old best checkpoint: step 000750
warn:   none
gpu:    0 %, 0 MiB, 12282 MiB

[2026-03-20 03:34:53]
status: not running
log:    /home/sun0115/nanochat-learn/notes/sft_d24_r32_lora_nextbest_2026-03-19_1310_chain.log
step:   not yet
val:    Step 01000 | Validation bpb: 0.6152
best:   Rotated old best checkpoint: step 000750
warn:   none
gpu:    0 %, 0 MiB, 12282 MiB

[2026-03-20 03:45:23]
status: not running
log:    /home/sun0115/nanochat-learn/notes/sft_d24_r32_lora_nextbest_2026-03-19_1310_chain.log
step:   not yet
val:    Step 01000 | Validation bpb: 0.6152
best:   Rotated old best checkpoint: step 000750
warn:   none
gpu:    0 %, 0 MiB, 12282 MiB

[2026-03-20 03:55:52]
status: not running
log:    /home/sun0115/nanochat-learn/notes/sft_d24_r32_lora_nextbest_2026-03-19_1310_chain.log
step:   not yet
val:    Step 01000 | Validation bpb: 0.6152
best:   Rotated old best checkpoint: step 000750
warn:   none
gpu:    0 %, 0 MiB, 12282 MiB

[2026-03-20 04:06:22]
status: not running
log:    /home/sun0115/nanochat-learn/notes/sft_d24_r32_lora_nextbest_2026-03-19_1310_chain.log
step:   not yet
val:    Step 01000 | Validation bpb: 0.6152
best:   Rotated old best checkpoint: step 000750
warn:   none
gpu:    0 %, 0 MiB, 12282 MiB

[2026-03-20 04:16:51]
status: not running
log:    /home/sun0115/nanochat-learn/notes/sft_d24_r32_lora_nextbest_2026-03-19_1310_chain.log
step:   not yet
val:    Step 01000 | Validation bpb: 0.6152
best:   Rotated old best checkpoint: step 000750
warn:   none
gpu:    0 %, 0 MiB, 12282 MiB

[2026-03-20 04:27:20]
status: not running
log:    /home/sun0115/nanochat-learn/notes/sft_d24_r32_lora_nextbest_2026-03-19_1310_chain.log
step:   not yet
val:    Step 01000 | Validation bpb: 0.6152
best:   Rotated old best checkpoint: step 000750
warn:   none
gpu:    0 %, 0 MiB, 12282 MiB

[2026-03-20 04:37:50]
status: not running
log:    /home/sun0115/nanochat-learn/notes/sft_d24_r32_lora_nextbest_2026-03-19_1310_chain.log
step:   not yet
val:    Step 01000 | Validation bpb: 0.6152
best:   Rotated old best checkpoint: step 000750
warn:   none
gpu:    0 %, 0 MiB, 12282 MiB

[2026-03-20 04:48:20]
status: not running
log:    /home/sun0115/nanochat-learn/notes/sft_d24_r32_lora_nextbest_2026-03-19_1310_chain.log
step:   not yet
val:    Step 01000 | Validation bpb: 0.6152
best:   Rotated old best checkpoint: step 000750
warn:   none
gpu:    0 %, 0 MiB, 12282 MiB

[2026-03-20 04:58:51]
status: not running
log:    /home/sun0115/nanochat-learn/notes/sft_d24_r32_lora_nextbest_2026-03-19_1310_chain.log
step:   not yet
val:    Step 01000 | Validation bpb: 0.6152
best:   Rotated old best checkpoint: step 000750
warn:   none
gpu:    0 %, 0 MiB, 12282 MiB

[2026-03-20 05:09:22]
status: not running
log:    /home/sun0115/nanochat-learn/notes/sft_d24_r32_lora_nextbest_2026-03-19_1310_chain.log
step:   not yet
val:    Step 01000 | Validation bpb: 0.6152
best:   Rotated old best checkpoint: step 000750
warn:   none
gpu:    0 %, 0 MiB, 12282 MiB

[2026-03-20 05:19:52]
status: not running
log:    /home/sun0115/nanochat-learn/notes/sft_d24_r32_lora_nextbest_2026-03-19_1310_chain.log
step:   not yet
val:    Step 01000 | Validation bpb: 0.6152
best:   Rotated old best checkpoint: step 000750
warn:   none
gpu:    0 %, 0 MiB, 12282 MiB

[2026-03-20 05:30:23]
status: not running
log:    /home/sun0115/nanochat-learn/notes/sft_d24_r32_lora_nextbest_2026-03-19_1310_chain.log
step:   not yet
val:    Step 01000 | Validation bpb: 0.6152
best:   Rotated old best checkpoint: step 000750
warn:   none
gpu:    0 %, 0 MiB, 12282 MiB

[2026-03-20 05:40:53]
status: not running
log:    /home/sun0115/nanochat-learn/notes/sft_d24_r32_lora_nextbest_2026-03-19_1310_chain.log
step:   not yet
val:    Step 01000 | Validation bpb: 0.6152
best:   Rotated old best checkpoint: step 000750
warn:   none
gpu:    0 %, 0 MiB, 12282 MiB

[2026-03-20 05:51:25]
status: not running
log:    /home/sun0115/nanochat-learn/notes/sft_d24_r32_lora_nextbest_2026-03-19_1310_chain.log
step:   not yet
val:    Step 01000 | Validation bpb: 0.6152
best:   Rotated old best checkpoint: step 000750
warn:   none
gpu:    0 %, 0 MiB, 12282 MiB

[2026-03-20 06:01:55]
status: not running
log:    /home/sun0115/nanochat-learn/notes/sft_d24_r32_lora_nextbest_2026-03-19_1310_chain.log
step:   not yet
val:    Step 01000 | Validation bpb: 0.6152
best:   Rotated old best checkpoint: step 000750
warn:   none
gpu:    0 %, 0 MiB, 12282 MiB

[2026-03-20 06:12:24]
status: not running
log:    /home/sun0115/nanochat-learn/notes/sft_d24_r32_lora_nextbest_2026-03-19_1310_chain.log
step:   not yet
val:    Step 01000 | Validation bpb: 0.6152
best:   Rotated old best checkpoint: step 000750
warn:   none
gpu:    0 %, 0 MiB, 12282 MiB

[2026-03-20 06:22:56]
status: not running
log:    /home/sun0115/nanochat-learn/notes/sft_d24_r32_lora_nextbest_2026-03-19_1310_chain.log
step:   not yet
val:    Step 01000 | Validation bpb: 0.6152
best:   Rotated old best checkpoint: step 000750
warn:   none
gpu:    0 %, 0 MiB, 12282 MiB

[2026-03-20 06:33:27]
status: not running
log:    /home/sun0115/nanochat-learn/notes/sft_d24_r32_lora_nextbest_2026-03-19_1310_chain.log
step:   not yet
val:    Step 01000 | Validation bpb: 0.6152
best:   Rotated old best checkpoint: step 000750
warn:   none
gpu:    0 %, 0 MiB, 12282 MiB

[2026-03-20 06:44:00]
status: not running
log:    /home/sun0115/nanochat-learn/notes/sft_d24_r32_lora_nextbest_2026-03-19_1310_chain.log
step:   not yet
val:    Step 01000 | Validation bpb: 0.6152
best:   Rotated old best checkpoint: step 000750
warn:   none
gpu:    0 %, 0 MiB, 12282 MiB

[2026-03-20 06:54:29]
status: not running
log:    /home/sun0115/nanochat-learn/notes/sft_d24_r32_lora_nextbest_2026-03-19_1310_chain.log
step:   not yet
val:    Step 01000 | Validation bpb: 0.6152
best:   Rotated old best checkpoint: step 000750
warn:   none
gpu:    0 %, 0 MiB, 12282 MiB

[2026-03-20 07:05:02]
status: not running
log:    /home/sun0115/nanochat-learn/notes/sft_d24_r32_lora_nextbest_2026-03-19_1310_chain.log
step:   not yet
val:    Step 01000 | Validation bpb: 0.6152
best:   Rotated old best checkpoint: step 000750
warn:   none
gpu:    0 %, 0 MiB, 12282 MiB

[2026-03-20 07:15:21]
status: not running
log:    /home/sun0115/nanochat-learn/notes/sft_d24_r32_lora_nextbest_2026-03-19_1310_chain.log
step:   not yet
val:    Step 01000 | Validation bpb: 0.6152
best:   Rotated old best checkpoint: step 000750
warn:   none
gpu:    0 %, 0 MiB, 12282 MiB

[2026-03-20 07:25:44]
status: not running
log:    /home/sun0115/nanochat-learn/notes/sft_d24_r32_lora_nextbest_2026-03-19_1310_chain.log
step:   not yet
val:    Step 01000 | Validation bpb: 0.6152
best:   Rotated old best checkpoint: step 000750
warn:   none
gpu:    0 %, 0 MiB, 12282 MiB

[2026-03-20 07:36:16]
status: not running
log:    /home/sun0115/nanochat-learn/notes/sft_d24_r32_lora_nextbest_2026-03-19_1310_chain.log
step:   not yet
val:    Step 01000 | Validation bpb: 0.6152
best:   Rotated old best checkpoint: step 000750
warn:   none
gpu:    0 %, 0 MiB, 12282 MiB

[2026-03-20 07:46:45]
status: not running
log:    /home/sun0115/nanochat-learn/notes/sft_d24_r32_lora_nextbest_2026-03-19_1310_chain.log
step:   not yet
val:    Step 01000 | Validation bpb: 0.6152
best:   Rotated old best checkpoint: step 000750
warn:   none
gpu:    0 %, 0 MiB, 12282 MiB

[2026-03-20 07:57:18]
status: not running
log:    /home/sun0115/nanochat-learn/notes/sft_d24_r32_lora_nextbest_2026-03-19_1310_chain.log
step:   not yet
val:    Step 01000 | Validation bpb: 0.6152
best:   Rotated old best checkpoint: step 000750
warn:   none
gpu:    0 %, 0 MiB, 12282 MiB

[2026-03-20 08:07:36]
status: not running
log:    /home/sun0115/nanochat-learn/notes/sft_d24_r32_lora_nextbest_2026-03-19_1310_chain.log
step:   not yet
val:    Step 01000 | Validation bpb: 0.6152
best:   Rotated old best checkpoint: step 000750
warn:   none
gpu:    0 %, 0 MiB, 12282 MiB

[2026-03-20 08:17:36]
status: not running
log:    /home/sun0115/nanochat-learn/notes/sft_d24_r32_lora_nextbest_2026-03-19_1310_chain.log
step:   not yet
val:    Step 01000 | Validation bpb: 0.6152
best:   Rotated old best checkpoint: step 000750
warn:   none
gpu:    0 %, 0 MiB, 12282 MiB

[2026-03-20 08:27:36]
status: not running
log:    /home/sun0115/nanochat-learn/notes/sft_d24_r32_lora_nextbest_2026-03-19_1310_chain.log
step:   not yet
val:    Step 01000 | Validation bpb: 0.6152
best:   Rotated old best checkpoint: step 000750
warn:   none
gpu:    0 %, 0 MiB, 12282 MiB

[2026-03-20 08:37:36]
status: not running
log:    /home/sun0115/nanochat-learn/notes/sft_d24_r32_lora_nextbest_2026-03-19_1310_chain.log
step:   not yet
val:    Step 01000 | Validation bpb: 0.6152
best:   Rotated old best checkpoint: step 000750
warn:   none
gpu:    0 %, 0 MiB, 12282 MiB

[2026-03-20 08:47:36]
status: not running
log:    /home/sun0115/nanochat-learn/notes/sft_d24_r32_lora_nextbest_2026-03-19_1310_chain.log
step:   not yet
val:    Step 01000 | Validation bpb: 0.6152
best:   Rotated old best checkpoint: step 000750
warn:   none
gpu:    0 %, 0 MiB, 12282 MiB

[2026-03-20 08:57:36]
status: not running
log:    /home/sun0115/nanochat-learn/notes/sft_d24_r32_lora_nextbest_2026-03-19_1310_chain.log
step:   not yet
val:    Step 01000 | Validation bpb: 0.6152
best:   Rotated old best checkpoint: step 000750
warn:   none
gpu:    0 %, 0 MiB, 12282 MiB

[2026-03-20 09:07:36]
status: not running
log:    /home/sun0115/nanochat-learn/notes/sft_d24_r32_lora_nextbest_2026-03-19_1310_chain.log
step:   not yet
val:    Step 01000 | Validation bpb: 0.6152
best:   Rotated old best checkpoint: step 000750
warn:   none
gpu:    0 %, 0 MiB, 12282 MiB

[2026-03-20 09:17:36]
status: not running
log:    /home/sun0115/nanochat-learn/notes/sft_d24_r32_lora_nextbest_2026-03-19_1310_chain.log
step:   not yet
val:    Step 01000 | Validation bpb: 0.6152
best:   Rotated old best checkpoint: step 000750
warn:   none
gpu:    0 %, 0 MiB, 12282 MiB

[2026-03-20 09:27:36]
status: not running
log:    /home/sun0115/nanochat-learn/notes/sft_d24_r32_lora_nextbest_2026-03-19_1310_chain.log
step:   not yet
val:    Step 01000 | Validation bpb: 0.6152
best:   Rotated old best checkpoint: step 000750
warn:   none
gpu:    0 %, 0 MiB, 12282 MiB

[2026-03-20 09:37:36]
status: not running
log:    /home/sun0115/nanochat-learn/notes/sft_d24_r32_lora_nextbest_2026-03-19_1310_chain.log
step:   not yet
val:    Step 01000 | Validation bpb: 0.6152
best:   Rotated old best checkpoint: step 000750
warn:   none
gpu:    0 %, 0 MiB, 12282 MiB

[2026-03-20 09:47:36]
status: not running
log:    /home/sun0115/nanochat-learn/notes/sft_d24_r32_lora_nextbest_2026-03-19_1310_chain.log
step:   not yet
val:    Step 01000 | Validation bpb: 0.6152
best:   Rotated old best checkpoint: step 000750
warn:   none
gpu:    0 %, 0 MiB, 12282 MiB

[2026-03-20 09:57:36]
status: not running
log:    /home/sun0115/nanochat-learn/notes/sft_d24_r32_lora_nextbest_2026-03-19_1310_chain.log
step:   not yet
val:    Step 01000 | Validation bpb: 0.6152
best:   Rotated old best checkpoint: step 000750
warn:   none
gpu:    0 %, 0 MiB, 12282 MiB

[2026-03-20 10:07:37]
status: not running
log:    /home/sun0115/nanochat-learn/notes/sft_d24_r32_lora_nextbest_2026-03-19_1310_chain.log
step:   not yet
val:    Step 01000 | Validation bpb: 0.6152
best:   Rotated old best checkpoint: step 000750
warn:   none
gpu:    0 %, 0 MiB, 12282 MiB

[2026-03-20 10:17:37]
status: not running
log:    /home/sun0115/nanochat-learn/notes/sft_d24_r32_lora_nextbest_2026-03-19_1310_chain.log
step:   not yet
val:    Step 01000 | Validation bpb: 0.6152
best:   Rotated old best checkpoint: step 000750
warn:   none
gpu:    0 %, 0 MiB, 12282 MiB

[2026-03-20 10:27:37]
status: not running
log:    /home/sun0115/nanochat-learn/notes/sft_d24_r32_lora_nextbest_2026-03-19_1310_chain.log
step:   not yet
val:    Step 01000 | Validation bpb: 0.6152
best:   Rotated old best checkpoint: step 000750
warn:   none
gpu:    0 %, 0 MiB, 12282 MiB

[2026-03-20 10:37:37]
status: not running
log:    /home/sun0115/nanochat-learn/notes/sft_d24_r32_lora_nextbest_2026-03-19_1310_chain.log
step:   not yet
val:    Step 01000 | Validation bpb: 0.6152
best:   Rotated old best checkpoint: step 000750
warn:   none
gpu:    0 %, 0 MiB, 12282 MiB

[2026-03-20 10:47:37]
status: not running
log:    /home/sun0115/nanochat-learn/notes/sft_d24_r32_lora_nextbest_2026-03-19_1310_chain.log
step:   not yet
val:    Step 01000 | Validation bpb: 0.6152
best:   Rotated old best checkpoint: step 000750
warn:   none
gpu:    0 %, 0 MiB, 12282 MiB

[2026-03-20 10:57:37]
status: not running
log:    /home/sun0115/nanochat-learn/notes/sft_d24_r32_lora_nextbest_2026-03-19_1310_chain.log
step:   not yet
val:    Step 01000 | Validation bpb: 0.6152
best:   Rotated old best checkpoint: step 000750
warn:   none
gpu:    0 %, 0 MiB, 12282 MiB

[2026-03-20 11:07:37]
status: not running
log:    /home/sun0115/nanochat-learn/notes/sft_d24_r32_lora_nextbest_2026-03-19_1310_chain.log
step:   not yet
val:    Step 01000 | Validation bpb: 0.6152
best:   Rotated old best checkpoint: step 000750
warn:   none
gpu:    0 %, 0 MiB, 12282 MiB

[2026-03-20 11:17:37]
status: not running
log:    /home/sun0115/nanochat-learn/notes/sft_d24_r32_lora_nextbest_2026-03-19_1310_chain.log
step:   not yet
val:    Step 01000 | Validation bpb: 0.6152
best:   Rotated old best checkpoint: step 000750
warn:   none
gpu:    0 %, 0 MiB, 12282 MiB

[2026-03-20 11:27:37]
status: not running
log:    /home/sun0115/nanochat-learn/notes/sft_d24_r32_lora_nextbest_2026-03-19_1310_chain.log
step:   not yet
val:    Step 01000 | Validation bpb: 0.6152
best:   Rotated old best checkpoint: step 000750
warn:   none
gpu:    0 %, 0 MiB, 12282 MiB

[2026-03-20 11:37:37]
status: not running
log:    /home/sun0115/nanochat-learn/notes/sft_d24_r32_lora_nextbest_2026-03-19_1310_chain.log
step:   not yet
val:    Step 01000 | Validation bpb: 0.6152
best:   Rotated old best checkpoint: step 000750
warn:   none
gpu:    0 %, 0 MiB, 12282 MiB

[2026-03-20 11:47:37]
status: not running
log:    /home/sun0115/nanochat-learn/notes/sft_d24_r32_lora_nextbest_2026-03-19_1310_chain.log
step:   not yet
val:    Step 01000 | Validation bpb: 0.6152
best:   Rotated old best checkpoint: step 000750
warn:   none
gpu:    0 %, 0 MiB, 12282 MiB

[2026-03-20 11:57:37]
status: not running
log:    /home/sun0115/nanochat-learn/notes/sft_d24_r32_lora_nextbest_2026-03-19_1310_chain.log
step:   not yet
val:    Step 01000 | Validation bpb: 0.6152
best:   Rotated old best checkpoint: step 000750
warn:   none
gpu:    0 %, 0 MiB, 12282 MiB

[2026-03-20 12:07:37]
status: not running
log:    /home/sun0115/nanochat-learn/notes/sft_d24_r32_lora_nextbest_2026-03-19_1310_chain.log
step:   not yet
val:    Step 01000 | Validation bpb: 0.6152
best:   Rotated old best checkpoint: step 000750
warn:   none
gpu:    0 %, 0 MiB, 12282 MiB

[2026-03-20 12:17:37]
status: running
log:    /home/sun0115/nanochat-learn/notes/sft_d24_r32_lora_nextbest_2026-03-19_1310_chain.log
step:   not yet
val:    Step 01000 | Validation bpb: 0.6152
best:   Rotated old best checkpoint: step 000750
warn:   none
gpu:    96 %, 10087 MiB, 12282 MiB

[2026-03-20 12:27:37]
status: not running
log:    /home/sun0115/nanochat-learn/notes/sft_d24_r32_lora_nextbest_2026-03-19_1310_chain.log
step:   not yet
val:    Step 01000 | Validation bpb: 0.6152
best:   Rotated old best checkpoint: step 000750
warn:   none
gpu:    0 %, 0 MiB, 12282 MiB

[2026-03-20 12:37:37]
status: not running
log:    /home/sun0115/nanochat-learn/notes/sft_d24_r32_lora_nextbest_2026-03-19_1310_chain.log
step:   not yet
val:    Step 01000 | Validation bpb: 0.6152
best:   Rotated old best checkpoint: step 000750
warn:   none
gpu:    45 %, 8079 MiB, 12282 MiB

[2026-03-20 12:47:37]
status: not running
log:    /home/sun0115/nanochat-learn/notes/sft_d24_r32_lora_nextbest_2026-03-19_1310_chain.log
step:   not yet
val:    Step 01000 | Validation bpb: 0.6152
best:   Rotated old best checkpoint: step 000750
warn:   none
gpu:    39 %, 8079 MiB, 12282 MiB

[2026-03-20 12:57:37]
status: not running
log:    /home/sun0115/nanochat-learn/notes/sft_d24_r32_lora_nextbest_2026-03-19_1310_chain.log
step:   not yet
val:    Step 01000 | Validation bpb: 0.6152
best:   Rotated old best checkpoint: step 000750
warn:   none
gpu:    46 %, 8079 MiB, 12282 MiB

[2026-03-20 13:07:37]
status: not running
log:    /home/sun0115/nanochat-learn/notes/sft_d24_r32_lora_nextbest_2026-03-19_1310_chain.log
step:   not yet
val:    Step 01000 | Validation bpb: 0.6152
best:   Rotated old best checkpoint: step 000750
warn:   none
gpu:    44 %, 8099 MiB, 12282 MiB

[2026-03-20 13:17:37]
status: not running
log:    /home/sun0115/nanochat-learn/notes/sft_d24_r32_lora_nextbest_2026-03-19_1310_chain.log
step:   not yet
val:    Step 01000 | Validation bpb: 0.6152
best:   Rotated old best checkpoint: step 000750
warn:   none
gpu:    40 %, 8099 MiB, 12282 MiB

[2026-03-20 13:27:37]
status: not running
log:    /home/sun0115/nanochat-learn/notes/sft_d24_r32_lora_nextbest_2026-03-19_1310_chain.log
step:   not yet
val:    Step 01000 | Validation bpb: 0.6152
best:   Rotated old best checkpoint: step 000750
warn:   none
gpu:    0 %, 0 MiB, 12282 MiB

[2026-03-20 13:37:38]
status: not running
log:    /home/sun0115/nanochat-learn/notes/sft_d24_r32_lora_nextbest_2026-03-19_1310_chain.log
step:   not yet
val:    Step 01000 | Validation bpb: 0.6152
best:   Rotated old best checkpoint: step 000750
warn:   none
gpu:    0 %, 0 MiB, 12282 MiB

[2026-03-20 13:47:38]
status: not running
log:    /home/sun0115/nanochat-learn/notes/sft_d24_r32_lora_nextbest_2026-03-19_1310_chain.log
step:   not yet
val:    Step 01000 | Validation bpb: 0.6152
best:   Rotated old best checkpoint: step 000750
warn:   none
gpu:    0 %, 0 MiB, 12282 MiB

[2026-03-20 13:57:38]
status: not running
log:    /home/sun0115/nanochat-learn/notes/sft_d24_r32_lora_nextbest_2026-03-19_1310_chain.log
step:   not yet
val:    Step 01000 | Validation bpb: 0.6152
best:   Rotated old best checkpoint: step 000750
warn:   none
gpu:    0 %, 0 MiB, 12282 MiB

[2026-03-20 14:07:38]
status: not running
log:    /home/sun0115/nanochat-learn/notes/sft_d24_r32_lora_nextbest_2026-03-19_1310_chain.log
step:   not yet
val:    Step 01000 | Validation bpb: 0.6152
best:   Rotated old best checkpoint: step 000750
warn:   none
gpu:    0 %, 0 MiB, 12282 MiB

[2026-03-20 14:17:38]
status: not running
log:    /home/sun0115/nanochat-learn/notes/sft_d24_r32_lora_nextbest_2026-03-19_1310_chain.log
step:   not yet
val:    Step 01000 | Validation bpb: 0.6152
best:   Rotated old best checkpoint: step 000750
warn:   none
gpu:    0 %, 0 MiB, 12282 MiB

[2026-03-20 14:27:38]
status: not running
log:    /home/sun0115/nanochat-learn/notes/sft_d24_r32_lora_nextbest_2026-03-19_1310_chain.log
step:   not yet
val:    Step 01000 | Validation bpb: 0.6152
best:   Rotated old best checkpoint: step 000750
warn:   none
gpu:    0 %, 0 MiB, 12282 MiB

[2026-03-20 14:37:38]
status: not running
log:    /home/sun0115/nanochat-learn/notes/sft_d24_r32_lora_nextbest_2026-03-19_1310_chain.log
step:   not yet
val:    Step 01000 | Validation bpb: 0.6152
best:   Rotated old best checkpoint: step 000750
warn:   none
gpu:    0 %, 0 MiB, 12282 MiB

[2026-03-20 14:47:38]
status: not running
log:    /home/sun0115/nanochat-learn/notes/sft_d24_r32_lora_nextbest_2026-03-19_1310_chain.log
step:   not yet
val:    Step 01000 | Validation bpb: 0.6152
best:   Rotated old best checkpoint: step 000750
warn:   none
gpu:    0 %, 0 MiB, 12282 MiB

[2026-03-20 14:57:38]
status: not running
log:    /home/sun0115/nanochat-learn/notes/sft_d24_r32_lora_nextbest_2026-03-19_1310_chain.log
step:   not yet
val:    Step 01000 | Validation bpb: 0.6152
best:   Rotated old best checkpoint: step 000750
warn:   none
gpu:    0 %, 0 MiB, 12282 MiB

[2026-03-20 15:07:38]
status: not running
log:    /home/sun0115/nanochat-learn/notes/sft_d24_r32_lora_nextbest_2026-03-19_1310_chain.log
step:   not yet
val:    Step 01000 | Validation bpb: 0.6152
best:   Rotated old best checkpoint: step 000750
warn:   none
gpu:    0 %, 0 MiB, 12282 MiB

[2026-03-20 15:17:40]
status: not running
log:    /home/sun0115/nanochat-learn/notes/sft_d24_r32_lora_nextbest_2026-03-19_1310_chain.log
step:   not yet
val:    Step 01000 | Validation bpb: 0.6152
best:   Rotated old best checkpoint: step 000750
warn:   none
gpu:    0 %, 0 MiB, 12282 MiB

[2026-03-20 15:27:48]
status: not running
log:    /home/sun0115/nanochat-learn/notes/sft_d24_r32_lora_nextbest_2026-03-19_1310_chain.log
step:   not yet
val:    Step 01000 | Validation bpb: 0.6152
best:   Rotated old best checkpoint: step 000750
warn:   none
gpu:    0 %, 0 MiB, 12282 MiB

[2026-03-20 15:37:57]
status: not running
log:    /home/sun0115/nanochat-learn/notes/sft_d24_r32_lora_nextbest_2026-03-19_1310_chain.log
step:   not yet
val:    Step 01000 | Validation bpb: 0.6152
best:   Rotated old best checkpoint: step 000750
warn:   none
gpu:    45 %, 10555 MiB, 12282 MiB

[2026-03-20 15:48:07]
status: not running
log:    /home/sun0115/nanochat-learn/notes/sft_d24_r32_lora_nextbest_2026-03-19_1310_chain.log
step:   not yet
val:    Step 01000 | Validation bpb: 0.6152
best:   Rotated old best checkpoint: step 000750
warn:   none
gpu:    52 %, 10555 MiB, 12282 MiB

[2026-03-20 15:58:17]
status: not running
log:    /home/sun0115/nanochat-learn/notes/sft_d24_r32_lora_nextbest_2026-03-19_1310_chain.log
step:   not yet
val:    Step 01000 | Validation bpb: 0.6152
best:   Rotated old best checkpoint: step 000750
warn:   none
gpu:    51 %, 11535 MiB, 12282 MiB

[2026-03-20 16:08:28]
status: not running
log:    /home/sun0115/nanochat-learn/notes/sft_d24_r32_lora_nextbest_2026-03-19_1310_chain.log
step:   not yet
val:    Step 01000 | Validation bpb: 0.6152
best:   Rotated old best checkpoint: step 000750
warn:   none
gpu:    41 %, 11983 MiB, 12282 MiB

[2026-03-20 16:18:39]
status: not running
log:    /home/sun0115/nanochat-learn/notes/sft_d24_r32_lora_nextbest_2026-03-19_1310_chain.log
step:   not yet
val:    Step 01000 | Validation bpb: 0.6152
best:   Rotated old best checkpoint: step 000750
warn:   none
gpu:    1 %, 6757 MiB, 12282 MiB

[2026-03-20 16:28:51]
status: not running
log:    /home/sun0115/nanochat-learn/notes/sft_d24_r32_lora_nextbest_2026-03-19_1310_chain.log
step:   not yet
val:    Step 01000 | Validation bpb: 0.6152
best:   Rotated old best checkpoint: step 000750
warn:   none
gpu:    34 %, 6757 MiB, 12282 MiB

[2026-03-20 16:38:59]
status: not running
log:    /home/sun0115/nanochat-learn/notes/sft_d24_r32_lora_nextbest_2026-03-19_1310_chain.log
step:   not yet
val:    Step 01000 | Validation bpb: 0.6152
best:   Rotated old best checkpoint: step 000750
warn:   none
gpu:    34 %, 6757 MiB, 12282 MiB

[2026-03-20 16:49:04]
status: not running
log:    /home/sun0115/nanochat-learn/notes/sft_d24_r32_lora_nextbest_2026-03-19_1310_chain.log
step:   not yet
val:    Step 01000 | Validation bpb: 0.6152
best:   Rotated old best checkpoint: step 000750
warn:   none
gpu:    48 %, 10555 MiB, 12282 MiB

[2026-03-20 16:59:15]
status: not running
log:    /home/sun0115/nanochat-learn/notes/sft_d24_r32_lora_nextbest_2026-03-19_1310_chain.log
step:   not yet
val:    Step 01000 | Validation bpb: 0.6152
best:   Rotated old best checkpoint: step 000750
warn:   none
gpu:    26 %, 10555 MiB, 12282 MiB

[2026-03-20 17:09:25]
status: not running
log:    /home/sun0115/nanochat-learn/notes/sft_d24_r32_lora_nextbest_2026-03-19_1310_chain.log
step:   not yet
val:    Step 01000 | Validation bpb: 0.6152
best:   Rotated old best checkpoint: step 000750
warn:   none
gpu:    45 %, 11535 MiB, 12282 MiB

[2026-03-20 17:19:38]
status: not running
log:    /home/sun0115/nanochat-learn/notes/sft_d24_r32_lora_nextbest_2026-03-19_1310_chain.log
step:   not yet
val:    Step 01000 | Validation bpb: 0.6152
best:   Rotated old best checkpoint: step 000750
warn:   none
gpu:    53 %, 11983 MiB, 12282 MiB

[2026-03-20 17:29:49]
status: not running
log:    /home/sun0115/nanochat-learn/notes/sft_d24_r32_lora_nextbest_2026-03-19_1310_chain.log
step:   not yet
val:    Step 01000 | Validation bpb: 0.6152
best:   Rotated old best checkpoint: step 000750
warn:   none
gpu:    42 %, 11983 MiB, 12282 MiB

[2026-03-20 17:40:03]
status: not running
log:    /home/sun0115/nanochat-learn/notes/sft_d24_r32_lora_nextbest_2026-03-19_1310_chain.log
step:   not yet
val:    Step 01000 | Validation bpb: 0.6152
best:   Rotated old best checkpoint: step 000750
warn:   none
gpu:    33 %, 6757 MiB, 12282 MiB

[2026-03-20 17:50:15]
status: not running
log:    /home/sun0115/nanochat-learn/notes/sft_d24_r32_lora_nextbest_2026-03-19_1310_chain.log
step:   not yet
val:    Step 01000 | Validation bpb: 0.6152
best:   Rotated old best checkpoint: step 000750
warn:   none
gpu:    39 %, 6757 MiB, 12282 MiB

[2026-03-20 18:00:28]
status: not running
log:    /home/sun0115/nanochat-learn/notes/sft_d24_r32_lora_nextbest_2026-03-19_1310_chain.log
step:   not yet
val:    Step 01000 | Validation bpb: 0.6152
best:   Rotated old best checkpoint: step 000750
warn:   none
gpu:    43 %, 10555 MiB, 12282 MiB

[2026-03-20 18:10:41]
status: not running
log:    /home/sun0115/nanochat-learn/notes/sft_d24_r32_lora_nextbest_2026-03-19_1310_chain.log
step:   not yet
val:    Step 01000 | Validation bpb: 0.6152
best:   Rotated old best checkpoint: step 000750
warn:   none
gpu:    36 %, 10555 MiB, 12282 MiB

[2026-03-20 18:20:55]
status: not running
log:    /home/sun0115/nanochat-learn/notes/sft_d24_r32_lora_nextbest_2026-03-19_1310_chain.log
step:   not yet
val:    Step 01000 | Validation bpb: 0.6152
best:   Rotated old best checkpoint: step 000750
warn:   none
gpu:    41 %, 11535 MiB, 12282 MiB

[2026-03-20 18:31:10]
status: not running
log:    /home/sun0115/nanochat-learn/notes/sft_d24_r32_lora_nextbest_2026-03-19_1310_chain.log
step:   not yet
val:    Step 01000 | Validation bpb: 0.6152
best:   Rotated old best checkpoint: step 000750
warn:   none
gpu:    47 %, 11983 MiB, 12282 MiB

[2026-03-20 18:41:26]
status: not running
log:    /home/sun0115/nanochat-learn/notes/sft_d24_r32_lora_nextbest_2026-03-19_1310_chain.log
step:   not yet
val:    Step 01000 | Validation bpb: 0.6152
best:   Rotated old best checkpoint: step 000750
warn:   none
gpu:    51 %, 11983 MiB, 12282 MiB

[2026-03-20 18:51:42]
status: not running
log:    /home/sun0115/nanochat-learn/notes/sft_d24_r32_lora_nextbest_2026-03-19_1310_chain.log
step:   not yet
val:    Step 01000 | Validation bpb: 0.6152
best:   Rotated old best checkpoint: step 000750
warn:   none
gpu:    33 %, 6757 MiB, 12282 MiB

[2026-03-20 19:01:59]
status: not running
log:    /home/sun0115/nanochat-learn/notes/sft_d24_r32_lora_nextbest_2026-03-19_1310_chain.log
step:   not yet
val:    Step 01000 | Validation bpb: 0.6152
best:   Rotated old best checkpoint: step 000750
warn:   none
gpu:    35 %, 6757 MiB, 12282 MiB

[2026-03-20 19:12:14]
status: not running
log:    /home/sun0115/nanochat-learn/notes/sft_d24_r32_lora_nextbest_2026-03-19_1310_chain.log
step:   not yet
val:    Step 01000 | Validation bpb: 0.6152
best:   Rotated old best checkpoint: step 000750
warn:   none
gpu:    42 %, 10555 MiB, 12282 MiB

[2026-03-20 19:22:32]
status: not running
log:    /home/sun0115/nanochat-learn/notes/sft_d24_r32_lora_nextbest_2026-03-19_1310_chain.log
step:   not yet
val:    Step 01000 | Validation bpb: 0.6152
best:   Rotated old best checkpoint: step 000750
warn:   none
gpu:    31 %, 10555 MiB, 12282 MiB

[2026-03-20 19:32:50]
status: not running
log:    /home/sun0115/nanochat-learn/notes/sft_d24_r32_lora_nextbest_2026-03-19_1310_chain.log
step:   not yet
val:    Step 01000 | Validation bpb: 0.6152
best:   Rotated old best checkpoint: step 000750
warn:   none
gpu:    38 %, 11535 MiB, 12282 MiB

[2026-03-20 19:43:08]
status: not running
log:    /home/sun0115/nanochat-learn/notes/sft_d24_r32_lora_nextbest_2026-03-19_1310_chain.log
step:   not yet
val:    Step 01000 | Validation bpb: 0.6152
best:   Rotated old best checkpoint: step 000750
warn:   none
gpu:    44 %, 11983 MiB, 12282 MiB

[2026-03-20 19:53:27]
status: not running
log:    /home/sun0115/nanochat-learn/notes/sft_d24_r32_lora_nextbest_2026-03-19_1310_chain.log
step:   not yet
val:    Step 01000 | Validation bpb: 0.6152
best:   Rotated old best checkpoint: step 000750
warn:   none
gpu:    41 %, 11983 MiB, 12282 MiB

[2026-03-20 20:03:46]
status: not running
log:    /home/sun0115/nanochat-learn/notes/sft_d24_r32_lora_nextbest_2026-03-19_1310_chain.log
step:   not yet
val:    Step 01000 | Validation bpb: 0.6152
best:   Rotated old best checkpoint: step 000750
warn:   none
gpu:    34 %, 6757 MiB, 12282 MiB

[2026-03-20 20:14:05]
status: not running
log:    /home/sun0115/nanochat-learn/notes/sft_d24_r32_lora_nextbest_2026-03-19_1310_chain.log
step:   not yet
val:    Step 01000 | Validation bpb: 0.6152
best:   Rotated old best checkpoint: step 000750
warn:   none
gpu:    36 %, 6757 MiB, 12282 MiB

[2026-03-20 20:24:24]
status: not running
log:    /home/sun0115/nanochat-learn/notes/sft_d24_r32_lora_nextbest_2026-03-19_1310_chain.log
step:   not yet
val:    Step 01000 | Validation bpb: 0.6152
best:   Rotated old best checkpoint: step 000750
warn:   none
gpu:    43 %, 8615 MiB, 12282 MiB

[2026-03-20 20:34:43]
status: not running
log:    /home/sun0115/nanochat-learn/notes/sft_d24_r32_lora_nextbest_2026-03-19_1310_chain.log
step:   not yet
val:    Step 01000 | Validation bpb: 0.6152
best:   Rotated old best checkpoint: step 000750
warn:   none
gpu:    23 %, 10555 MiB, 12282 MiB

[2026-03-20 20:45:02]
status: not running
log:    /home/sun0115/nanochat-learn/notes/sft_d24_r32_lora_nextbest_2026-03-19_1310_chain.log
step:   not yet
val:    Step 01000 | Validation bpb: 0.6152
best:   Rotated old best checkpoint: step 000750
warn:   none
gpu:    41 %, 10555 MiB, 12282 MiB

[2026-03-20 20:55:21]
status: not running
log:    /home/sun0115/nanochat-learn/notes/sft_d24_r32_lora_nextbest_2026-03-19_1310_chain.log
step:   not yet
val:    Step 01000 | Validation bpb: 0.6152
best:   Rotated old best checkpoint: step 000750
warn:   none
gpu:    91 %, 11983 MiB, 12282 MiB

[2026-03-20 21:05:40]
status: not running
log:    /home/sun0115/nanochat-learn/notes/sft_d24_r32_lora_nextbest_2026-03-19_1310_chain.log
step:   not yet
val:    Step 01000 | Validation bpb: 0.6152
best:   Rotated old best checkpoint: step 000750
warn:   none
gpu:    40 %, 11983 MiB, 12282 MiB

[2026-03-20 21:16:00]
status: not running
log:    /home/sun0115/nanochat-learn/notes/sft_d24_r32_lora_nextbest_2026-03-19_1310_chain.log
step:   not yet
val:    Step 01000 | Validation bpb: 0.6152
best:   Rotated old best checkpoint: step 000750
warn:   none
gpu:    39 %, 11983 MiB, 12282 MiB

[2026-03-20 21:26:20]
status: not running
log:    /home/sun0115/nanochat-learn/notes/sft_d24_r32_lora_nextbest_2026-03-19_1310_chain.log
step:   not yet
val:    Step 01000 | Validation bpb: 0.6152
best:   Rotated old best checkpoint: step 000750
warn:   none
gpu:    50 %, 11983 MiB, 12282 MiB

[2026-03-20 21:36:40]
status: not running
log:    /home/sun0115/nanochat-learn/notes/sft_d24_r32_lora_nextbest_2026-03-19_1310_chain.log
step:   not yet
val:    Step 01000 | Validation bpb: 0.6152
best:   Rotated old best checkpoint: step 000750
warn:   none
gpu:    43 %, 11983 MiB, 12282 MiB

[2026-03-20 21:47:00]
status: not running
log:    /home/sun0115/nanochat-learn/notes/sft_d24_r32_lora_nextbest_2026-03-19_1310_chain.log
step:   not yet
val:    Step 01000 | Validation bpb: 0.6152
best:   Rotated old best checkpoint: step 000750
warn:   none
gpu:    29 %, 11983 MiB, 12282 MiB

[2026-03-20 21:57:19]
status: not running
log:    /home/sun0115/nanochat-learn/notes/sft_d24_r32_lora_nextbest_2026-03-19_1310_chain.log
step:   not yet
val:    Step 01000 | Validation bpb: 0.6152
best:   Rotated old best checkpoint: step 000750
warn:   none
gpu:    37 %, 11983 MiB, 12282 MiB

[2026-03-20 22:07:41]
status: not running
log:    /home/sun0115/nanochat-learn/notes/sft_d24_r32_lora_nextbest_2026-03-19_1310_chain.log
step:   not yet
val:    Step 01000 | Validation bpb: 0.6152
best:   Rotated old best checkpoint: step 000750
warn:   none
gpu:    40 %, 11983 MiB, 12282 MiB

[2026-03-20 22:18:01]
status: not running
log:    /home/sun0115/nanochat-learn/notes/sft_d24_r32_lora_nextbest_2026-03-19_1310_chain.log
step:   not yet
val:    Step 01000 | Validation bpb: 0.6152
best:   Rotated old best checkpoint: step 000750
warn:   none
gpu:    38 %, 11983 MiB, 12282 MiB

[2026-03-20 22:28:22]
status: not running
log:    /home/sun0115/nanochat-learn/notes/sft_d24_r32_lora_nextbest_2026-03-19_1310_chain.log
step:   not yet
val:    Step 01000 | Validation bpb: 0.6152
best:   Rotated old best checkpoint: step 000750
warn:   none
gpu:    47 %, 11983 MiB, 12282 MiB

[2026-03-20 22:38:43]
status: not running
log:    /home/sun0115/nanochat-learn/notes/sft_d24_r32_lora_nextbest_2026-03-19_1310_chain.log
step:   not yet
val:    Step 01000 | Validation bpb: 0.6152
best:   Rotated old best checkpoint: step 000750
warn:   none
gpu:    93 %, 11983 MiB, 12282 MiB

[2026-03-20 22:49:04]
status: not running
log:    /home/sun0115/nanochat-learn/notes/sft_d24_r32_lora_nextbest_2026-03-19_1310_chain.log
step:   not yet
val:    Step 01000 | Validation bpb: 0.6152
best:   Rotated old best checkpoint: step 000750
warn:   none
gpu:    44 %, 11983 MiB, 12282 MiB

[2026-03-20 22:59:25]
status: not running
log:    /home/sun0115/nanochat-learn/notes/sft_d24_r32_lora_nextbest_2026-03-19_1310_chain.log
step:   not yet
val:    Step 01000 | Validation bpb: 0.6152
best:   Rotated old best checkpoint: step 000750
warn:   none
gpu:    32 %, 11983 MiB, 12282 MiB

[2026-03-20 23:09:44]
status: not running
log:    /home/sun0115/nanochat-learn/notes/sft_d24_r32_lora_nextbest_2026-03-19_1310_chain.log
step:   not yet
val:    Step 01000 | Validation bpb: 0.6152
best:   Rotated old best checkpoint: step 000750
warn:   none
gpu:    42 %, 11983 MiB, 12282 MiB

[2026-03-20 23:20:07]
status: not running
log:    /home/sun0115/nanochat-learn/notes/sft_d24_r32_lora_nextbest_2026-03-19_1310_chain.log
step:   not yet
val:    Step 01000 | Validation bpb: 0.6152
best:   Rotated old best checkpoint: step 000750
warn:   none
gpu:    43 %, 11983 MiB, 12282 MiB

[2026-03-20 23:30:31]
status: not running
log:    /home/sun0115/nanochat-learn/notes/sft_d24_r32_lora_nextbest_2026-03-19_1310_chain.log
step:   not yet
val:    Step 01000 | Validation bpb: 0.6152
best:   Rotated old best checkpoint: step 000750
warn:   none
gpu:    42 %, 11983 MiB, 12282 MiB

[2026-03-20 23:40:55]
status: not running
log:    /home/sun0115/nanochat-learn/notes/sft_d24_r32_lora_nextbest_2026-03-19_1310_chain.log
step:   not yet
val:    Step 01000 | Validation bpb: 0.6152
best:   Rotated old best checkpoint: step 000750
warn:   none
gpu:    88 %, 11983 MiB, 12282 MiB

[2026-03-20 23:51:20]
status: not running
log:    /home/sun0115/nanochat-learn/notes/sft_d24_r32_lora_nextbest_2026-03-19_1310_chain.log
step:   not yet
val:    Step 01000 | Validation bpb: 0.6152
best:   Rotated old best checkpoint: step 000750
warn:   none
gpu:    55 %, 11983 MiB, 12282 MiB

[2026-03-21 00:01:44]
status: not running
log:    /home/sun0115/nanochat-learn/notes/sft_d24_r32_lora_nextbest_2026-03-19_1310_chain.log
step:   not yet
val:    Step 01000 | Validation bpb: 0.6152
best:   Rotated old best checkpoint: step 000750
warn:   none
gpu:    45 %, 11983 MiB, 12282 MiB

[2026-03-21 00:12:09]
status: not running
log:    /home/sun0115/nanochat-learn/notes/sft_d24_r32_lora_nextbest_2026-03-19_1310_chain.log
step:   not yet
val:    Step 01000 | Validation bpb: 0.6152
best:   Rotated old best checkpoint: step 000750
warn:   none
gpu:    47 %, 11983 MiB, 12282 MiB

[2026-03-21 00:22:33]
status: not running
log:    /home/sun0115/nanochat-learn/notes/sft_d24_r32_lora_nextbest_2026-03-19_1310_chain.log
step:   not yet
val:    Step 01000 | Validation bpb: 0.6152
best:   Rotated old best checkpoint: step 000750
warn:   none
gpu:    48 %, 11983 MiB, 12282 MiB

[2026-03-21 00:32:57]
status: not running
log:    /home/sun0115/nanochat-learn/notes/sft_d24_r32_lora_nextbest_2026-03-19_1310_chain.log
step:   not yet
val:    Step 01000 | Validation bpb: 0.6152
best:   Rotated old best checkpoint: step 000750
warn:   none
gpu:    42 %, 11983 MiB, 12282 MiB

[2026-03-21 00:43:22]
status: not running
log:    /home/sun0115/nanochat-learn/notes/sft_d24_r32_lora_nextbest_2026-03-19_1310_chain.log
step:   not yet
val:    Step 01000 | Validation bpb: 0.6152
best:   Rotated old best checkpoint: step 000750
warn:   none
gpu:    36 %, 6757 MiB, 12282 MiB

[2026-03-21 00:53:47]
status: not running
log:    /home/sun0115/nanochat-learn/notes/sft_d24_r32_lora_nextbest_2026-03-19_1310_chain.log
step:   not yet
val:    Step 01000 | Validation bpb: 0.6152
best:   Rotated old best checkpoint: step 000750
warn:   none
gpu:    36 %, 6757 MiB, 12282 MiB

[2026-03-21 01:04:12]
status: not running
log:    /home/sun0115/nanochat-learn/notes/sft_d24_r32_lora_nextbest_2026-03-19_1310_chain.log
step:   not yet
val:    Step 01000 | Validation bpb: 0.6152
best:   Rotated old best checkpoint: step 000750
warn:   none
gpu:    33 %, 6757 MiB, 12282 MiB

[2026-03-21 01:14:39]
status: not running
log:    /home/sun0115/nanochat-learn/notes/sft_d24_r32_lora_nextbest_2026-03-19_1310_chain.log
step:   not yet
val:    Step 01000 | Validation bpb: 0.6152
best:   Rotated old best checkpoint: step 000750
warn:   none
gpu:    43 %, 9583 MiB, 12282 MiB

[2026-03-21 01:25:05]
status: not running
log:    /home/sun0115/nanochat-learn/notes/sft_d24_r32_lora_nextbest_2026-03-19_1310_chain.log
step:   not yet
val:    Step 01000 | Validation bpb: 0.6152
best:   Rotated old best checkpoint: step 000750
warn:   none
gpu:    44 %, 10555 MiB, 12282 MiB

[2026-03-21 01:35:31]
status: not running
log:    /home/sun0115/nanochat-learn/notes/sft_d24_r32_lora_nextbest_2026-03-19_1310_chain.log
step:   not yet
val:    Step 01000 | Validation bpb: 0.6152
best:   Rotated old best checkpoint: step 000750
warn:   none
gpu:    43 %, 11535 MiB, 12282 MiB

[2026-03-21 01:45:59]
status: not running
log:    /home/sun0115/nanochat-learn/notes/sft_d24_r32_lora_nextbest_2026-03-19_1310_chain.log
step:   not yet
val:    Step 01000 | Validation bpb: 0.6152
best:   Rotated old best checkpoint: step 000750
warn:   none
gpu:    89 %, 11983 MiB, 12282 MiB

[2026-03-21 01:56:27]
status: not running
log:    /home/sun0115/nanochat-learn/notes/sft_d24_r32_lora_nextbest_2026-03-19_1310_chain.log
step:   not yet
val:    Step 01000 | Validation bpb: 0.6152
best:   Rotated old best checkpoint: step 000750
warn:   none
gpu:    38 %, 11983 MiB, 12282 MiB

[2026-03-21 02:06:54]
status: not running
log:    /home/sun0115/nanochat-learn/notes/sft_d24_r32_lora_nextbest_2026-03-19_1310_chain.log
step:   not yet
val:    Step 01000 | Validation bpb: 0.6152
best:   Rotated old best checkpoint: step 000750
warn:   none
gpu:    35 %, 6757 MiB, 12282 MiB

[2026-03-21 02:17:23]
status: not running
log:    /home/sun0115/nanochat-learn/notes/sft_d24_r32_lora_nextbest_2026-03-19_1310_chain.log
step:   not yet
val:    Step 01000 | Validation bpb: 0.6152
best:   Rotated old best checkpoint: step 000750
warn:   none
gpu:    37 %, 6757 MiB, 12282 MiB

[2026-03-21 02:27:51]
status: not running
log:    /home/sun0115/nanochat-learn/notes/sft_d24_r32_lora_nextbest_2026-03-19_1310_chain.log
step:   not yet
val:    Step 01000 | Validation bpb: 0.6152
best:   Rotated old best checkpoint: step 000750
warn:   none
gpu:    36 %, 6757 MiB, 12282 MiB

[2026-03-21 02:38:20]
status: not running
log:    /home/sun0115/nanochat-learn/notes/sft_d24_r32_lora_nextbest_2026-03-19_1310_chain.log
step:   not yet
val:    Step 01000 | Validation bpb: 0.6152
best:   Rotated old best checkpoint: step 000750
warn:   none
gpu:    53 %, 9583 MiB, 12282 MiB

[2026-03-21 02:48:49]
status: not running
log:    /home/sun0115/nanochat-learn/notes/sft_d24_r32_lora_nextbest_2026-03-19_1310_chain.log
step:   not yet
val:    Step 01000 | Validation bpb: 0.6152
best:   Rotated old best checkpoint: step 000750
warn:   none
gpu:    51 %, 10555 MiB, 12282 MiB

[2026-03-21 02:59:16]
status: not running
log:    /home/sun0115/nanochat-learn/notes/sft_d24_r32_lora_nextbest_2026-03-19_1310_chain.log
step:   not yet
val:    Step 01000 | Validation bpb: 0.6152
best:   Rotated old best checkpoint: step 000750
warn:   none
gpu:    40 %, 11535 MiB, 12282 MiB

[2026-03-21 03:09:45]
status: not running
log:    /home/sun0115/nanochat-learn/notes/sft_d24_r32_lora_nextbest_2026-03-19_1310_chain.log
step:   not yet
val:    Step 01000 | Validation bpb: 0.6152
best:   Rotated old best checkpoint: step 000750
warn:   none
gpu:    43 %, 11983 MiB, 12282 MiB

[2026-03-21 03:20:05]
status: not running
log:    /home/sun0115/nanochat-learn/notes/sft_d24_r32_lora_nextbest_2026-03-19_1310_chain.log
step:   not yet
val:    Step 01000 | Validation bpb: 0.6152
best:   Rotated old best checkpoint: step 000750
warn:   none
gpu:    43 %, 11983 MiB, 12282 MiB

[2026-03-21 03:30:26]
status: not running
log:    /home/sun0115/nanochat-learn/notes/sft_d24_r32_lora_nextbest_2026-03-19_1310_chain.log
step:   not yet
val:    Step 01000 | Validation bpb: 0.6152
best:   Rotated old best checkpoint: step 000750
warn:   none
gpu:    33 %, 6757 MiB, 12282 MiB

[2026-03-21 03:40:53]
status: not running
log:    /home/sun0115/nanochat-learn/notes/sft_d24_r32_lora_nextbest_2026-03-19_1310_chain.log
step:   not yet
val:    Step 01000 | Validation bpb: 0.6152
best:   Rotated old best checkpoint: step 000750
warn:   none
gpu:    34 %, 6757 MiB, 12282 MiB

[2026-03-21 03:51:18]
status: not running
log:    /home/sun0115/nanochat-learn/notes/sft_d24_r32_lora_nextbest_2026-03-19_1310_chain.log
step:   not yet
val:    Step 01000 | Validation bpb: 0.6152
best:   Rotated old best checkpoint: step 000750
warn:   none
gpu:    98 %, 10945 MiB, 12282 MiB

[2026-03-21 04:01:46]
status: not running
log:    /home/sun0115/nanochat-learn/notes/sft_d24_r32_lora_nextbest_2026-03-19_1310_chain.log
step:   not yet
val:    Step 01000 | Validation bpb: 0.6152
best:   Rotated old best checkpoint: step 000750
warn:   none
gpu:    98 %, 10945 MiB, 12282 MiB

[2026-03-21 04:12:17]
status: not running
log:    /home/sun0115/nanochat-learn/notes/sft_d24_r32_lora_nextbest_2026-03-19_1310_chain.log
step:   not yet
val:    Step 01000 | Validation bpb: 0.6152
best:   Rotated old best checkpoint: step 000750
warn:   none
gpu:    99 %, 10945 MiB, 12282 MiB

[2026-03-21 04:22:49]
status: not running
log:    /home/sun0115/nanochat-learn/notes/sft_d24_r32_lora_nextbest_2026-03-19_1310_chain.log
step:   not yet
val:    Step 01000 | Validation bpb: 0.6152
best:   Rotated old best checkpoint: step 000750
warn:   none
gpu:    99 %, 10945 MiB, 12282 MiB

[2026-03-21 04:33:19]
status: not running
log:    /home/sun0115/nanochat-learn/notes/sft_d24_r32_lora_nextbest_2026-03-19_1310_chain.log
step:   not yet
val:    Step 01000 | Validation bpb: 0.6152
best:   Rotated old best checkpoint: step 000750
warn:   none
gpu:    97 %, 10945 MiB, 12282 MiB

[2026-03-21 04:43:52]
status: not running
log:    /home/sun0115/nanochat-learn/notes/sft_d24_r32_lora_nextbest_2026-03-19_1310_chain.log
step:   not yet
val:    Step 01000 | Validation bpb: 0.6152
best:   Rotated old best checkpoint: step 000750
warn:   none
gpu:    98 %, 10945 MiB, 12282 MiB

[2026-03-21 04:54:23]
status: not running
log:    /home/sun0115/nanochat-learn/notes/sft_d24_r32_lora_nextbest_2026-03-19_1310_chain.log
step:   not yet
val:    Step 01000 | Validation bpb: 0.6152
best:   Rotated old best checkpoint: step 000750
warn:   none
gpu:    99 %, 10945 MiB, 12282 MiB

[2026-03-21 05:04:57]
status: not running
log:    /home/sun0115/nanochat-learn/notes/sft_d24_r32_lora_nextbest_2026-03-19_1310_chain.log
step:   not yet
val:    Step 01000 | Validation bpb: 0.6152
best:   Rotated old best checkpoint: step 000750
warn:   none
gpu:    99 %, 10945 MiB, 12282 MiB

[2026-03-21 05:15:26]
status: not running
log:    /home/sun0115/nanochat-learn/notes/sft_d24_r32_lora_nextbest_2026-03-19_1310_chain.log
step:   not yet
val:    Step 01000 | Validation bpb: 0.6152
best:   Rotated old best checkpoint: step 000750
warn:   none
gpu:    98 %, 10945 MiB, 12282 MiB

[2026-03-21 05:25:57]
status: not running
log:    /home/sun0115/nanochat-learn/notes/sft_d24_r32_lora_nextbest_2026-03-19_1310_chain.log
step:   not yet
val:    Step 01000 | Validation bpb: 0.6152
best:   Rotated old best checkpoint: step 000750
warn:   none
gpu:    99 %, 10945 MiB, 12282 MiB

[2026-03-21 05:36:31]
status: not running
log:    /home/sun0115/nanochat-learn/notes/sft_d24_r32_lora_nextbest_2026-03-19_1310_chain.log
step:   not yet
val:    Step 01000 | Validation bpb: 0.6152
best:   Rotated old best checkpoint: step 000750
warn:   none
gpu:    98 %, 10945 MiB, 12282 MiB

[2026-03-21 05:47:03]
status: not running
log:    /home/sun0115/nanochat-learn/notes/sft_d24_r32_lora_nextbest_2026-03-19_1310_chain.log
step:   not yet
val:    Step 01000 | Validation bpb: 0.6152
best:   Rotated old best checkpoint: step 000750
warn:   none
gpu:    99 %, 10945 MiB, 12282 MiB

[2026-03-21 05:57:37]
status: not running
log:    /home/sun0115/nanochat-learn/notes/sft_d24_r32_lora_nextbest_2026-03-19_1310_chain.log
step:   not yet
val:    Step 01000 | Validation bpb: 0.6152
best:   Rotated old best checkpoint: step 000750
warn:   none
gpu:    97 %, 10945 MiB, 12282 MiB

[2026-03-21 06:08:12]
status: not running
log:    /home/sun0115/nanochat-learn/notes/sft_d24_r32_lora_nextbest_2026-03-19_1310_chain.log
step:   not yet
val:    Step 01000 | Validation bpb: 0.6152
best:   Rotated old best checkpoint: step 000750
warn:   none
gpu:    97 %, 10945 MiB, 12282 MiB

[2026-03-21 06:18:42]
status: not running
log:    /home/sun0115/nanochat-learn/notes/sft_d24_r32_lora_nextbest_2026-03-19_1310_chain.log
step:   not yet
val:    Step 01000 | Validation bpb: 0.6152
best:   Rotated old best checkpoint: step 000750
warn:   none
gpu:    99 %, 10945 MiB, 12282 MiB

[2026-03-21 06:29:17]
status: not running
log:    /home/sun0115/nanochat-learn/notes/sft_d24_r32_lora_nextbest_2026-03-19_1310_chain.log
step:   not yet
val:    Step 01000 | Validation bpb: 0.6152
best:   Rotated old best checkpoint: step 000750
warn:   none
gpu:    99 %, 10945 MiB, 12282 MiB

[2026-03-21 06:39:52]
status: not running
log:    /home/sun0115/nanochat-learn/notes/sft_d24_r32_lora_nextbest_2026-03-19_1310_chain.log
step:   not yet
val:    Step 01000 | Validation bpb: 0.6152
best:   Rotated old best checkpoint: step 000750
warn:   none
gpu:    99 %, 10945 MiB, 12282 MiB

[2026-03-21 06:50:25]
status: not running
log:    /home/sun0115/nanochat-learn/notes/sft_d24_r32_lora_nextbest_2026-03-19_1310_chain.log
step:   not yet
val:    Step 01000 | Validation bpb: 0.6152
best:   Rotated old best checkpoint: step 000750
warn:   none
gpu:    93 %, 10945 MiB, 12282 MiB

[2026-03-21 07:01:03]
status: not running
log:    /home/sun0115/nanochat-learn/notes/sft_d24_r32_lora_nextbest_2026-03-19_1310_chain.log
step:   not yet
val:    Step 01000 | Validation bpb: 0.6152
best:   Rotated old best checkpoint: step 000750
warn:   none
gpu:    99 %, 10945 MiB, 12282 MiB

[2026-03-21 07:11:40]
status: not running
log:    /home/sun0115/nanochat-learn/notes/sft_d24_r32_lora_nextbest_2026-03-19_1310_chain.log
step:   not yet
val:    Step 01000 | Validation bpb: 0.6152
best:   Rotated old best checkpoint: step 000750
warn:   none
gpu:    99 %, 10945 MiB, 12282 MiB

[2026-03-21 07:22:17]
status: not running
log:    /home/sun0115/nanochat-learn/notes/sft_d24_r32_lora_nextbest_2026-03-19_1310_chain.log
step:   not yet
val:    Step 01000 | Validation bpb: 0.6152
best:   Rotated old best checkpoint: step 000750
warn:   none
gpu:    98 %, 10945 MiB, 12282 MiB

[2026-03-21 07:32:55]
status: not running
log:    /home/sun0115/nanochat-learn/notes/sft_d24_r32_lora_nextbest_2026-03-19_1310_chain.log
step:   not yet
val:    Step 01000 | Validation bpb: 0.6152
best:   Rotated old best checkpoint: step 000750
warn:   none
gpu:    99 %, 10945 MiB, 12282 MiB

[2026-03-21 07:43:29]
status: not running
log:    /home/sun0115/nanochat-learn/notes/sft_d24_r32_lora_nextbest_2026-03-19_1310_chain.log
step:   not yet
val:    Step 01000 | Validation bpb: 0.6152
best:   Rotated old best checkpoint: step 000750
warn:   none
gpu:    98 %, 10945 MiB, 12282 MiB

[2026-03-21 07:54:05]
status: not running
log:    /home/sun0115/nanochat-learn/notes/sft_d24_r32_lora_nextbest_2026-03-19_1310_chain.log
step:   not yet
val:    Step 01000 | Validation bpb: 0.6152
best:   Rotated old best checkpoint: step 000750
warn:   none
gpu:    99 %, 10945 MiB, 12282 MiB

[2026-03-21 08:04:37]
status: not running
log:    /home/sun0115/nanochat-learn/notes/sft_d24_r32_lora_nextbest_2026-03-19_1310_chain.log
step:   not yet
val:    Step 01000 | Validation bpb: 0.6152
best:   Rotated old best checkpoint: step 000750
warn:   none
gpu:    99 %, 10945 MiB, 12282 MiB

[2026-03-21 08:14:44]
status: not running
log:    /home/sun0115/nanochat-learn/notes/sft_d24_r32_lora_nextbest_2026-03-19_1310_chain.log
step:   not yet
val:    Step 01000 | Validation bpb: 0.6152
best:   Rotated old best checkpoint: step 000750
warn:   none
gpu:    99 %, 10945 MiB, 12282 MiB

[2026-03-21 08:24:44]
status: not running
log:    /home/sun0115/nanochat-learn/notes/sft_d24_r32_lora_nextbest_2026-03-19_1310_chain.log
step:   not yet
val:    Step 01000 | Validation bpb: 0.6152
best:   Rotated old best checkpoint: step 000750
warn:   none
gpu:    100 %, 10945 MiB, 12282 MiB

[2026-03-21 08:34:44]
status: not running
log:    /home/sun0115/nanochat-learn/notes/sft_d24_r32_lora_nextbest_2026-03-19_1310_chain.log
step:   not yet
val:    Step 01000 | Validation bpb: 0.6152
best:   Rotated old best checkpoint: step 000750
warn:   none
gpu:    99 %, 10945 MiB, 12282 MiB

[2026-03-21 08:44:44]
status: not running
log:    /home/sun0115/nanochat-learn/notes/sft_d24_r32_lora_nextbest_2026-03-19_1310_chain.log
step:   not yet
val:    Step 01000 | Validation bpb: 0.6152
best:   Rotated old best checkpoint: step 000750
warn:   none
gpu:    99 %, 10945 MiB, 12282 MiB

[2026-03-21 08:54:44]
status: not running
log:    /home/sun0115/nanochat-learn/notes/sft_d24_r32_lora_nextbest_2026-03-19_1310_chain.log
step:   not yet
val:    Step 01000 | Validation bpb: 0.6152
best:   Rotated old best checkpoint: step 000750
warn:   none
gpu:    99 %, 10945 MiB, 12282 MiB

[2026-03-21 09:04:44]
status: not running
log:    /home/sun0115/nanochat-learn/notes/sft_d24_r32_lora_nextbest_2026-03-19_1310_chain.log
step:   not yet
val:    Step 01000 | Validation bpb: 0.6152
best:   Rotated old best checkpoint: step 000750
warn:   none
gpu:    99 %, 10945 MiB, 12282 MiB

[2026-03-21 09:14:44]
status: not running
log:    /home/sun0115/nanochat-learn/notes/sft_d24_r32_lora_nextbest_2026-03-19_1310_chain.log
step:   not yet
val:    Step 01000 | Validation bpb: 0.6152
best:   Rotated old best checkpoint: step 000750
warn:   none
gpu:    87 %, 10945 MiB, 12282 MiB

[2026-03-21 09:24:44]
status: not running
log:    /home/sun0115/nanochat-learn/notes/sft_d24_r32_lora_nextbest_2026-03-19_1310_chain.log
step:   not yet
val:    Step 01000 | Validation bpb: 0.6152
best:   Rotated old best checkpoint: step 000750
warn:   none
gpu:    99 %, 10945 MiB, 12282 MiB

[2026-03-21 09:34:44]
status: not running
log:    /home/sun0115/nanochat-learn/notes/sft_d24_r32_lora_nextbest_2026-03-19_1310_chain.log
step:   not yet
val:    Step 01000 | Validation bpb: 0.6152
best:   Rotated old best checkpoint: step 000750
warn:   none
gpu:    98 %, 10945 MiB, 12282 MiB

[2026-03-21 09:44:44]
status: not running
log:    /home/sun0115/nanochat-learn/notes/sft_d24_r32_lora_nextbest_2026-03-19_1310_chain.log
step:   not yet
val:    Step 01000 | Validation bpb: 0.6152
best:   Rotated old best checkpoint: step 000750
warn:   none
gpu:    100 %, 10945 MiB, 12282 MiB

[2026-03-21 09:54:45]
status: not running
log:    /home/sun0115/nanochat-learn/notes/sft_d24_r32_lora_nextbest_2026-03-19_1310_chain.log
step:   not yet
val:    Step 01000 | Validation bpb: 0.6152
best:   Rotated old best checkpoint: step 000750
warn:   none
gpu:    99 %, 10945 MiB, 12282 MiB

[2026-03-21 10:04:45]
status: not running
log:    /home/sun0115/nanochat-learn/notes/sft_d24_r32_lora_nextbest_2026-03-19_1310_chain.log
step:   not yet
val:    Step 01000 | Validation bpb: 0.6152
best:   Rotated old best checkpoint: step 000750
warn:   none
gpu:    96 %, 10945 MiB, 12282 MiB

[2026-03-21 10:14:45]
status: not running
log:    /home/sun0115/nanochat-learn/notes/sft_d24_r32_lora_nextbest_2026-03-19_1310_chain.log
step:   not yet
val:    Step 01000 | Validation bpb: 0.6152
best:   Rotated old best checkpoint: step 000750
warn:   none
gpu:    99 %, 10945 MiB, 12282 MiB

[2026-03-21 10:24:45]
status: not running
log:    /home/sun0115/nanochat-learn/notes/sft_d24_r32_lora_nextbest_2026-03-19_1310_chain.log
step:   not yet
val:    Step 01000 | Validation bpb: 0.6152
best:   Rotated old best checkpoint: step 000750
warn:   none
gpu:    99 %, 10945 MiB, 12282 MiB

[2026-03-21 10:34:45]
status: not running
log:    /home/sun0115/nanochat-learn/notes/sft_d24_r32_lora_nextbest_2026-03-19_1310_chain.log
step:   not yet
val:    Step 01000 | Validation bpb: 0.6152
best:   Rotated old best checkpoint: step 000750
warn:   none
gpu:    99 %, 10945 MiB, 12282 MiB

[2026-03-21 10:44:45]
status: not running
log:    /home/sun0115/nanochat-learn/notes/sft_d24_r32_lora_nextbest_2026-03-19_1310_chain.log
step:   not yet
val:    Step 01000 | Validation bpb: 0.6152
best:   Rotated old best checkpoint: step 000750
warn:   none
gpu:    99 %, 10945 MiB, 12282 MiB

[2026-03-21 10:54:45]
status: not running
log:    /home/sun0115/nanochat-learn/notes/sft_d24_r32_lora_nextbest_2026-03-19_1310_chain.log
step:   not yet
val:    Step 01000 | Validation bpb: 0.6152
best:   Rotated old best checkpoint: step 000750
warn:   none
gpu:    99 %, 10945 MiB, 12282 MiB

[2026-03-21 11:04:45]
status: not running
log:    /home/sun0115/nanochat-learn/notes/sft_d24_r32_lora_nextbest_2026-03-19_1310_chain.log
step:   not yet
val:    Step 01000 | Validation bpb: 0.6152
best:   Rotated old best checkpoint: step 000750
warn:   none
gpu:    98 %, 10945 MiB, 12282 MiB

[2026-03-21 11:14:45]
status: not running
log:    /home/sun0115/nanochat-learn/notes/sft_d24_r32_lora_nextbest_2026-03-19_1310_chain.log
step:   not yet
val:    Step 01000 | Validation bpb: 0.6152
best:   Rotated old best checkpoint: step 000750
warn:   none
gpu:    99 %, 10945 MiB, 12282 MiB

[2026-03-21 11:24:45]
status: not running
log:    /home/sun0115/nanochat-learn/notes/sft_d24_r32_lora_nextbest_2026-03-19_1310_chain.log
step:   not yet
val:    Step 01000 | Validation bpb: 0.6152
best:   Rotated old best checkpoint: step 000750
warn:   none
gpu:    99 %, 10945 MiB, 12282 MiB

[2026-03-21 11:34:45]
status: not running
log:    /home/sun0115/nanochat-learn/notes/sft_d24_r32_lora_nextbest_2026-03-19_1310_chain.log
step:   not yet
val:    Step 01000 | Validation bpb: 0.6152
best:   Rotated old best checkpoint: step 000750
warn:   none
gpu:    98 %, 10945 MiB, 12282 MiB

[2026-03-21 11:44:45]
status: not running
log:    /home/sun0115/nanochat-learn/notes/sft_d24_r32_lora_nextbest_2026-03-19_1310_chain.log
step:   not yet
val:    Step 01000 | Validation bpb: 0.6152
best:   Rotated old best checkpoint: step 000750
warn:   none
gpu:    99 %, 10945 MiB, 12282 MiB

[2026-03-21 11:54:45]
status: not running
log:    /home/sun0115/nanochat-learn/notes/sft_d24_r32_lora_nextbest_2026-03-19_1310_chain.log
step:   not yet
val:    Step 01000 | Validation bpb: 0.6152
best:   Rotated old best checkpoint: step 000750
warn:   none
gpu:    99 %, 10945 MiB, 12282 MiB

[2026-03-21 12:04:45]
status: not running
log:    /home/sun0115/nanochat-learn/notes/sft_d24_r32_lora_nextbest_2026-03-19_1310_chain.log
step:   not yet
val:    Step 01000 | Validation bpb: 0.6152
best:   Rotated old best checkpoint: step 000750
warn:   none
gpu:    88 %, 10945 MiB, 12282 MiB

[2026-03-21 12:14:45]
status: not running
log:    /home/sun0115/nanochat-learn/notes/sft_d24_r32_lora_nextbest_2026-03-19_1310_chain.log
step:   not yet
val:    Step 01000 | Validation bpb: 0.6152
best:   Rotated old best checkpoint: step 000750
warn:   none
gpu:    99 %, 10945 MiB, 12282 MiB

[2026-03-21 12:24:45]
status: not running
log:    /home/sun0115/nanochat-learn/notes/sft_d24_r32_lora_nextbest_2026-03-19_1310_chain.log
step:   not yet
val:    Step 01000 | Validation bpb: 0.6152
best:   Rotated old best checkpoint: step 000750
warn:   none
gpu:    99 %, 10945 MiB, 12282 MiB

[2026-03-21 12:34:45]
status: not running
log:    /home/sun0115/nanochat-learn/notes/sft_d24_r32_lora_nextbest_2026-03-19_1310_chain.log
step:   not yet
val:    Step 01000 | Validation bpb: 0.6152
best:   Rotated old best checkpoint: step 000750
warn:   none
gpu:    99 %, 10945 MiB, 12282 MiB

[2026-03-21 12:44:45]
status: not running
log:    /home/sun0115/nanochat-learn/notes/sft_d24_r32_lora_nextbest_2026-03-19_1310_chain.log
step:   not yet
val:    Step 01000 | Validation bpb: 0.6152
best:   Rotated old best checkpoint: step 000750
warn:   none
gpu:    99 %, 10945 MiB, 12282 MiB

[2026-03-21 12:54:45]
status: not running
log:    /home/sun0115/nanochat-learn/notes/sft_d24_r32_lora_nextbest_2026-03-19_1310_chain.log
step:   not yet
val:    Step 01000 | Validation bpb: 0.6152
best:   Rotated old best checkpoint: step 000750
warn:   none
gpu:    99 %, 10945 MiB, 12282 MiB

[2026-03-21 13:04:45]
status: not running
log:    /home/sun0115/nanochat-learn/notes/sft_d24_r32_lora_nextbest_2026-03-19_1310_chain.log
step:   not yet
val:    Step 01000 | Validation bpb: 0.6152
best:   Rotated old best checkpoint: step 000750
warn:   none
gpu:    99 %, 10945 MiB, 12282 MiB

[2026-03-21 13:14:45]
status: not running
log:    /home/sun0115/nanochat-learn/notes/sft_d24_r32_lora_nextbest_2026-03-19_1310_chain.log
step:   not yet
val:    Step 01000 | Validation bpb: 0.6152
best:   Rotated old best checkpoint: step 000750
warn:   none
gpu:    99 %, 10945 MiB, 12282 MiB

[2026-03-21 13:24:46]
status: not running
log:    /home/sun0115/nanochat-learn/notes/sft_d24_r32_lora_nextbest_2026-03-19_1310_chain.log
step:   not yet
val:    Step 01000 | Validation bpb: 0.6152
best:   Rotated old best checkpoint: step 000750
warn:   none
gpu:    98 %, 10945 MiB, 12282 MiB

[2026-03-21 13:34:48]
status: not running
log:    /home/sun0115/nanochat-learn/notes/sft_d24_r32_lora_nextbest_2026-03-19_1310_chain.log
step:   not yet
val:    Step 01000 | Validation bpb: 0.6152
best:   Rotated old best checkpoint: step 000750
warn:   none
gpu:    99 %, 10945 MiB, 12282 MiB

[2026-03-21 13:44:57]
status: not running
log:    /home/sun0115/nanochat-learn/notes/sft_d24_r32_lora_nextbest_2026-03-19_1310_chain.log
step:   not yet
val:    Step 01000 | Validation bpb: 0.6152
best:   Rotated old best checkpoint: step 000750
warn:   none
gpu:    99 %, 10945 MiB, 12282 MiB

[2026-03-21 13:55:06]
status: not running
log:    /home/sun0115/nanochat-learn/notes/sft_d24_r32_lora_nextbest_2026-03-19_1310_chain.log
step:   not yet
val:    Step 01000 | Validation bpb: 0.6152
best:   Rotated old best checkpoint: step 000750
warn:   none
gpu:    99 %, 10945 MiB, 12282 MiB

[2026-03-21 14:05:16]
status: not running
log:    /home/sun0115/nanochat-learn/notes/sft_d24_r32_lora_nextbest_2026-03-19_1310_chain.log
step:   not yet
val:    Step 01000 | Validation bpb: 0.6152
best:   Rotated old best checkpoint: step 000750
warn:   none
gpu:    100 %, 10945 MiB, 12282 MiB

[2026-03-21 14:15:26]
status: not running
log:    /home/sun0115/nanochat-learn/notes/sft_d24_r32_lora_nextbest_2026-03-19_1310_chain.log
step:   not yet
val:    Step 01000 | Validation bpb: 0.6152
best:   Rotated old best checkpoint: step 000750
warn:   none
gpu:    99 %, 10945 MiB, 12282 MiB

