[info] meta: /home/sun0115/nanochat-learn/notes/sft_d18_clean200k_lora_sftmax_2026-02-17_1135_meta.env
[info] base: d18_clean200k_safe_2026-02-13_1226 step=200000
[start] run=d18_clean200k_lora_sftmax_2026-02-17_1135 output=d18_clean200k_lora_sftmax_2026-02-17_1135 max_seq_len=2048 total_batch_size=8192
2026-02-17 11:35:26,991 - nanochat.common - [32m[1mINFO[0m - Distributed world size: 1
wandb: [wandb.login()] Loaded credentials for https://api.wandb.ai from /home/sun0115/.netrc.
wandb: Currently logged in as: sunshines (sunshines-gmail-com) to https://api.wandb.ai. Use `wandb login --relogin` to force relogin
wandb: setting up run 2eazpojm
wandb: Tracking run with wandb version 0.24.2
wandb: Run data is saved locally in /home/sun0115/nanochat-learn/nanochat/wandb/run-20260217_113527-2eazpojm
wandb: Run `wandb offline` to turn off syncing.
wandb: Syncing run d18_clean200k_lora_sftmax_2026-02-17_1135
wandb: ⭐️ View project at https://wandb.ai/sunshines-gmail-com/nanochat-sft
wandb: 🚀 View run at https://wandb.ai/sunshines-gmail-com/nanochat-sft/runs/2eazpojm
2026-02-17 11:35:28,444 - nanochat.checkpoint_manager - [32m[1mINFO[0m - Loading model from /home/sun0115/.cache/nanochat/base_checkpoints/d18_clean200k_safe_2026-02-13_1226 with step 200000
2026-02-17 11:35:30,881 - nanochat.checkpoint_manager - [32m[1mINFO[0m - Building model with config: {'sequence_len': 512, 'vocab_size': 32768, 'n_layer': 18, 'n_head': 18, 'n_kv_head': 18, 'n_embd': 1152, 'window_pattern': 'L'}
LoRA enabled: rank=64, alpha=128.0
Applied LoRA to 90 layers
Trainable params: 17,252,352 / 719,148,132 (2.40%)
Tokens / micro-batch / rank: 1 x 2048 = 2,048
Tokens / micro-batch: 2,048
Total batch size 8,192 => gradient accumulation steps: 4
Using AdamW optimizer for LoRA params with lr=0.0001
Step 00000 | Validation bpb: 1.6160
step 00001 (0.10%) | loss: 4.254775 | lrm: 0.01 | dt: 958.95ms | tok/sec: 8,542 | mfu: 1.88 | epoch: 1 | total time: 0.00m
step 00002 (0.20%) | loss: 5.916829 | lrm: 0.01 | dt: 519.04ms | tok/sec: 15,783 | mfu: 3.47 | epoch: 1 | total time: 0.00m
Traceback (most recent call last):
  File "/home/sun0115/.local/share/uv/python/cpython-3.10.19-linux-x86_64-gnu/lib/python3.10/runpy.py", line 196, in _run_module_as_main
    return _run_code(code, main_globals, None,
  File "/home/sun0115/.local/share/uv/python/cpython-3.10.19-linux-x86_64-gnu/lib/python3.10/runpy.py", line 86, in _run_code
    exec(code, run_globals)
  File "/home/sun0115/nanochat-learn/nanochat/scripts/chat_sft.py", line 454, in <module>
    loss.backward()
  File "/home/sun0115/nanochat-learn/nanochat/.venv/lib/python3.10/site-packages/torch/_tensor.py", line 625, in backward
    torch.autograd.backward(
  File "/home/sun0115/nanochat-learn/nanochat/.venv/lib/python3.10/site-packages/torch/autograd/__init__.py", line 354, in backward
    _engine_run_backward(
  File "/home/sun0115/nanochat-learn/nanochat/.venv/lib/python3.10/site-packages/torch/autograd/graph.py", line 841, in _engine_run_backward
    return Variable._execution_engine.run_backward(  # Calls into the C++ engine to run the backward pass
RuntimeError: element 0 of tensors does not require grad and does not have a grad_fn
[1;34mwandb[0m: 
[1;34mwandb[0m: 🚀 View run [33md18_clean200k_lora_sftmax_2026-02-17_1135[0m at: [34mhttps://wandb.ai/sunshines-gmail-com/nanochat-sft/runs/2eazpojm[0m
[1;34mwandb[0m: Find logs at: [1;35mwandb/run-20260217_113527-2eazpojm/logs[0m
[error] first LoRA run failed without OOM signature; check /home/sun0115/nanochat-learn/notes/sft_d18_clean200k_lora_sftmax_2026-02-17_1135_s2048.log
