2026-02-17 11:50:18,446 - nanochat.common - [32m[1mINFO[0m - Distributed world size: 1
wandb: [wandb.login()] Loaded credentials for https://api.wandb.ai from /home/sun0115/.netrc.
wandb: Currently logged in as: sunshines (sunshines-gmail-com) to https://api.wandb.ai. Use `wandb login --relogin` to force relogin
wandb: setting up run jto8ulas
wandb: Tracking run with wandb version 0.24.2
wandb: Run data is saved locally in /home/sun0115/nanochat-learn/nanochat/wandb/run-20260217_115018-jto8ulas
wandb: Run `wandb offline` to turn off syncing.
wandb: Syncing run d18_clean200k_lora_smoke_2026-02-17_115016
wandb: ⭐️ View project at https://wandb.ai/sunshines-gmail-com/nanochat-sft
wandb: 🚀 View run at https://wandb.ai/sunshines-gmail-com/nanochat-sft/runs/jto8ulas
2026-02-17 11:50:19,708 - nanochat.checkpoint_manager - [32m[1mINFO[0m - Loading model from /home/sun0115/.cache/nanochat/base_checkpoints/d18_clean200k_safe_2026-02-13_1226 with step 200000
2026-02-17 11:50:21,465 - nanochat.checkpoint_manager - [32m[1mINFO[0m - Building model with config: {'sequence_len': 512, 'vocab_size': 32768, 'n_layer': 18, 'n_head': 18, 'n_kv_head': 18, 'n_embd': 1152, 'window_pattern': 'L'}
Skipping torch.compile in LoRA mode for stability
LoRA enabled: rank=64, alpha=128.0
Applied LoRA to 90 layers
Trainable params: 17,252,352 / 719,148,132 (2.40%)
Skipping torch.compile in LoRA mode for stability
Tokens / micro-batch / rank: 1 x 1536 = 1,536
Tokens / micro-batch: 1,536
Total batch size 7,680 => gradient accumulation steps: 5
Using AdamW optimizer for LoRA params with lr=0.0001
Step 00000 | Validation bpb: 1.2975
step 00001 (1.67%) | loss: 1.899349 | lrm: 0.08 | dt: 930.79ms | tok/sec: 8,251 | mfu: 1.82 | epoch: 1 | total time: 0.00m
step 00002 (3.33%) | loss: 2.409477 | lrm: 0.17 | dt: 569.41ms | tok/sec: 13,487 | mfu: 2.97 | epoch: 1 | total time: 0.00m
step 00003 (5.00%) | loss: 2.960919 | lrm: 0.25 | dt: 410.71ms | tok/sec: 18,699 | mfu: 4.12 | epoch: 1 | total time: 0.00m
step 00004 (6.67%) | loss: 2.967914 | lrm: 0.33 | dt: 494.41ms | tok/sec: 15,533 | mfu: 3.42 | epoch: 1 | total time: 0.00m
step 00005 (8.33%) | loss: 3.260144 | lrm: 0.42 | dt: 492.29ms | tok/sec: 15,600 | mfu: 3.43 | epoch: 1 | total time: 0.00m
step 00006 (10.00%) | loss: 3.403914 | lrm: 0.50 | dt: 492.82ms | tok/sec: 15,583 | mfu: 3.43 | epoch: 1 | total time: 0.00m
step 00007 (11.67%) | loss: 3.423804 | lrm: 0.58 | dt: 493.33ms | tok/sec: 15,567 | mfu: 3.43 | epoch: 1 | total time: 0.00m
step 00008 (13.33%) | loss: 3.273247 | lrm: 0.67 | dt: 398.17ms | tok/sec: 19,288 | mfu: 4.25 | epoch: 1 | total time: 0.00m
step 00009 (15.00%) | loss: 3.243286 | lrm: 0.75 | dt: 493.82ms | tok/sec: 15,552 | mfu: 3.42 | epoch: 1 | total time: 0.00m
step 00010 (16.67%) | loss: 3.351255 | lrm: 0.83 | dt: 492.81ms | tok/sec: 15,584 | mfu: 3.43 | epoch: 1 | total time: 0.00m
step 00011 (18.33%) | loss: 3.344816 | lrm: 0.92 | dt: 497.19ms | tok/sec: 15,446 | mfu: 3.40 | epoch: 1 | total time: 0.01m
step 00012 (20.00%) | loss: 3.339859 | lrm: 1.00 | dt: 494.38ms | tok/sec: 15,534 | mfu: 3.42 | epoch: 1 | total time: 0.02m
step 00013 (21.67%) | loss: 3.328972 | lrm: 1.00 | dt: 492.63ms | tok/sec: 15,589 | mfu: 3.43 | epoch: 1 | total time: 0.02m
step 00014 (23.33%) | loss: 3.257926 | lrm: 1.00 | dt: 493.11ms | tok/sec: 15,574 | mfu: 3.43 | epoch: 1 | total time: 0.03m
step 00015 (25.00%) | loss: 3.190241 | lrm: 1.00 | dt: 497.71ms | tok/sec: 15,430 | mfu: 3.40 | epoch: 1 | total time: 0.04m
step 00016 (26.67%) | loss: 3.098348 | lrm: 1.00 | dt: 494.20ms | tok/sec: 15,540 | mfu: 3.42 | epoch: 1 | total time: 0.05m
step 00017 (28.33%) | loss: 3.064791 | lrm: 1.00 | dt: 496.78ms | tok/sec: 15,459 | mfu: 3.40 | epoch: 1 | total time: 0.06m
step 00018 (30.00%) | loss: 3.020313 | lrm: 1.00 | dt: 495.83ms | tok/sec: 15,489 | mfu: 3.41 | epoch: 1 | total time: 0.07m
step 00019 (31.67%) | loss: 3.004815 | lrm: 1.00 | dt: 492.01ms | tok/sec: 15,609 | mfu: 3.44 | epoch: 1 | total time: 0.07m
step 00020 (33.33%) | loss: 2.960409 | lrm: 1.00 | dt: 493.87ms | tok/sec: 15,550 | mfu: 3.42 | epoch: 1 | total time: 0.08m
step 00021 (35.00%) | loss: 2.920647 | lrm: 1.00 | dt: 498.61ms | tok/sec: 15,402 | mfu: 3.39 | epoch: 1 | total time: 0.09m
step 00022 (36.67%) | loss: 2.901277 | lrm: 1.00 | dt: 503.99ms | tok/sec: 15,238 | mfu: 3.35 | epoch: 1 | total time: 0.10m
step 00023 (38.33%) | loss: 2.867294 | lrm: 1.00 | dt: 499.43ms | tok/sec: 15,377 | mfu: 3.39 | epoch: 1 | total time: 0.11m
step 00024 (40.00%) | loss: 2.809431 | lrm: 1.00 | dt: 499.33ms | tok/sec: 15,380 | mfu: 3.39 | epoch: 1 | total time: 0.12m
step 00025 (41.67%) | loss: 2.785220 | lrm: 1.00 | dt: 498.44ms | tok/sec: 15,407 | mfu: 3.39 | epoch: 1 | total time: 0.12m
Step 00025 | Validation bpb: 0.7983
2026-02-17 11:51:21,286 - nanochat.checkpoint_manager - [32m[1mINFO[0m - Saved model parameters to: /home/sun0115/.cache/nanochat/chatsft_checkpoints/d18_clean200k_lora_smoke_2026-02-17_115016/best/model_000025.pt
2026-02-17 11:51:21,287 - nanochat.checkpoint_manager - [32m[1mINFO[0m - Saved metadata to: /home/sun0115/.cache/nanochat/chatsft_checkpoints/d18_clean200k_lora_smoke_2026-02-17_115016/best/meta_000025.json
Saved best checkpoint at step 25 (val_bpb=0.7983)
step 00026 (43.33%) | loss: 2.816636 | lrm: 1.00 | dt: 723.23ms | tok/sec: 10,619 | mfu: 2.34 | epoch: 1 | total time: 0.14m
step 00027 (45.00%) | loss: 2.847752 | lrm: 1.00 | dt: 515.17ms | tok/sec: 14,907 | mfu: 3.28 | epoch: 1 | total time: 0.14m
step 00028 (46.67%) | loss: 2.778842 | lrm: 1.00 | dt: 504.66ms | tok/sec: 15,218 | mfu: 3.35 | epoch: 1 | total time: 0.15m
step 00029 (48.33%) | loss: 2.747157 | lrm: 1.00 | dt: 497.20ms | tok/sec: 15,446 | mfu: 3.40 | epoch: 1 | total time: 0.16m
step 00030 (50.00%) | loss: 2.734964 | lrm: 1.00 | dt: 496.60ms | tok/sec: 15,465 | mfu: 3.40 | epoch: 1 | total time: 0.17m
step 00031 (51.67%) | loss: 2.695423 | lrm: 1.00 | dt: 496.92ms | tok/sec: 15,455 | mfu: 3.40 | epoch: 1 | total time: 0.18m
step 00032 (53.33%) | loss: 2.725267 | lrm: 1.00 | dt: 497.79ms | tok/sec: 15,428 | mfu: 3.40 | epoch: 1 | total time: 0.19m
step 00033 (55.00%) | loss: 2.697068 | lrm: 1.00 | dt: 499.22ms | tok/sec: 15,383 | mfu: 3.39 | epoch: 1 | total time: 0.19m
step 00034 (56.67%) | loss: 2.676873 | lrm: 1.00 | dt: 398.52ms | tok/sec: 19,271 | mfu: 4.24 | epoch: 1 | total time: 0.20m
step 00035 (58.33%) | loss: 2.615817 | lrm: 1.00 | dt: 493.34ms | tok/sec: 15,567 | mfu: 3.43 | epoch: 1 | total time: 0.21m
step 00036 (60.00%) | loss: 2.589021 | lrm: 1.00 | dt: 498.12ms | tok/sec: 15,418 | mfu: 3.39 | epoch: 1 | total time: 0.22m
step 00037 (61.67%) | loss: 2.554701 | lrm: 1.00 | dt: 494.90ms | tok/sec: 15,518 | mfu: 3.42 | epoch: 1 | total time: 0.23m
step 00038 (63.33%) | loss: 2.532518 | lrm: 1.00 | dt: 496.85ms | tok/sec: 15,457 | mfu: 3.40 | epoch: 1 | total time: 0.23m
step 00039 (65.00%) | loss: 2.550162 | lrm: 1.00 | dt: 492.71ms | tok/sec: 15,587 | mfu: 3.43 | epoch: 1 | total time: 0.24m
step 00040 (66.67%) | loss: 2.572577 | lrm: 1.00 | dt: 492.37ms | tok/sec: 15,597 | mfu: 3.43 | epoch: 1 | total time: 0.25m
step 00041 (68.33%) | loss: 2.537789 | lrm: 1.00 | dt: 397.85ms | tok/sec: 19,303 | mfu: 4.25 | epoch: 1 | total time: 0.26m
step 00042 (70.00%) | loss: 2.478140 | lrm: 1.00 | dt: 398.96ms | tok/sec: 19,250 | mfu: 4.24 | epoch: 1 | total time: 0.26m
step 00043 (71.67%) | loss: 2.474681 | lrm: 0.94 | dt: 495.14ms | tok/sec: 15,510 | mfu: 3.41 | epoch: 1 | total time: 0.27m
step 00044 (73.33%) | loss: 2.470693 | lrm: 0.89 | dt: 498.31ms | tok/sec: 15,412 | mfu: 3.39 | epoch: 1 | total time: 0.28m
step 00045 (75.00%) | loss: 2.473500 | lrm: 0.83 | dt: 499.30ms | tok/sec: 15,381 | mfu: 3.39 | epoch: 1 | total time: 0.29m
step 00046 (76.67%) | loss: 2.391874 | lrm: 0.78 | dt: 500.38ms | tok/sec: 15,348 | mfu: 3.38 | epoch: 1 | total time: 0.30m
step 00047 (78.33%) | loss: 2.381307 | lrm: 0.72 | dt: 495.98ms | tok/sec: 15,484 | mfu: 3.41 | epoch: 1 | total time: 0.31m
step 00048 (80.00%) | loss: 2.364921 | lrm: 0.67 | dt: 500.41ms | tok/sec: 15,347 | mfu: 3.38 | epoch: 1 | total time: 0.31m
step 00049 (81.67%) | loss: 2.357279 | lrm: 0.61 | dt: 496.43ms | tok/sec: 15,470 | mfu: 3.41 | epoch: 1 | total time: 0.32m
step 00050 (83.33%) | loss: 2.334208 | lrm: 0.56 | dt: 501.03ms | tok/sec: 15,328 | mfu: 3.37 | epoch: 1 | total time: 0.33m
Step 00050 | Validation bpb: 0.7408
2026-02-17 11:51:53,111 - nanochat.checkpoint_manager - [32m[1mINFO[0m - Saved model parameters to: /home/sun0115/.cache/nanochat/chatsft_checkpoints/d18_clean200k_lora_smoke_2026-02-17_115016/best/model_000050.pt
2026-02-17 11:51:53,112 - nanochat.checkpoint_manager - [32m[1mINFO[0m - Saved metadata to: /home/sun0115/.cache/nanochat/chatsft_checkpoints/d18_clean200k_lora_smoke_2026-02-17_115016/best/meta_000050.json
Saved best checkpoint at step 50 (val_bpb=0.7408)
step 00051 (85.00%) | loss: 2.345578 | lrm: 0.50 | dt: 647.83ms | tok/sec: 11,854 | mfu: 2.61 | epoch: 1 | total time: 0.34m
step 00052 (86.67%) | loss: 2.343581 | lrm: 0.44 | dt: 833.06ms | tok/sec: 9,219 | mfu: 2.03 | epoch: 1 | total time: 0.36m
Traceback (most recent call last):
  File "/home/sun0115/.local/share/uv/python/cpython-3.10.19-linux-x86_64-gnu/lib/python3.10/runpy.py", line 196, in _run_module_as_main
    return _run_code(code, main_globals, None,
  File "/home/sun0115/.local/share/uv/python/cpython-3.10.19-linux-x86_64-gnu/lib/python3.10/runpy.py", line 86, in _run_code
    exec(code, run_globals)
  File "/home/sun0115/nanochat-learn/nanochat/scripts/chat_sft.py", line 479, in <module>
    loss.backward()
  File "/home/sun0115/nanochat-learn/nanochat/.venv/lib/python3.10/site-packages/torch/_tensor.py", line 625, in backward
    torch.autograd.backward(
  File "/home/sun0115/nanochat-learn/nanochat/.venv/lib/python3.10/site-packages/torch/autograd/__init__.py", line 354, in backward
    _engine_run_backward(
  File "/home/sun0115/nanochat-learn/nanochat/.venv/lib/python3.10/site-packages/torch/autograd/graph.py", line 841, in _engine_run_backward
    return Variable._execution_engine.run_backward(  # Calls into the C++ engine to run the backward pass
RuntimeError: CUDA driver error: out of memory
[1;34mwandb[0m: 
[1;34mwandb[0m: 🚀 View run [33md18_clean200k_lora_smoke_2026-02-17_115016[0m at: [34mhttps://wandb.ai/sunshines-gmail-com/nanochat-sft/runs/jto8ulas[0m
[1;34mwandb[0m: Find logs at: [1;35mwandb/run-20260217_115018-jto8ulas/logs[0m
