2026-02-17 11:39:15,734 - nanochat.common - [32m[1mINFO[0m - Distributed world size: 1
wandb: [wandb.login()] Loaded credentials for https://api.wandb.ai from /home/sun0115/.netrc.
wandb: Currently logged in as: sunshines (sunshines-gmail-com) to https://api.wandb.ai. Use `wandb login --relogin` to force relogin
wandb: setting up run w4cp84u6
wandb: Tracking run with wandb version 0.24.2
wandb: Run data is saved locally in /home/sun0115/nanochat-learn/nanochat/wandb/run-20260217_113916-w4cp84u6
wandb: Run `wandb offline` to turn off syncing.
wandb: Syncing run d18_clean200k_lora_sftmax_2026-02-17_1139
wandb: ⭐️ View project at https://wandb.ai/sunshines-gmail-com/nanochat-sft
wandb: 🚀 View run at https://wandb.ai/sunshines-gmail-com/nanochat-sft/runs/w4cp84u6
2026-02-17 11:39:17,088 - nanochat.checkpoint_manager - [32m[1mINFO[0m - Loading model from /home/sun0115/.cache/nanochat/base_checkpoints/d18_clean200k_safe_2026-02-13_1226 with step 200000
2026-02-17 11:39:19,349 - nanochat.checkpoint_manager - [32m[1mINFO[0m - Building model with config: {'sequence_len': 512, 'vocab_size': 32768, 'n_layer': 18, 'n_head': 18, 'n_kv_head': 18, 'n_embd': 1152, 'window_pattern': 'L'}
Skipping torch.compile in LoRA mode for stability
LoRA enabled: rank=64, alpha=128.0
Applied LoRA to 90 layers
Trainable params: 17,252,352 / 719,148,132 (2.40%)
Skipping torch.compile in LoRA mode for stability
Tokens / micro-batch / rank: 1 x 2048 = 2,048
Tokens / micro-batch: 2,048
Total batch size 8,192 => gradient accumulation steps: 4
Using AdamW optimizer for LoRA params with lr=0.0001
Step 00000 | Validation bpb: 1.6160
step 00001 (0.10%) | loss: 4.254775 | lrm: 0.01 | dt: 848.01ms | tok/sec: 9,660 | mfu: 2.13 | epoch: 1 | total time: 0.00m
step 00002 (0.20%) | loss: 5.917416 | lrm: 0.01 | dt: 706.69ms | tok/sec: 11,592 | mfu: 2.55 | epoch: 1 | total time: 0.00m
step 00003 (0.30%) | loss: 5.423275 | lrm: 0.01 | dt: 437.20ms | tok/sec: 18,737 | mfu: 4.13 | epoch: 1 | total time: 0.00m
step 00004 (0.40%) | loss: 5.263997 | lrm: 0.02 | dt: 573.93ms | tok/sec: 14,273 | mfu: 3.14 | epoch: 1 | total time: 0.00m
step 00005 (0.50%) | loss: 5.125896 | lrm: 0.02 | dt: 2480.59ms | tok/sec: 3,302 | mfu: 0.73 | epoch: 1 | total time: 0.00m
step 00006 (0.60%) | loss: 5.213167 | lrm: 0.03 | dt: 575.34ms | tok/sec: 14,238 | mfu: 3.13 | epoch: 1 | total time: 0.00m
step 00007 (0.70%) | loss: 4.926720 | lrm: 0.03 | dt: 573.83ms | tok/sec: 14,276 | mfu: 3.14 | epoch: 1 | total time: 0.00m
step 00008 (0.80%) | loss: 4.984958 | lrm: 0.04 | dt: 423.59ms | tok/sec: 19,339 | mfu: 4.26 | epoch: 1 | total time: 0.00m
step 00009 (0.90%) | loss: 4.995327 | lrm: 0.04 | dt: 529.82ms | tok/sec: 15,461 | mfu: 3.40 | epoch: 1 | total time: 0.00m
step 00010 (1.00%) | loss: 4.868122 | lrm: 0.05 | dt: 531.01ms | tok/sec: 15,427 | mfu: 3.40 | epoch: 1 | total time: 0.00m
step 00011 (1.10%) | loss: 4.881368 | lrm: 0.05 | dt: 530.80ms | tok/sec: 15,433 | mfu: 3.40 | epoch: 1 | total time: 0.01m
step 00012 (1.20%) | loss: 4.877390 | lrm: 0.06 | dt: 530.15ms | tok/sec: 15,452 | mfu: 3.40 | epoch: 1 | total time: 0.02m
step 00013 (1.30%) | loss: 4.909291 | lrm: 0.06 | dt: 530.14ms | tok/sec: 15,452 | mfu: 3.40 | epoch: 1 | total time: 0.03m
step 00014 (1.40%) | loss: 4.920720 | lrm: 0.07 | dt: 530.65ms | tok/sec: 15,437 | mfu: 3.40 | epoch: 1 | total time: 0.04m
step 00015 (1.50%) | loss: 4.875632 | lrm: 0.07 | dt: 530.52ms | tok/sec: 15,441 | mfu: 3.40 | epoch: 1 | total time: 0.04m
step 00016 (1.60%) | loss: 4.870899 | lrm: 0.08 | dt: 529.95ms | tok/sec: 15,458 | mfu: 3.40 | epoch: 1 | total time: 0.05m
step 00017 (1.70%) | loss: 4.831063 | lrm: 0.09 | dt: 521.35ms | tok/sec: 15,712 | mfu: 3.46 | epoch: 1 | total time: 0.06m
step 00018 (1.80%) | loss: 4.813257 | lrm: 0.09 | dt: 505.55ms | tok/sec: 16,203 | mfu: 3.57 | epoch: 1 | total time: 0.07m
step 00019 (1.90%) | loss: 4.690506 | lrm: 0.09 | dt: 503.89ms | tok/sec: 16,257 | mfu: 3.58 | epoch: 1 | total time: 0.08m
step 00020 (2.00%) | loss: 4.521490 | lrm: 0.10 | dt: 503.91ms | tok/sec: 16,256 | mfu: 3.58 | epoch: 1 | total time: 0.09m
step 00021 (2.10%) | loss: 4.600678 | lrm: 0.10 | dt: 504.68ms | tok/sec: 16,231 | mfu: 3.57 | epoch: 1 | total time: 0.10m
step 00022 (2.20%) | loss: 4.508485 | lrm: 0.11 | dt: 504.13ms | tok/sec: 16,249 | mfu: 3.58 | epoch: 1 | total time: 0.10m
step 00023 (2.30%) | loss: 4.646505 | lrm: 0.11 | dt: 506.28ms | tok/sec: 16,180 | mfu: 3.56 | epoch: 1 | total time: 0.11m
step 00024 (2.40%) | loss: 4.660715 | lrm: 0.12 | dt: 504.72ms | tok/sec: 16,230 | mfu: 3.57 | epoch: 1 | total time: 0.12m
step 00025 (2.50%) | loss: 4.684431 | lrm: 0.12 | dt: 505.31ms | tok/sec: 16,211 | mfu: 3.57 | epoch: 1 | total time: 0.13m
Step 00025 | Validation bpb: 1.4155
2026-02-17 11:40:17,344 - nanochat.checkpoint_manager - [32m[1mINFO[0m - Saved model parameters to: /home/sun0115/.cache/nanochat/chatsft_checkpoints/d18_clean200k_lora_sftmax_2026-02-17_1139/best/model_000025.pt
2026-02-17 11:40:17,345 - nanochat.checkpoint_manager - [32m[1mINFO[0m - Saved metadata to: /home/sun0115/.cache/nanochat/chatsft_checkpoints/d18_clean200k_lora_sftmax_2026-02-17_1139/best/meta_000025.json
Saved best checkpoint at step 25 (val_bpb=1.4155)
Traceback (most recent call last):
  File "/home/sun0115/.local/share/uv/python/cpython-3.10.19-linux-x86_64-gnu/lib/python3.10/runpy.py", line 196, in _run_module_as_main
    return _run_code(code, main_globals, None,
  File "/home/sun0115/.local/share/uv/python/cpython-3.10.19-linux-x86_64-gnu/lib/python3.10/runpy.py", line 86, in _run_code
    exec(code, run_globals)
  File "/home/sun0115/nanochat-learn/nanochat/scripts/chat_sft.py", line 473, in <module>
    loss.backward()
  File "/home/sun0115/nanochat-learn/nanochat/.venv/lib/python3.10/site-packages/torch/_tensor.py", line 625, in backward
    torch.autograd.backward(
  File "/home/sun0115/nanochat-learn/nanochat/.venv/lib/python3.10/site-packages/torch/autograd/__init__.py", line 354, in backward
    _engine_run_backward(
  File "/home/sun0115/nanochat-learn/nanochat/.venv/lib/python3.10/site-packages/torch/autograd/graph.py", line 841, in _engine_run_backward
    return Variable._execution_engine.run_backward(  # Calls into the C++ engine to run the backward pass
RuntimeError: CUDA driver error: out of memory
[1;34mwandb[0m: 
[1;34mwandb[0m: 🚀 View run [33md18_clean200k_lora_sftmax_2026-02-17_1139[0m at: [34mhttps://wandb.ai/sunshines-gmail-com/nanochat-sft/runs/w4cp84u6[0m
[1;34mwandb[0m: Find logs at: [1;35mwandb/run-20260217_113916-w4cp84u6/logs[0m
